2025-05-23 06:14:12,759 ChatBI->     INFO     full_schema: 
CREATE TABLE pudong (
	`状态` TEXT, 
	`工单号` TEXT, 
	`业务类型` TEXT, 
	`案卷来源` TEXT, 
	`渠道来源` TEXT, 
	`发现时间` DATETIME, 
	`发生街镇` TEXT, 
	`居村` TEXT, 
	`发生地址` TEXT, 
	`问题描述` TEXT, 
	`热线一级` TEXT, 
	`热线二级` TEXT, 
	`热线三级` TEXT, 
	`热线四级` TEXT, 
	`结案意见` TEXT, 
	`二级主责单位` TEXT, 
	`三级主责单位` TEXT, 
	`事实认定` TEXT, 
	`处理结果` TEXT, 
	`诉求认定` TEXT, 
	`先联情况` TEXT, 
	`满意度情况` TEXT, 
	`诉求解决情况` TEXT, 
	`联系电话` TEXT
)ENGINE=InnoDB COLLATE utf8mb4_0900_ai_ci DEFAULT CHARSET=utf8mb4

/*
3 rows from pudong table:
状态	工单号	业务类型	案卷来源	渠道来源	发现时间	发生街镇	居村	发生地址	问题描述	热线一级	热线二级	热线三级	热线四级	结案意见	二级主责单位	三级主责单位	事实认定	处理结果	诉求认定	先联情况	满意度情况	诉求解决情况	联系电话
已结案	2209P2025174	None	12345随申拍	市12345热线办	2022-10-01 04:19:13	金桥镇	永业二居委	上海市浦东新区永业路134号临	【随申拍】佳虹路至永业路　佳乐路至永业路这一条路上的路灯几乎都被树枝遮挡　还有几盏灯是不亮的　请相关部门来维护一下　谢谢[随申拍问题分类:随申拍]	建设交通类	绿化市容	绿地绿化	移植修剪	尊敬的市民，您好。金桥镇城运中心绿化市容部门接报后立即前往现场查看，已将此处路灯修复，现已恢复照明，树枝遮挡问题将于2023年5月份左右春修时统一修剪。感谢您对金桥镇城市运行工作的理解和支持。	金桥镇	绿化市容	None	尊敬的市民，您好。金桥镇城运中心绿化市容部门接报后立即前往现场查看，已将此处路灯修复，现已恢复照明，树枝遮挡问题将于2023年5月份左右春修时统一修剪。感谢您对金桥镇城市运行工作的理解和支持。	None	None	None	None	13671580627
已结案	2209P2024667	None	12345随申拍	市12345热线办	2022-10-01 01:54:10	惠南镇	颐景园居委	上海市浦东新区拱泰路66号	【随申拍 】具体表现：浦东新区惠南镇颐景园三期车库南门口旁通道有人私自安装道杆闸机。维权内容：该道杆闸机安装在建筑红线内，其占用了业主共有的道路或者其他场地用于停放汽车的车位。诉求：该处道路或者停车位	建设交通类	住房保障	物业服务管理	纠纷协调	市民，您好！惠南镇房管办接单后核实，考虑到附近地铁站，进出小区的外来车辆较多，开发商后期安装了道闸。未收取过相关费用，不涉及侵占业主权益。感谢您对城市管理工作的理解和支持。	惠南镇	惠南非联网单位	None	市民，您好！惠南镇房管办接单后核实，考虑到附近地铁站，进出小区的外来车辆较多，开发商后期安装了道闸。未收取过相关费用，不涉及侵占业主权益。感谢您对城市管理工作的理解和支持。	None	None	None	None	15902135620
已结案	2209P2025235	None	12345随申拍	市12345热线办	2022-10-01 04:59:06	川沙新镇	桃园居委	上海市浦东新区川沙路5413弄130号	【随申拍 】上海市浦东新区佳运公寓建筑垃圾到处堆放　影响市容市貌　不符合文明社区的要求　请尽快请人清理[随申拍问题分类:随申拍]	建设交通类	住房保障	物业服务管理	垃圾清理	尊敬的市民：您好！经川沙新镇物管办核实因上半年疫情影响川沙新镇整体终端建筑垃圾清运堆积严重无法一下子全部清理，建筑垃圾清运周转时间很长，因涉及环保处理导致建筑垃圾堆积。物业已上报清运公司，国庆期间清运	川沙新镇	川沙新镇房办	None	尊敬的市民：您好！经川沙新镇物管办核实因上半年疫情影响川沙新镇整体终端建筑垃圾清运堆积严重无法一下子全部清理，建筑垃圾清运周转时间很长，因涉及环保处理导致建筑垃圾堆积。物业已上报清运公司，国庆期间清运	None	None	None	None	18721357937
*/
2025-05-23 06:14:13,126 ChatBI->     INFO     Found enum field: 状态 with 5 values
2025-05-23 06:14:13,406 ChatBI->     INFO     Found enum field: 案卷来源 with 2 values
2025-05-23 06:14:13,409 ChatBI->     INFO     Found enum field: 业务类型 with 5 values
2025-05-23 06:14:13,413 ChatBI->     INFO     Found enum field: 热线一级 with 10 values
2025-05-23 06:14:13,421 ChatBI->     INFO     Found enum field: 热线二级 with 59 values
2025-05-23 06:14:13,427 ChatBI->     INFO     Found enum field: 二级主责单位 with 93 values
2025-05-23 06:14:13,431 ChatBI->     INFO     Found enum field: 渠道来源 with 1 values
2025-05-23 06:14:13,439 ChatBI->     INFO     Found enum field: 热线三级 with 166 values
2025-05-23 06:14:13,449 ChatBI->     INFO     Found enum field: 发生街镇 with 38 values
2025-05-23 06:14:13,659 ChatBI->     INFO     Found enum field: 先联情况 with 3 values
2025-05-23 06:14:13,661 ChatBI->     INFO     Found enum field: 诉求解决情况 with 3 values
2025-05-23 06:14:13,662 ChatBI->     INFO     Found enum field: 事实认定 with 10 values
2025-05-23 06:14:13,663 ChatBI->     INFO     Found enum field: 满意度情况 with 6 values
2025-05-23 06:14:13,665 ChatBI->     INFO     Found enum field: 诉求认定 with 4 values
