2025-05-17 17:04:17,726 ChatBI->     INFO     full_schema: 
CREATE TABLE gwdata (
	`JJD_ID` TEXT, 
	`REC_UPDATE_TIME` TEXT, 
	`REC_CREATE_TIME` TEXT, 
	`RECEIVE_INFO_ID` DOUBLE, 
	`YEAR` BIGINT, 
	`MONTH` BIGINT, 
	`DAY` BIGINT, 
	`HH` BIGINT, 
	`MM` BIGINT, 
	`SS` BIGINT, 
	`BJAY1` TEXT, 
	`BJAY2` TEXT, 
	`BJDT` TEXT, 
	`CJDW` TEXT, 
	`AF_ADDR` TEXT, 
	`COMMET` TEXT, 
	`CLJG` TEXT, 
	`FKDW` TEXT, 
	`FKAY1` TEXT, 
	`FKAY2` TEXT, 
	`FKAY3` TEXT, 
	`QY` TEXT, 
	`ROAD` TEXT, 
	`HOUSE` TEXT, 
	`AREA_NAME` TEXT, 
	`CS` TEXT, 
	`NR` TEXT, 
	`CFCJ_FLAG` BIGINT, 
	`DATE1` TEXT, 
	`GW` TEXT, 
	`NORMAL_FLAG_FIRST` BIGINT, 
	`NORMAL_FLAG_FINAL` BIGINT, 
	`DELETE_FLAG_FIRST` BIGINT, 
	`MANUAL_DELETE_FLAG` BIGINT, 
	`MANUAL_RECOVER_FLAG` BIGINT, 
	`DELETE_FLAG_FINAL` BIGINT, 
	`DELETE_MODE` TEXT, 
	`DELETE_REASON` TEXT, 
	`DELETE_REASON_ID` DOUBLE, 
	`DELETE_STATUS` TEXT, 
	`RG_BJAY3` TEXT, 
	`CSMX` DOUBLE, 
	`RESERVATION_3` TEXT, 
	`RG_BJAY4` TEXT, 
	`SFYSS` TEXT, 
	`SSJE` DOUBLE, 
	`SFSJ` TEXT, 
	`SF` TEXT, 
	`CJDW2` TEXT, 
	`ZRQ` TEXT, 
	`SQ` DOUBLE, 
	`FKAY1_L2` TEXT, 
	`FKAY2_L2` TEXT, 
	`FKAY3_L2` TEXT, 
	`QY2` TEXT, 
	`MJ_NAME` TEXT, 
	`ZCJB` TEXT, 
	`ZZJB` TEXT, 
	`ZGJB` TEXT
)ENGINE=InnoDB COLLATE utf8mb4_0900_ai_ci DEFAULT CHARSET=utf8mb4

/*
3 rows from gwdata table:
JJD_ID	REC_UPDATE_TIME	REC_CREATE_TIME	RECEIVE_INFO_ID	YEAR	MONTH	DAY	HH	MM	SS	BJAY1	BJAY2	BJDT	CJDW	AF_ADDR	COMMET	CLJG	FKDW	FKAY1	FKAY2	FKAY3	QY	ROAD	HOUSE	AREA_NAME	CS	NR	CFCJ_FLAG	DATE1	GW	NORMAL_FLAG_FIRST	NORMAL_FLAG_FINAL	DELETE_FLAG_FIRST	MANUAL_DELETE_FLAG	MANUAL_RECOVER_FLAG	DELETE_FLAG_FINAL	DELETE_MODE	DELETE_REASON	DELETE_REASON_ID	DELETE_STATUS	RG_BJAY3	CSMX	RESERVATION_3	RG_BJAY4	SFYSS	SSJE	SFSJ	SF	CJDW2	ZRQ	SQ	FKAY1_L2	FKAY2_L2	FKAY3_L2	QY2	MJ_NAME	ZCJB	ZZJB	ZGJB
202306131337523532389448	2023/6/14 3:49:55	2023/6/13 13:36:03	202306131337524008714240.0000000000	2023	6	13	13	37	52	诈骗	网络、电话、邮件等非接触性诈骗	2023-06-13 13:37:55	惠南派出所	（报班长）浦东 靖海路90号9栋1楼 转反诈骗中心	“未来广告”APP充值做任务返现被骗6-7万元（昨日下午开始多次充钱）。已转反诈骗中心	2023-06-13 13:37:55，靖海路90号9栋1楼，民警到场了解，系报警人在网上投资理财被骗损失7万，将报警人带所止付做笔录。（报警人信息：吴春丽，身份证：31022519950205062	惠南派出所	诈骗	网络、电话、邮件等非接触性诈骗	None	惠南分区	靖海路	None	学海居委	None	楼宇	0	2023/6/13	惠南临港	1	1	0	0	0	0	正常警单	正常警单	None	正常警单	投资理财	None	靖海路90号	None	是	56221.0000000000	None	否	None	东片责任区	None	None	None	None	None	乔枫婷	None	None	None
202306131340366480495038	2023/6/14 5:12:27	2023/6/13 13:36:03	202306131340366001995776.0000000000	2023	6	13	13	40	36	侵犯人身权利	打架斗殴	2023-06-13 13:40:39	宣桥派出所	浦东   宣桥镇  张家桥村胡桥 337号	早上父亲被邻居打，现在找到对方    请民警到场处理。	2023年06月13日 13:40:39 宣桥镇 张家桥村胡桥 337号，早上父亲被邻居打，现在找到对方，民警现场了解，系报警人早上收垃圾声音吵闹影响到对方引发纠纷，无过激行为，未打架，带所调解。出警	宣桥派出所	纠纷类	邻里纠纷	None	惠南分区	None	None	张家桥村村委	None	社区	0	2023/6/13	惠南临港	1	1	0	0	0	0	正常警单	正常警单	None	正常警单	None	None	宣桥镇张家桥村胡桥337号	None	None	None	None	否	None	第一责任警务区	None	纠纷类	邻里纠纷	None	None	富骥任	None	None	None
202306131340485940185146	2023/6/15 5:03:23	2023/6/13 13:36:03	202306131340485992644608.0000000000	2023	6	13	13	40	48	交通安全	交通事故	2023-06-13 13:40:51	交警支队五大队	成山路2222号门口	2电瓶车相碰，人轻伤	06-13 13:42 成山路2222号门口 2电瓶车相碰，人伤轻微 物损轻微 (该起警情地址属六里派出所)&（二中队）（成山路锦绣路路口）（违法行为）（轻微伤）	
	交警支队五大队	交通安全	交通事故	道路交通事故	交警支队	None	None	None	None	街面	0	2023/6/13	陆家嘴南	1	1	0	0	0	0	正常警单	正常警单	None	正常警单	None	None	成山路2222号	None	None	None	None	否	六里派出所	None	None	None	None	None	三林分区	None	None	None	None
*/
2025-05-17 17:04:22,747 ChatBI->     INFO     Found enum field: YEAR with 2 values
2025-05-17 17:04:27,731 ChatBI->     INFO     Found enum field: MONTH with 12 values
2025-05-17 17:04:32,744 ChatBI->     INFO     Found enum field: DAY with 31 values
2025-05-17 17:04:37,789 ChatBI->     INFO     Found enum field: HH with 24 values
2025-05-17 17:04:42,109 ChatBI->     INFO     Found enum field: MM with 60 values
2025-05-17 17:04:46,215 ChatBI->     INFO     Found enum field: SS with 60 values
2025-05-17 17:04:52,411 ChatBI->     INFO     Found enum field: BJAY1 with 23 values
2025-05-17 17:04:59,095 ChatBI->     INFO     Found enum field: BJAY2 with 111 values
2025-05-17 17:05:05,509 ChatBI->     INFO     Found enum field: CJDW with 113 values
2025-05-17 17:05:12,389 ChatBI->     INFO     Found enum field: FKDW with 92 values
2025-05-17 17:05:17,944 ChatBI->     INFO     Found enum field: FKAY1 with 23 values
2025-05-17 17:05:23,526 ChatBI->     INFO     Found enum field: FKAY2 with 110 values
2025-05-17 17:05:29,264 ChatBI->     INFO     Found enum field: FKAY3 with 137 values
2025-05-17 17:05:36,023 ChatBI->     INFO     Found enum field: QY with 9 values
2025-05-17 17:05:46,443 ChatBI->     INFO     Found enum field: CS with 8 values
2025-05-17 17:05:53,022 ChatBI->     INFO     Found enum field: NR with 3 values
2025-05-17 17:05:58,269 ChatBI->     INFO     Found enum field: CFCJ_FLAG with 2 values
2025-05-17 17:06:10,962 ChatBI->     INFO     Found enum field: GW with 8 values
2025-05-17 17:06:16,213 ChatBI->     INFO     Found enum field: NORMAL_FLAG_FIRST with 2 values
2025-05-17 17:06:21,009 ChatBI->     INFO     Found enum field: NORMAL_FLAG_FINAL with 2 values
2025-05-17 17:06:26,059 ChatBI->     INFO     Found enum field: DELETE_FLAG_FIRST with 2 values
2025-05-17 17:06:30,984 ChatBI->     INFO     Found enum field: MANUAL_DELETE_FLAG with 2 values
2025-05-17 17:06:35,497 ChatBI->     INFO     Found enum field: MANUAL_RECOVER_FLAG with 1 values
2025-05-17 17:06:40,223 ChatBI->     INFO     Found enum field: DELETE_FLAG_FINAL with 2 values
2025-05-17 17:06:46,999 ChatBI->     INFO     Found enum field: DELETE_MODE with 3 values
2025-05-17 17:06:53,596 ChatBI->     INFO     Found enum field: DELETE_REASON with 13 values
2025-05-17 17:07:00,368 ChatBI->     INFO     Found enum field: DELETE_STATUS with 13 values
2025-05-17 17:07:05,051 ChatBI->     INFO     Found enum field: RG_BJAY3 with 21 values
2025-05-17 17:07:09,509 ChatBI->     INFO     Found enum field: RG_BJAY4 with 32 values
2025-05-17 17:07:13,972 ChatBI->     INFO     Found enum field: SFYSS with 2 values
2025-05-17 17:07:18,739 ChatBI->     INFO     Found enum field: SFSJ with 2 values
2025-05-17 17:07:24,941 ChatBI->     INFO     Found enum field: SF with 2 values
2025-05-17 17:07:30,272 ChatBI->     INFO     Found enum field: CJDW2 with 78 values
2025-05-17 17:07:36,653 ChatBI->     INFO     Found enum field: ZRQ with 224 values
2025-05-17 17:07:41,445 ChatBI->     INFO     Found enum field: FKAY1_L2 with 13 values
2025-05-17 17:07:46,277 ChatBI->     INFO     Found enum field: FKAY2_L2 with 45 values
2025-05-17 17:07:51,237 ChatBI->     INFO     Found enum field: FKAY3_L2 with 21 values
2025-05-17 17:07:57,069 ChatBI->     INFO     Found enum field: QY2 with 9 values
2025-05-17 17:08:03,635 ChatBI->     INFO     Found enum field: ZCJB with 3 values
2025-05-17 17:08:08,421 ChatBI->     INFO     Found enum field: ZZJB with 4 values
2025-05-17 17:08:13,589 ChatBI->     INFO     Found enum field: ZGJB with 4 values
2025-05-17 17:17:53,039 ChatBI->     INFO     full_schema: 
CREATE TABLE gwdata (
	`JJD_ID` TEXT, 
	`REC_UPDATE_TIME` TEXT, 
	`REC_CREATE_TIME` TEXT, 
	`RECEIVE_INFO_ID` DOUBLE, 
	`YEAR` BIGINT, 
	`MONTH` BIGINT, 
	`DAY` BIGINT, 
	`HH` BIGINT, 
	`MM` BIGINT, 
	`SS` BIGINT, 
	`BJAY1` TEXT, 
	`BJAY2` TEXT, 
	`BJDT` TEXT, 
	`CJDW` TEXT, 
	`AF_ADDR` TEXT, 
	`COMMET` TEXT, 
	`CLJG` TEXT, 
	`FKDW` TEXT, 
	`FKAY1` TEXT, 
	`FKAY2` TEXT, 
	`FKAY3` TEXT, 
	`QY` TEXT, 
	`ROAD` TEXT, 
	`HOUSE` TEXT, 
	`AREA_NAME` TEXT, 
	`CS` TEXT, 
	`NR` TEXT, 
	`CFCJ_FLAG` BIGINT, 
	`DATE1` TEXT, 
	`GW` TEXT, 
	`NORMAL_FLAG_FIRST` BIGINT, 
	`NORMAL_FLAG_FINAL` BIGINT, 
	`DELETE_FLAG_FIRST` BIGINT, 
	`MANUAL_DELETE_FLAG` BIGINT, 
	`MANUAL_RECOVER_FLAG` BIGINT, 
	`DELETE_FLAG_FINAL` BIGINT, 
	`DELETE_MODE` TEXT, 
	`DELETE_REASON` TEXT, 
	`DELETE_REASON_ID` DOUBLE, 
	`DELETE_STATUS` TEXT, 
	`RG_BJAY3` TEXT, 
	`CSMX` DOUBLE, 
	`RESERVATION_3` TEXT, 
	`RG_BJAY4` TEXT, 
	`SFYSS` TEXT, 
	`SSJE` DOUBLE, 
	`SFSJ` TEXT, 
	`SF` TEXT, 
	`CJDW2` TEXT, 
	`ZRQ` TEXT, 
	`SQ` DOUBLE, 
	`FKAY1_L2` TEXT, 
	`FKAY2_L2` TEXT, 
	`FKAY3_L2` TEXT, 
	`QY2` TEXT, 
	`MJ_NAME` TEXT, 
	`ZCJB` TEXT, 
	`ZZJB` TEXT, 
	`ZGJB` TEXT
)ENGINE=InnoDB COLLATE utf8mb4_0900_ai_ci DEFAULT CHARSET=utf8mb4

/*
3 rows from gwdata table:
JJD_ID	REC_UPDATE_TIME	REC_CREATE_TIME	RECEIVE_INFO_ID	YEAR	MONTH	DAY	HH	MM	SS	BJAY1	BJAY2	BJDT	CJDW	AF_ADDR	COMMET	CLJG	FKDW	FKAY1	FKAY2	FKAY3	QY	ROAD	HOUSE	AREA_NAME	CS	NR	CFCJ_FLAG	DATE1	GW	NORMAL_FLAG_FIRST	NORMAL_FLAG_FINAL	DELETE_FLAG_FIRST	MANUAL_DELETE_FLAG	MANUAL_RECOVER_FLAG	DELETE_FLAG_FINAL	DELETE_MODE	DELETE_REASON	DELETE_REASON_ID	DELETE_STATUS	RG_BJAY3	CSMX	RESERVATION_3	RG_BJAY4	SFYSS	SSJE	SFSJ	SF	CJDW2	ZRQ	SQ	FKAY1_L2	FKAY2_L2	FKAY3_L2	QY2	MJ_NAME	ZCJB	ZZJB	ZGJB
202306131337523532389448	2023/6/14 3:49:55	2023/6/13 13:36:03	202306131337524008714240.0000000000	2023	6	13	13	37	52	诈骗	网络、电话、邮件等非接触性诈骗	2023-06-13 13:37:55	惠南派出所	（报班长）浦东 靖海路90号9栋1楼 转反诈骗中心	“未来广告”APP充值做任务返现被骗6-7万元（昨日下午开始多次充钱）。已转反诈骗中心	2023-06-13 13:37:55，靖海路90号9栋1楼，民警到场了解，系报警人在网上投资理财被骗损失7万，将报警人带所止付做笔录。（报警人信息：吴春丽，身份证：31022519950205062	惠南派出所	诈骗	网络、电话、邮件等非接触性诈骗	None	惠南分区	靖海路	None	学海居委	None	楼宇	0	2023/6/13	惠南临港	1	1	0	0	0	0	正常警单	正常警单	None	正常警单	投资理财	None	靖海路90号	None	是	56221.0000000000	None	否	None	东片责任区	None	None	None	None	None	乔枫婷	None	None	None
202306131340366480495038	2023/6/14 5:12:27	2023/6/13 13:36:03	202306131340366001995776.0000000000	2023	6	13	13	40	36	侵犯人身权利	打架斗殴	2023-06-13 13:40:39	宣桥派出所	浦东   宣桥镇  张家桥村胡桥 337号	早上父亲被邻居打，现在找到对方    请民警到场处理。	2023年06月13日 13:40:39 宣桥镇 张家桥村胡桥 337号，早上父亲被邻居打，现在找到对方，民警现场了解，系报警人早上收垃圾声音吵闹影响到对方引发纠纷，无过激行为，未打架，带所调解。出警	宣桥派出所	纠纷类	邻里纠纷	None	惠南分区	None	None	张家桥村村委	None	社区	0	2023/6/13	惠南临港	1	1	0	0	0	0	正常警单	正常警单	None	正常警单	None	None	宣桥镇张家桥村胡桥337号	None	None	None	None	否	None	第一责任警务区	None	纠纷类	邻里纠纷	None	None	富骥任	None	None	None
202306131340485940185146	2023/6/15 5:03:23	2023/6/13 13:36:03	202306131340485992644608.0000000000	2023	6	13	13	40	48	交通安全	交通事故	2023-06-13 13:40:51	交警支队五大队	成山路2222号门口	2电瓶车相碰，人轻伤	06-13 13:42 成山路2222号门口 2电瓶车相碰，人伤轻微 物损轻微 (该起警情地址属六里派出所)&（二中队）（成山路锦绣路路口）（违法行为）（轻微伤）	
	交警支队五大队	交通安全	交通事故	道路交通事故	交警支队	None	None	None	None	街面	0	2023/6/13	陆家嘴南	1	1	0	0	0	0	正常警单	正常警单	None	正常警单	None	None	成山路2222号	None	None	None	None	否	六里派出所	None	None	None	None	None	三林分区	None	None	None	None
*/
2025-05-17 17:17:59,356 ChatBI->     INFO     Found enum field: YEAR with 2 values
2025-05-17 17:18:05,321 ChatBI->     INFO     Found enum field: MONTH with 12 values
2025-05-17 17:18:11,109 ChatBI->     INFO     Found enum field: DAY with 31 values
2025-05-17 17:18:16,483 ChatBI->     INFO     Found enum field: HH with 24 values
2025-05-17 17:18:21,664 ChatBI->     INFO     Found enum field: MM with 60 values
2025-05-17 17:18:26,979 ChatBI->     INFO     Found enum field: SS with 60 values
2025-05-17 17:18:33,208 ChatBI->     INFO     Found enum field: BJAY1 with 23 values
2025-05-17 17:18:39,892 ChatBI->     INFO     Found enum field: BJAY2 with 111 values
2025-05-17 17:18:46,728 ChatBI->     INFO     Found enum field: CJDW with 113 values
2025-05-17 17:18:53,426 ChatBI->     INFO     Found enum field: FKDW with 92 values
2025-05-17 17:19:00,480 ChatBI->     INFO     Found enum field: FKAY1 with 23 values
2025-05-17 17:19:07,289 ChatBI->     INFO     Found enum field: FKAY2 with 110 values
2025-05-17 17:19:12,979 ChatBI->     INFO     Found enum field: FKAY3 with 137 values
2025-05-17 17:19:19,231 ChatBI->     INFO     Found enum field: QY with 9 values
2025-05-17 17:19:30,243 ChatBI->     INFO     Found enum field: CS with 8 values
2025-05-17 17:19:36,484 ChatBI->     INFO     Found enum field: NR with 3 values
2025-05-17 17:19:41,462 ChatBI->     INFO     Found enum field: CFCJ_FLAG with 2 values
2025-05-17 17:19:54,268 ChatBI->     INFO     Found enum field: GW with 8 values
2025-05-17 17:19:59,826 ChatBI->     INFO     Found enum field: NORMAL_FLAG_FIRST with 2 values
2025-05-17 17:20:04,338 ChatBI->     INFO     Found enum field: NORMAL_FLAG_FINAL with 2 values
2025-05-17 17:20:09,268 ChatBI->     INFO     Found enum field: DELETE_FLAG_FIRST with 2 values
2025-05-17 17:20:13,829 ChatBI->     INFO     Found enum field: MANUAL_DELETE_FLAG with 2 values
2025-05-17 17:20:18,587 ChatBI->     INFO     Found enum field: MANUAL_RECOVER_FLAG with 1 values
2025-05-17 17:20:23,333 ChatBI->     INFO     Found enum field: DELETE_FLAG_FINAL with 2 values
2025-05-17 17:20:30,268 ChatBI->     INFO     Found enum field: DELETE_MODE with 3 values
2025-05-17 17:20:37,793 ChatBI->     INFO     Found enum field: DELETE_REASON with 13 values
2025-05-17 17:20:44,113 ChatBI->     INFO     Found enum field: DELETE_STATUS with 13 values
2025-05-17 17:20:48,746 ChatBI->     INFO     Found enum field: RG_BJAY3 with 21 values
2025-05-17 17:20:53,453 ChatBI->     INFO     Found enum field: RG_BJAY4 with 32 values
2025-05-17 17:20:58,293 ChatBI->     INFO     Found enum field: SFYSS with 2 values
2025-05-17 17:21:03,655 ChatBI->     INFO     Found enum field: SFSJ with 2 values
2025-05-17 17:21:10,758 ChatBI->     INFO     Found enum field: SF with 2 values
2025-05-17 17:21:16,171 ChatBI->     INFO     Found enum field: CJDW2 with 78 values
2025-05-17 17:21:21,996 ChatBI->     INFO     Found enum field: ZRQ with 224 values
2025-05-17 17:21:26,699 ChatBI->     INFO     Found enum field: FKAY1_L2 with 13 values
2025-05-17 17:21:31,631 ChatBI->     INFO     Found enum field: FKAY2_L2 with 45 values
2025-05-17 17:21:36,312 ChatBI->     INFO     Found enum field: FKAY3_L2 with 21 values
2025-05-17 17:21:41,760 ChatBI->     INFO     Found enum field: QY2 with 9 values
2025-05-17 17:21:48,630 ChatBI->     INFO     Found enum field: ZCJB with 3 values
2025-05-17 17:21:54,092 ChatBI->     INFO     Found enum field: ZZJB with 4 values
2025-05-17 17:21:59,508 ChatBI->     INFO     Found enum field: ZGJB with 4 values
