2025-05-08 21:52:46,277 ChatBI->     INFO     Found enum field: 区局 with 145 values
2025-05-08 21:52:46,371 ChatBI->     INFO     Found enum field: 年份 with 9 values
2025-05-08 21:52:46,381 ChatBI->     INFO     Found enum field: 性别 with 2 values
2025-05-08 21:52:46,388 ChatBI->     INFO     Found enum field: 所属行业 with 112 values
2025-05-08 21:52:46,388 ChatBI->     INFO     enum_values: {'区局': ['三航局', '上影集团', '上海宝玉石行业协会', '上海工艺美术行业协会', '上海市信息安全行业协会', '上海市养老服务行业协会', '上海市水务局（上海市海洋局）工会', '上海机场', '上海海事', '上海电力行业协会', '上海联通', '世纪出版', '东方航空', '东海救助', '东湖', '个人自荐', '个人自荐（嘉定）', '个人自荐（教育）', '个人自荐（长宁）', '个人自荐（隧道）', '中冶宝钢', '中国教育工会上海市委员会', '中建八局', '中福会', '临港产业区', '久事公司', '五冶', '交通委', '仪表电子', '仪表电子工会', '信息安全行业协会', '光明集团', '公安局', '化学', '化学工业区', '医务', '医药', '华东建筑集团股份有限公司工会', '华建集团', '华能集团', '华虹', '商用飞机', '商飞', '嘉定区', '嘉定区总工会', '地产集团', '城投集团', '奉贤区', '奉贤区总工会', '宝冶建设', '宝冶集团', '宝山', '宝山区', '宝山区总工会', '宝武', '宝玉石协会', '崇明区', '崇明区总工会', '市公安局', '市农委', '市商业经济学会', '市级机关', '建工', '建设交通', '徐汇区', '徐汇区总工会', '房屋修建协会', '打捞局工会', '插花花艺协会', '收藏协会', '教育', '文广影视局', '文广影视集团', '新闻出版', '普陀区', '普陀区总工会', '服装协会', '服装设计协会', '机电', '机电工会', '杨浦区', '杨浦区总工会', '松江区', '松江区总工会', '民政', '汽车', '浦东新区', '浦东新区总工会', '海洋石油', '港务', '烟草', '焊接协会', '现代服务业联合会', '申能集团', '申迪', '申通公司', '申通集团', '电信', '电力公司', '电力工业', '电力工程协会', '电力建设', '电力股份', '电力行业协会', '电子商会', '百联集团', '监狱局', '石化股份', '科技', '移动通信', '纺织', '经济信息化', '绿化', '美容美发行业协会', '航天', '航天局', '航道局', '船舶', '茶叶协会', '虹口区', '虹口区总工会', '装饰装修协会', '质量协会', '轻工', '运输', '造币厂', '邮政', '金山区', '金山区总工会', '铁路局', '锦江', '锦江国际', '长宁区', '长宁区总工会', '闵行区', '闵行区总工会', '隧道股份', '青浦区', '青浦区总工会', '静安区', '静安区总工会', '食品协会', '高桥石化', '黄浦区', '黄浦区总工会'], '年份': [2016, 2017, 2018, 2019, 2020, 2021, 2022, 2023, 2024], '性别': ['女', '男'], '所属行业': ['专业服务', '交通运输', '人工智能', '信息产业', '先进材料', '光学粗磨', '公共交通', '其他', '农林牧渔', '农艺', '冶金矿产', '凤梨科栽培', '制造业', '办公文教', '动物人工受精', '医学', '医药卫生', '卫星热设计', '卫生', '压力管道', '土地混合利用', '土木建筑', '地铁无人驾驶', '基因', '大气', '奶类生产', '安全保障', '家居用品', '密码芯片', '居民服务', '建筑', '建筑业', '建筑建材', '建筑行业', '微系统', '救助服务', '教育', '数据安全', '文化', '新能源', '新能源汽车', '旅游休闲', '旋挖钻机', '无机材料', '智慧城市顶层规划', '智能机器人', '机构组织', '机械机电', '林业', '果树栽培', '标本', '核能', '植物引种', '植物栽培', '民用航空', '水产', '水仙栽培', '水利水电', '水晶梨栽培', '汽修服务', '汽车', '海洋经济', '港口', '烘焙技术', '烟草', '物流自动化', '环保绿化', '环卫技术', '玻璃灯工', '瓶阀', '生物医药', '电信', '电力行业', '电子电工', '畜牧', '石油化工', '碳化物陶瓷', '社会工作', '科技', '空间信息', '系统安全', '系统建设', '绿色低碳', '航母', '航运工程', '船舶建造', '船舶驾驶', '花卉栽培', '花菜栽培', '葡萄栽培', '蓝莓栽培', '虚拟现实', '行道树养护', '装备制造业', '设备维修', '货币', '质谱检测', '超导量子', '轨道交通', '软件和信息技术服务业', '轻工食品', '酿酒师', '野生动物保护', '金笔制作', '集成电路', '集装箱运输', '零售', '食品检测', '餐饮', '高端装备', '高等教育', '黄酒酿造']}
2025-05-08 21:52:46,409 ChatBI->     INFO     开始利用大模型补全数据
2025-05-08 21:53:32,270 ChatBI->     INFO     大模型补全数据完成 
 CREATE TABLE gjw (
	`年份` BIGINT; 含义: 表示工单所属的年份。; 枚举值: 2016, 2017, 2018, 2019, 2020, 2021, 2022, 2023, 2024
	`区局` TEXT; 含义: 表示工单所属的区局。; 枚举值: "三航局", "上影集团", "上海宝玉石行业协会", "上海工艺美术行业协会", "上海市信息安全行业协会", "上海市养老服务行业协会", "上海市水务局（上海市海洋局）工会", "上海机场", "上海海事", "上海电力行业协会", "上海联通", "世纪出版", "东方航空", "东海救助", "东湖", "个人自荐", "个人自荐（嘉定）", "个人自荐（教育）", "个人自荐（长宁）", "个人自荐（隧道）", "中冶宝钢", "中国教育工会上海市委员会", "中建八局", "中福会", "临港产业区", "久事公司", "五冶", "交通委", "仪表电子", "仪表电子工会", "信息安全行业协会", "光明集团", "公安局", "化学", "化学工业区", "医务", "医药", "华东建筑集团股份有限公司工会", "华建集团", "华能集团", "华虹", "商用飞机", "商飞", "嘉定区", "嘉定区总工会", "地产集团", "城投集团", "奉贤区", "奉贤区总工会", "宝冶建设", "宝冶集团", "宝山", "宝山区", "宝山区总工会", "宝武", "宝玉石协会", "崇明区", "崇明区总工会", "市公安局", "市农委", "市商业经济学会", "市级机关", "建工", "建设交通", "徐汇区", "徐汇区总工会", "房屋修建协会", "打捞局工会", "插花花艺协会", "收藏协会", "教育", "文广影视局", "文广影视集团", "新闻出版", "普陀区", "普陀区总工会", "服装协会", "服装设计协会", "机电", "机电工会", "杨浦区", "杨浦区总工会", "松江区", "松江区总工会", "民政", "汽车", "浦东新区", "浦东新区总工会", "海洋石油", "港务", "烟草", "焊接协会", "现代服务业联合会", "申能集团", "申迪", "申通公司", "申通集团", "电信", "电力公司", "电力工业", "电力工程协会", "电力建设", "电力股份", "电力行业协会", "电子商会", "百联集团", "监狱局", "石化股份", "科技", "移动通信", "纺织", "经济信息化", "绿化", "美容美发行业协会", "航天", "航天局", "航道局", "船舶", "茶叶协会", "虹口区", "虹口区总工会", "装饰装修协会", "质量协会", "轻工", "运输", "造币厂", "邮政", "金山区", "金山区总工会", "铁路局", "锦江", "锦江国际", "长宁区", "长宁区总工会", "闵行区", "闵行区总工会", "隧道股份", "青浦区", "青浦区总工会", "静安区", "静安区总工会", "食品协会", "高桥石化", "黄浦区", "黄浦区总工会"
	`姓名` TEXT; 含义: 表示工单中涉及的人员姓名。; 示例值: "蒋国兴", "朱海鸿", "高金明"
	`性别` TEXT; 含义: 表示工单中涉及的人员性别。; 枚举值: "女", "男"
	`年龄` DOUBLE; 含义: 表示工单中涉及的人员年龄。; 示例值: 60.0000000000, 52.0000000000, 60.0000000000
	`工作单位` TEXT; 含义: 表示工单中涉及的人员所在的工作单位。; 示例值: "上海供春陶业有限公司", "上海优爱宝机器人技术有限公司", "玛戈隆特骨瓷（上海）有限公司"
	`工种职务` TEXT; 含义: 表示工单中涉及的人员的工种或职务。; 示例值: "陶艺师", "机器人研发设计", "造型研发"
	`所属行业` TEXT; 含义: 表示工单中涉及的人员所属的行业。; 枚举值: "专业服务", "交通运输", "人工智能", "信息产业", "先进材料", "光学粗磨", "公共交通", "其他", "农林牧渔", "农艺", "冶金矿产", "凤梨科栽培", "制造业", "办公文教", "动物人工受精", "医学", "医药卫生", "卫星热设计", "卫生", "压力管道", "土地混合利用", "土木建筑", "地铁无人驾驶", "基因", "大气", "奶类生产", "安全保障", "家居用品", "密码芯片", "居民服务", "建筑", "建筑业", "建筑建材", "建筑行业", "微系统", "救助服务", "教育", "数据安全", "文化", "新能源", "新能源汽车", "旅游休闲", "旋挖钻机", "无机材料", "智慧城市顶层规划", "智能机器人", "机构组织", "机械机电", "林业", "果树栽培", "标本", "核能", "植物引种", "植物栽培", "民用航空", "水产", "水仙栽培", "水利水电", "水晶梨栽培", "汽修服务", "汽车", "海洋经济", "港口", "烘焙技术", "烟草", "物流自动化", "环保绿化", "环卫技术", "玻璃灯工", "瓶阀", "生物医药", "电信", "电力行业", "电子电工", "畜牧", "石油化工", "碳化物陶瓷", "社会工作", "科技", "空间信息", "系统安全", "系统建设", "绿色低碳", "航母", "航运工程", "船舶建造", "船舶驾驶", "花卉栽培", "花菜栽培", "葡萄栽培", "蓝莓栽培", "虚拟现实", "行道树养护", "装备制造业", "设备维修", "货币", "质谱检测", "超导量子", "轨道交通", "软件和信息技术服务业", "轻工食品", "酿酒师", "野生动物保护", "金笔制作", "集成电路", "集装箱运输", "零售", "食品检测", "餐饮", "高端装备", "高等教育", "黄酒酿造"
	`工匠介绍（缩写）` TEXT; 含义: 表示工单中涉及的人员的工匠介绍或简短描述。; 示例值: "蒋国兴，全国劳动模范、全国五一劳动奖章获得者，享受国务院政府特殊津贴专家。他荣获”民进全国社会服务工作先进个人””上海市十大职工科技创新英才””上海市首席技师”等称号，其工作室被命名为”上海市技能大师", "朱海鸿，国内机器人领域杰出代表，拥有国际领先的机器人设计理念和技术。他曾在国内外知名机构从事机器人研发工作十余年，专注机器人控制理论与技术方法研究，参与完成多项大型项目，拥有国际国内发明专利9项，发表", "高金明，毕业于河北唐山陶瓷技校，后进入唐山第一瓷厂工作，历任多项职务，长期致力于陶瓷工艺技术改造和管理。他曾主持新建年产300万件高级骨质瓷生产线，并参与新产品研发，设计开发数百个新产品。在G20产品"
)ENGINE=InnoDB COLLATE utf8mb4_0900_ai_ci DEFAULT CHARSET=utf8mb4
2025-05-08 21:53:40,008 ChatBI->     INFO     Processing column: 工种职务
2025-05-08 21:53:40,025 ChatBI->     INFO     Found 617 distinct values for 工种职务
2025-05-08 21:53:40,027 ChatBI->     INFO     Processing column: 所属行业
2025-05-08 21:53:40,033 ChatBI->     INFO     Found 112 distinct values for 所属行业
