2025-05-08 21:37:56,489 ChatBI->     INFO     Found enum field: 年份 with 9 values
2025-05-08 21:37:56,493 ChatBI->     INFO     Found enum field: 性别 with 2 values
2025-05-08 21:37:56,493 ChatBI->     INFO     enum_values: {'年份': [2016, 2017, 2018, 2019, 2020, 2021, 2022, 2023, 2024], '性别': ['女', '男']}
2025-05-08 21:37:56,493 ChatBI->     INFO     开始利用大模型补全数据
2025-05-08 21:38:13,082 ChatBI->     INFO     大模型补全数据完成 
 CREATE TABLE gjw (
	`年份` BIGINT; 含义: 表示工单所属的年份。; 枚举值: 2016, 2017, 2018, 2019, 2020, 2021, 2022, 2023, 2024
	`区局` TEXT; 含义: 表示工单所属的区局。; 示例值: "浦东新区", "徐汇区", "静安区"
	`姓名` TEXT; 含义: 表示工单报告人的姓名。; 示例值: "蒋国兴", "朱海鸿", "高金明"
	`性别` TEXT; 含义: 表示工单报告人的性别。; 枚举值: "女", "男"
	`年龄` DOUBLE; 含义: 表示工单报告人的年龄。; 示例值: 60.0000000000, 52.0000000000
	`工作单位` TEXT; 含义: 表示工单报告人所在的工作单位。; 示例值: "上海供春陶业有限公司", "上海优爱宝机器人技术有限公司", "玛戈隆特骨瓷（上海）有限公司"
	`工种职务` TEXT; 含义: 表示工单报告人的工种或职务。; 示例值: "陶艺师", "机器人研发设计", "造型研发"
	`所属行业` TEXT; 含义: 表示工单报告人所属的行业。; 示例值: "文化", "智能机器人", "文化"
	`工匠介绍（缩写）` TEXT; 含义: 表示工单报告人的简介或荣誉。; 示例值: "蒋国兴，全国劳动模范、全国五一劳动奖章获得者，享受国务院政府特殊津贴专家。他荣获”民进全国社会服务工作先进个人””上海市十大职工科技创新英才””上海市首席技师”等称号，其工作室被命名为”上海市技能大师", "朱海鸿，国内机器人领域杰出代表，拥有国际领先的机器人设计理念和技术。他曾在国内外知名机构从事机器人研发工作十余年，专注机器人控制理论与技术方法研究，参与完成多项大型项目，拥有国际国内发明专利9项，发表", "高金明，毕业于河北唐山陶瓷技校，后进入唐山第一瓷厂工作，历任多项职务，长期致力于陶瓷工艺技术改造和管理。他曾主持新建年产300万件高级骨质瓷生产线，并参与新产品研发，设计开发数百个新产品。在G20产品"
)DEFAULT CHARSET=utf8mb4 COLLATE utf8mb4_0900_ai_ci ENGINE=InnoDB
2025-05-08 21:38:21,583 ChatBI->     INFO     Processing column: 工种职务
2025-05-08 21:38:21,592 ChatBI->     INFO     Found 617 distinct values for 工种职务
2025-05-08 21:38:21,592 ChatBI->     INFO     Processing column: 所属行业
2025-05-08 21:38:21,598 ChatBI->     INFO     Found 112 distinct values for 所属行业
