2025-05-15 08:08:16,506 ChatBI->     INFO     schema linking: {'target_columns': ['姓名'], 'condition_columns': {'工匠介绍（缩写）': '五一劳动奖章获得者'}}
2025-05-15 08:08:16,764 ChatBI->     INFO     
2025-05-15 08:08:16,775 ChatBI->     INFO     你
2025-05-15 08:08:16,787 ChatBI->     INFO     希望
2025-05-15 08:08:16,798 ChatBI->     INFO     了解
2025-05-15 08:08:16,810 ChatBI->     INFO     获得
2025-05-15 08:08:16,822 ChatBI->     INFO     五一
2025-05-15 08:08:16,837 ChatBI->     INFO     劳动
2025-05-15 08:08:16,854 ChatBI->     INFO     奖
2025-05-15 08:08:16,871 ChatBI->     INFO     章
2025-05-15 08:08:16,888 ChatBI->     INFO     的
2025-05-15 08:08:16,905 ChatBI->     INFO     工匠
2025-05-15 08:08:16,922 ChatBI->     INFO     有哪些
2025-05-15 08:08:16,939 ChatBI->     INFO     。
2025-05-15 08:08:16,956 ChatBI->     INFO     这是一个
2025-05-15 08:08:16,973 ChatBI->     INFO     筛选
2025-05-15 08:08:16,990 ChatBI->     INFO     特定
2025-05-15 08:08:17,007 ChatBI->     INFO     荣誉
2025-05-15 08:08:17,024 ChatBI->     INFO     的
2025-05-15 08:08:17,041 ChatBI->     INFO     查询
2025-05-15 08:08:17,058 ChatBI->     INFO     问题
2025-05-15 08:08:17,075 ChatBI->     INFO     。
2025-05-15 08:08:17,092 ChatBI->     INFO     需要
2025-05-15 08:08:17,109 ChatBI->     INFO     将
2025-05-15 08:08:17,126 ChatBI->     INFO     工匠
2025-05-15 08:08:17,143 ChatBI->     INFO     的
2025-05-15 08:08:17,160 ChatBI->     INFO     姓名
2025-05-15 08:08:17,177 ChatBI->     INFO     设
2025-05-15 08:08:17,194 ChatBI->     INFO     为
2025-05-15 08:08:17,211 ChatBI->     INFO     维度
2025-05-15 08:08:17,228 ChatBI->     INFO     字段
2025-05-15 08:08:17,245 ChatBI->     INFO     ，并
2025-05-15 08:08:17,262 ChatBI->     INFO     筛选
2025-05-15 08:08:17,279 ChatBI->     INFO     出
2025-05-15 08:08:17,296 ChatBI->     INFO     “
2025-05-15 08:08:17,314 ChatBI->     INFO     工匠
2025-05-15 08:08:17,331 ChatBI->     INFO     介绍
2025-05-15 08:08:17,347 ChatBI->     INFO     ”
2025-05-15 08:08:17,364 ChatBI->     INFO     中
2025-05-15 08:08:17,381 ChatBI->     INFO     包含
2025-05-15 08:08:17,398 ChatBI->     INFO     “
2025-05-15 08:08:17,415 ChatBI->     INFO     五一
2025-05-15 08:08:17,432 ChatBI->     INFO     劳动
2025-05-15 08:08:17,449 ChatBI->     INFO     奖
2025-05-15 08:08:17,466 ChatBI->     INFO     章
2025-05-15 08:08:17,483 ChatBI->     INFO     ”
2025-05-15 08:08:17,500 ChatBI->     INFO     或
2025-05-15 08:08:17,517 ChatBI->     INFO     相关
2025-05-15 08:08:17,534 ChatBI->     INFO     描述
2025-05-15 08:08:17,551 ChatBI->     INFO     的
2025-05-15 08:08:17,568 ChatBI->     INFO     记录
2025-05-15 08:08:17,585 ChatBI->     INFO     。
2025-05-15 08:08:17,602 ChatBI->     INFO     条件
2025-05-15 08:08:17,620 ChatBI->     INFO     字段
2025-05-15 08:08:17,636 ChatBI->     INFO     包括
2025-05-15 08:08:17,653 ChatBI->     INFO     工匠
2025-05-15 08:08:17,671 ChatBI->     INFO     介绍
2025-05-15 08:08:17,687 ChatBI->     INFO     中
2025-05-15 08:08:17,705 ChatBI->     INFO     包含
2025-05-15 08:08:17,722 ChatBI->     INFO     “
2025-05-15 08:08:17,739 ChatBI->     INFO     五一
2025-05-15 08:08:17,755 ChatBI->     INFO     劳动
2025-05-15 08:08:17,772 ChatBI->     INFO     奖
2025-05-15 08:08:17,790 ChatBI->     INFO     章
2025-05-15 08:08:17,806 ChatBI->     INFO     ”
2025-05-15 08:08:17,824 ChatBI->     INFO     或
2025-05-15 08:08:17,840 ChatBI->     INFO     相关
2025-05-15 08:08:17,858 ChatBI->     INFO     描述
2025-05-15 08:08:17,874 ChatBI->     INFO     。


2025-05-15 08:08:17,891 ChatBI->     INFO     DONE
2025-05-15 08:08:17,910 ChatBI->     INFO     
2025-05-15 08:08:17,926 ChatBI->     INFO     任务类型: SQL
2025-05-15 08:08:19,118 ChatBI->     INFO     stad sql: SELECT `姓名` FROM gjw WHERE `工匠介绍（缩写）` LIKE '%五一劳动奖章获得者%' LIMIT 10;
2025-05-15 08:08:19,124 ChatBI->     INFO     非结构化信息为: {"`工匠介绍（缩写）` LIKE '%五一劳动奖章获得者%'": '五一劳动奖章获得者'}
2025-05-15 08:08:19,677 ChatBI->     INFO     五一劳动奖章获得者 的命名实体判别： no
2025-05-15 08:08:19,678 ChatBI->     INFO     开始对非结构化文档【粗略】检索
2025-05-15 08:08:19,929 ChatBI->     INFO     检索到的文档总数量为：891
2025-05-15 08:08:19,988 ChatBI->     INFO     开始对非结构化文档【深度】检索
2025-05-15 08:08:20,387 ChatBI->     INFO     层级抽取文档： 陈建福，上海新长宁集团建筑装饰实业有限公司企业负责人，全国劳动模范、上海市五一劳动奖章获得者。他1982年入职，从普通操作工成长为技能人才，带领团队完成多项优质工程。秉持"做专、做精、做细、做实"的工匠精神，他将职业敬畏、工作执着和产品负责融入工作，在平凡岗位上创造不平凡价值。他的事迹诠释了踏实工作、立足岗位、创先争优的精神，激励着无数从业者在本职上追求卓越。 ==> yes  
2025-05-15 08:08:20,387 ChatBI->     INFO     层级抽取文档： 杨恺，中国电信上海公司网信安部网络安全技术专家，先后荣获上海市五一劳动奖章、中国电信集团劳模、上海市经信系统青年岗位能手等多项荣誉。他在网络安全领域表现突出，累计获得20余项竞赛奖项，代表上海参加了第七届全国职工职业技能大赛。他带领团队以赛代练，参与各类安全联赛，在职工"全运会"中取得优异成绩。&#10;&#10;在支撑浦东教育云运维工作中，面对内网DNS攻击，他迅速溯源并开展安全培训，获得客户高度评价。他和团队测试智能门禁门铃产品，发现网络安全问题并发布报告，彰显央企社会责任。他主持上海公司安全评估项目，培养新人，指导年轻员工提升实战技能，带领团队多人获奖。他还担任公司工会公众号小编，... ==> yes  
2025-05-15 08:08:20,387 ChatBI->     INFO     层级抽取文档： 徐亚伟，医学博士，二级教授，主任医师，博导，国务院政府特殊津贴专家，上海市劳动模范，上海市首届十大仁心医师、上海市医务工匠、上海市五一劳动奖章、第二届国之名医、第三届白求恩式好医生提名奖获得者。现任上海市第十人民医院心脏中心主任、同济大学医学院泛血管病研究所所长，国家重点研发计划项目首席科学家。徐亚伟教授精通多种心血管介入治疗技术，擅长急性心肌梗死救治，在房颤冷冻消融、左心耳封堵等领域处于国际领先水平。他创新性开展“一站式手术”和房颤综合闭环管理模式，领导的十院心脏中心被评定为中国胸痛中心示范基地，急性心梗院内死亡率仅为1.32%，达国际一流水平。徐亚伟教授积极推动心脏康复中心建设，主持... ==> yes  
2025-05-15 08:08:20,387 ChatBI->     INFO     层级抽取文档： 范晓骏，作为大飞机智能制造领域的先行者，从一线检验工成长为科研工程师，全程参与三大型号项目数字化检测，获C919项目首飞三等功等多项荣誉。他自主研发智能检测系统，申报7项发明专利、1项PCT国际专利，推动12项数字化测量场景应用，获上飞公司科技进步一等奖、工人发明家等称号。其创新成果"5G应用征集大赛"获一等奖，推动传统制造业迈向智能制造，提升大飞机生产质量与效率，为中国航空工业贡献力量。 ==> no  
2025-05-15 08:08:20,387 ChatBI->     INFO     层级抽取文档： 房敏，全国首位中医推拿学博士，教授，主任医师，博士生导师，岐黄学者，国家“万人计划”教学名师，国家杰出青年科学基金获得者，科技部“973计划”首席科学家，第七批全国老中医药专家学术经验继承指导教师，上海市名中医。他坚守中医推拿临床35年，创新提出"手摸心会"客观化评估方法，创立筋骨病"筋骨失衡，以筋为先"病机学说。主持完成国家杰青项目、行业专项、科技部"973"计划等国家级科研项目，牵头组建长三角推拿专科联盟，荣获国家教学成果一等奖、上海市科技进步一等奖等多项荣誉。 ==> no  
2025-05-15 08:08:20,387 ChatBI->     INFO     层级抽取文档： 夏术阶，中国知名泌尿外科专家，国际首创铥激光前列腺切除术的主创人，技术已纳入中国及欧美泌尿外科诊疗指南，并被《坎贝尔-沃什泌尿外科学》收录。他解决多项前列腺微创难题，制定超大前列腺手术标准，创新术后功能保留，创建修复理论与并发症预防方法，获国际F1000高度评价。在全国范围内推广先进技术，培训医务人员3万余人次，建立多地泌尿外科中心。他培养大批医疗骨干，积极投身公益，推动国产设备研发，降低治疗成本。夏术阶以精湛技术、严谨态度与无私奉献，成为医疗卫生领域的标杆人物，获国家"万人计划"科技创新领军人才、全国卫生系统先进工作者、国之名医、五一劳动奖章等多项荣誉。 ==> yes  
2025-05-15 08:08:20,387 ChatBI->     INFO     层级抽取文档： 陈正伟，系交通运输部东海航海保障中心高级工程师，毕业于同济大学测绘工程专业。作为海道测量领域的专家，他曾参与南极科考、南海巡航等多项重要任务，并主持完成了"舟山工程"海图测量等重点工程。在技术创新方面，他开发了《海道测量工具包》等实用技术，显著提升了测绘效率。同时，他积极培养新人，为航海保障事业输送了大批人才。曾多次荣获感动交通十大年度人物、上海市青年五四奖章等荣誉称号。 ==> no  
2025-05-15 08:08:20,387 ChatBI->     INFO     层级抽取文档： 陈梁，工作兢兢业业，技术精益求精，敢于创新，业绩突出。2008年参与漕泾电厂百万机组基建，解决诸多问题，带领团队完成多项基础工作，获上电股份2010年基建工程建设功臣称号。业余时间充电，从事二十九年来多次获集团公司和股份公司科技进步奖、合理化建议及专利等，担任多亿元改造项目负责人。设计脱硫吸收塔PH值测量装置，为企业节约维修成本90%。培养技师5名、高级工4名，带领团队获多项QC奖项，2019年率队获国家电投集团青工热控技能比武历史最好成绩。曾获国家电力投资集团科技进步二等奖、上海电力股份有限公司科技进步一等奖等多项荣誉。陈梁以"工匠精神"奋斗在电力行业一线，引领智慧电厂发展趋势。 ==> no  
2025-05-15 08:08:20,387 ChatBI->     INFO     层级抽取文档： 金国平，长期从事炼钢连铸生产线电气设备维护和技术改造工作，为企业解决上百项设备疑难问题。他在自主创新方面完成《圆方坯结晶器电磁搅拌逆变电源研制》等重点科研项目，成功指导多个国内外连铸机工程调试工作。累计完成90多项现场攻关改善项目，获19项国家专利（其中13项发明专利），发表2篇核心期刊论文，为企业降本增效2200多万元。其创新成果多次获国内外金奖和银奖。&#10;&#10;金国平总结发布培训材料100多篇，培养高级技师和技师各2名，参与编写培训教材，并赴多家企业进行技术支撑和创新指导。由他领衔的职工创新工作室获上海市和国家级技能大师工作室、上海市劳模创新工作室称号，并荣获全国优秀质量管... ==> no  
2025-05-15 08:08:20,387 ChatBI->     INFO     层级抽取文档： 夏杰，作为上海送变电工程有限公司的资深工程师，长期深耕电力工程领域，参与并负责了20余个大型变电工程项目，为上海电力工程建设做出了突出贡献。他主持了练塘特高压交流变电站、奉贤特高压直流换流站等多个标志性项目，其中练塘站输电能力可满足上海四分之一的用电需求，减排效应显著。夏杰在技术难题攻关和创新成果形成方面表现卓越，推动了软母线精确测量技术、GIS设备安装质量控制技术等关键技术的突破，并主持开发了电力施工工艺卡系统等数字化工具，其中施工机械物联感知系统已被国网公司纳入推广计划。他主持的多个工程荣获国家优质工程金质奖、鲁班奖等重要奖项，个人也曾获上海市总工会"工人先锋号"称号，并创建上海电力... ==> no  
2025-05-15 08:08:20,388 ChatBI->     INFO     阈值索引为：120, 窗口大小为: 40 
2025-05-15 08:08:20,388 ChatBI->     INFO     确定的文档: 81; 在次确认的文档: 79
2025-05-15 08:08:23,299 ChatBI->     INFO     从79个需再次确认的文档中筛选出的相关文档数量：19
2025-05-15 08:08:23,300 ChatBI->     INFO     示例文档：['胡振球，长期从事机械设计加工及钣金工等工作，专业能力突出，技术成果丰硕。他取得高级技师职称，并多次荣获上海市农民工先进个人、闵行区工人发明家、全国劳动模范等称号。胡振球在技术革新方面表现卓越，完成技术革新50余项，获得发明专利14项，其中"吸尘车整车预装工装"改进使装配工期缩短至1天，整车装配合格率达98%以上，每年为企业节约成本560多万元。他研发的纯吸式道路吸尘车大幅提升了清洁效率，首创的"卸料抑尘装置技术"和"吸尘车树叶粉碎技术"解决二次扬尘及树叶处理难题。其创新成果在环保、节能及资源循环利用方面取得显著社会效益。胡振球同志屡获殊荣，包括第七届国际发明展览会"金奖"、闵行区五一劳动...', '朱道义，师承插花花艺大师梁胜芳，深耕插花领域二十余年，擅长将自然与艺术结合，创作主题鲜明的作品。他立足传统，研究插花六大法则与空间布局，融合东西方技法，形成独特风格。他曾参与APEC会议、上海静安区花街设计及北京奥运会礼仪用花创作，荣获两项银奖。近期，他被授予全国五一劳动奖章，以表彰其在插花花艺领域的卓越贡献。', '朱建华，沪东中华造船（集团）有限公司首席技师，从事船台总装电焊工作二十余年，荣获全国五一劳动奖章、享受政府特殊津贴等荣誉。他担任高级技校首席实习教师，获"金牌教练"称号，编著《船舶电焊工基础工艺学》并通过专家审核，主持研发"CO2自动焊接设备教学模拟机"并申报科研成果。朱建华在学术研究与技术创新方面取得多项成果，包括校译技术开发、编撰操作手册、获优秀论文奖及发明专利。他创新多项焊接技术，成功锁定双相不锈钢焊接工艺参数，为提升焊接质量提供依据。朱建华积极推动特殊材料焊工培训，培养多名优秀焊工，含高级技师魏凤云、李占友等，指导刘鹏鹏等年轻选手屡获焊工技能竞赛佳绩。此外，他参与制定焊接技师评审...', '周向争，作为国内最早从事轨道交通自动售检票系统研发的技术人员之一，长期奋战在科研和项目工程一线，主持和参与的多个项目取得了显著的社会效益和经济效益，先后荣获上海市劳动模范、全国五一劳动奖章、上海市科技进步一等奖等多项荣誉。他通过大量工程实践，不断改进自动售检票系统核心设备，创造性地对原有进口设备进行技术改造，保护了国家上亿元的资产投入，满足上海轨道交通营运需求的变化。同时，他还参与了国内多个城市自动售检票系统的建设工作，并在业内树立了权威地位。周向争自主研发了具有自主嵌入式实时操作系统的自动检票机设备，提升了设备的结构性能，并在人体识别智能识别技术和关键模块研发方面取得突破性进展，打破了...', '谢邦鹏，清华大学博士毕业，现任国网上海浦东供电公司配电运检室副主任，长期扎根基层生产一线。在世博保电、核心区世界一流配电网建设、迪士尼保供电等重大任务中表现突出，获"全国五一劳动奖章""上海市劳动模范""国家电网公司劳动模范"等多项荣誉。&#10;&#10;谢邦鹏在继电保护和配电自动化领域具有深厚技术功底，主持参与了线损管理、无功补偿等十余项创新性科技项目研究，获上海市科技进步三等奖等多项荣誉。他独立研发的"大电流试验万用组合短接工具"等创新成果获多项专利授权并推广应用。同时，他带领团队发表中英文科技论文十余篇，获得发明专利授权9项、实用新型专利授权32项。&#10;&#10;作为劳模宣...']
2025-05-15 08:08:23,301 ChatBI->     INFO     没有找到<  >对应的视图
2025-05-15 08:08:23,446 ChatBI->     INFO     websocket发送的数据为：{"sql_gen": "SELECT `姓名` FROM gjw WHERE `工匠介绍（缩写）` LIKE '%五一劳动奖章获得者%' LIMIT 10;"}
2025-05-15 08:08:23,447 ChatBI->     INFO     websocket发送的数据为：{"response": [{"姓名": "蒋国兴"}, {"姓名": "杨震"}, {"姓名": "俞建民"}, {"姓名": "龚杜弟"}, {"姓名": "王康健"}, {"姓名": "苗俭"}, {"姓名": "张翼飞"}, {"姓名": "徐小平"}, {"姓名": "张彦"}, {"姓名": "徐珺"}]}
2025-05-15 08:08:23,520 ChatBI->     INFO     websocket发送的数据为：{"data_detail": [{"编号": 20250311001, "年份": 2016, "区局": "浦东新区", "姓名": "蒋国兴", "年龄": 60, "姓名拼音": "Jiang3-Guo2-Xing1", "性别": "男", "工作单位": "上海供春陶业有限公司", "工种或工作头衔": "陶艺师", "领域": "文化", "行业": "工艺美术", "工匠介绍": "蒋国兴，全国劳动模范、全国五一劳动奖章获得者，享受国务院政府特殊津贴专家。他荣获“民进全国社会服务工作先进个人”“上海市十大职工科技创新英才”“上海市首席技师”等称号，其工作室被命名为“上海市技能大师工作室”并获“全国工人先锋号”。在彩陶技艺领域，他突破多项传统工艺难题，开创具有海派特色的“沪上彩陶”技艺，并发明陶瓷壁挂，被联合国教科文组织国际陶艺学会命名为“蒋国兴”。其作品应用于上海东方艺术中心、上海世博园等重要建筑，获国家专利45项。他还将彩陶技艺用于古建筑修复，解决世界性难题。此外，他热衷技艺传承，培养多名徒弟，参与国际展览和学术研究，出版专著并撰写多篇论文，为陶瓷文化发展作出突出贡献。"}, {"编号": 20250311004, "年份": 2016, "区局": "浦东新区", "姓名": "杨震", "年龄": 55, "姓名拼音": "Yang2-Zhen4", "性别": "男", "工作单位": "上海高桥捷派克石化工程建设有限公司", "工种或工作头衔": "维修钳工", "领域": "高端装备", "行业": "高端装备", "工匠介绍": "杨震，上海高桥捷派克石化工程建设有限公司维修钳工，是设备修理、技术创新和团队培养领域的杰出代表。他成功修复了多台复杂设备，自制多种专用工具，并通过技术改造为公司节省大量成本。杨震培养了多名优秀技能人才，带领团队荣获“工人先锋号”称号。他以“铁人”般的工作作风和强烈责任感，获得全国五一劳动奖章和全国技术能手等多项荣誉，是新时代工匠精神的典范。"}, {"编号": 20250311032, "年份": 2016, "区局": "机电", "姓名": "俞建民", "年龄": 68, "姓名拼音": "Yu2-Jian4-Min2", "性别": "男", "工作单位": "上海三菱电梯有限公司", "工种或工作头衔": "电梯安装调试工", "领域": "高端装备", "行业": "机电", "工匠介绍": "俞建民，上海三菱电梯有限公司安装人员，从事电梯安装工作42年。他主持或参与完成了上海中心、金茂大厦等多地超高层建筑与重点工程的电梯安装工作。在电梯安装领域不断钻研，创新多项超高速电梯及大跨度扶梯安装工艺，主持编制国内首个超高层建筑电梯无脚手架安装工艺，解决技术难题并填补领域空白。作为公司安装部重大项目主管，带领团队攻克技术难关，提升项目推进效率。2014年被评为首席技师并成立工作室，同年获\"上海市工人先锋号\"称号，2016年获上海市五一劳动奖章。"}, {"编号": 20250311036, "年份": 2016, "区局": "纺织", "姓名": "龚杜弟", "年龄": 59, "姓名拼音": "Gong1-Du4-Di4", "性别": "男", "工作单位": "上海汽车地毯总厂有限公司", "工种或工作头衔": "高级技术", "领域": "文化", "行业": "纺织服装", "工匠介绍": "龚杜弟，上海汽车地毯总厂有限公司总工程师、教授级高工，全国五一劳动奖章获得者、上海市劳动模范。他主持研发的轿车行李箱地毯聚氨酯喷涂设备流水线填补国内空白，SFS填充成型隔音垫生产线设计为公司节约数千万元引进费用。带领团队成功开发宝马5系脚垫，创新多项工艺，获五项国家发明专利和两项实用新型专利，并获2016年上海市优秀发明奖金奖。其宝马轿车衣帽架全球首创侧向双弧冲切封边结构垄断产品技术，获德国专家好评。"}, {"编号": 20250311042, "年份": 2016, "区局": "宝武", "姓名": "王康健", "年龄": 69, "姓名拼音": "Wang2-Kang1-Jian4", "性别": "男", "工作单位": "宝钢股份冷轧厂", "工种或工作头衔": "冷轧技能专家", "领域": "高端装备", "行业": "钢铁冶金", "工匠介绍": "王康健，是我国轧钢领域的高级技师与技能专家，宝钢第一代主操作工。他从宝钢冷轧一期建设起，参与了各期发展，成长为分厂副厂长并担任多家机构要职。他享有国务院特殊津贴，曾获全国\"五一\"劳动奖章、中华技能大奖等多项荣誉。扎根一线40余年，他解决设备疑难杂症350余项，改进操作工艺150余项，主导科研项目25项，拥有121项专利，并多次获得国家科技进步奖等重要奖项。以他命名的技能大师工作室在推动创新方面发挥了重要作用，培养了多名优秀人才，为宝钢冷轧领域达到行业领先地位作出重要贡献。"}, {"编号": 20250311047, "年份": 2016, "区局": "航天局", "姓名": "苗俭", "年龄": 48, "姓名拼音": "Miao2-Jian3", "性别": "女", "工作单位": "上海航天控制技术研究所", "工种或工作头衔": "数控", "领域": "空间信息", "行业": "航天", "工匠介绍": "苗俭，上海航天控制技术研究所精密加工中心双工种高级技师，中共党员。从事数控加工中心编程及操作工作21年，参与运载火箭、战术武器和飞船等关键零部件研制生产。作为航天首席技师和苗俭国家级技能大师工作室负责人，她攻克多项技术难关，成功完成本科专业学习。&#10;&#10;苗俭获得多项荣誉：2007年事迹被央视《劳动者之歌》报道，2009年作为全国青年职工代表在纪念五四运动90周年大会上发言。她精通多种CAD/CAM软件，创新编程手段，为航天事业培养大量青年技能人才，在各类竞赛中屡获佳绩。苗俭是航天系统高技能人才杰出代表，展现了刻苦学习、创新进取、拼搏奉献和爱岗敬业的精神。"}, {"编号": 20250311048, "年份": 2016, "区局": "船舶", "姓名": "张翼飞", "年龄": 68, "姓名拼音": "Zhang1-Yi4-Fei1", "性别": "男", "工作单位": "沪东中华造船（集团）有限公司", "工种或工作头衔": "船舶电焊", "领域": "船舶建造", "行业": "船舶", "工匠介绍": "张翼飞，沪东中华造船（集团）有限公司首席技师、集团公司首席技师，全国技术能手称号获得者，\"张翼飞劳模创新工作室\"创始人。他培养了5名全国技术能手和4名省部级劳动模范，带领团队攻克多项焊接技术难题，成功研发双相不锈钢焊接工艺、单电源双丝自动埋弧焊等多项关键技术。他主持制定了泵塔氩弧焊/CO2混合焊工艺标准，推动了焊接机器人的应用。张翼飞还主编了《船厂焊工操作手册》并发表了多篇专业论文，其中两项成果获上海市专利发明。他获得\"中华技能大奖\"\"全国五一劳动奖章\"等多项荣誉，为船舶工业发展作出了突出贡献。"}, {"编号": 20250311051, "年份": 2016, "区局": "汽车", "姓名": "徐小平", "年龄": 64, "姓名拼音": "Xu2-Xiao3-Ping2", "性别": "男", "工作单位": "上汽集团大众汽车有限公司", "工种或工作头衔": "高级工程师", "领域": "汽车", "行业": "汽车", "工匠介绍": "徐小平，现任上汽大众汽车有限公司发动机厂维修部门高级经理、党支部书记，是杰出的产业工人代表。他荣获“上海市劳动模范”、“上海市十大工人发明家”、“全国五一劳动奖章”、“中国机械工业技能大师”等称号，并连续三届获得“全国劳动模范”称号，同时是“全国创先争优优秀共产党员”。徐小平以其勤奋好学、善于思考、敬业钻研和勇于创新的精神，带领团队突破技术垄断，推动设备精细化自主维修，创造数以亿计的经济效益，并为企业贡献十几项发明专利。作为新时代产业工人的杰出代表，他在平凡岗位上创造了不凡业绩，为企业发展和社会进步作出重要贡献。"}, {"编号": 20250311055, "年份": 2016, "区局": "港务", "姓名": "张彦", "年龄": 41, "姓名拼音": "Zhang1-Yan4", "性别": "男", "工作单位": "上港集团盛东国际集装箱码头有限公司", "工种或工作头衔": "电动装卸机械司机", "领域": "交通运输", "行业": "港务", "工匠介绍": "张彦，作为一名共产党员和集装箱桥吊操作者，凭借精湛技术和团队协作，七次刷新桥吊单机和船时量作业效率的世界纪录。他创造的每小时196.64自然箱的单机效率至今未被超越。张彦带领团队攻克12项技术难题，其中“新型桥吊节能操作方法”每年为公司节省128万元能源消耗。他总结经验形成“张彦操作法”，并培养了150余名优秀司机。作为上海市劳模创新工作室带头人，张彦在“双吊具边卸边装”新工艺推广中做出重要贡献，提升效率49.25%，显著减少资源投入。他荣获上海市劳动模范、全国五一劳动奖章等多项荣誉，为洋山深水港建设做出突出贡献。"}, {"编号": 20250311057, "年份": 2016, "区局": "电信", "姓名": "徐珺", "年龄": 46, "姓名拼音": "Xu2-Jun4", "性别": "男", "工作单位": "中国电信股份有限公司上海西区电信局", "工种或工作头衔": "光纤布线工程师", "领域": "空间信息", "行业": "通信", "工匠介绍": "徐珺,作为中国电信上海公司西区电信局客户终端服务工程师,是全国劳动模范、上海市十大工人发明家、上海市杰出技术能手。他专注于通信末梢线路接入技术,发明暗管入户四小工具,推广暗线入户操作法,使上海公司暗线穿通率显著提升。他还研究隐形光缆布放改进工艺,成为该光缆国家标准起草人之一,已获得4项专利。他参与装维师资培养,近5年培训达三万人次。作为全国劳模创新工作室负责人,培养了4名骨干技师。他创建\"线务员之家\"网站,助力通信线务技术发展。此外,他帮助培养世界技能大赛中国选手,助力中国选手在国际舞台上取得佳绩。"}]}
2025-05-15 08:08:24,312 ChatBI->     INFO     websocket发送的数据为：{"result_insight": "五一劳动奖章获得者包括蒋国兴、杨震、俞建民、龚杜弟、王康健、苗俭、张翼飞、徐小平、张彦和徐珺等。"}
2025-05-15 08:08:25,550 ChatBI->     INFO     websocket发送的数据为：{"result_recommand": {"new_query_1": "获得五一劳动奖章的工匠都在哪些单位工作？", "new_query_2": "获得五一劳动奖章的工匠有哪些性别分布？", "new_query_3": "获得五一劳动奖章的工匠年龄范围是多少？"}}
