2025-05-20 16:05:15,160 ChatBI->     INFO     关联字段的枚举值:  {'事项类别': ['公共管理', '公共服务', '公共安全', '经济发展'], '事项大类': ['环境保护', '民生服务', '科教文卫体', '公共交通', '房屋保障', '绿化市容', '城管执法', '社区共治', '市场监管', '行政服务', '市政建设', '消防安全', '规划管理', '社会治安', '安全生产', '金融', '商务', '水务工作', '卫生计生', '应急救援', '国资', '发展改革'], '事项小类': ['噪声污染', '帮困救助', '教育', '交通秩序', '物业服务', '市容环境', '非机动车管理', '物业相关执法', '居委会', '养老保障', '人力保障', '证照管理', '文化旅游', '机关事务', '设施场地管理', '房屋管理', '服务窗口', '房屋修缮', '市政道路', '消防隐患', '空气污染', '旧改征收', '绿地绿化', '规划设计', '体育', '景观', '基础设施', '环卫', '业委会', '消防管理', '犬类管理', '保障型住房', '机动车管理', '消费维权', '光污染', '特种设备监管', '金融', '街面秩序执法', '测绘管理', '档案', '建筑间距及日照', '商务', '公安信息', '历史建筑', '治安管控', '水系管理', '人口计生', '公交出行', '档案管理', '非居住用房', '医疗服务', '突发事件', '国资', '排水排污', '发展改革'], '事项名称': ['夜间施工扰民', '津贴补助', '教育质量', '排堵保畅', '维修服务', '生活娱乐扰民', '物业安保', '停车管理', '文明施工措施不落实', '共享单车停放管理', '非改居', '商业物业', '高空抛物', '居家养老', '工资奖金', '审验登记', '文化场所信息', '表扬办事人员', '小区公共区域维护', '公共停车场', '物业收费', '擅自改建占用共用部分', '校园设施', '事务中心', '装修噪音扰民', '美丽家园', '擅自占用道路堆物、施工', '助残服务', '作业负担', '群租', '垃圾清运', '施工扬尘', '动迁需求', '跨门营业', '占绿毁绿', '违法建筑', '房屋漏水', '规划设计', '经营噪声扰民', '拖欠工资', '小区绿化', '路状路况', '破坏房屋结构', '损坏房屋承重结构', '场地设施', '收费问题', '加装电梯', '餐饮油烟', '道路指示牌', '不文明养宠', '教育改革', '机动车安全隐患', '小区公共设施设备的新增或维修', '公园设施', '市政井盖', '道路保洁', '虫鼠害防治', '业委会改选组建', '控烟禁烟', '公共厕所', '成人教育', '投诉办事人员', '消防设施', '物业纠纷', '动迁矛盾', '流浪犬收治', '文化活动', '公租房', '学籍管理', '卫生城市配套设施', '经适房', '宣传栏（亭）', '廉租房', '入学政策', '景点投诉', '机动车停放管理', '维权咨询', '办理转学', '垃圾分类', '老旧小区改造', '公房管理', '邻里矛盾', '广告灯箱', '景观灯光', '非机动车安全隐患', '维修基金', '居改非', '楼道堆物', '电梯', '居住证', '其他补助', '暴露垃圾', '天桥', '非机动车停放管理', '花架花钵', '危房工程', '道路交通设施', '就业补贴', '道路改建', '广告牌景观灯', '助餐服务', '污水冒溢', '移植修剪', '中考', '助老服务', '乱张贴、乱涂写、乱刻画', '道路维护', '消防通道', '露天焚烧', '超时补课', '公厕导向牌', '测绘管理', '个人档案公开', '售后服务', '群众锻炼', '机构养老', '无证设摊', '隔离护栏', '教师素质', '最低生活保障', '信访接待', '建筑间距及日照', '园林管理', '商贸信息', '其它', '公共交通安全隐患', '户籍政策咨询', '路标路牌', '不文明执法', '房屋产权', '擅自改变房屋使用性质', '人才引进', '历史建筑', '限流限行', '土地征收', '垃圾桶/厢房', '医保报销', '设施破损', '油漆异味', '公共绿化', '孤寡空巢老人关怀', '架空线', '换届选举', '金融资讯', '支内知青补贴', '群体性事件', '路灯', '街头散发小广告', '河道治理', '人员非正常聚集', '违规饲养禽类\n（鸡、鸭、鸽子）', '强讨恶要', '交通噪音扰民', '桥梁', '房屋质量', '独生子女补贴', '私拉电线', '新增设施', '乱晾晒', '金融监管', '垃圾偷倒', '人员资质', '党建中心', '景点资讯', '两“室”建设', '房产信息变更', '无障碍设施', '交通违章', '矛盾纠纷', '地铁客运', '酒店质量', '外墙翻新', '档案管理', '出租车扬招牌', '占道设摊', '高考', '外地户口入学', '费用减免', '特种行业行政许可', '园区', '设施维护', '车容不洁', '社区卫生服务', '河道周边', '架空线坠落', '失独救助', '文化中心', '破墙开门（窗）', '企业改革', '各类消费服务点券卡', '无证照经营', '绿化护栏', '公共场所消防安全隐患', '工时假期', '信鸽', '体检中心', '雨污分流', '改革发展事务', '行道树', '商用房', '劳务中介', '市场供应', '综合中心', '工伤认定'], '事项标签': ['动迁政策咨询', '垃圾清运车噪声扰民', '劳资纠纷欠薪', '绿化无人管理', '非机动车道路面坑洼存在安全隐患', '小区道路不便通行', '非住宅类装修噪音扰民', '道路夜间施工扰民', '学校噪声', '疑似群租现象', '路面落差存在安全隐患', '天井违章搭建', '居委会态度差', '绿化病虫害', '建筑垃圾堆放', '催促加梯安装进度', '小区停车管理', '对口学校事宜', '楼道无人清扫', '未知类型夜间施工', '非机动车道施工存在安全隐患', '绿地种菜', '建筑工地夜间施工扰民', '机动车道路面坑洼存在安全隐患', '违规占用车位', '市民有加梯需求', '施工造成占绿毁绿', '无合同欠薪', '超时限装修噪音扰民', '建筑垃圾乱堆放', '施工造成居民物损', '小区停车收费管理', '绿化影响采光', '高分贝装修噪音扰民', '道路施工存在安全隐患', '公共停车场管理', '工程方案不满意', '其他资料查询', '小区停车证办理', '加梯工程不文明施工', '动迁协议查询', '加梯费用相关事宜', '咨询加梯政策', '非机动车停车管理', '学校设施影响居民', '加梯方案不满意', '施工进度缓慢', '入学户籍政策', '垃圾清运不及时', '修剪流程不规范', '其他手续办理', '道路封闭阻碍市民日常出行', '已存在群租现象', '僵尸车管理', '农民工欠薪', '物业不提供维修服务', '小区内违规停车', '其他工作人员态度差', '充电桩安装咨询', '承重结构认定', '经营活动人为噪音', '机动车道路面坑洼易引起噪音', '承办单位不作为', '街道不作为', '其他工作人员不作为', '音响设备揽客噪音', '小区环境脏乱差', '小区公共空间违章搭建', '机器设备噪音', '机动车道路面坑洼导致市民利益受损', '动迁协议补办', '沿街商铺违章搭建', '加梯施工影响居民通行', '迁出奖励咨询', '美丽家园改造需求', '其他不文明施工现象', '维修不到位', '装修损坏承重结构', '物业不及时维修', '楼顶加建', '反对加梯', '停车场收费管理', '群租返潮', '人行道被占用影响通行', '违章搭建阳光房', '员工集体宿舍群租', '路障影响日常通行', '居委会乱作为', '加梯征询公示相关事宜', '施工噪音扰民', '道路被占用导致市民受伤', '群租长期未整治', '改变房屋结构', '路障设置存在安全隐患', '阳台违章搭建', '人行道路面坑洼存在安全隐患', '人行道地砖损坏', '共享单车进出小区', '楼道内违章搭建', '路面设施损坏', '垃圾长期无人清理', '人行道路面积水影响通行', '动迁补贴咨询', '征询公示相关事宜']}
2025-05-20 16:05:15,160 ChatBI->     INFO     缩写字段的枚举值： ['夜间施工扰民', '津贴补助', '教育质量', '排堵保畅', '维修服务', '生活娱乐扰民', '物业安保', '停车管理', '文明施工措施不落实', '共享单车停放管理', '非改居', '商业物业', '高空抛物', '居家养老', '工资奖金', '审验登记', '文化场所信息', '表扬办事人员', '小区公共区域维护', '公共停车场', '物业收费', '擅自改建占用共用部分', '校园设施', '事务中心', '装修噪音扰民', '美丽家园', '擅自占用道路堆物、施工', '助残服务', '作业负担', '群租', '垃圾清运', '施工扬尘', '动迁需求', '跨门营业', '占绿毁绿', '违法建筑', '房屋漏水', '规划设计', '经营噪声扰民', '拖欠工资', '小区绿化', '路状路况', '破坏房屋结构', '损坏房屋承重结构', '场地设施', '收费问题', '加装电梯', '餐饮油烟', '道路指示牌', '不文明养宠', '教育改革', '机动车安全隐患', '小区公共设施设备的新增或维修', '公园设施', '市政井盖', '道路保洁', '虫鼠害防治', '业委会改选组建', '控烟禁烟', '公共厕所', '成人教育', '投诉办事人员', '消防设施', '物业纠纷', '动迁矛盾', '流浪犬收治', '文化活动', '公租房', '学籍管理', '卫生城市配套设施', '经适房', '宣传栏（亭）', '廉租房', '入学政策', '景点投诉', '机动车停放管理', '维权咨询', '办理转学', '垃圾分类', '老旧小区改造', '公房管理', '邻里矛盾', '广告灯箱', '景观灯光', '非机动车安全隐患', '维修基金', '居改非', '楼道堆物', '电梯', '居住证', '其他补助', '暴露垃圾', '天桥', '非机动车停放管理', '花架花钵', '危房工程', '道路交通设施', '就业补贴', '道路改建', '广告牌景观灯', '助餐服务', '污水冒溢', '移植修剪', '中考', '助老服务', '乱张贴、乱涂写、乱刻画', '道路维护', '消防通道', '露天焚烧', '超时补课', '公厕导向牌', '测绘管理', '个人档案公开', '售后服务', '群众锻炼', '机构养老', '无证设摊', '隔离护栏', '教师素质', '最低生活保障', '信访接待', '建筑间距及日照', '园林管理', '商贸信息', '其它', '公共交通安全隐患', '户籍政策咨询', '路标路牌', '不文明执法', '房屋产权', '擅自改变房屋使用性质', '人才引进', '历史建筑', '限流限行', '土地征收', '垃圾桶/厢房', '医保报销', '设施破损', '油漆异味', '公共绿化', '孤寡空巢老人关怀', '架空线', '换届选举', '金融资讯', '支内知青补贴', '群体性事件', '路灯', '街头散发小广告', '河道治理', '人员非正常聚集', '违规饲养禽类\n（鸡、鸭、鸽子）', '强讨恶要', '交通噪音扰民', '桥梁', '房屋质量', '独生子女补贴', '私拉电线', '新增设施', '乱晾晒', '金融监管', '垃圾偷倒', '人员资质', '党建中心', '景点资讯', '两“室”建设', '房产信息变更', '无障碍设施', '交通违章', '矛盾纠纷', '地铁客运', '酒店质量', '外墙翻新', '档案管理', '出租车扬招牌', '占道设摊', '高考', '外地户口入学', '费用减免', '特种行业行政许可', '园区', '设施维护', '车容不洁', '社区卫生服务', '河道周边', '架空线坠落', '失独救助', '文化中心', '破墙开门（窗）', '企业改革', '各类消费服务点券卡', '无证照经营', '绿化护栏', '公共场所消防安全隐患', '工时假期', '信鸽', '体检中心', '雨污分流', '改革发展事务', '行道树', '商用房', '劳务中介', '市场供应', '综合中心', '工伤认定']
2025-05-20 16:07:54,574 ChatBI->     INFO     schema linking: {'target_columns': ['案件编号'], 'condition_columns': {'所属街道': '北外滩街道', '案件描述/内容描述': '道路积水'}}
2025-05-20 16:07:57,614 ChatBI->     INFO     任务类型: SQL
2025-05-20 16:07:59,533 ChatBI->     INFO     stad sql: SELECT COUNT(`案件编号`) AS `道路积水事件数量` FROM `hongkou` WHERE `所属街道` = '北外滩街道' AND `案件描述/内容描述` LIKE '%道路积水%';
2025-05-20 16:07:59,534 ChatBI->     INFO     开始语义分析 ... 
2025-05-20 16:07:59,538 ChatBI->     INFO     非结构化信息为: {"`案件描述/内容描述` LIKE '%道路积水%';": '道路积水'}
2025-05-20 16:08:00,118 ChatBI->     INFO     道路积水 的命名实体判别： no
2025-05-20 16:08:00,120 ChatBI->     INFO     开始对非结构化文档【粗略】检索
2025-05-20 16:08:00,624 ChatBI->     INFO     检索到的文档总数量为：600
2025-05-20 16:08:00,647 ChatBI->     INFO     开始对非结构化文档【深度】检索
2025-05-20 16:08:01,236 ChatBI->     INFO     step_scores: ['yes', 'yes', 'yes', 'yes', 'yes', 'no', 'yes', 'yes', 'no', 'yes', 'no', 'no', 'yes', 'yes', 'yes', 'no', 'no', 'no', 'no', 'yes']
2025-05-20 16:08:01,236 ChatBI->     INFO     层级抽取文档： 市民来电反映:上述地址汉阳路因暴雨道路严重积水，深度已经到了小腿处，市民表示路边停了几十辆机动车，泡水无法启用。诉求：希望管理部门尽快排出积水。 ==> yes  
2025-05-20 16:08:01,237 ChatBI->     INFO     层级抽取文档： 市民来电反映:市民是上述地址商家，可能因为道路上的下水道堵了，雨流不出去，现在积水已经漫到了市民的店里，诉求：请管理部门及时前往疏通下水管道排除积水。

 ==> yes  
2025-05-20 16:08:01,237 ChatBI->     INFO     层级抽取文档： 市民来电反映:8月18日12：50分下了暴雨，虹口区江湾镇新市北路丰镇路处有严重的积水，市民是此处的商铺，现商铺都进水了，之前也有积过水，还没有得到解决现又积水了，现诉求：请管理部门尽快落实解决积水问题。 ==> yes  
2025-05-20 16:08:01,237 ChatBI->     INFO     层级抽取文档： 市民来电反映:上述地址马路上积水严重，现在已经严重影响电瓶车和汽车通行。诉求：望管理部门核实并尽快处理。（市民要求信息保密 无需回复） ==> yes  
2025-05-20 16:08:01,237 ChatBI->     INFO     层级抽取文档： 市民来电反映:上述地址马路上和弄堂内，下雨积水约20几厘米，居民家中已经进水。诉求：希望管理部门尽快排水。 ==> yes  
2025-05-20 16:08:01,237 ChatBI->     INFO     层级抽取文档： 市民来电反映:上述地址之前进行道路面施工，现在施工结束，但施工方没有将非机动车道铺平，导致道路坑坑洼洼，现诉求：希望管理部门核实后，要求对上述道路进行修复铺平。（市民要求信息保密 无需回复） ==> no  
2025-05-20 16:08:01,238 ChatBI->     INFO     层级抽取文档： 市民来电反映:其上述地址门口人行道道路路面过高比商铺高，8月18日雨水倒灌进入商铺。诉求：要求尽快前来整修处理。(要求回复) ==> yes  
2025-05-20 16:08:01,238 ChatBI->     INFO     层级抽取文档： 市民来电反映：其为松花江路2612弄小区居民，刚才一场暴雨，小区里的积水排不出去，1楼居民家里都要被水淹了，据了解，小区外面松花江路上已经被水淹没了，由于小区外围排水不畅，导致小区里的积水也无法排出。诉求：希望管理部门尽快派人排水。（需回复） ==> yes  
2025-05-20 16:08:01,238 ChatBI->     INFO     层级抽取文档： 市民来电反映:上述地址地址至广粤路路段，无名道路很窄，道路上各种机动车乱停放的现象，严重影响道路通行，属地派出所进行违法处理但未明显改善违法停车问题。诉求：请管理部门对道路有效设置调整，彻底解决违法停车问题（需回复） ==> no  
2025-05-20 16:08:01,238 ChatBI->     INFO     层级抽取文档： 市民来电反映:上述地址天井内下水道堵塞，导致雨水倒灌入上述地址，上述地址入户门口下水道也堵塞，导致雨水倒灌入上述地址，现在上述地址地面有积水，故来电诉求：请管理部门核实尽快派人上门疏通上述下水道。 ==> yes  
2025-05-20 16:08:01,238 ChatBI->     INFO     层级抽取文档： 市民来电反映:上述地址有4个物业都踢皮球，表示小区绿化长期无人养护，道路坑洼严重影响骑行。诉求：要求物业整改（绿化长期无人养护、道路坑洼严重）。 ==> no  
2025-05-20 16:08:01,238 ChatBI->     INFO     层级抽取文档： 市民来电反映:上述地址门口路面上有一个直径半米的坑，不深但上面盖了块布遮着看不见，道路是不分机动车道和非机动车道，对于通行存在安全隐患，诉求：请管理部门核实，要求尽快维修路面。 ==> no  
2025-05-20 16:08:01,238 ChatBI->     INFO     层级抽取文档： 市民来电反映:8月30日上述地址路边靠近公厕的1个消防栓漏水且伴有积水。诉求：请及时维修。 ==> yes  
2025-05-20 16:08:01,238 ChatBI->     INFO     层级抽取文档： 市民来电反映:上述地址在增设电梯，施工队在该处挖了沟，但是沟内有严重的积水，已经发臭，影响居民生活。诉求：请督促尽快施工，并抽水将沟填埋。 ==> yes  
2025-05-20 16:08:01,238 ChatBI->     INFO     层级抽取文档： 市民来电反映：其是上述地址居民，小区于2023年进行了“美丽家园”改造工程，将整个小区路面抬高了近15CM，由此导致下雨积水都溢进底楼市民家中。市民家中也因前两天的暴雨，导致家中很多物品和地板都浸泡在水中。诉求：市民表示当地政府在进行改造时一点也不顾原先小区地势，要求承办部门尽快整改。 ==> yes  
2025-05-20 16:08:01,239 ChatBI->     INFO     层级抽取文档： 市民来电反映:2024年5月左右，街道统一为门面房做门头。其表示安装后每逢下雨就会往门面房进水，渗透到墙体。施工队说是物业的问题，物业称安装门头前没发生过该问题。8月27日上述地址门面房内正在漏水积水。诉求：请予以修复。 ==> no  
2025-05-20 16:08:01,239 ChatBI->     INFO     层级抽取文档： 市民来电反映：市民发现上述地址东体育会路的机动车车道有明显沉降。现市民看到车辆经过会有跳跃。具体落差数值不清楚。市民诉求：希望管理部门尽快解决道路沉降问题。（市民要求信息保密，无需回复） ==> no  
2025-05-20 16:08:01,239 ChatBI->     INFO     层级抽取文档： 【时间:2024/08/1819:17:00,涉事车辆号牌沪G05889】小区道路上停车，阻碍小区其他车辆通行，妨碍小区道路通畅。 ==> no  
2025-05-20 16:08:01,239 ChatBI->     INFO     层级抽取文档： 市民来电反映:上述图书馆所属物业在施工，侵占了公共的人行道道路影响通行，诉求：核实处理不要影响市民通行。（市民要求信息保密 无需回复） ==> no  
2025-05-20 16:08:01,239 ChatBI->     INFO     层级抽取文档： 市民来电反映:其为上述地址居民，楼栋加装电梯导致其家中墙面产生裂缝，雨天会有漏水现象，目前有积水，诉求：希望管理部门核实，并尽快解决漏水问题。 ==> yes  
2025-05-20 16:08:01,239 ChatBI->     INFO     阈值索引为：75, 窗口大小为: 20 
2025-05-20 16:08:01,239 ChatBI->     INFO     确定的文档: 56; 在次确认的文档: 39
2025-05-20 16:08:02,655 ChatBI->     INFO     从39个需再次确认的文档中筛选出的相关文档数量：14
2025-05-20 16:08:02,656 ChatBI->     INFO     示例文档：['市民反映：2024年6月大雨导致积水后，小区物业已经来去处理过；对于后续结果只能继续观察，8月12日市区又降暴雨，其家再次进水，包括周围邻居的情况，比2024年6月要严重。这可能就不是本小区物业能解决的情况了。诉求：望上级部门能亲自出面协调解决。', '市民来电反映:该路段被水淹了，水都流到家里了。诉求：要求尽快疏通。', '市民来电反映:下雨天水位越来越高已经没过人行道一半了，店铺做过增高的，但是下一步就要流到店里了，已经有师傅在疏通了，因为人数不多，反而水位越来越高了。诉求：要求尽快处理不要淹到店里。', '市民反映：任泉根居住虹口区天宝西路248弄5号104室。从北京东路动迁2024年1月份刚入住。最近几月只要外面下大雨或暴雨，天井里就水漫金山到房间里面。只能与智障的孙子一起用脸盆往外排水。主要原因是整个6楼的楼面雨水。通过雨水管直泄天井里面下水道排水不畅。雨水管上面粗最底下细，大雨就是一片瀑布。找物业报修未解决问题。95岁患有严重的心脏病体力实在不行。老伴也95岁患有脑梗行动不便。儿子、孙子都残障人士持有残疾证。诉求：想求助解除天井积水问题。', '市民来电反映:小区靠近1号楼的边门这里，在2023年搞过美丽家园，但是这里一块没有处理，有一个陷下去的地面。导致每次下雨是，这里都会有一大片积水，现在2024年7月-8月经常下大雨，诉求：希望管理部门核实并整改这块地面 ']
2025-05-20 16:08:02,656 ChatBI->     INFO     开始缩写分析 ... 
2025-05-20 16:08:02,661 ChatBI->     INFO     要被缩写的字段信息为: {}
2025-05-20 16:08:02,661 ChatBI->     INFO     没有找到<  >对应的视图
2025-05-20 16:08:02,662 ChatBI->     INFO     sql 语句：SELECT COUNT(`案件编号`) AS `道路积水事件数量` FROM `hongkou` WHERE `所属街道` = '北外滩街道' AND  `案件描述/内容描述` IN (:val0, :val1, :val2, :val3, :val4, :val5, :val6, :val7, :val8, :val9, :val10, :val11, :val12, :val13, :val14, :val15, :val16, :val17, :val18, :val19, :val20, :val21, :val22, :val23, :val24, :val25, :val26, :val27, :val28, :val29, :val30, :val31, :val32, :val33, :val34, :val35, :val36, :val37, :val38, :val39, :val40, :val41, :val42, :val43, :val44, :val45, :val46, :val47, :val48, :val49, :val50, :val51, :val52, :val53, :val54, :val55, :val56, :val57, :val58, :val59, :val60, :val61, :val62, :val63, :val64, :val65, :val66, :val67, :val68, :val69)
2025-05-20 16:08:02,672 ChatBI->     INFO     websocket发送的数据为：{"sql_gen": "SELECT COUNT(`案件编号`) AS `道路积水事件数量` FROM `hongkou` WHERE `所属街道` = '北外滩街道' AND `案件描述/内容描述` LIKE '%道路积水%';"}
2025-05-20 16:08:02,673 ChatBI->     INFO     websocket发送的数据为：{"response": [{"道路积水事件数量": 14}]}
2025-05-20 16:08:02,674 ChatBI->     INFO     sql 语句：SELECT * FROM `hongkou` WHERE `所属街道` = '北外滩街道' AND  `案件描述/内容描述` IN (:val0, :val1, :val2, :val3, :val4, :val5, :val6, :val7, :val8, :val9, :val10, :val11, :val12, :val13, :val14, :val15, :val16, :val17, :val18, :val19, :val20, :val21, :val22, :val23, :val24, :val25, :val26, :val27, :val28, :val29, :val30, :val31, :val32, :val33, :val34, :val35, :val36, :val37, :val38, :val39, :val40, :val41, :val42, :val43, :val44, :val45, :val46, :val47, :val48, :val49, :val50, :val51, :val52, :val53, :val54, :val55, :val56, :val57, :val58, :val59, :val60, :val61, :val62, :val63, :val64, :val65, :val66, :val67, :val68, :val69)
2025-05-20 16:08:03,271 ChatBI->     INFO     websocket发送的数据为：{"result_insight": "2024年北外滩街道发生了14起道路积水事件。"}
2025-05-20 16:08:05,883 ChatBI->     INFO     websocket发送的数据为：{"result_recommand": {"new_query_1": "2024年北外滩街道的道路积水事件中，哪些具体区域发生最多？", "new_query_2": "2024年北外滩街道的道路积水事件处理情况如何？", "new_query_3": "2024年北外滩街道的道路积水事件是否与天气有关？"}}
2025-05-20 16:08:48,528 ChatBI->     INFO     schema linking: {'target_columns': ['是否满意区回访'], 'condition_columns': {'所属街道': '北外滩街道', '结案时间': '2024%', '案件描述/内容描述': '道路积水'}}
2025-05-20 16:08:51,572 ChatBI->     INFO     任务类型: SQL
2025-05-20 16:08:54,080 ChatBI->     INFO     stad sql: SELECT `是否满意区回访`, COUNT(*) AS `数量` FROM `hongkou` WHERE `所属街道` = '北外滩街道' AND `结案时间` LIKE '2024%' AND `案件描述/内容描述` LIKE '%道路积水%' GROUP BY `是否满意区回访`
2025-05-20 16:08:54,081 ChatBI->     INFO     开始语义分析 ... 
2025-05-20 16:08:54,084 ChatBI->     INFO     非结构化信息为: {"`案件描述/内容描述` LIKE '%道路积水%'": '道路积水'}
2025-05-20 16:08:54,648 ChatBI->     INFO     道路积水 的命名实体判别： no
2025-05-20 16:08:54,649 ChatBI->     INFO     开始对非结构化文档【粗略】检索
2025-05-20 16:08:55,536 ChatBI->     INFO     检索到的文档总数量为：600
2025-05-20 16:08:55,563 ChatBI->     INFO     开始对非结构化文档【深度】检索
2025-05-20 16:08:56,187 ChatBI->     INFO     step_scores: ['yes', 'yes', 'yes', 'yes', 'yes', 'no', 'yes', 'yes', 'no', 'yes', 'no', 'no', 'yes', 'yes', 'yes', 'no', 'no', 'no', 'no', 'yes']
2025-05-20 16:08:56,188 ChatBI->     INFO     层级抽取文档： 市民来电反映:上述地址汉阳路因暴雨道路严重积水，深度已经到了小腿处，市民表示路边停了几十辆机动车，泡水无法启用。诉求：希望管理部门尽快排出积水。 ==> yes  
2025-05-20 16:08:56,188 ChatBI->     INFO     层级抽取文档： 市民来电反映:市民是上述地址商家，可能因为道路上的下水道堵了，雨流不出去，现在积水已经漫到了市民的店里，诉求：请管理部门及时前往疏通下水管道排除积水。

 ==> yes  
2025-05-20 16:08:56,188 ChatBI->     INFO     层级抽取文档： 市民来电反映:8月18日12：50分下了暴雨，虹口区江湾镇新市北路丰镇路处有严重的积水，市民是此处的商铺，现商铺都进水了，之前也有积过水，还没有得到解决现又积水了，现诉求：请管理部门尽快落实解决积水问题。 ==> yes  
2025-05-20 16:08:56,189 ChatBI->     INFO     层级抽取文档： 市民来电反映:上述地址马路上积水严重，现在已经严重影响电瓶车和汽车通行。诉求：望管理部门核实并尽快处理。（市民要求信息保密 无需回复） ==> yes  
2025-05-20 16:08:56,189 ChatBI->     INFO     层级抽取文档： 市民来电反映:上述地址马路上和弄堂内，下雨积水约20几厘米，居民家中已经进水。诉求：希望管理部门尽快排水。 ==> yes  
2025-05-20 16:08:56,189 ChatBI->     INFO     层级抽取文档： 市民来电反映:上述地址之前进行道路面施工，现在施工结束，但施工方没有将非机动车道铺平，导致道路坑坑洼洼，现诉求：希望管理部门核实后，要求对上述道路进行修复铺平。（市民要求信息保密 无需回复） ==> no  
2025-05-20 16:08:56,189 ChatBI->     INFO     层级抽取文档： 市民来电反映:其上述地址门口人行道道路路面过高比商铺高，8月18日雨水倒灌进入商铺。诉求：要求尽快前来整修处理。(要求回复) ==> yes  
2025-05-20 16:08:56,189 ChatBI->     INFO     层级抽取文档： 市民来电反映：其为松花江路2612弄小区居民，刚才一场暴雨，小区里的积水排不出去，1楼居民家里都要被水淹了，据了解，小区外面松花江路上已经被水淹没了，由于小区外围排水不畅，导致小区里的积水也无法排出。诉求：希望管理部门尽快派人排水。（需回复） ==> yes  
2025-05-20 16:08:56,189 ChatBI->     INFO     层级抽取文档： 市民来电反映:上述地址地址至广粤路路段，无名道路很窄，道路上各种机动车乱停放的现象，严重影响道路通行，属地派出所进行违法处理但未明显改善违法停车问题。诉求：请管理部门对道路有效设置调整，彻底解决违法停车问题（需回复） ==> no  
2025-05-20 16:08:56,189 ChatBI->     INFO     层级抽取文档： 市民来电反映:上述地址天井内下水道堵塞，导致雨水倒灌入上述地址，上述地址入户门口下水道也堵塞，导致雨水倒灌入上述地址，现在上述地址地面有积水，故来电诉求：请管理部门核实尽快派人上门疏通上述下水道。 ==> yes  
2025-05-20 16:08:56,190 ChatBI->     INFO     层级抽取文档： 市民来电反映:上述地址有4个物业都踢皮球，表示小区绿化长期无人养护，道路坑洼严重影响骑行。诉求：要求物业整改（绿化长期无人养护、道路坑洼严重）。 ==> no  
2025-05-20 16:08:56,190 ChatBI->     INFO     层级抽取文档： 市民来电反映:上述地址门口路面上有一个直径半米的坑，不深但上面盖了块布遮着看不见，道路是不分机动车道和非机动车道，对于通行存在安全隐患，诉求：请管理部门核实，要求尽快维修路面。 ==> no  
2025-05-20 16:08:56,190 ChatBI->     INFO     层级抽取文档： 市民来电反映:8月30日上述地址路边靠近公厕的1个消防栓漏水且伴有积水。诉求：请及时维修。 ==> yes  
2025-05-20 16:08:56,190 ChatBI->     INFO     层级抽取文档： 市民来电反映:上述地址在增设电梯，施工队在该处挖了沟，但是沟内有严重的积水，已经发臭，影响居民生活。诉求：请督促尽快施工，并抽水将沟填埋。 ==> yes  
2025-05-20 16:08:56,190 ChatBI->     INFO     层级抽取文档： 市民来电反映：其是上述地址居民，小区于2023年进行了“美丽家园”改造工程，将整个小区路面抬高了近15CM，由此导致下雨积水都溢进底楼市民家中。市民家中也因前两天的暴雨，导致家中很多物品和地板都浸泡在水中。诉求：市民表示当地政府在进行改造时一点也不顾原先小区地势，要求承办部门尽快整改。 ==> yes  
2025-05-20 16:08:56,190 ChatBI->     INFO     层级抽取文档： 市民来电反映:2024年5月左右，街道统一为门面房做门头。其表示安装后每逢下雨就会往门面房进水，渗透到墙体。施工队说是物业的问题，物业称安装门头前没发生过该问题。8月27日上述地址门面房内正在漏水积水。诉求：请予以修复。 ==> no  
2025-05-20 16:08:56,190 ChatBI->     INFO     层级抽取文档： 市民来电反映：市民发现上述地址东体育会路的机动车车道有明显沉降。现市民看到车辆经过会有跳跃。具体落差数值不清楚。市民诉求：希望管理部门尽快解决道路沉降问题。（市民要求信息保密，无需回复） ==> no  
2025-05-20 16:08:56,190 ChatBI->     INFO     层级抽取文档： 【时间:2024/08/1819:17:00,涉事车辆号牌沪G05889】小区道路上停车，阻碍小区其他车辆通行，妨碍小区道路通畅。 ==> no  
2025-05-20 16:08:56,190 ChatBI->     INFO     层级抽取文档： 市民来电反映:上述图书馆所属物业在施工，侵占了公共的人行道道路影响通行，诉求：核实处理不要影响市民通行。（市民要求信息保密 无需回复） ==> no  
2025-05-20 16:08:56,191 ChatBI->     INFO     层级抽取文档： 市民来电反映:其为上述地址居民，楼栋加装电梯导致其家中墙面产生裂缝，雨天会有漏水现象，目前有积水，诉求：希望管理部门核实，并尽快解决漏水问题。 ==> yes  
2025-05-20 16:08:56,191 ChatBI->     INFO     阈值索引为：75, 窗口大小为: 20 
2025-05-20 16:08:56,191 ChatBI->     INFO     确定的文档: 56; 在次确认的文档: 39
2025-05-20 16:08:57,978 ChatBI->     INFO     从39个需再次确认的文档中筛选出的相关文档数量：14
2025-05-20 16:08:57,978 ChatBI->     INFO     示例文档：['市民反映：2024年6月大雨导致积水后，小区物业已经来去处理过；对于后续结果只能继续观察，8月12日市区又降暴雨，其家再次进水，包括周围邻居的情况，比2024年6月要严重。这可能就不是本小区物业能解决的情况了。诉求：望上级部门能亲自出面协调解决。', '市民来电反映:该路段被水淹了，水都流到家里了。诉求：要求尽快疏通。', '市民来电反映:下雨天水位越来越高已经没过人行道一半了，店铺做过增高的，但是下一步就要流到店里了，已经有师傅在疏通了，因为人数不多，反而水位越来越高了。诉求：要求尽快处理不要淹到店里。', '市民反映：任泉根居住虹口区天宝西路248弄5号104室。从北京东路动迁2024年1月份刚入住。最近几月只要外面下大雨或暴雨，天井里就水漫金山到房间里面。只能与智障的孙子一起用脸盆往外排水。主要原因是整个6楼的楼面雨水。通过雨水管直泄天井里面下水道排水不畅。雨水管上面粗最底下细，大雨就是一片瀑布。找物业报修未解决问题。95岁患有严重的心脏病体力实在不行。老伴也95岁患有脑梗行动不便。儿子、孙子都残障人士持有残疾证。诉求：想求助解除天井积水问题。', '市民来电反映:小区靠近1号楼的边门这里，在2023年搞过美丽家园，但是这里一块没有处理，有一个陷下去的地面。导致每次下雨是，这里都会有一大片积水，现在2024年7月-8月经常下大雨，诉求：希望管理部门核实并整改这块地面 ']
2025-05-20 16:08:57,979 ChatBI->     INFO     开始缩写分析 ... 
2025-05-20 16:08:57,984 ChatBI->     INFO     要被缩写的字段信息为: {}
2025-05-20 16:08:57,985 ChatBI->     INFO     没有找到<  >对应的视图
2025-05-20 16:08:57,985 ChatBI->     INFO     sql 语句：SELECT `是否满意区回访`, COUNT(*) AS `数量` FROM `hongkou` WHERE `所属街道` = '北外滩街道' AND `结案时间` LIKE '2024%' AND  `案件描述/内容描述` IN (:val0, :val1, :val2, :val3, :val4, :val5, :val6, :val7, :val8, :val9, :val10, :val11, :val12, :val13, :val14, :val15, :val16, :val17, :val18, :val19, :val20, :val21, :val22, :val23, :val24, :val25, :val26, :val27, :val28, :val29, :val30, :val31, :val32, :val33, :val34, :val35, :val36, :val37, :val38, :val39, :val40, :val41, :val42, :val43, :val44, :val45, :val46, :val47, :val48, :val49, :val50, :val51, :val52, :val53, :val54, :val55, :val56, :val57, :val58, :val59, :val60, :val61, :val62, :val63, :val64, :val65, :val66, :val67, :val68, :val69) GROUP BY `是否满意区回访`
2025-05-20 16:08:57,991 ChatBI->     INFO     websocket发送的数据为：{"sql_gen": "SELECT `是否满意区回访`, COUNT(*) AS `数量` FROM `hongkou` WHERE `所属街道` = '北外滩街道' AND `结案时间` LIKE '2024%' AND `案件描述/内容描述` LIKE '%道路积水%' GROUP BY `是否满意区回访`"}
2025-05-20 16:08:57,991 ChatBI->     INFO     websocket发送的数据为：{"response": [{"是否满意区回访": "满意", "数量": 8}, {"是否满意区回访": "未评价", "数量": 4}]}
2025-05-20 16:08:57,992 ChatBI->     INFO     sql 语句：SELECT * FROM `hongkou` WHERE `所属街道` = '北外滩街道' AND `结案时间` LIKE '2024%' AND  `案件描述/内容描述` IN (:val0, :val1, :val2, :val3, :val4, :val5, :val6, :val7, :val8, :val9, :val10, :val11, :val12, :val13, :val14, :val15, :val16, :val17, :val18, :val19, :val20, :val21, :val22, :val23, :val24, :val25, :val26, :val27, :val28, :val29, :val30, :val31, :val32, :val33, :val34, :val35, :val36, :val37, :val38, :val39, :val40, :val41, :val42, :val43, :val44, :val45, :val46, :val47, :val48, :val49, :val50, :val51, :val52, :val53, :val54, :val55, :val56, :val57, :val58, :val59, :val60, :val61, :val62, :val63, :val64, :val65, :val66, :val67, :val68, :val69) GROUP BY `是否满意区回访`
2025-05-20 16:08:57,996 ChatBI->     ERROR    execute sql with seme wrong: (mysql.connector.errors.ProgrammingError) 1055 (42000): Expression #1 of SELECT list is not in GROUP BY clause and contains nonaggregated column '12345.hongkou.案件编号' which is not functionally dependent on columns in GROUP BY clause; this is incompatible with sql_mode=only_full_group_by
[SQL: SELECT * FROM `hongkou` WHERE `所属街道` = '北外滩街道' AND `结案时间` LIKE '2024%' AND  `案件描述/内容描述` IN (%(val0)s, %(val1)s, %(val2)s, %(val3)s, %(val4)s, %(val5)s, %(val6)s, %(val7)s, %(val8)s, %(val9)s, %(val10)s, %(val11)s, %(val12)s, %(val13)s, %(val14)s, %(val15)s, %(val16)s, %(val17)s, %(val18)s, %(val19)s, %(val20)s, %(val21)s, %(val22)s, %(val23)s, %(val24)s, %(val25)s, %(val26)s, %(val27)s, %(val28)s, %(val29)s, %(val30)s, %(val31)s, %(val32)s, %(val33)s, %(val34)s, %(val35)s, %(val36)s, %(val37)s, %(val38)s, %(val39)s, %(val40)s, %(val41)s, %(val42)s, %(val43)s, %(val44)s, %(val45)s, %(val46)s, %(val47)s, %(val48)s, %(val49)s, %(val50)s, %(val51)s, %(val52)s, %(val53)s, %(val54)s, %(val55)s, %(val56)s, %(val57)s, %(val58)s, %(val59)s, %(val60)s, %(val61)s, %(val62)s, %(val63)s, %(val64)s, %(val65)s, %(val66)s, %(val67)s, %(val68)s, %(val69)s) GROUP BY `是否满意区回访`]
[parameters: {'val0': '市民来电反映:上述地址汉阳路因暴雨道路严重积水，深度已经到了小腿处，市民表示路边停了几十辆机动车，泡水无法启用。诉求：希望管理部门尽快排出积水。', 'val1': '市民来电反映:上述地址仁德路下雨天道路严重积水，积水已经溢到其路边店铺里。诉求：要求管理部门尽快处理上述道路雨天积水的问题。', 'val2': '市民来电反映: 上述地址有道路存在积水的现象，目前积水深度约10公分左右 ，严重影响周边车辆和行人的正常通行。诉求：要求管理部门核实并尽快处置积水问题。', 'val3': '市民来电反映:上述路段从2024年8月13日到8月18日有两次道路大量积水流进市民的店铺。诉求：请管理部门清除该道路积水。（需回复）\n', 'val4': '市民来电反映:在上述地址的沿街商铺，门口道路上有积水，由于下雨引起的，同时商铺内也已经进水了。诉求:希望管理部门核实，尽快处理。', 'val5': '市民来电反映:市民是上述地址商家，可能因为道路上的下水道堵了，雨流不出去，现在积水已经漫到了市民的店里，诉求：请管理部门及时前往疏通下水管道排除积水。\n\n', 'val6': '市民来电反映:虹口区逸仙路人行道（场中路-仁德路，887路公交车终点站）都是积水，影响通行。诉求：请管理部门核实并要求尽快清理道路积水。（市民要求信息保密 无需回复）', 'val7': '市民来电反映:虹口区辉河路68号门口的道路严重积水，该处有一个暑托班，其表示影响后续接送孩子，市民称目前水深已经到腰部了，并且伴有异味，诉求：请管理部门核实并要求尽快安排排水（需回复）', 'val8': '市民来电反映:其到上述地址附近行走时，在靠近河道的台阶处摔倒，市民称该处台阶有凹陷，并且还有积水、青苔、淤泥，存在安全隐患。诉求：要求管理部门核实后，尽快排除该处道路隐患。', 'val9': '市民来电反映:上述地址有一个地下停车库，8月12日13:30左右发现停车库有积水，积水没过鞋面，向物业反映，16:20发现停车库积水没有任何改变，故来电诉求：请管理部门核实尽快清除上述地下停车库积水。', 'val10': '市民来电反映:8月18日12：50分下了暴雨，虹口区江湾镇新市北路丰镇路处有严重的积水，市民是此处的商铺，现商铺都进水了，之前也有积过水，还没有得到解决现又积水了，现诉求：请管理部门尽快落实解决积水问题。', 'val11': '市民来电反映:上述地址因为外面暴雨，目前处于积水状态，并非整个小区积水，就是在310号-312号这边，积水深度40公分左右，联系居委和物业都表示没办法，故来电希望管理部门尽快前往处置。', 'val12': '市民来电反映:虹口区3号线江湾镇站2号口近逸仙路，该处2号口地铁站出来的非机动车道存在积水的情况，积水的深度已经和旁边的人行道持平，非机动车在上行驶有安全隐患，诉求：希望管理部门尽快排水。', 'val13': '市民来电反映:其居住上述地址小区，因为大雨目前整个小区的排水管全部都堵塞，导致小区内大面积积水。诉求：请管理部门尽快处理小区内积水问题。', 'val14': '市民来电反映:上述地址市政道路严重积水，导致行人无法通行。诉求：望管理部门核实，尽快疏通排水。（需回复）', 'val15': '市民来电反映:上述地址马路上积水严重，现在已经严重影响电瓶车和汽车通行。诉求：望管理部门核实并尽快处理。（市民要求信息保密 无需回复）', 'val16': '市民来电反映:上述地址排水系统堵塞，人行道和机动车道上都是积水，诉求：请管理部门核实尽快疏通下水道。', 'val17': '市民来电反映:上述地址门口马路上现在大面积积水，诉求：市政管道疏通一下。（市民要求信息保密，无需回复）', 'val18': '市民来电反映:虹口区仁德路399弄门口的斗台街地势较低，现在由于暴雨，路面上的雨水倒灌进小区，导致小区和路面有很深的积水。诉求：请管理部门核实并要求尽快处理积水问题。（市民要求无需回复）', 'val19': '市民来电反映:上述地址小区门口每次下暴雨都会有积水，导致积水渗漏到门口的店铺里面，严重影响其做生意，市民想知道这是哪个部门负责处理的，其为什么不处理这个积水的问题，故来电对其进行投诉，诉求：请管理部门核实对其进行查处。（需回复）', 'val20': '市民来电反映:上述地址马路上和弄堂内，下雨积水约20几厘米，居民家中已经进水。诉求：希望管理部门尽快排水。', 'val21': '市民来电反映:8月17日上述地址，墨翠里小区地下车库有积水，3天了没有人处理，8月19日去地下车库，发现还有管子在滴水，地面积水越来越多，鞋子都湿了。白天打物业电话打不通。诉求：希望管理部门核实，尽快处理地下车库积水问题。（市民要求信息保密 需回复）', 'val22': '市民来电反映:其是上述地址小区居民，市民称从夏天开始小区只要一下雨就淹，市民称物业在今天已经提前防范了，但是还是没用，现在又淹了，都是积水，市民要求管理部门帮市民解决积水问题，最好能否彻底解决。', 'val23': '市民来电反映:8月12日突然下暴雨后，虹口区曲阳街道大连西路玉田新村1楼很多居民家中有积水，已经找了居委物业，但目前无改善，要求管理部门核实尽快派人解决积水问题。', 'val24': '市民来电反映:其是上述地址的居民，近期道路施工，道路没有填平，影响了居民出行，沿街的1-4号的水管敲破了，没有挡板，会暴晒有爆管，诉求：要求规范施工填平道路方便出行。', 'val25': '市民来电反映:上述地址之前进行道路面施工，现在施工结束，但施工方没有将非机动车道铺平，导致道路坑坑洼洼，现诉求：希望管理部门核实后，要求对上述道路进行修复铺平。（市民要求信息保密 无需回复）', 'val26': '市民反映：上述路段道路地面有明显沉降（或凹陷），存在安全隐患。诉求：希望排查解决避免事故。', 'val27': '市民来电反映:上述地址沿街马路边下水道堵住，有污水积水3-5厘米。诉求：请管理部门尽快处理。（需回复）', 'val28': '市民来电反映:上述地址机动车道路面坑洼。诉求：希望管理部门核实尽快修复道路。', 'val29': '市民来电反映:  上述地址门口的马路上两个窨井盖大量污水，导致路面有积水，诉求：请管理部门尽快安排疏通。（市民要求信息保密 需回复）', 'val30': '市民来电反映:其上述地址门口人行道道路路面过高比商铺高，8月18日雨水倒灌进入商铺。诉求：要求尽快前来整修处理。(要求回复)', 'val31': '市民来电反映:现正在下暴雨，市民告知由于当时的美丽家园建设没有完善，导致无法抽水，现市民家中出现进水，积水现象。诉求：希望管理部门核实，并针对房屋内积水进行处理', 'val32': '市民来电反映:上述地址路段靠近玉田路的位置存在道路凹陷情况，坑洼靠近中间，双向通行时都能感觉到下陷情况，市民担心存在隐患，诉求：希望管理部门核实道路凹陷情况，尽快维修道路。（市民要求信息保密 无需回复）', 'val33': '市民反映：上述地址2楼通往3楼的走道窗户平台处，在美丽家园整修后，每次下完雨楼梯平台地面就有积水。之前没有整修，窗是坏的也没有这样现象。诉求：请管理部门尽快整改，消除积水问题。（市民要求信息保密，无需回复）', 'val34': '市民反映：虹口区三门路（逸仙路至三门支路）因为道路施工开挖，有的地方还没整修弄平，而且容易产生道路扬尘，诉求：希望尽快将开挖的道路全部整修平整。（市民要求信息保密，无需回复）', 'val35': '市民来电反映：其为松花江路2612弄小区居民，刚才一场暴雨，小区里的积水排不出去，1楼居民家里都要被水淹了，据了解，小区外面松花江路上已经被水淹没了，由于小区外围排水不畅，导致小区里的积水也无法排出。诉求：希望管理部门尽快派人排水。（需回复）', 'val36': '市民来电反映:市民是上述地址沿街商铺的商家，市民表示店铺周围的道路排水不畅一下大雨商铺就进水被淹。诉求：希望管理部门尽快排水。（市民要求信息保密 无需回复）', 'val37': '市民来电反映:上述地址机动车道路面有坑，若车速较快，有安全隐患。诉求：请管理部门核实，修复地面道路。', 'val38': '市民反映：上述地址安国路路段为车辆双向通行的道路，早高峰时间8:00，道路两侧停满非机动车，严重影响了正常的道路秩序，导致两边车辆交汇时无法正常通行。诉求：望加强非机动车停放管理。', 'val39': '市民来电反映:市民是上述地址居民，市民表示下雨导致家中积水已经超过膝盖了，家中还有高龄的老人。诉求：希望管理部门尽快上门排水。8/12 14：20未接通。', 'val40': '市民来电反映:上述地址地址至广粤路路段，无名道路很窄，道路上各种机动车乱停放的现象，严重影响道路通行，属地派出所进行违法处理但未明显改善违法停车问题。诉求：请管理部门对道路有效设置调整，彻底解决违法停车问题（需回复）', 'val41': '市民来电反映:上述地址大堂内地面上有一摊积水，老人经过时很容易滑倒。诉求:望管理部门核实，尽快清理。（市民要求信息保密 无需回复）', 'val42': '市民来电反映:8月26日晚上23:30分左右市民在上述道路看见多个车子停在道路上施工，没有设置警示标志，十分危险。诉求：希望管理部门核实并整改。', 'val43': '市民来电反映:上述地址1楼公共走道，6楼楼顶公共区域只要下雨就会漏雨积水，现在没有积水，联系物业报修，物业告知这个是美丽家园改造的后遗症，诉求：管理部门核实协调尽快派人维修。', 'val44': '市民来电反映:靠近上述地址路口的四平路，道路上的沥青受挤压鼓起来了。诉求：望管理部门尽快派人维修解决。', 'val45': '市民来电反映:上述地址天井内下水道堵塞，导致雨水倒灌入上述地址，上述地址入户门口下水道也堵塞，导致雨水倒灌入上述地址，现在上述地址地面有积水，故来电诉求：请管理部门核实尽快派人上门疏通上述下水道。', 'val46': '【表扬】市民来电咨询:2024年8月12日下午突降暴雨，市民所在的临平北路50号商户短时间大量积水，嘉兴路街道立即组织街道干部和社区民警短短20分钟就清除了商户积水。诉求：要求表扬嘉兴路街道的行为。（市民要求信息保密 无需回复）', 'val47': '市民来电反映:上述地址的甘河路上的下水管道被堵塞了，目前在往外冒水，市民称有积水淹没脚的高度，导致小区内水位很高，整条甘河路整个被淹掉了，诉求：请管理部门核实情况，尽快安排疏通。', 'val48': '市民来电咨询:上述地址在施工，准备给非机动车道拓宽，诉求：咨询该道路拓宽什么时候开始动工，该道路后续机动车是否可以通行。', 'val49': '市民来电反映:  上述地址小区因为8月12日下暴雨，雨水都蔓进小区都是积水。市民不理解的是之前玉田路密云路路口一直在进行雨水调蓄的市政工程，工程已经完成了两年了。现在看来毫无效果，市民想了解该市政工程到底有起到什么作用。', 'val50': '市民来电反映:上述地址有4个物业都踢皮球，表示小区绿化长期无人养护，道路坑洼严重影响骑行。诉求：要求物业整改（绿化长期无人养护、道路坑洼严重）。', 'val51': '市民来电反映:其是上述地址小区居民，由于大雨其家中进水，并且家中积水很高。市民诉求：希望管理部门核实，尽快对其进行排水。（需回复）', 'val52': '市民来电反映:汶水路到欧阳路的水电路路段以及四平路到海伦路（前往外滩方向）的四平路路段的机动车道道路坑洼现象加重，对行车体验有较大影响诉求：希望管理部门核实并对路面坑洼进行修复\n', 'val53': '市民来电反映:上述地址的窨井盖沉降，路面上有个很大的坑，坑里已经有水溢出。该情况已经存在好几个月，开始不明显，现在坑越来越大。市民只是开车路过，不清楚该窨井盖所属单位。诉求：请管理部门核实，并尽快修复该处道路。 ', 'val54': '市民来电反映:上述地址自行车道上道路施工，没有做施工规范，导致产生扬尘，诉求；希望管理部门核实扫水，加强施工规范，需回复。\n', 'val55': '市民来电反映:上述地址门口路面上有一个直径半米的坑，不深但上面盖了块布遮着看不见，道路是不分机动车道和非机动车道，对于通行存在安全隐患，诉求：请管理部门核实，要求尽快维修路面。', 'val56': '市民来电反映:上述地址小区门口沿街的下水道堵塞了，积水严重，导致门面房都进水了，诉求：望管理部门尽快派人查证疏通排水。（需回复）\n8/18 14：42  电话无人接听', 'val57': '市民来电反映:8月30日上述地址路边靠近公厕的1个消防栓漏水且伴有积水。诉求：请及时维修。', 'val58': '市民来电反映:其8月29日经过上述交叉路口，由于上面的修高架，有很多粉尘落在地上啊，下面机动车道和非机动车道又被水枪冲洗，因为有油导致路面湿滑，市民骑车摔了一跤。诉求：请管理部门核实，希望道路冲刷完要及时清理油污，避免出现交通事故。', 'val59': '市民来电反映:上述地址虹口区北外滩街道西安路（商丘路-旅顺路），自2023年修路后，一旦下雨便会积水，且退水后路边金属材质下水口处，便会散发异味。诉求：望管理部门核实整治。（市民要求信息保密 需回复）', 'val60': '市民来电反映:8月12日上述地址是快客店铺，现在屋顶严重漏水，有积水。诉求：请核实尽快修复。（需回复）', 'val61': '市民来电反映:上述地址在增设电梯，施工队在该处挖了沟，但是沟内有严重的积水，已经发臭，影响居民生活。诉求：请督促尽快施工，并抽水将沟填埋。', 'val62': '市民来电反映:其为上述地址虹口区峨嵋路72号1楼居民（1楼仅其1户），沿街住宅。于8月12日因大雨，且峨嵋路积水严重，导致雨水已大量漫至其家中。诉求：望管理部门核实，尽快协助退水。（需回复）', 'val63': '市民来电反映:上述路段8月12日因天气原因导致路面积水，市民通过该路段十分困难，导致办理事务延误。诉求：希望管理部门对未及时排水给予合理解释。', 'val64': '市民来电反映：其是上述地址居民，小区于2023年进行了“美丽家园”改造工程，将整个小区路面抬高了近15CM，由此导致下雨积水都溢进底楼市民家中。市民家中也因前两天的暴雨，导致家中很多物品和地板都浸泡在水中。诉求：市民表示当地政府在进行改造时一点也不顾原先小区地势，要求承办部门尽快整改。', 'val65': '市民反映：2024年6月大雨导致积水后，小区物业已经来去处理过；对于后续结果只能继续观察，8月12日市区又降暴雨，其家再次进水，包括周围邻居的情况，比2024年6月要严重。这可能就不是本小区物业能解决的情况了。诉求：望上级部门能亲自出面协调解决。', 'val66': '市民来电反映:该路段被水淹了，水都流到家里了。诉求：要求尽快疏通。', 'val67': '市民来电反映:下雨天水位越来越高已经没过人行道一半了，店铺做过增高的，但是下一步就要流到店里了，已经有师傅在疏通了，因为人数不多，反而水位越来越高了。诉求：要求尽快处理不要淹到店里。', 'val68': '市民反映：任泉根居住虹口区天宝西路248弄5号104室。从北京东路动迁2024年1月份刚入住。最近几月只要外面下大雨或暴雨，天井里就水漫金山到房间里面。只能与智障的孙子一起用脸盆往外排水。主要原因是整个6楼的楼面雨水。通过雨水管直泄天井里面下水道排水不畅。雨水管上面粗最底下细，大雨就是一片瀑布。找物业报修未解决问题。95岁患有严重的心脏病体力实在不行。老伴也95岁患有脑梗行动不便。儿子、孙子都残障人士持有残疾证。诉求：想求助解除天井积水问题。', 'val69': '市民来电反映:小区靠近1号楼的边门这里，在2023年搞过美丽家园，但是这里一块没有处理，有一个陷下去的地面。导致每次下雨是，这里都会有一大片积水，现在2024年7月-8月经常下大雨，诉求：希望管理部门核实并整改这块地面 '}]
(Background on this error at: https://sqlalche.me/e/20/f405)
Traceback (most recent call last):
  File "C:\Users\19097\anaconda3\Lib\site-packages\mysql\connector\connection_cext.py", line 705, in cmd_query
    self._cmysql.query(
_mysql_connector.MySQLInterfaceError: Expression #1 of SELECT list is not in GROUP BY clause and contains nonaggregated column '12345.hongkou.案件编号' which is not functionally dependent on columns in GROUP BY clause; this is incompatible with sql_mode=only_full_group_by

The above exception was the direct cause of the following exception:

Traceback (most recent call last):
  File "C:\Users\19097\anaconda3\Lib\site-packages\sqlalchemy\engine\base.py", line 1967, in _exec_single_context
    self.dialect.do_execute(
  File "C:\Users\19097\anaconda3\Lib\site-packages\sqlalchemy\engine\default.py", line 924, in do_execute
    cursor.execute(statement, parameters)
  File "C:\Users\19097\anaconda3\Lib\site-packages\mysql\connector\cursor_cext.py", line 357, in execute
    result = self._connection.cmd_query(
             ^^^^^^^^^^^^^^^^^^^^^^^^^^^
  File "C:\Users\19097\anaconda3\Lib\site-packages\mysql\connector\opentelemetry\context_propagation.py", line 106, in wrapper
    result = method(cnx, *args, **kwargs)
             ^^^^^^^^^^^^^^^^^^^^^^^^^^^^
  File "C:\Users\19097\anaconda3\Lib\site-packages\mysql\connector\connection_cext.py", line 713, in cmd_query
    raise get_mysql_exception(
mysql.connector.errors.ProgrammingError: 1055 (42000): Expression #1 of SELECT list is not in GROUP BY clause and contains nonaggregated column '12345.hongkou.案件编号' which is not functionally dependent on columns in GROUP BY clause; this is incompatible with sql_mode=only_full_group_by

The above exception was the direct cause of the following exception:

Traceback (most recent call last):
  File "c:\Users\19097\Desktop\chatbi_DB\chatbi_DB\utils\util.py", line 247, in sql_execute
    sql_result = mysql_db.run(sql_command, include_columns=True, parameters=params)
                 ^^^^^^^^^^^^^^^^^^^^^^^^^^^^^^^^^^^^^^^^^^^^^^^^^^^^^^^^^^^^^^^^^^
  File "C:\Users\19097\anaconda3\Lib\site-packages\langchain_community\utilities\sql_database.py", line 510, in run
    result = self._execute(
             ^^^^^^^^^^^^^^
  File "C:\Users\19097\anaconda3\Lib\site-packages\langchain_community\utilities\sql_database.py", line 475, in _execute
    cursor = connection.execute(
             ^^^^^^^^^^^^^^^^^^^
  File "C:\Users\19097\anaconda3\Lib\site-packages\sqlalchemy\engine\base.py", line 1418, in execute
    return meth(
           ^^^^^
  File "C:\Users\19097\anaconda3\Lib\site-packages\sqlalchemy\sql\elements.py", line 515, in _execute_on_connection
    return connection._execute_clauseelement(
           ^^^^^^^^^^^^^^^^^^^^^^^^^^^^^^^^^^
  File "C:\Users\19097\anaconda3\Lib\site-packages\sqlalchemy\engine\base.py", line 1640, in _execute_clauseelement
    ret = self._execute_context(
          ^^^^^^^^^^^^^^^^^^^^^^
  File "C:\Users\19097\anaconda3\Lib\site-packages\sqlalchemy\engine\base.py", line 1846, in _execute_context
    return self._exec_single_context(
           ^^^^^^^^^^^^^^^^^^^^^^^^^^
  File "C:\Users\19097\anaconda3\Lib\site-packages\sqlalchemy\engine\base.py", line 1986, in _exec_single_context
    self._handle_dbapi_exception(
  File "C:\Users\19097\anaconda3\Lib\site-packages\sqlalchemy\engine\base.py", line 2353, in _handle_dbapi_exception
    raise sqlalchemy_exception.with_traceback(exc_info[2]) from e
  File "C:\Users\19097\anaconda3\Lib\site-packages\sqlalchemy\engine\base.py", line 1967, in _exec_single_context
    self.dialect.do_execute(
  File "C:\Users\19097\anaconda3\Lib\site-packages\sqlalchemy\engine\default.py", line 924, in do_execute
    cursor.execute(statement, parameters)
  File "C:\Users\19097\anaconda3\Lib\site-packages\mysql\connector\cursor_cext.py", line 357, in execute
    result = self._connection.cmd_query(
             ^^^^^^^^^^^^^^^^^^^^^^^^^^^
  File "C:\Users\19097\anaconda3\Lib\site-packages\mysql\connector\opentelemetry\context_propagation.py", line 106, in wrapper
    result = method(cnx, *args, **kwargs)
             ^^^^^^^^^^^^^^^^^^^^^^^^^^^^
  File "C:\Users\19097\anaconda3\Lib\site-packages\mysql\connector\connection_cext.py", line 713, in cmd_query
    raise get_mysql_exception(
sqlalchemy.exc.ProgrammingError: (mysql.connector.errors.ProgrammingError) 1055 (42000): Expression #1 of SELECT list is not in GROUP BY clause and contains nonaggregated column '12345.hongkou.案件编号' which is not functionally dependent on columns in GROUP BY clause; this is incompatible with sql_mode=only_full_group_by
[SQL: SELECT * FROM `hongkou` WHERE `所属街道` = '北外滩街道' AND `结案时间` LIKE '2024%' AND  `案件描述/内容描述` IN (%(val0)s, %(val1)s, %(val2)s, %(val3)s, %(val4)s, %(val5)s, %(val6)s, %(val7)s, %(val8)s, %(val9)s, %(val10)s, %(val11)s, %(val12)s, %(val13)s, %(val14)s, %(val15)s, %(val16)s, %(val17)s, %(val18)s, %(val19)s, %(val20)s, %(val21)s, %(val22)s, %(val23)s, %(val24)s, %(val25)s, %(val26)s, %(val27)s, %(val28)s, %(val29)s, %(val30)s, %(val31)s, %(val32)s, %(val33)s, %(val34)s, %(val35)s, %(val36)s, %(val37)s, %(val38)s, %(val39)s, %(val40)s, %(val41)s, %(val42)s, %(val43)s, %(val44)s, %(val45)s, %(val46)s, %(val47)s, %(val48)s, %(val49)s, %(val50)s, %(val51)s, %(val52)s, %(val53)s, %(val54)s, %(val55)s, %(val56)s, %(val57)s, %(val58)s, %(val59)s, %(val60)s, %(val61)s, %(val62)s, %(val63)s, %(val64)s, %(val65)s, %(val66)s, %(val67)s, %(val68)s, %(val69)s) GROUP BY `是否满意区回访`]
[parameters: {'val0': '市民来电反映:上述地址汉阳路因暴雨道路严重积水，深度已经到了小腿处，市民表示路边停了几十辆机动车，泡水无法启用。诉求：希望管理部门尽快排出积水。', 'val1': '市民来电反映:上述地址仁德路下雨天道路严重积水，积水已经溢到其路边店铺里。诉求：要求管理部门尽快处理上述道路雨天积水的问题。', 'val2': '市民来电反映: 上述地址有道路存在积水的现象，目前积水深度约10公分左右 ，严重影响周边车辆和行人的正常通行。诉求：要求管理部门核实并尽快处置积水问题。', 'val3': '市民来电反映:上述路段从2024年8月13日到8月18日有两次道路大量积水流进市民的店铺。诉求：请管理部门清除该道路积水。（需回复）\n', 'val4': '市民来电反映:在上述地址的沿街商铺，门口道路上有积水，由于下雨引起的，同时商铺内也已经进水了。诉求:希望管理部门核实，尽快处理。', 'val5': '市民来电反映:市民是上述地址商家，可能因为道路上的下水道堵了，雨流不出去，现在积水已经漫到了市民的店里，诉求：请管理部门及时前往疏通下水管道排除积水。\n\n', 'val6': '市民来电反映:虹口区逸仙路人行道（场中路-仁德路，887路公交车终点站）都是积水，影响通行。诉求：请管理部门核实并要求尽快清理道路积水。（市民要求信息保密 无需回复）', 'val7': '市民来电反映:虹口区辉河路68号门口的道路严重积水，该处有一个暑托班，其表示影响后续接送孩子，市民称目前水深已经到腰部了，并且伴有异味，诉求：请管理部门核实并要求尽快安排排水（需回复）', 'val8': '市民来电反映:其到上述地址附近行走时，在靠近河道的台阶处摔倒，市民称该处台阶有凹陷，并且还有积水、青苔、淤泥，存在安全隐患。诉求：要求管理部门核实后，尽快排除该处道路隐患。', 'val9': '市民来电反映:上述地址有一个地下停车库，8月12日13:30左右发现停车库有积水，积水没过鞋面，向物业反映，16:20发现停车库积水没有任何改变，故来电诉求：请管理部门核实尽快清除上述地下停车库积水。', 'val10': '市民来电反映:8月18日12：50分下了暴雨，虹口区江湾镇新市北路丰镇路处有严重的积水，市民是此处的商铺，现商铺都进水了，之前也有积过水，还没有得到解决现又积水了，现诉求：请管理部门尽快落实解决积水问题。', 'val11': '市民来电反映:上述地址因为外面暴雨，目前处于积水状态，并非整个小区积水，就是在310号-312号这边，积水深度40公分左右，联系居委和物业都表示没办法，故来电希望管理部门尽快前往处置。', 'val12': '市民来电反映:虹口区3号线江湾镇站2号口近逸仙路，该处2号口地铁站出来的非机动车道存在积水的情况，积水的深度已经和旁边的人行道持平，非机动车在上行驶有安全隐患，诉求：希望管理部门尽快排水。', 'val13': '市民来电反映:其居住上述地址小区，因为大雨目前整个小区的排水管全部都堵塞，导致小区内大面积积水。诉求：请管理部门尽快处理小区内积水问题。', 'val14': '市民来电反映:上述地址市政道路严重积水，导致行人无法通行。诉求：望管理部门核实，尽快疏通排水。（需回复）', 'val15': '市民来电反映:上述地址马路上积水严重，现在已经严重影响电瓶车和汽车通行。诉求：望管理部门核实并尽快处理。（市民要求信息保密 无需回复）', 'val16': '市民来电反映:上述地址排水系统堵塞，人行道和机动车道上都是积水，诉求：请管理部门核实尽快疏通下水道。', 'val17': '市民来电反映:上述地址门口马路上现在大面积积水，诉求：市政管道疏通一下。（市民要求信息保密，无需回复）', 'val18': '市民来电反映:虹口区仁德路399弄门口的斗台街地势较低，现在由于暴雨，路面上的雨水倒灌进小区，导致小区和路面有很深的积水。诉求：请管理部门核实并要求尽快处理积水问题。（市民要求无需回复）', 'val19': '市民来电反映:上述地址小区门口每次下暴雨都会有积水，导致积水渗漏到门口的店铺里面，严重影响其做生意，市民想知道这是哪个部门负责处理的，其为什么不处理这个积水的问题，故来电对其进行投诉，诉求：请管理部门核实对其进行查处。（需回复）', 'val20': '市民来电反映:上述地址马路上和弄堂内，下雨积水约20几厘米，居民家中已经进水。诉求：希望管理部门尽快排水。', 'val21': '市民来电反映:8月17日上述地址，墨翠里小区地下车库有积水，3天了没有人处理，8月19日去地下车库，发现还有管子在滴水，地面积水越来越多，鞋子都湿了。白天打物业电话打不通。诉求：希望管理部门核实，尽快处理地下车库积水问题。（市民要求信息保密 需回复）', 'val22': '市民来电反映:其是上述地址小区居民，市民称从夏天开始小区只要一下雨就淹，市民称物业在今天已经提前防范了，但是还是没用，现在又淹了，都是积水，市民要求管理部门帮市民解决积水问题，最好能否彻底解决。', 'val23': '市民来电反映:8月12日突然下暴雨后，虹口区曲阳街道大连西路玉田新村1楼很多居民家中有积水，已经找了居委物业，但目前无改善，要求管理部门核实尽快派人解决积水问题。', 'val24': '市民来电反映:其是上述地址的居民，近期道路施工，道路没有填平，影响了居民出行，沿街的1-4号的水管敲破了，没有挡板，会暴晒有爆管，诉求：要求规范施工填平道路方便出行。', 'val25': '市民来电反映:上述地址之前进行道路面施工，现在施工结束，但施工方没有将非机动车道铺平，导致道路坑坑洼洼，现诉求：希望管理部门核实后，要求对上述道路进行修复铺平。（市民要求信息保密 无需回复）', 'val26': '市民反映：上述路段道路地面有明显沉降（或凹陷），存在安全隐患。诉求：希望排查解决避免事故。', 'val27': '市民来电反映:上述地址沿街马路边下水道堵住，有污水积水3-5厘米。诉求：请管理部门尽快处理。（需回复）', 'val28': '市民来电反映:上述地址机动车道路面坑洼。诉求：希望管理部门核实尽快修复道路。', 'val29': '市民来电反映:  上述地址门口的马路上两个窨井盖大量污水，导致路面有积水，诉求：请管理部门尽快安排疏通。（市民要求信息保密 需回复）', 'val30': '市民来电反映:其上述地址门口人行道道路路面过高比商铺高，8月18日雨水倒灌进入商铺。诉求：要求尽快前来整修处理。(要求回复)', 'val31': '市民来电反映:现正在下暴雨，市民告知由于当时的美丽家园建设没有完善，导致无法抽水，现市民家中出现进水，积水现象。诉求：希望管理部门核实，并针对房屋内积水进行处理', 'val32': '市民来电反映:上述地址路段靠近玉田路的位置存在道路凹陷情况，坑洼靠近中间，双向通行时都能感觉到下陷情况，市民担心存在隐患，诉求：希望管理部门核实道路凹陷情况，尽快维修道路。（市民要求信息保密 无需回复）', 'val33': '市民反映：上述地址2楼通往3楼的走道窗户平台处，在美丽家园整修后，每次下完雨楼梯平台地面就有积水。之前没有整修，窗是坏的也没有这样现象。诉求：请管理部门尽快整改，消除积水问题。（市民要求信息保密，无需回复）', 'val34': '市民反映：虹口区三门路（逸仙路至三门支路）因为道路施工开挖，有的地方还没整修弄平，而且容易产生道路扬尘，诉求：希望尽快将开挖的道路全部整修平整。（市民要求信息保密，无需回复）', 'val35': '市民来电反映：其为松花江路2612弄小区居民，刚才一场暴雨，小区里的积水排不出去，1楼居民家里都要被水淹了，据了解，小区外面松花江路上已经被水淹没了，由于小区外围排水不畅，导致小区里的积水也无法排出。诉求：希望管理部门尽快派人排水。（需回复）', 'val36': '市民来电反映:市民是上述地址沿街商铺的商家，市民表示店铺周围的道路排水不畅一下大雨商铺就进水被淹。诉求：希望管理部门尽快排水。（市民要求信息保密 无需回复）', 'val37': '市民来电反映:上述地址机动车道路面有坑，若车速较快，有安全隐患。诉求：请管理部门核实，修复地面道路。', 'val38': '市民反映：上述地址安国路路段为车辆双向通行的道路，早高峰时间8:00，道路两侧停满非机动车，严重影响了正常的道路秩序，导致两边车辆交汇时无法正常通行。诉求：望加强非机动车停放管理。', 'val39': '市民来电反映:市民是上述地址居民，市民表示下雨导致家中积水已经超过膝盖了，家中还有高龄的老人。诉求：希望管理部门尽快上门排水。8/12 14：20未接通。', 'val40': '市民来电反映:上述地址地址至广粤路路段，无名道路很窄，道路上各种机动车乱停放的现象，严重影响道路通行，属地派出所进行违法处理但未明显改善违法停车问题。诉求：请管理部门对道路有效设置调整，彻底解决违法停车问题（需回复）', 'val41': '市民来电反映:上述地址大堂内地面上有一摊积水，老人经过时很容易滑倒。诉求:望管理部门核实，尽快清理。（市民要求信息保密 无需回复）', 'val42': '市民来电反映:8月26日晚上23:30分左右市民在上述道路看见多个车子停在道路上施工，没有设置警示标志，十分危险。诉求：希望管理部门核实并整改。', 'val43': '市民来电反映:上述地址1楼公共走道，6楼楼顶公共区域只要下雨就会漏雨积水，现在没有积水，联系物业报修，物业告知这个是美丽家园改造的后遗症，诉求：管理部门核实协调尽快派人维修。', 'val44': '市民来电反映:靠近上述地址路口的四平路，道路上的沥青受挤压鼓起来了。诉求：望管理部门尽快派人维修解决。', 'val45': '市民来电反映:上述地址天井内下水道堵塞，导致雨水倒灌入上述地址，上述地址入户门口下水道也堵塞，导致雨水倒灌入上述地址，现在上述地址地面有积水，故来电诉求：请管理部门核实尽快派人上门疏通上述下水道。', 'val46': '【表扬】市民来电咨询:2024年8月12日下午突降暴雨，市民所在的临平北路50号商户短时间大量积水，嘉兴路街道立即组织街道干部和社区民警短短20分钟就清除了商户积水。诉求：要求表扬嘉兴路街道的行为。（市民要求信息保密 无需回复）', 'val47': '市民来电反映:上述地址的甘河路上的下水管道被堵塞了，目前在往外冒水，市民称有积水淹没脚的高度，导致小区内水位很高，整条甘河路整个被淹掉了，诉求：请管理部门核实情况，尽快安排疏通。', 'val48': '市民来电咨询:上述地址在施工，准备给非机动车道拓宽，诉求：咨询该道路拓宽什么时候开始动工，该道路后续机动车是否可以通行。', 'val49': '市民来电反映:  上述地址小区因为8月12日下暴雨，雨水都蔓进小区都是积水。市民不理解的是之前玉田路密云路路口一直在进行雨水调蓄的市政工程，工程已经完成了两年了。现在看来毫无效果，市民想了解该市政工程到底有起到什么作用。', 'val50': '市民来电反映:上述地址有4个物业都踢皮球，表示小区绿化长期无人养护，道路坑洼严重影响骑行。诉求：要求物业整改（绿化长期无人养护、道路坑洼严重）。', 'val51': '市民来电反映:其是上述地址小区居民，由于大雨其家中进水，并且家中积水很高。市民诉求：希望管理部门核实，尽快对其进行排水。（需回复）', 'val52': '市民来电反映:汶水路到欧阳路的水电路路段以及四平路到海伦路（前往外滩方向）的四平路路段的机动车道道路坑洼现象加重，对行车体验有较大影响诉求：希望管理部门核实并对路面坑洼进行修复\n', 'val53': '市民来电反映:上述地址的窨井盖沉降，路面上有个很大的坑，坑里已经有水溢出。该情况已经存在好几个月，开始不明显，现在坑越来越大。市民只是开车路过，不清楚该窨井盖所属单位。诉求：请管理部门核实，并尽快修复该处道路。 ', 'val54': '市民来电反映:上述地址自行车道上道路施工，没有做施工规范，导致产生扬尘，诉求；希望管理部门核实扫水，加强施工规范，需回复。\n', 'val55': '市民来电反映:上述地址门口路面上有一个直径半米的坑，不深但上面盖了块布遮着看不见，道路是不分机动车道和非机动车道，对于通行存在安全隐患，诉求：请管理部门核实，要求尽快维修路面。', 'val56': '市民来电反映:上述地址小区门口沿街的下水道堵塞了，积水严重，导致门面房都进水了，诉求：望管理部门尽快派人查证疏通排水。（需回复）\n8/18 14：42  电话无人接听', 'val57': '市民来电反映:8月30日上述地址路边靠近公厕的1个消防栓漏水且伴有积水。诉求：请及时维修。', 'val58': '市民来电反映:其8月29日经过上述交叉路口，由于上面的修高架，有很多粉尘落在地上啊，下面机动车道和非机动车道又被水枪冲洗，因为有油导致路面湿滑，市民骑车摔了一跤。诉求：请管理部门核实，希望道路冲刷完要及时清理油污，避免出现交通事故。', 'val59': '市民来电反映:上述地址虹口区北外滩街道西安路（商丘路-旅顺路），自2023年修路后，一旦下雨便会积水，且退水后路边金属材质下水口处，便会散发异味。诉求：望管理部门核实整治。（市民要求信息保密 需回复）', 'val60': '市民来电反映:8月12日上述地址是快客店铺，现在屋顶严重漏水，有积水。诉求：请核实尽快修复。（需回复）', 'val61': '市民来电反映:上述地址在增设电梯，施工队在该处挖了沟，但是沟内有严重的积水，已经发臭，影响居民生活。诉求：请督促尽快施工，并抽水将沟填埋。', 'val62': '市民来电反映:其为上述地址虹口区峨嵋路72号1楼居民（1楼仅其1户），沿街住宅。于8月12日因大雨，且峨嵋路积水严重，导致雨水已大量漫至其家中。诉求：望管理部门核实，尽快协助退水。（需回复）', 'val63': '市民来电反映:上述路段8月12日因天气原因导致路面积水，市民通过该路段十分困难，导致办理事务延误。诉求：希望管理部门对未及时排水给予合理解释。', 'val64': '市民来电反映：其是上述地址居民，小区于2023年进行了“美丽家园”改造工程，将整个小区路面抬高了近15CM，由此导致下雨积水都溢进底楼市民家中。市民家中也因前两天的暴雨，导致家中很多物品和地板都浸泡在水中。诉求：市民表示当地政府在进行改造时一点也不顾原先小区地势，要求承办部门尽快整改。', 'val65': '市民反映：2024年6月大雨导致积水后，小区物业已经来去处理过；对于后续结果只能继续观察，8月12日市区又降暴雨，其家再次进水，包括周围邻居的情况，比2024年6月要严重。这可能就不是本小区物业能解决的情况了。诉求：望上级部门能亲自出面协调解决。', 'val66': '市民来电反映:该路段被水淹了，水都流到家里了。诉求：要求尽快疏通。', 'val67': '市民来电反映:下雨天水位越来越高已经没过人行道一半了，店铺做过增高的，但是下一步就要流到店里了，已经有师傅在疏通了，因为人数不多，反而水位越来越高了。诉求：要求尽快处理不要淹到店里。', 'val68': '市民反映：任泉根居住虹口区天宝西路248弄5号104室。从北京东路动迁2024年1月份刚入住。最近几月只要外面下大雨或暴雨，天井里就水漫金山到房间里面。只能与智障的孙子一起用脸盆往外排水。主要原因是整个6楼的楼面雨水。通过雨水管直泄天井里面下水道排水不畅。雨水管上面粗最底下细，大雨就是一片瀑布。找物业报修未解决问题。95岁患有严重的心脏病体力实在不行。老伴也95岁患有脑梗行动不便。儿子、孙子都残障人士持有残疾证。诉求：想求助解除天井积水问题。', 'val69': '市民来电反映:小区靠近1号楼的边门这里，在2023年搞过美丽家园，但是这里一块没有处理，有一个陷下去的地面。导致每次下雨是，这里都会有一大片积水，现在2024年7月-8月经常下大雨，诉求：希望管理部门核实并整改这块地面 '}]
(Background on this error at: https://sqlalche.me/e/20/f405)
2025-05-20 16:08:58,010 ChatBI->     INFO     websocket发送的数据为：{"data_detail": [{}]}
2025-05-20 16:08:58,907 ChatBI->     INFO     websocket发送的数据为：{"result_insight": "2024年北外滩街道的道路积水事件中，80%的用户表示满意，40%的用户未评价。"}
2025-05-20 16:09:01,671 ChatBI->     INFO     websocket发送的数据为：{"result_recommand": {"new_query_1": "2024年北外滩街道的道路积水事件中，哪些部门负责处理？", "new_query_2": "2024年北外滩街道的道路积水事件的处理时间分布如何？", "new_query_3": "2024年北外滩街道的道路积水事件的结案期限是否超时？"}}
