2025-05-12 03:28:42,363 ChatBI->     INFO     schema linking: {'target_columns': ['案件描述/内容描述'], 'condition_columns': {'发现时间': '2024-08', '案件描述/内容描述': '拖欠农民工工资'}}
2025-05-12 03:28:42,695 ChatBI->     INFO     
2025-05-12 03:28:42,707 ChatBI->     INFO     你
2025-05-12 03:28:42,719 ChatBI->     INFO     希望
2025-05-12 03:28:42,730 ChatBI->     INFO     从
2025-05-12 03:28:42,742 ChatBI->     INFO     2
2025-05-12 03:28:42,754 ChatBI->     INFO     0
2025-05-12 03:28:42,768 ChatBI->     INFO     2
2025-05-12 03:28:42,785 ChatBI->     INFO     4
2025-05-12 03:28:42,803 ChatBI->     INFO     年
2025-05-12 03:28:42,820 ChatBI->     INFO     8
2025-05-12 03:28:42,837 ChatBI->     INFO     月份
2025-05-12 03:28:42,853 ChatBI->     INFO     的
2025-05-12 03:28:42,871 ChatBI->     INFO     工
2025-05-12 03:28:42,888 ChatBI->     INFO     单
2025-05-12 03:28:42,905 ChatBI->     INFO     内容
2025-05-12 03:28:42,922 ChatBI->     INFO     中
2025-05-12 03:28:42,939 ChatBI->     INFO     抽
2025-05-12 03:28:42,956 ChatBI->     INFO     取出
2025-05-12 03:28:42,973 ChatBI->     INFO     涉及
2025-05-12 03:28:42,990 ChatBI->     INFO     拖欠
2025-05-12 03:28:43,007 ChatBI->     INFO     农民工
2025-05-12 03:28:43,024 ChatBI->     INFO     工资
2025-05-12 03:28:43,041 ChatBI->     INFO     的企业
2025-05-12 03:28:43,058 ChatBI->     INFO     。
2025-05-12 03:28:43,075 ChatBI->     INFO     这是一个
2025-05-12 03:28:43,092 ChatBI->     INFO     筛选
2025-05-12 03:28:43,109 ChatBI->     INFO     和
2025-05-12 03:28:43,126 ChatBI->     INFO     提取
2025-05-12 03:28:43,143 ChatBI->     INFO     特定
2025-05-12 03:28:43,160 ChatBI->     INFO     信息
2025-05-12 03:28:43,177 ChatBI->     INFO     的问题
2025-05-12 03:28:43,194 ChatBI->     INFO     。
2025-05-12 03:28:43,211 ChatBI->     INFO     需要
2025-05-12 03:28:43,229 ChatBI->     INFO     将
2025-05-12 03:28:43,245 ChatBI->     INFO     时间
2025-05-12 03:28:43,262 ChatBI->     INFO     设
2025-05-12 03:28:43,279 ChatBI->     INFO     为
2025-05-12 03:28:43,297 ChatBI->     INFO     维度
2025-05-12 03:28:43,313 ChatBI->     INFO     字段
2025-05-12 03:28:43,330 ChatBI->     INFO     ，并
2025-05-12 03:28:43,348 ChatBI->     INFO     限定
2025-05-12 03:28:43,365 ChatBI->     INFO     时间为
2025-05-12 03:28:43,382 ChatBI->     INFO     2
2025-05-12 03:28:43,398 ChatBI->     INFO     0
2025-05-12 03:28:43,416 ChatBI->     INFO     2
2025-05-12 03:28:43,433 ChatBI->     INFO     4
2025-05-12 03:28:43,450 ChatBI->     INFO     年
2025-05-12 03:28:43,467 ChatBI->     INFO     8
2025-05-12 03:28:43,484 ChatBI->     INFO     月份
2025-05-12 03:28:43,501 ChatBI->     INFO     ；
2025-05-12 03:28:43,518 ChatBI->     INFO     同时
2025-05-12 03:28:43,535 ChatBI->     INFO     ，
2025-05-12 03:28:43,552 ChatBI->     INFO     需要
2025-05-12 03:28:43,569 ChatBI->     INFO     将
2025-05-12 03:28:43,586 ChatBI->     INFO     涉及
2025-05-12 03:28:43,603 ChatBI->     INFO     农民工
2025-05-12 03:28:43,620 ChatBI->     INFO     工资
2025-05-12 03:28:43,637 ChatBI->     INFO     的
2025-05-12 03:28:43,654 ChatBI->     INFO     事项
2025-05-12 03:28:43,672 ChatBI->     INFO     名称
2025-05-12 03:28:43,688 ChatBI->     INFO     或
2025-05-12 03:28:43,705 ChatBI->     INFO     描述
2025-05-12 03:28:43,723 ChatBI->     INFO     设
2025-05-12 03:28:43,740 ChatBI->     INFO     为
2025-05-12 03:28:43,757 ChatBI->     INFO     筛选
2025-05-12 03:28:43,773 ChatBI->     INFO     条件
2025-05-12 03:28:43,791 ChatBI->     INFO     ，
2025-05-12 03:28:43,808 ChatBI->     INFO     以
2025-05-12 03:28:43,825 ChatBI->     INFO     识别
2025-05-12 03:28:43,842 ChatBI->     INFO     出
2025-05-12 03:28:43,860 ChatBI->     INFO     与
2025-05-12 03:28:43,876 ChatBI->     INFO     拖欠
2025-05-12 03:28:43,893 ChatBI->     INFO     农民工
2025-05-12 03:28:43,910 ChatBI->     INFO     工资
2025-05-12 03:28:43,927 ChatBI->     INFO     相关的
2025-05-12 03:28:43,944 ChatBI->     INFO     工
2025-05-12 03:28:43,961 ChatBI->     INFO     单
2025-05-12 03:28:43,978 ChatBI->     INFO     。
2025-05-12 03:28:43,995 ChatBI->     INFO     具体
2025-05-12 03:28:44,013 ChatBI->     INFO     来说
2025-05-12 03:28:44,029 ChatBI->     INFO     ，
2025-05-12 03:28:44,046 ChatBI->     INFO     可以通过
2025-05-12 03:28:44,064 ChatBI->     INFO     “
2025-05-12 03:28:44,081 ChatBI->     INFO     事项
2025-05-12 03:28:44,098 ChatBI->     INFO     名称
2025-05-12 03:28:44,115 ChatBI->     INFO     ”
2025-05-12 03:28:44,131 ChatBI->     INFO     或
2025-05-12 03:28:44,149 ChatBI->     INFO     “
2025-05-12 03:28:44,166 ChatBI->     INFO     案件
2025-05-12 03:28:44,183 ChatBI->     INFO     描述
2025-05-12 03:28:44,200 ChatBI->     INFO     /
2025-05-12 03:28:44,217 ChatBI->     INFO     内容
2025-05-12 03:28:44,234 ChatBI->     INFO     描述
2025-05-12 03:28:44,251 ChatBI->     INFO     ”
2025-05-12 03:28:44,269 ChatBI->     INFO     字段
2025-05-12 03:28:44,285 ChatBI->     INFO     来
2025-05-12 03:28:44,302 ChatBI->     INFO     查找
2025-05-12 03:28:44,319 ChatBI->     INFO     包含
2025-05-12 03:28:44,336 ChatBI->     INFO     “
2025-05-12 03:28:44,353 ChatBI->     INFO     拖欠
2025-05-12 03:28:44,370 ChatBI->     INFO     农民工
2025-05-12 03:28:44,387 ChatBI->     INFO     工资
2025-05-12 03:28:44,404 ChatBI->     INFO     ”的
2025-05-12 03:28:44,421 ChatBI->     INFO     内容
2025-05-12 03:28:44,438 ChatBI->     INFO     。


2025-05-12 03:28:44,455 ChatBI->     INFO     ###
2025-05-12 03:28:44,472 ChatBI->     INFO      输出
2025-05-12 03:28:44,490 ChatBI->     INFO     字段
2025-05-12 03:28:44,506 ChatBI->     INFO     说明
2025-05-12 03:28:44,523 ChatBI->     INFO     ：

2025-05-12 03:28:44,540 ChatBI->     INFO     -
2025-05-12 03:28:44,558 ChatBI->     INFO      **
2025-05-12 03:28:44,574 ChatBI->     INFO     事项
2025-05-12 03:28:44,592 ChatBI->     INFO     名称
2025-05-12 03:28:44,608 ChatBI->     INFO     **
2025-05-12 03:28:44,626 ChatBI->     INFO     ：
2025-05-12 03:28:44,642 ChatBI->     INFO     用于
2025-05-12 03:28:44,660 ChatBI->     INFO     直接
2025-05-12 03:28:44,677 ChatBI->     INFO     查找
2025-05-12 03:28:44,694 ChatBI->     INFO     明确
2025-05-12 03:28:44,711 ChatBI->     INFO     标注
2025-05-12 03:28:44,728 ChatBI->     INFO     为
2025-05-12 03:28:44,745 ChatBI->     INFO     拖欠
2025-05-12 03:28:44,762 ChatBI->     INFO     农民工
2025-05-12 03:28:44,779 ChatBI->     INFO     工资
2025-05-12 03:28:44,796 ChatBI->     INFO     的
2025-05-12 03:28:44,813 ChatBI->     INFO     事项
2025-05-12 03:28:44,831 ChatBI->     INFO     。

2025-05-12 03:28:44,847 ChatBI->     INFO     -
2025-05-12 03:28:44,864 ChatBI->     INFO      **
2025-05-12 03:28:44,881 ChatBI->     INFO     案件
2025-05-12 03:28:44,898 ChatBI->     INFO     描述
2025-05-12 03:28:44,915 ChatBI->     INFO     /
2025-05-12 03:28:44,932 ChatBI->     INFO     内容
2025-05-12 03:28:44,949 ChatBI->     INFO     描述
2025-05-12 03:28:44,966 ChatBI->     INFO     **
2025-05-12 03:28:44,983 ChatBI->     INFO     ：
2025-05-12 03:28:45,000 ChatBI->     INFO     用于
2025-05-12 03:28:45,017 ChatBI->     INFO     查找
2025-05-12 03:28:45,035 ChatBI->     INFO     描述
2025-05-12 03:28:45,052 ChatBI->     INFO     中
2025-05-12 03:28:45,069 ChatBI->     INFO     包含
2025-05-12 03:28:45,086 ChatBI->     INFO     “
2025-05-12 03:28:45,103 ChatBI->     INFO     拖欠
2025-05-12 03:28:45,120 ChatBI->     INFO     农民工
2025-05-12 03:28:45,137 ChatBI->     INFO     工资
2025-05-12 03:28:45,154 ChatBI->     INFO     ”的
2025-05-12 03:28:45,171 ChatBI->     INFO     内容
2025-05-12 03:28:45,188 ChatBI->     INFO     。


2025-05-12 03:28:45,205 ChatBI->     INFO     ###
2025-05-12 03:28:45,222 ChatBI->     INFO     
2025-05-12 03:28:45,239 ChatBI->     INFO      条
2025-05-12 03:28:45,256 ChatBI->     INFO     件
2025-05-12 03:28:45,273 ChatBI->     INFO     字段
2025-05-12 03:28:45,290 ChatBI->     INFO     说明
2025-05-12 03:28:45,307 ChatBI->     INFO     ：

2025-05-12 03:28:45,324 ChatBI->     INFO     -
2025-05-12 03:28:45,341 ChatBI->     INFO      **
2025-05-12 03:28:45,358 ChatBI->     INFO     发现
2025-05-12 03:28:45,375 ChatBI->     INFO     时间
2025-05-12 03:28:45,392 ChatBI->     INFO     **
2025-05-12 03:28:45,410 ChatBI->     INFO     ：
2025-05-12 03:28:45,426 ChatBI->     INFO     限定
2025-05-12 03:28:45,444 ChatBI->     INFO     时间为
2025-05-12 03:28:45,461 ChatBI->     INFO     2
2025-05-12 03:28:45,477 ChatBI->     INFO     0
2025-05-12 03:28:45,494 ChatBI->     INFO     2
2025-05-12 03:28:45,512 ChatBI->     INFO     4
2025-05-12 03:28:45,529 ChatBI->     INFO     年
2025-05-12 03:28:45,545 ChatBI->     INFO     8
2025-05-12 03:28:45,562 ChatBI->     INFO     月份
2025-05-12 03:28:45,580 ChatBI->     INFO     。


2025-05-12 03:28:45,597 ChatBI->     INFO     DONE
2025-05-12 03:28:45,616 ChatBI->     INFO     
2025-05-12 03:28:46,072 ChatBI->     INFO     任务类型: 内容抽取
2025-05-12 03:28:48,178 ChatBI->     INFO     过滤表达式：  ('2024-08-01 00:00:00' < Discovery_Time < '2024-08-31 23:59:59') ; 查询问题： 拖欠农民工工资
2025-05-12 03:28:48,180 ChatBI->     INFO     开始对非结构化文档【粗略】检索
2025-05-12 03:28:48,384 ChatBI->     INFO     检索到的文档总数量为：441
2025-05-12 03:28:48,412 ChatBI->     INFO     开始对非结构化文档【深度】检索
2025-05-12 03:28:48,752 ChatBI->     INFO     层级抽取文档： 市民来电反映:2023年7月12日-11月上述小区翻新，市民是搭建脚手架的，市民称四建集团拖欠10万元左右的工资，拖欠人数：30人左右，现诉求：望管理部门为其追讨农民工工资。（需回复） ==> yes  
2025-05-12 03:28:48,753 ChatBI->     INFO     层级抽取文档： 市民来电反映:上述小学暑期翻新改建，7月28日-812日在上述地址的工作，做木工的，没有劳动合同，被拖欠工资，金额：1万元左右，人数：9人，总金额：2万多元。诉求：请管理部门核实并帮助催讨工资。 ==> yes  
2025-05-12 03:28:48,753 ChatBI->     INFO     层级抽取文档： 市民来电反映:其之前在上述地址企业工作，现在还有3500元工资没有拿到，市民告知没有签订过劳动合同，之前企业告知一年后发放，结果现在市民索要企业依旧不给。诉求：请管理部门核实并帮助讨薪。 ==> yes  
2025-05-12 03:28:48,753 ChatBI->     INFO     层级抽取文档： 市民来电反映:于2024年8月入职上述地址，虹口区天潼路133号17楼，“鼎信金服（市民称此为企业全称）”，信贷类公司，任职：销售，未签定劳动合同。于8月23日离职，被拖欠工资（金额不详），市民姓名：雷先生（全名拒绝告知），联系电话：18272173825。诉求：望管理部门核实，要求协助讨要被欠工资，另要求告知未签定劳动合同是否合规。（需回复） ==> no  
2025-05-12 03:28:48,753 ChatBI->     INFO     层级抽取文档： 市民来电反映:8月21日向居委书记反馈门卫问题，书记要求市民去居委去谈，市民表示不需要，就在门卫间谈，因为有很多小区居民，可以一起说，后续居委书记说还要报警，市民也拨打过几次公安，街道也处理过，但是居委都没有发放工资给保安，故投诉居委乱作为。诉求：请管理部门核实介入处理主任乱作为。（市民要求信息保密 需回复） ==> no  
2025-05-12 03:28:48,753 ChatBI->     INFO     层级抽取文档： 【重新交办，要求：答复要点与实际情况不符，市民表示该路段依旧每天6:00多开始施工，挖掘机严重扰民休息，并未做到7:00后开工，市民认为管理部门无效监管。噪音扰民现象由管理部门责令改正后合法施工应该符合第四十一条和第四十二条。诉求：要求7:30前停止噪音施工且设置噪音检测仪器监控噪，并要求管理部门而非项目经理予以答复市民。(市民要求信息保密，需要回复)。最近办结的工单编号：20240809003177，工单内容：重新交办，要求：答复要点与实际情况不符，玉田支路修路扰民问题未解决，早上6：00多开始严重扰民。前两次协商同意延迟至7:30后开工，没好几天均出尔反尔，且多次深夜24:00后施工，无夜间特殊施工许可证。诉求：要求后续19：30前停止噪音施工并设置噪音检测仪器监控噪音扰民现象。】 ==> no  
2025-05-12 03:28:48,753 ChatBI->     INFO     层级抽取文档： 市民来电反映:上述地址工地，市民表示晚上一直在施工严重噪音扰民，已经持续好几天了。诉求：望管理部门核实尽快让其停止夜间施工。（需回复） ==> no  
2025-05-12 03:28:48,753 ChatBI->     INFO     层级抽取文档： 市民来电反映:上述小区外面半夜3:00还在施工，好像是水处理工程，噪音扰民，影响居民休息，诉求：请管理部门核实停止夜间施工。（市民要求信息保密 需回复）
 ==> no  
2025-05-12 03:28:48,754 ChatBI->     INFO     层级抽取文档： 市民来电反映:8月31日1:00多中山北一路189弄附近在施工，噪音扰民，诉求：要求核实在做什么工程，是否有夜间施工证，若没有希望查处。（市民要求信息保密 需回复） ==> no  
2025-05-12 03:28:48,754 ChatBI->     INFO     层级抽取文档： 市民来电反映:8月11日上述地址道路施工至凌晨3:00,8月12日凌晨0:35分还在施工，产生的噪音影响周边居民正常休息，诉求：投诉该处道路夜间施工噪音扰民。（市民要求信息保密 无需回复） ==> no  
2025-05-12 03:28:48,754 ChatBI->     INFO     阈值索引为：60, 窗口大小为: 40 
2025-05-12 03:28:48,754 ChatBI->     INFO     确定的文档: 21; 在次确认的文档: 79
2025-05-12 03:28:51,253 ChatBI->     INFO     从79个需再次确认的文档中筛选出的相关文档数量：30
2025-05-12 03:28:51,253 ChatBI->     INFO     示例文档：['【是否签订劳动合同:已签订劳动合同,实际劳动地址:虹口区凉城路61号叮咚买菜,发生时间:2024-08-1317：56：00,欠薪人数:1,欠薪金额:2500,单位名称:叮咚买菜虹口区广中店,单位地址:虹口区~虹口区凉城路61号叮咚买菜】上班离职之后门店前负责人也离职，现负责人不肯提交之前上班考勤导致财务无法正常发放工资，沟通多次之后新的门店负责人依然不肯向公司财务提交考勤记录，让和已离职的前负责人沟通，我们是给公司工作，公司管理层离职交接出现问题是公司内部的事，不应该让我们去为公司内部错误买单，并且我又不是给前店长打工，不能因为负责人离职就不给发工资了', '市民反映：【是否签订劳动合同:未签订劳动合同,实际劳动地址:曲阳路851弄8号2102,发生时间:2024/08/22 08:00:00,欠薪人数:1,欠薪金额:600,工程项目名称:,单位地址:本市~null】其是做木地板安装的，当时安转完了找对方结钱，他说等晚点过去看一下就给，其就回家了。晚上问他，他说手机限额了明天给。第二天又联系他，他又说晚一点给，今天8月25日又打电话给他，他又说下午给，现在晚上19:00了，电话也打不通了。这是他的电话13248281800。诉求：请管理部门核实帮助讨薪。', '市民反映：【是否签订劳动合同:已签订劳动合同,实际劳动地址:奎照路840号,发生时间:2024/08/20 16:13:00,欠薪人数:1,欠薪金额:5300,工程项目名称:,单位地址:虹口区~奎照路840号】其8月14日递交辞职报告，上述地址单位以未交接工作为由克扣其7月工资。诉求：希望管理部门协助讨薪。', '【是否签订劳动合同:未签订劳动合同,实际劳动地址:虹口区四川北路街道17街坊,发生时间:2022/08/0110:01:00,欠薪人数:50,欠薪金额:1700000,工程项目名称:虹口区四川北路街十七街坊地块项目,单位地址:虹口区~海宁路四川北路交叉口】事发时间：2022年8月事发地址：虹口区四川北路街道17街坊（海宁路四川北路交叉口）事发经过：2022年8月，由上海虹房建筑工程有限公司刁老板安排我们到虹口区四川北路街道17街坊（海宁路四川北路交叉口）做石库门保护性加固卸解施工主要诉求：项目已经完工两年多，上海虹房建筑工程有限公司目前没有付我一分钱，后续付款时间也没有下文希望政府部门介入处理此事。', '【是否签订劳动合同:未签订劳动合同,实际劳动地址:虹口区，时装商厦三楼陕西疯狂凉皮店,发生时间:2024/08/0320:43:00,欠薪人数:1,欠薪金额:还未结算,单位名称:陕西疯狂凉皮店,单位地址:虹口区~虹口区，时装商厦，三楼，陕西疯狂凉皮店】故意拖欠工资，发信息不回，打电话不接']
2025-05-12 03:28:51,857 ChatBI->     INFO     抽取的关键词列表为：['拖欠农民工工资的企业']
2025-05-12 03:28:51,858 ChatBI->     INFO     关键词json输出格式 --> {"拖欠农民工工资的企业": "<抽取拖欠农民工工资的企业信息>"}
2025-05-12 03:28:54,141 ChatBI->     INFO     websocket发送的数据为：{"response": [{"拖欠农民工工资的企业": "上海虹房建筑工程有限公司", "数量": 2}, {"拖欠农民工工资的企业": "陕西疯狂凉皮店", "数量": 1}, {"拖欠农民工工资的企业": "泽林东方酒店", "数量": 1}, {"拖欠农民工工资的企业": "上海三角地菜市场经营管理有限公司", "数量": 1}, {"拖欠农民工工资的企业": "顺丰", "数量": 1}, {"拖欠农民工工资的企业": "佳洁公司", "数量": 1}, {"拖欠农民工工资的企业": "上海枫娟实业有限公司", "数量": 1}, {"拖欠农民工工资的企业": "上海银雁科技有限公司", "数量": 1}, {"拖欠农民工工资的企业": "上海市慷敏贸易有限公司", "数量": 1}, {"拖欠农民工工资的企业": "叮咚买菜虹口区广中店", "数量": 1}, {"拖欠农民工工资的企业": "菜鸟驿站", "数量": 1}, {"拖欠农民工工资的企业": "极兔快递", "数量": 1}, {"拖欠农民工工资的企业": "上海福寿康川虹护理站", "数量": 1}, {"拖欠农民工工资的企业": "叮咚买菜", "数量": 1}, {"拖欠农民工工资的企业": "上海泓韶建筑装饰有限公司", "数量": 1}, {"拖欠农民工工资的企业": "上海坤超餐饮管理有限公司", "数量": 1}, {"拖欠农民工工资的企业": "虹口区福赐苑业主委员会", "数量": 1}, {"拖欠农民工工资的企业": "财小咖管理咨询（上海）有限责任公司", "数量": 1}, {"拖欠农民工工资的企业": "上药医疗器械（上海）有限公司", "数量": 1}, {"拖欠农民工工资的企业": "金令装饰有限公司", "数量": 1}, {"拖欠农民工工资的企业": "美团", "数量": 1}, {"拖欠农民工工资的企业": "中通快递", "数量": 1}, {"拖欠农民工工资的企业": "未明确提及企业名称", "数量": 1}, {"拖欠农民工工资的企业": "上海柴盛工业科技有限公司", "数量": 1}, {"拖欠农民工工资的企业": "虹口区~奎照路840号", "数量": 1}, {"拖欠农民工工资的企业": "四建集团", "数量": 1}, {"拖欠农民工工资的企业": "上海绿奔建筑工程有限公司", "数量": 1}, {"拖欠农民工工资的企业": "未提供具体企业名称", "数量": 1}, {"拖欠农民工工资的企业": "南天公司", "数量": 1}, {"拖欠农民工工资的企业": "云南米线", "数量": 1}, {"拖欠农民工工资的企业": "上海揽浦建筑工程有限公司", "数量": 1}, {"拖欠农民工工资的企业": "虹口区赤峰路626弄宏田小区15号202室", "数量": 1}, {"拖欠农民工工资的企业": "上海陈政市政建筑工程市民有限公司", "数量": 1}, {"拖欠农民工工资的企业": "上海聚英餐饮有限公司", "数量": 1}, {"拖欠农民工工资的企业": "上海安宁消防有限公司", "数量": 1}, {"拖欠农民工工资的企业": "上海秦汉胡同文化科技有限公司", "数量": 1}, {"拖欠农民工工资的企业": "秦汉胡同国学书院曲阳馆", "数量": 1}, {"拖欠农民工工资的企业": "上海古准供应链管理有限公司", "数量": 1}, {"拖欠农民工工资的企业": "长阳物流有限公司", "数量": 1}, {"拖欠农民工工资的企业": "上海砼极建筑结构工程有限公司", "数量": 1}, {"拖欠农民工工资的企业": "霸王茶姬", "数量": 1}, {"拖欠农民工工资的企业": "江苏神工装饰工程有限公司", "数量": 1}, {"拖欠农民工工资的企业": "上海股准供应链管理有限公司", "数量": 1}]}
2025-05-12 03:28:54,141 ChatBI->     INFO     websocket发送的数据为：{"data_detail": [{}]}
2025-05-12 03:28:54,812 ChatBI->     INFO     websocket发送的数据为：{"result_insight": "2024年8月，有20家企业因拖欠农民工工资被提及，包括上海虹房建筑工程有限公司、陕西疯狂凉皮店等。"}
2025-05-12 03:28:56,332 ChatBI->     INFO     websocket发送的数据为：{"result_recommand": {"new_query_1": "这些企业中哪些属于投诉举报类的工单？", "new_query_2": "拖欠农民工工资的企业中，哪些企业的案件数量超过3个？", "new_query_3": "这些企业中是否有涉及公共安全类别的工单？"}}
2025-05-12 03:29:05,332 ChatBI->     INFO     schema linking: {'target_columns': ['案件描述/内容描述'], 'condition_columns': {'发现时间': '2024-08', '案件描述/内容描述': '拖欠农民工工资'}}
2025-05-12 03:29:05,648 ChatBI->     INFO     
2025-05-12 03:29:05,660 ChatBI->     INFO     你
2025-05-12 03:29:05,672 ChatBI->     INFO     希望
2025-05-12 03:29:05,683 ChatBI->     INFO     从
2025-05-12 03:29:05,697 ChatBI->     INFO     2
2025-05-12 03:29:05,714 ChatBI->     INFO     0
2025-05-12 03:29:05,732 ChatBI->     INFO     2
2025-05-12 03:29:05,749 ChatBI->     INFO     4
2025-05-12 03:29:05,766 ChatBI->     INFO     年
2025-05-12 03:29:05,783 ChatBI->     INFO     8
2025-05-12 03:29:05,800 ChatBI->     INFO     月份
2025-05-12 03:29:05,817 ChatBI->     INFO     的
2025-05-12 03:29:05,834 ChatBI->     INFO     工
2025-05-12 03:29:05,851 ChatBI->     INFO     单
2025-05-12 03:29:05,868 ChatBI->     INFO     内容
2025-05-12 03:29:05,885 ChatBI->     INFO     中
2025-05-12 03:29:05,902 ChatBI->     INFO     抽
2025-05-12 03:29:05,919 ChatBI->     INFO     取出
2025-05-12 03:29:05,936 ChatBI->     INFO     涉及
2025-05-12 03:29:05,954 ChatBI->     INFO     拖欠
2025-05-12 03:29:05,971 ChatBI->     INFO     农民工
2025-05-12 03:29:05,988 ChatBI->     INFO     工资
2025-05-12 03:29:06,004 ChatBI->     INFO     的企业
2025-05-12 03:29:06,022 ChatBI->     INFO     。
2025-05-12 03:29:06,040 ChatBI->     INFO     这是一个
2025-05-12 03:29:06,058 ChatBI->     INFO     筛选
2025-05-12 03:29:06,074 ChatBI->     INFO     和
2025-05-12 03:29:06,091 ChatBI->     INFO     提取
2025-05-12 03:29:06,108 ChatBI->     INFO     特定
2025-05-12 03:29:06,125 ChatBI->     INFO     信息
2025-05-12 03:29:06,142 ChatBI->     INFO     的问题
2025-05-12 03:29:06,159 ChatBI->     INFO     。
2025-05-12 03:29:06,176 ChatBI->     INFO     需要
2025-05-12 03:29:06,193 ChatBI->     INFO     将
2025-05-12 03:29:06,211 ChatBI->     INFO     时间
2025-05-12 03:29:06,227 ChatBI->     INFO     设
2025-05-12 03:29:06,245 ChatBI->     INFO     为
2025-05-12 03:29:06,261 ChatBI->     INFO     维度
2025-05-12 03:29:06,279 ChatBI->     INFO     字段
2025-05-12 03:29:06,296 ChatBI->     INFO     ，并
2025-05-12 03:29:06,313 ChatBI->     INFO     限定
2025-05-12 03:29:06,330 ChatBI->     INFO     时间为
2025-05-12 03:29:06,347 ChatBI->     INFO     2
2025-05-12 03:29:06,364 ChatBI->     INFO     0
2025-05-12 03:29:06,381 ChatBI->     INFO     2
2025-05-12 03:29:06,399 ChatBI->     INFO     4
2025-05-12 03:29:06,415 ChatBI->     INFO     年
2025-05-12 03:29:06,433 ChatBI->     INFO     8
2025-05-12 03:29:06,449 ChatBI->     INFO     月份
2025-05-12 03:29:06,466 ChatBI->     INFO     ；
2025-05-12 03:29:06,484 ChatBI->     INFO     同时
2025-05-12 03:29:06,500 ChatBI->     INFO     ，
2025-05-12 03:29:06,517 ChatBI->     INFO     需要
2025-05-12 03:29:06,534 ChatBI->     INFO     将
2025-05-12 03:29:06,552 ChatBI->     INFO     涉及
2025-05-12 03:29:06,569 ChatBI->     INFO     农民工
2025-05-12 03:29:06,586 ChatBI->     INFO     工资
2025-05-12 03:29:06,603 ChatBI->     INFO     的
2025-05-12 03:29:06,620 ChatBI->     INFO     事项
2025-05-12 03:29:06,637 ChatBI->     INFO     名称
2025-05-12 03:29:06,655 ChatBI->     INFO     或
2025-05-12 03:29:06,671 ChatBI->     INFO     描述
2025-05-12 03:29:06,689 ChatBI->     INFO     设
2025-05-12 03:29:06,705 ChatBI->     INFO     为
2025-05-12 03:29:06,722 ChatBI->     INFO     筛选
2025-05-12 03:29:06,740 ChatBI->     INFO     条件
2025-05-12 03:29:06,756 ChatBI->     INFO     ，
2025-05-12 03:29:06,774 ChatBI->     INFO     以
2025-05-12 03:29:06,791 ChatBI->     INFO     识别
2025-05-12 03:29:06,808 ChatBI->     INFO     出
2025-05-12 03:29:06,825 ChatBI->     INFO     与
2025-05-12 03:29:06,842 ChatBI->     INFO     拖欠
2025-05-12 03:29:06,859 ChatBI->     INFO     农民工
2025-05-12 03:29:06,876 ChatBI->     INFO     工资
2025-05-12 03:29:06,894 ChatBI->     INFO     相关的
2025-05-12 03:29:06,910 ChatBI->     INFO     工
2025-05-12 03:29:06,927 ChatBI->     INFO     单
2025-05-12 03:29:06,945 ChatBI->     INFO     。
2025-05-12 03:29:06,961 ChatBI->     INFO     具体
2025-05-12 03:29:06,979 ChatBI->     INFO     来说
2025-05-12 03:29:06,995 ChatBI->     INFO     ，
2025-05-12 03:29:07,012 ChatBI->     INFO     可以通过
2025-05-12 03:29:07,030 ChatBI->     INFO     “
2025-05-12 03:29:07,047 ChatBI->     INFO     事项
2025-05-12 03:29:07,064 ChatBI->     INFO     名称
2025-05-12 03:29:07,081 ChatBI->     INFO     ”
2025-05-12 03:29:07,098 ChatBI->     INFO     或
2025-05-12 03:29:07,115 ChatBI->     INFO     “
2025-05-12 03:29:07,132 ChatBI->     INFO     案件
2025-05-12 03:29:07,149 ChatBI->     INFO     描述
2025-05-12 03:29:07,166 ChatBI->     INFO     /
2025-05-12 03:29:07,183 ChatBI->     INFO     内容
2025-05-12 03:29:07,200 ChatBI->     INFO     描述
2025-05-12 03:29:07,217 ChatBI->     INFO     ”
2025-05-12 03:29:07,235 ChatBI->     INFO     字段
2025-05-12 03:29:07,252 ChatBI->     INFO     来
2025-05-12 03:29:07,269 ChatBI->     INFO     查找
2025-05-12 03:29:07,286 ChatBI->     INFO     包含
2025-05-12 03:29:07,303 ChatBI->     INFO     “
2025-05-12 03:29:07,320 ChatBI->     INFO     拖欠
2025-05-12 03:29:07,337 ChatBI->     INFO     农民工
2025-05-12 03:29:07,354 ChatBI->     INFO     工资
2025-05-12 03:29:07,371 ChatBI->     INFO     ”的
2025-05-12 03:29:07,388 ChatBI->     INFO     内容
2025-05-12 03:29:07,405 ChatBI->     INFO     。


2025-05-12 03:29:07,422 ChatBI->     INFO     ###
2025-05-12 03:29:07,439 ChatBI->     INFO      输出
2025-05-12 03:29:07,457 ChatBI->     INFO     字段
2025-05-12 03:29:07,474 ChatBI->     INFO     说明
2025-05-12 03:29:07,491 ChatBI->     INFO     ：

2025-05-12 03:29:07,509 ChatBI->     INFO     -
2025-05-12 03:29:07,525 ChatBI->     INFO      **
2025-05-12 03:29:07,542 ChatBI->     INFO     事项
2025-05-12 03:29:07,560 ChatBI->     INFO     名称
2025-05-12 03:29:07,577 ChatBI->     INFO     **
2025-05-12 03:29:07,594 ChatBI->     INFO     ：
2025-05-12 03:29:07,611 ChatBI->     INFO     用于
2025-05-12 03:29:07,628 ChatBI->     INFO     直接
2025-05-12 03:29:07,645 ChatBI->     INFO     查找
2025-05-12 03:29:07,663 ChatBI->     INFO     明确
2025-05-12 03:29:07,680 ChatBI->     INFO     标注
2025-05-12 03:29:07,697 ChatBI->     INFO     为
2025-05-12 03:29:07,714 ChatBI->     INFO     拖欠
2025-05-12 03:29:07,731 ChatBI->     INFO     农民工
2025-05-12 03:29:07,748 ChatBI->     INFO     工资
2025-05-12 03:29:07,765 ChatBI->     INFO     的
2025-05-12 03:29:07,781 ChatBI->     INFO     事项
2025-05-12 03:29:07,799 ChatBI->     INFO     。

2025-05-12 03:29:07,816 ChatBI->     INFO     -
2025-05-12 03:29:07,834 ChatBI->     INFO      **
2025-05-12 03:29:07,850 ChatBI->     INFO     案件
2025-05-12 03:29:07,867 ChatBI->     INFO     描述
2025-05-12 03:29:07,884 ChatBI->     INFO     /
2025-05-12 03:29:07,902 ChatBI->     INFO     内容
2025-05-12 03:29:07,919 ChatBI->     INFO     描述
2025-05-12 03:29:07,935 ChatBI->     INFO     **
2025-05-12 03:29:07,952 ChatBI->     INFO     ：
2025-05-12 03:29:07,970 ChatBI->     INFO     用于
2025-05-12 03:29:07,987 ChatBI->     INFO     查找
2025-05-12 03:29:08,004 ChatBI->     INFO     描述
2025-05-12 03:29:08,021 ChatBI->     INFO     中
2025-05-12 03:29:08,038 ChatBI->     INFO     包含
2025-05-12 03:29:08,055 ChatBI->     INFO     “
2025-05-12 03:29:08,072 ChatBI->     INFO     拖欠
2025-05-12 03:29:08,089 ChatBI->     INFO     农民工
2025-05-12 03:29:08,107 ChatBI->     INFO     工资
2025-05-12 03:29:08,124 ChatBI->     INFO     ”的
2025-05-12 03:29:08,141 ChatBI->     INFO     内容
2025-05-12 03:29:08,158 ChatBI->     INFO     。


2025-05-12 03:29:08,175 ChatBI->     INFO     ###
2025-05-12 03:29:08,192 ChatBI->     INFO     
2025-05-12 03:29:08,209 ChatBI->     INFO      条
2025-05-12 03:29:08,226 ChatBI->     INFO     件
2025-05-12 03:29:08,243 ChatBI->     INFO     字段
2025-05-12 03:29:08,260 ChatBI->     INFO     说明
2025-05-12 03:29:08,277 ChatBI->     INFO     ：

2025-05-12 03:29:08,295 ChatBI->     INFO     -
2025-05-12 03:29:08,312 ChatBI->     INFO      **
2025-05-12 03:29:08,329 ChatBI->     INFO     发现
2025-05-12 03:29:08,346 ChatBI->     INFO     时间
2025-05-12 03:29:08,363 ChatBI->     INFO     **
2025-05-12 03:29:08,380 ChatBI->     INFO     ：
2025-05-12 03:29:08,397 ChatBI->     INFO     限定
2025-05-12 03:29:08,414 ChatBI->     INFO     时间为
2025-05-12 03:29:08,431 ChatBI->     INFO     2
2025-05-12 03:29:08,448 ChatBI->     INFO     0
2025-05-12 03:29:08,465 ChatBI->     INFO     2
2025-05-12 03:29:08,483 ChatBI->     INFO     4
2025-05-12 03:29:08,500 ChatBI->     INFO     年
2025-05-12 03:29:08,517 ChatBI->     INFO     8
2025-05-12 03:29:08,534 ChatBI->     INFO     月份
2025-05-12 03:29:08,551 ChatBI->     INFO     。


2025-05-12 03:29:08,568 ChatBI->     INFO     DONE
2025-05-12 03:29:08,586 ChatBI->     INFO     
2025-05-12 03:29:09,053 ChatBI->     INFO     任务类型: 内容抽取
2025-05-12 03:29:11,148 ChatBI->     INFO     过滤表达式：  ('2024-08-01 00:00:00' < Discovery_Time < '2024-08-31 23:59:59') ; 查询问题： 拖欠农民工工资
2025-05-12 03:29:11,149 ChatBI->     INFO     开始对非结构化文档【粗略】检索
2025-05-12 03:29:11,340 ChatBI->     INFO     检索到的文档总数量为：441
2025-05-12 03:29:11,365 ChatBI->     INFO     开始对非结构化文档【深度】检索
2025-05-12 03:29:11,696 ChatBI->     INFO     层级抽取文档： 市民来电反映:2023年7月12日-11月上述小区翻新，市民是搭建脚手架的，市民称四建集团拖欠10万元左右的工资，拖欠人数：30人左右，现诉求：望管理部门为其追讨农民工工资。（需回复） ==> yes  
2025-05-12 03:29:11,697 ChatBI->     INFO     层级抽取文档： 市民来电反映:上述小学暑期翻新改建，7月28日-812日在上述地址的工作，做木工的，没有劳动合同，被拖欠工资，金额：1万元左右，人数：9人，总金额：2万多元。诉求：请管理部门核实并帮助催讨工资。 ==> yes  
2025-05-12 03:29:11,697 ChatBI->     INFO     层级抽取文档： 市民来电反映:其之前在上述地址企业工作，现在还有3500元工资没有拿到，市民告知没有签订过劳动合同，之前企业告知一年后发放，结果现在市民索要企业依旧不给。诉求：请管理部门核实并帮助讨薪。 ==> yes  
2025-05-12 03:29:11,697 ChatBI->     INFO     层级抽取文档： 市民来电反映:于2024年8月入职上述地址，虹口区天潼路133号17楼，“鼎信金服（市民称此为企业全称）”，信贷类公司，任职：销售，未签定劳动合同。于8月23日离职，被拖欠工资（金额不详），市民姓名：雷先生（全名拒绝告知），联系电话：18272173825。诉求：望管理部门核实，要求协助讨要被欠工资，另要求告知未签定劳动合同是否合规。（需回复） ==> no  
2025-05-12 03:29:11,697 ChatBI->     INFO     层级抽取文档： 市民来电反映:8月21日向居委书记反馈门卫问题，书记要求市民去居委去谈，市民表示不需要，就在门卫间谈，因为有很多小区居民，可以一起说，后续居委书记说还要报警，市民也拨打过几次公安，街道也处理过，但是居委都没有发放工资给保安，故投诉居委乱作为。诉求：请管理部门核实介入处理主任乱作为。（市民要求信息保密 需回复） ==> no  
2025-05-12 03:29:11,697 ChatBI->     INFO     层级抽取文档： 【重新交办，要求：答复要点与实际情况不符，市民表示该路段依旧每天6:00多开始施工，挖掘机严重扰民休息，并未做到7:00后开工，市民认为管理部门无效监管。噪音扰民现象由管理部门责令改正后合法施工应该符合第四十一条和第四十二条。诉求：要求7:30前停止噪音施工且设置噪音检测仪器监控噪，并要求管理部门而非项目经理予以答复市民。(市民要求信息保密，需要回复)。最近办结的工单编号：20240809003177，工单内容：重新交办，要求：答复要点与实际情况不符，玉田支路修路扰民问题未解决，早上6：00多开始严重扰民。前两次协商同意延迟至7:30后开工，没好几天均出尔反尔，且多次深夜24:00后施工，无夜间特殊施工许可证。诉求：要求后续19：30前停止噪音施工并设置噪音检测仪器监控噪音扰民现象。】 ==> no  
2025-05-12 03:29:11,697 ChatBI->     INFO     层级抽取文档： 市民来电反映:上述地址工地，市民表示晚上一直在施工严重噪音扰民，已经持续好几天了。诉求：望管理部门核实尽快让其停止夜间施工。（需回复） ==> no  
2025-05-12 03:29:11,697 ChatBI->     INFO     层级抽取文档： 市民来电反映:上述小区外面半夜3:00还在施工，好像是水处理工程，噪音扰民，影响居民休息，诉求：请管理部门核实停止夜间施工。（市民要求信息保密 需回复）
 ==> no  
2025-05-12 03:29:11,697 ChatBI->     INFO     层级抽取文档： 市民来电反映:8月31日1:00多中山北一路189弄附近在施工，噪音扰民，诉求：要求核实在做什么工程，是否有夜间施工证，若没有希望查处。（市民要求信息保密 需回复） ==> no  
2025-05-12 03:29:11,697 ChatBI->     INFO     层级抽取文档： 市民来电反映:8月11日上述地址道路施工至凌晨3:00,8月12日凌晨0:35分还在施工，产生的噪音影响周边居民正常休息，诉求：投诉该处道路夜间施工噪音扰民。（市民要求信息保密 无需回复） ==> no  
2025-05-12 03:29:11,697 ChatBI->     INFO     阈值索引为：60, 窗口大小为: 40 
2025-05-12 03:29:11,697 ChatBI->     INFO     确定的文档: 21; 在次确认的文档: 79
2025-05-12 03:29:14,080 ChatBI->     INFO     从79个需再次确认的文档中筛选出的相关文档数量：30
2025-05-12 03:29:14,080 ChatBI->     INFO     示例文档：['【是否签订劳动合同:已签订劳动合同,实际劳动地址:虹口区凉城路61号叮咚买菜,发生时间:2024-08-1317：56：00,欠薪人数:1,欠薪金额:2500,单位名称:叮咚买菜虹口区广中店,单位地址:虹口区~虹口区凉城路61号叮咚买菜】上班离职之后门店前负责人也离职，现负责人不肯提交之前上班考勤导致财务无法正常发放工资，沟通多次之后新的门店负责人依然不肯向公司财务提交考勤记录，让和已离职的前负责人沟通，我们是给公司工作，公司管理层离职交接出现问题是公司内部的事，不应该让我们去为公司内部错误买单，并且我又不是给前店长打工，不能因为负责人离职就不给发工资了', '市民反映：【是否签订劳动合同:未签订劳动合同,实际劳动地址:曲阳路851弄8号2102,发生时间:2024/08/22 08:00:00,欠薪人数:1,欠薪金额:600,工程项目名称:,单位地址:本市~null】其是做木地板安装的，当时安转完了找对方结钱，他说等晚点过去看一下就给，其就回家了。晚上问他，他说手机限额了明天给。第二天又联系他，他又说晚一点给，今天8月25日又打电话给他，他又说下午给，现在晚上19:00了，电话也打不通了。这是他的电话13248281800。诉求：请管理部门核实帮助讨薪。', '市民反映：【是否签订劳动合同:已签订劳动合同,实际劳动地址:奎照路840号,发生时间:2024/08/20 16:13:00,欠薪人数:1,欠薪金额:5300,工程项目名称:,单位地址:虹口区~奎照路840号】其8月14日递交辞职报告，上述地址单位以未交接工作为由克扣其7月工资。诉求：希望管理部门协助讨薪。', '【是否签订劳动合同:未签订劳动合同,实际劳动地址:虹口区四川北路街道17街坊,发生时间:2022/08/0110:01:00,欠薪人数:50,欠薪金额:1700000,工程项目名称:虹口区四川北路街十七街坊地块项目,单位地址:虹口区~海宁路四川北路交叉口】事发时间：2022年8月事发地址：虹口区四川北路街道17街坊（海宁路四川北路交叉口）事发经过：2022年8月，由上海虹房建筑工程有限公司刁老板安排我们到虹口区四川北路街道17街坊（海宁路四川北路交叉口）做石库门保护性加固卸解施工主要诉求：项目已经完工两年多，上海虹房建筑工程有限公司目前没有付我一分钱，后续付款时间也没有下文希望政府部门介入处理此事。', '【是否签订劳动合同:未签订劳动合同,实际劳动地址:虹口区，时装商厦三楼陕西疯狂凉皮店,发生时间:2024/08/0320:43:00,欠薪人数:1,欠薪金额:还未结算,单位名称:陕西疯狂凉皮店,单位地址:虹口区~虹口区，时装商厦，三楼，陕西疯狂凉皮店】故意拖欠工资，发信息不回，打电话不接']
2025-05-12 03:29:14,685 ChatBI->     INFO     抽取的关键词列表为：['拖欠农民工工资的企业']
2025-05-12 03:29:14,685 ChatBI->     INFO     关键词json输出格式 --> {"拖欠农民工工资的企业": "<抽取拖欠农民工工资的企业信息>"}
2025-05-12 03:29:16,975 ChatBI->     INFO     websocket发送的数据为：{"response": [{"拖欠农民工工资的企业": "上海虹房建筑工程有限公司", "数量": 2}, {"拖欠农民工工资的企业": "陕西疯狂凉皮店", "数量": 1}, {"拖欠农民工工资的企业": "泽林东方酒店", "数量": 1}, {"拖欠农民工工资的企业": "上海三角地菜市场经营管理有限公司", "数量": 1}, {"拖欠农民工工资的企业": "顺丰", "数量": 1}, {"拖欠农民工工资的企业": "佳洁公司", "数量": 1}, {"拖欠农民工工资的企业": "上海枫娟实业有限公司", "数量": 1}, {"拖欠农民工工资的企业": "上海银雁科技有限公司", "数量": 1}, {"拖欠农民工工资的企业": "上海市慷敏贸易有限公司", "数量": 1}, {"拖欠农民工工资的企业": "叮咚买菜虹口区广中店", "数量": 1}, {"拖欠农民工工资的企业": "菜鸟驿站", "数量": 1}, {"拖欠农民工工资的企业": "极兔快递", "数量": 1}, {"拖欠农民工工资的企业": "上海福寿康川虹护理站", "数量": 1}, {"拖欠农民工工资的企业": "叮咚买菜", "数量": 1}, {"拖欠农民工工资的企业": "上海泓韶建筑装饰有限公司", "数量": 1}, {"拖欠农民工工资的企业": "上海坤超餐饮管理有限公司", "数量": 1}, {"拖欠农民工工资的企业": "虹口区福赐苑业主委员会", "数量": 1}, {"拖欠农民工工资的企业": "财小咖管理咨询（上海）有限责任公司", "数量": 1}, {"拖欠农民工工资的企业": "上药医疗器械（上海）有限公司", "数量": 1}, {"拖欠农民工工资的企业": "金令装饰有限公司", "数量": 1}, {"拖欠农民工工资的企业": "美团", "数量": 1}, {"拖欠农民工工资的企业": "中通快递", "数量": 1}, {"拖欠农民工工资的企业": "未明确提及企业名称", "数量": 1}, {"拖欠农民工工资的企业": "上海柴盛工业科技有限公司", "数量": 1}, {"拖欠农民工工资的企业": "虹口区~奎照路840号", "数量": 1}, {"拖欠农民工工资的企业": "四建集团", "数量": 1}, {"拖欠农民工工资的企业": "上海绿奔建筑工程有限公司", "数量": 1}, {"拖欠农民工工资的企业": "未提供具体企业名称", "数量": 1}, {"拖欠农民工工资的企业": "南天公司", "数量": 1}, {"拖欠农民工工资的企业": "云南米线", "数量": 1}, {"拖欠农民工工资的企业": "上海揽浦建筑工程有限公司", "数量": 1}, {"拖欠农民工工资的企业": "虹口区赤峰路626弄宏田小区15号202室", "数量": 1}, {"拖欠农民工工资的企业": "上海陈政市政建筑工程市民有限公司", "数量": 1}, {"拖欠农民工工资的企业": "上海聚英餐饮有限公司", "数量": 1}, {"拖欠农民工工资的企业": "上海安宁消防有限公司", "数量": 1}, {"拖欠农民工工资的企业": "上海秦汉胡同文化科技有限公司", "数量": 1}, {"拖欠农民工工资的企业": "秦汉胡同国学书院曲阳馆", "数量": 1}, {"拖欠农民工工资的企业": "上海古准供应链管理有限公司", "数量": 1}, {"拖欠农民工工资的企业": "长阳物流有限公司", "数量": 1}, {"拖欠农民工工资的企业": "上海砼极建筑结构工程有限公司", "数量": 1}, {"拖欠农民工工资的企业": "霸王茶姬", "数量": 1}, {"拖欠农民工工资的企业": "江苏神工装饰工程有限公司", "数量": 1}, {"拖欠农民工工资的企业": "上海股准供应链管理有限公司", "数量": 1}]}
2025-05-12 03:29:16,975 ChatBI->     INFO     websocket发送的数据为：{"data_detail": [{}]}
2025-05-12 03:29:17,646 ChatBI->     INFO     websocket发送的数据为：{"result_insight": "2024年8月，有20家企业因拖欠农民工工资被提及，包括上海虹房建筑工程有限公司、陕西疯狂凉皮店等。"}
2025-05-12 03:29:19,164 ChatBI->     INFO     websocket发送的数据为：{"result_recommand": {"new_query_1": "这些企业中哪些属于投诉举报类的工单？", "new_query_2": "拖欠农民工工资的企业中，哪些企业的案件数量超过3个？", "new_query_3": "这些企业中是否有涉及公共安全类别的工单？"}}
2025-05-12 05:00:35,047 ChatBI->     INFO     schema linking: {'target_columns': ['案件描述/内容描述'], 'condition_columns': {'发现时间': '2024-08', '案件描述/内容描述': '拖欠农民工工资'}}
2025-05-12 05:00:35,381 ChatBI->     INFO     
2025-05-12 05:00:35,392 ChatBI->     INFO     你
2025-05-12 05:00:35,404 ChatBI->     INFO     希望
2025-05-12 05:00:35,416 ChatBI->     INFO     从
2025-05-12 05:00:35,430 ChatBI->     INFO     2
2025-05-12 05:00:35,447 ChatBI->     INFO     0
2025-05-12 05:00:35,464 ChatBI->     INFO     2
2025-05-12 05:00:35,483 ChatBI->     INFO     4
2025-05-12 05:00:35,498 ChatBI->     INFO     年
2025-05-12 05:00:35,515 ChatBI->     INFO     8
2025-05-12 05:00:35,532 ChatBI->     INFO     月份
2025-05-12 05:00:35,549 ChatBI->     INFO     的
2025-05-12 05:00:35,566 ChatBI->     INFO     工
2025-05-12 05:00:35,583 ChatBI->     INFO     单
2025-05-12 05:00:35,600 ChatBI->     INFO     内容
2025-05-12 05:00:35,617 ChatBI->     INFO     中
2025-05-12 05:00:35,635 ChatBI->     INFO     抽
2025-05-12 05:00:35,653 ChatBI->     INFO     取出
2025-05-12 05:00:35,669 ChatBI->     INFO     涉及
2025-05-12 05:00:35,687 ChatBI->     INFO     拖欠
2025-05-12 05:00:35,704 ChatBI->     INFO     农民工
2025-05-12 05:00:35,722 ChatBI->     INFO     工资
2025-05-12 05:00:35,739 ChatBI->     INFO     的企业
2025-05-12 05:00:35,756 ChatBI->     INFO     。
2025-05-12 05:00:35,773 ChatBI->     INFO     这是一个
2025-05-12 05:00:35,791 ChatBI->     INFO     筛选
2025-05-12 05:00:35,807 ChatBI->     INFO     和
2025-05-12 05:00:35,824 ChatBI->     INFO     提取
2025-05-12 05:00:35,841 ChatBI->     INFO     特定
2025-05-12 05:00:35,859 ChatBI->     INFO     信息
2025-05-12 05:00:35,876 ChatBI->     INFO     的问题
2025-05-12 05:00:35,892 ChatBI->     INFO     。
2025-05-12 05:00:35,910 ChatBI->     INFO     需要
2025-05-12 05:00:35,928 ChatBI->     INFO     将
2025-05-12 05:00:35,944 ChatBI->     INFO     时间
2025-05-12 05:00:35,961 ChatBI->     INFO     设
2025-05-12 05:00:35,979 ChatBI->     INFO     为
2025-05-12 05:00:35,996 ChatBI->     INFO     维度
2025-05-12 05:00:36,013 ChatBI->     INFO     字段
2025-05-12 05:00:36,030 ChatBI->     INFO     ，并
2025-05-12 05:00:36,047 ChatBI->     INFO     限定
2025-05-12 05:00:36,064 ChatBI->     INFO     时间为
2025-05-12 05:00:36,081 ChatBI->     INFO     2
2025-05-12 05:00:36,098 ChatBI->     INFO     0
2025-05-12 05:00:36,115 ChatBI->     INFO     2
2025-05-12 05:00:36,132 ChatBI->     INFO     4
2025-05-12 05:00:36,149 ChatBI->     INFO     年
2025-05-12 05:00:36,166 ChatBI->     INFO     8
2025-05-12 05:00:36,183 ChatBI->     INFO     月份
2025-05-12 05:00:36,200 ChatBI->     INFO     ；
2025-05-12 05:00:36,217 ChatBI->     INFO     同时
2025-05-12 05:00:36,235 ChatBI->     INFO     ，
2025-05-12 05:00:36,252 ChatBI->     INFO     需要
2025-05-12 05:00:36,268 ChatBI->     INFO     将
2025-05-12 05:00:36,287 ChatBI->     INFO     涉及
2025-05-12 05:00:36,302 ChatBI->     INFO     农民工
2025-05-12 05:00:36,319 ChatBI->     INFO     工资
2025-05-12 05:00:36,336 ChatBI->     INFO     的
2025-05-12 05:00:36,353 ChatBI->     INFO     事项
2025-05-12 05:00:36,370 ChatBI->     INFO     名称
2025-05-12 05:00:36,388 ChatBI->     INFO     或
2025-05-12 05:00:36,405 ChatBI->     INFO     描述
2025-05-12 05:00:36,422 ChatBI->     INFO     设
2025-05-12 05:00:36,439 ChatBI->     INFO     为
2025-05-12 05:00:36,456 ChatBI->     INFO     筛选
2025-05-12 05:00:36,473 ChatBI->     INFO     条件
2025-05-12 05:00:36,490 ChatBI->     INFO     ，
2025-05-12 05:00:36,507 ChatBI->     INFO     以
2025-05-12 05:00:36,525 ChatBI->     INFO     识别
2025-05-12 05:00:36,541 ChatBI->     INFO     出
2025-05-12 05:00:36,559 ChatBI->     INFO     与
2025-05-12 05:00:36,576 ChatBI->     INFO     拖欠
2025-05-12 05:00:36,592 ChatBI->     INFO     农民工
2025-05-12 05:00:36,610 ChatBI->     INFO     工资
2025-05-12 05:00:36,626 ChatBI->     INFO     相关的
2025-05-12 05:00:36,644 ChatBI->     INFO     工
2025-05-12 05:00:36,661 ChatBI->     INFO     单
2025-05-12 05:00:36,677 ChatBI->     INFO     。
2025-05-12 05:00:36,695 ChatBI->     INFO     具体
2025-05-12 05:00:36,712 ChatBI->     INFO     来说
2025-05-12 05:00:36,729 ChatBI->     INFO     ，
2025-05-12 05:00:36,746 ChatBI->     INFO     可以通过
2025-05-12 05:00:36,763 ChatBI->     INFO     “
2025-05-12 05:00:36,780 ChatBI->     INFO     事项
2025-05-12 05:00:36,797 ChatBI->     INFO     名称
2025-05-12 05:00:36,814 ChatBI->     INFO     ”
2025-05-12 05:00:36,831 ChatBI->     INFO     或
2025-05-12 05:00:36,848 ChatBI->     INFO     “
2025-05-12 05:00:36,865 ChatBI->     INFO     案件
2025-05-12 05:00:36,882 ChatBI->     INFO     描述
2025-05-12 05:00:36,899 ChatBI->     INFO     /
2025-05-12 05:00:36,916 ChatBI->     INFO     内容
2025-05-12 05:00:36,933 ChatBI->     INFO     描述
2025-05-12 05:00:36,950 ChatBI->     INFO     ”
2025-05-12 05:00:36,967 ChatBI->     INFO     字段
2025-05-12 05:00:36,984 ChatBI->     INFO     来
2025-05-12 05:00:37,002 ChatBI->     INFO     查找
2025-05-12 05:00:37,018 ChatBI->     INFO     包含
2025-05-12 05:00:37,035 ChatBI->     INFO     “
2025-05-12 05:00:37,053 ChatBI->     INFO     拖欠
2025-05-12 05:00:37,070 ChatBI->     INFO     农民工
2025-05-12 05:00:37,087 ChatBI->     INFO     工资
2025-05-12 05:00:37,103 ChatBI->     INFO     ”的
2025-05-12 05:00:37,121 ChatBI->     INFO     内容
2025-05-12 05:00:37,138 ChatBI->     INFO     。


2025-05-12 05:00:37,155 ChatBI->     INFO     ###
2025-05-12 05:00:37,172 ChatBI->     INFO      输出
2025-05-12 05:00:37,189 ChatBI->     INFO     字段
2025-05-12 05:00:37,206 ChatBI->     INFO     说明
2025-05-12 05:00:37,223 ChatBI->     INFO     ：

2025-05-12 05:00:37,240 ChatBI->     INFO     -
2025-05-12 05:00:37,257 ChatBI->     INFO      **
2025-05-12 05:00:37,274 ChatBI->     INFO     事项
2025-05-12 05:00:37,291 ChatBI->     INFO     名称
2025-05-12 05:00:37,308 ChatBI->     INFO     **
2025-05-12 05:00:37,325 ChatBI->     INFO     ：
2025-05-12 05:00:37,342 ChatBI->     INFO     用于
2025-05-12 05:00:37,359 ChatBI->     INFO     直接
2025-05-12 05:00:37,376 ChatBI->     INFO     查找
2025-05-12 05:00:37,393 ChatBI->     INFO     明确
2025-05-12 05:00:37,411 ChatBI->     INFO     标注
2025-05-12 05:00:37,427 ChatBI->     INFO     为
2025-05-12 05:00:37,444 ChatBI->     INFO     拖欠
2025-05-12 05:00:37,461 ChatBI->     INFO     农民工
2025-05-12 05:00:37,479 ChatBI->     INFO     工资
2025-05-12 05:00:37,495 ChatBI->     INFO     的
2025-05-12 05:00:37,512 ChatBI->     INFO     事项
2025-05-12 05:00:37,529 ChatBI->     INFO     。

2025-05-12 05:00:37,547 ChatBI->     INFO     -
2025-05-12 05:00:37,564 ChatBI->     INFO      **
2025-05-12 05:00:37,581 ChatBI->     INFO     案件
2025-05-12 05:00:37,597 ChatBI->     INFO     描述
2025-05-12 05:00:37,615 ChatBI->     INFO     /
2025-05-12 05:00:37,632 ChatBI->     INFO     内容
2025-05-12 05:00:37,649 ChatBI->     INFO     描述
2025-05-12 05:00:37,666 ChatBI->     INFO     **
2025-05-12 05:00:37,683 ChatBI->     INFO     ：
2025-05-12 05:00:37,700 ChatBI->     INFO     用于
2025-05-12 05:00:37,717 ChatBI->     INFO     查找
2025-05-12 05:00:37,734 ChatBI->     INFO     描述
2025-05-12 05:00:37,751 ChatBI->     INFO     中
2025-05-12 05:00:37,768 ChatBI->     INFO     包含
2025-05-12 05:00:37,785 ChatBI->     INFO     “
2025-05-12 05:00:37,802 ChatBI->     INFO     拖欠
2025-05-12 05:00:37,819 ChatBI->     INFO     农民工
2025-05-12 05:00:37,836 ChatBI->     INFO     工资
2025-05-12 05:00:37,853 ChatBI->     INFO     ”的
2025-05-12 05:00:37,870 ChatBI->     INFO     内容
2025-05-12 05:00:37,887 ChatBI->     INFO     。


2025-05-12 05:00:37,905 ChatBI->     INFO     ###
2025-05-12 05:00:37,921 ChatBI->     INFO     
2025-05-12 05:00:37,939 ChatBI->     INFO      条
2025-05-12 05:00:37,956 ChatBI->     INFO     件
2025-05-12 05:00:37,972 ChatBI->     INFO     字段
2025-05-12 05:00:37,990 ChatBI->     INFO     说明
2025-05-12 05:00:38,006 ChatBI->     INFO     ：

2025-05-12 05:00:38,023 ChatBI->     INFO     -
2025-05-12 05:00:38,041 ChatBI->     INFO      **
2025-05-12 05:00:38,058 ChatBI->     INFO     发现
2025-05-12 05:00:38,075 ChatBI->     INFO     时间
2025-05-12 05:00:38,091 ChatBI->     INFO     **
2025-05-12 05:00:38,109 ChatBI->     INFO     ：
2025-05-12 05:00:38,126 ChatBI->     INFO     限定
2025-05-12 05:00:38,143 ChatBI->     INFO     时间为
2025-05-12 05:00:38,160 ChatBI->     INFO     2
2025-05-12 05:00:38,177 ChatBI->     INFO     0
2025-05-12 05:00:38,194 ChatBI->     INFO     2
2025-05-12 05:00:38,211 ChatBI->     INFO     4
2025-05-12 05:00:38,228 ChatBI->     INFO     年
2025-05-12 05:00:38,245 ChatBI->     INFO     8
2025-05-12 05:00:38,263 ChatBI->     INFO     月份
2025-05-12 05:00:38,279 ChatBI->     INFO     。


2025-05-12 05:00:38,296 ChatBI->     INFO     DONE
2025-05-12 05:00:38,315 ChatBI->     INFO     
2025-05-12 05:00:38,777 ChatBI->     INFO     任务类型: 内容抽取
2025-05-12 05:00:40,872 ChatBI->     INFO     过滤表达式：  ('2024-08-01 00:00:00' < Discovery_Time < '2024-08-31 23:59:59') ; 查询问题： 拖欠农民工工资
2025-05-12 05:00:40,874 ChatBI->     INFO     开始对非结构化文档【粗略】检索
2025-05-12 05:00:41,087 ChatBI->     INFO     检索到的文档总数量为：441
2025-05-12 05:00:41,113 ChatBI->     INFO     开始对非结构化文档【深度】检索
2025-05-12 05:00:41,440 ChatBI->     INFO     层级抽取文档： 市民来电反映:2023年7月12日-11月上述小区翻新，市民是搭建脚手架的，市民称四建集团拖欠10万元左右的工资，拖欠人数：30人左右，现诉求：望管理部门为其追讨农民工工资。（需回复） ==> yes  
2025-05-12 05:00:41,440 ChatBI->     INFO     层级抽取文档： 市民来电反映:上述小学暑期翻新改建，7月28日-812日在上述地址的工作，做木工的，没有劳动合同，被拖欠工资，金额：1万元左右，人数：9人，总金额：2万多元。诉求：请管理部门核实并帮助催讨工资。 ==> yes  
2025-05-12 05:00:41,441 ChatBI->     INFO     层级抽取文档： 市民来电反映:其之前在上述地址企业工作，现在还有3500元工资没有拿到，市民告知没有签订过劳动合同，之前企业告知一年后发放，结果现在市民索要企业依旧不给。诉求：请管理部门核实并帮助讨薪。 ==> yes  
2025-05-12 05:00:41,441 ChatBI->     INFO     层级抽取文档： 市民来电反映:于2024年8月入职上述地址，虹口区天潼路133号17楼，“鼎信金服（市民称此为企业全称）”，信贷类公司，任职：销售，未签定劳动合同。于8月23日离职，被拖欠工资（金额不详），市民姓名：雷先生（全名拒绝告知），联系电话：18272173825。诉求：望管理部门核实，要求协助讨要被欠工资，另要求告知未签定劳动合同是否合规。（需回复） ==> no  
2025-05-12 05:00:41,441 ChatBI->     INFO     层级抽取文档： 市民来电反映:8月21日向居委书记反馈门卫问题，书记要求市民去居委去谈，市民表示不需要，就在门卫间谈，因为有很多小区居民，可以一起说，后续居委书记说还要报警，市民也拨打过几次公安，街道也处理过，但是居委都没有发放工资给保安，故投诉居委乱作为。诉求：请管理部门核实介入处理主任乱作为。（市民要求信息保密 需回复） ==> no  
2025-05-12 05:00:41,441 ChatBI->     INFO     层级抽取文档： 【重新交办，要求：答复要点与实际情况不符，市民表示该路段依旧每天6:00多开始施工，挖掘机严重扰民休息，并未做到7:00后开工，市民认为管理部门无效监管。噪音扰民现象由管理部门责令改正后合法施工应该符合第四十一条和第四十二条。诉求：要求7:30前停止噪音施工且设置噪音检测仪器监控噪，并要求管理部门而非项目经理予以答复市民。(市民要求信息保密，需要回复)。最近办结的工单编号：20240809003177，工单内容：重新交办，要求：答复要点与实际情况不符，玉田支路修路扰民问题未解决，早上6：00多开始严重扰民。前两次协商同意延迟至7:30后开工，没好几天均出尔反尔，且多次深夜24:00后施工，无夜间特殊施工许可证。诉求：要求后续19：30前停止噪音施工并设置噪音检测仪器监控噪音扰民现象。】 ==> no  
2025-05-12 05:00:41,441 ChatBI->     INFO     层级抽取文档： 市民来电反映:上述地址工地，市民表示晚上一直在施工严重噪音扰民，已经持续好几天了。诉求：望管理部门核实尽快让其停止夜间施工。（需回复） ==> no  
2025-05-12 05:00:41,441 ChatBI->     INFO     层级抽取文档： 市民来电反映:上述小区外面半夜3:00还在施工，好像是水处理工程，噪音扰民，影响居民休息，诉求：请管理部门核实停止夜间施工。（市民要求信息保密 需回复）
 ==> no  
2025-05-12 05:00:41,441 ChatBI->     INFO     层级抽取文档： 市民来电反映:8月31日1:00多中山北一路189弄附近在施工，噪音扰民，诉求：要求核实在做什么工程，是否有夜间施工证，若没有希望查处。（市民要求信息保密 需回复） ==> no  
2025-05-12 05:00:41,441 ChatBI->     INFO     层级抽取文档： 市民来电反映:8月11日上述地址道路施工至凌晨3:00,8月12日凌晨0:35分还在施工，产生的噪音影响周边居民正常休息，诉求：投诉该处道路夜间施工噪音扰民。（市民要求信息保密 无需回复） ==> no  
2025-05-12 05:00:41,441 ChatBI->     INFO     阈值索引为：60, 窗口大小为: 40 
2025-05-12 05:00:41,441 ChatBI->     INFO     确定的文档: 21; 在次确认的文档: 79
2025-05-12 05:00:43,856 ChatBI->     INFO     从79个需再次确认的文档中筛选出的相关文档数量：30
2025-05-12 05:00:43,856 ChatBI->     INFO     示例文档：['【是否签订劳动合同:已签订劳动合同,实际劳动地址:虹口区凉城路61号叮咚买菜,发生时间:2024-08-1317：56：00,欠薪人数:1,欠薪金额:2500,单位名称:叮咚买菜虹口区广中店,单位地址:虹口区~虹口区凉城路61号叮咚买菜】上班离职之后门店前负责人也离职，现负责人不肯提交之前上班考勤导致财务无法正常发放工资，沟通多次之后新的门店负责人依然不肯向公司财务提交考勤记录，让和已离职的前负责人沟通，我们是给公司工作，公司管理层离职交接出现问题是公司内部的事，不应该让我们去为公司内部错误买单，并且我又不是给前店长打工，不能因为负责人离职就不给发工资了', '市民反映：【是否签订劳动合同:未签订劳动合同,实际劳动地址:曲阳路851弄8号2102,发生时间:2024/08/22 08:00:00,欠薪人数:1,欠薪金额:600,工程项目名称:,单位地址:本市~null】其是做木地板安装的，当时安转完了找对方结钱，他说等晚点过去看一下就给，其就回家了。晚上问他，他说手机限额了明天给。第二天又联系他，他又说晚一点给，今天8月25日又打电话给他，他又说下午给，现在晚上19:00了，电话也打不通了。这是他的电话13248281800。诉求：请管理部门核实帮助讨薪。', '市民反映：【是否签订劳动合同:已签订劳动合同,实际劳动地址:奎照路840号,发生时间:2024/08/20 16:13:00,欠薪人数:1,欠薪金额:5300,工程项目名称:,单位地址:虹口区~奎照路840号】其8月14日递交辞职报告，上述地址单位以未交接工作为由克扣其7月工资。诉求：希望管理部门协助讨薪。', '【是否签订劳动合同:未签订劳动合同,实际劳动地址:虹口区四川北路街道17街坊,发生时间:2022/08/0110:01:00,欠薪人数:50,欠薪金额:1700000,工程项目名称:虹口区四川北路街十七街坊地块项目,单位地址:虹口区~海宁路四川北路交叉口】事发时间：2022年8月事发地址：虹口区四川北路街道17街坊（海宁路四川北路交叉口）事发经过：2022年8月，由上海虹房建筑工程有限公司刁老板安排我们到虹口区四川北路街道17街坊（海宁路四川北路交叉口）做石库门保护性加固卸解施工主要诉求：项目已经完工两年多，上海虹房建筑工程有限公司目前没有付我一分钱，后续付款时间也没有下文希望政府部门介入处理此事。', '【是否签订劳动合同:未签订劳动合同,实际劳动地址:虹口区，时装商厦三楼陕西疯狂凉皮店,发生时间:2024/08/0320:43:00,欠薪人数:1,欠薪金额:还未结算,单位名称:陕西疯狂凉皮店,单位地址:虹口区~虹口区，时装商厦，三楼，陕西疯狂凉皮店】故意拖欠工资，发信息不回，打电话不接']
2025-05-12 05:00:44,465 ChatBI->     INFO     抽取的关键词列表为：['拖欠农民工工资的企业']
2025-05-12 05:00:44,465 ChatBI->     INFO     关键词json输出格式 --> {"拖欠农民工工资的企业": "<抽取拖欠农民工工资的企业信息>"}
2025-05-12 05:00:46,878 ChatBI->     INFO     websocket发送的数据为：{"response": [{"拖欠农民工工资的企业": "上海虹房建筑工程有限公司", "数量": 2}, {"拖欠农民工工资的企业": "陕西疯狂凉皮店", "数量": 1}, {"拖欠农民工工资的企业": "泽林东方酒店", "数量": 1}, {"拖欠农民工工资的企业": "上海三角地菜市场经营管理有限公司", "数量": 1}, {"拖欠农民工工资的企业": "顺丰", "数量": 1}, {"拖欠农民工工资的企业": "佳洁公司", "数量": 1}, {"拖欠农民工工资的企业": "上海枫娟实业有限公司", "数量": 1}, {"拖欠农民工工资的企业": "上海银雁科技有限公司", "数量": 1}, {"拖欠农民工工资的企业": "上海市慷敏贸易有限公司", "数量": 1}, {"拖欠农民工工资的企业": "叮咚买菜虹口区广中店", "数量": 1}, {"拖欠农民工工资的企业": "菜鸟驿站", "数量": 1}, {"拖欠农民工工资的企业": "极兔快递", "数量": 1}, {"拖欠农民工工资的企业": "上海福寿康川虹护理站", "数量": 1}, {"拖欠农民工工资的企业": "叮咚买菜", "数量": 1}, {"拖欠农民工工资的企业": "上海泓韶建筑装饰有限公司", "数量": 1}, {"拖欠农民工工资的企业": "上海坤超餐饮管理有限公司", "数量": 1}, {"拖欠农民工工资的企业": "虹口区福赐苑业主委员会", "数量": 1}, {"拖欠农民工工资的企业": "财小咖管理咨询（上海）有限责任公司", "数量": 1}, {"拖欠农民工工资的企业": "上药医疗器械（上海）有限公司", "数量": 1}, {"拖欠农民工工资的企业": "金令装饰有限公司", "数量": 1}, {"拖欠农民工工资的企业": "美团", "数量": 1}, {"拖欠农民工工资的企业": "中通快递", "数量": 1}, {"拖欠农民工工资的企业": "未明确提及企业名称", "数量": 1}, {"拖欠农民工工资的企业": "上海柴盛工业科技有限公司", "数量": 1}, {"拖欠农民工工资的企业": "虹口区~奎照路840号", "数量": 1}, {"拖欠农民工工资的企业": "四建集团", "数量": 1}, {"拖欠农民工工资的企业": "上海绿奔建筑工程有限公司", "数量": 1}, {"拖欠农民工工资的企业": "未提供具体企业名称", "数量": 1}, {"拖欠农民工工资的企业": "南天公司", "数量": 1}, {"拖欠农民工工资的企业": "云南米线", "数量": 1}, {"拖欠农民工工资的企业": "上海揽浦建筑工程有限公司", "数量": 1}, {"拖欠农民工工资的企业": "虹口区赤峰路626弄宏田小区15号202室", "数量": 1}, {"拖欠农民工工资的企业": "上海陈政市政建筑工程市民有限公司", "数量": 1}, {"拖欠农民工工资的企业": "上海聚英餐饮有限公司", "数量": 1}, {"拖欠农民工工资的企业": "上海安宁消防有限公司", "数量": 1}, {"拖欠农民工工资的企业": "上海秦汉胡同文化科技有限公司", "数量": 1}, {"拖欠农民工工资的企业": "秦汉胡同国学书院曲阳馆", "数量": 1}, {"拖欠农民工工资的企业": "上海古准供应链管理有限公司", "数量": 1}, {"拖欠农民工工资的企业": "长阳物流有限公司", "数量": 1}, {"拖欠农民工工资的企业": "上海砼极建筑结构工程有限公司", "数量": 1}, {"拖欠农民工工资的企业": "霸王茶姬", "数量": 1}, {"拖欠农民工工资的企业": "江苏神工装饰工程有限公司", "数量": 1}, {"拖欠农民工工资的企业": "上海股准供应链管理有限公司", "数量": 1}]}
2025-05-12 05:00:46,878 ChatBI->     INFO     websocket发送的数据为：{"data_detail": [{}]}
2025-05-12 05:00:47,549 ChatBI->     INFO     websocket发送的数据为：{"result_insight": "2024年8月，有20家企业因拖欠农民工工资被提及，包括上海虹房建筑工程有限公司、陕西疯狂凉皮店等。"}
2025-05-12 05:00:49,062 ChatBI->     INFO     websocket发送的数据为：{"result_recommand": {"new_query_1": "这些企业中哪些属于投诉举报类的工单？", "new_query_2": "拖欠农民工工资的企业中，哪些企业的案件数量超过3个？", "new_query_3": "这些企业中是否有涉及公共安全类别的工单？"}}
