2025-05-15 08:13:54,903 ChatBI->     INFO     schema linking: {'target_columns': ['姓名'], 'condition_columns': {'工匠介绍（缩写）': '五一劳动奖章获得者'}}
2025-05-15 08:13:55,160 ChatBI->     INFO     
2025-05-15 08:13:55,172 ChatBI->     INFO     你
2025-05-15 08:13:55,184 ChatBI->     INFO     希望
2025-05-15 08:13:55,195 ChatBI->     INFO     了解
2025-05-15 08:13:55,207 ChatBI->     INFO     获得
2025-05-15 08:13:55,219 ChatBI->     INFO     五一
2025-05-15 08:13:55,235 ChatBI->     INFO     劳动
2025-05-15 08:13:55,252 ChatBI->     INFO     奖
2025-05-15 08:13:55,269 ChatBI->     INFO     章
2025-05-15 08:13:55,286 ChatBI->     INFO     的
2025-05-15 08:13:55,303 ChatBI->     INFO     工匠
2025-05-15 08:13:55,320 ChatBI->     INFO     有哪些
2025-05-15 08:13:55,337 ChatBI->     INFO     。
2025-05-15 08:13:55,354 ChatBI->     INFO     这是一个
2025-05-15 08:13:55,371 ChatBI->     INFO     筛选
2025-05-15 08:13:55,388 ChatBI->     INFO     特定
2025-05-15 08:13:55,405 ChatBI->     INFO     荣誉
2025-05-15 08:13:55,422 ChatBI->     INFO     的
2025-05-15 08:13:55,439 ChatBI->     INFO     查询
2025-05-15 08:13:55,456 ChatBI->     INFO     问题
2025-05-15 08:13:55,473 ChatBI->     INFO     。
2025-05-15 08:13:55,490 ChatBI->     INFO     需要
2025-05-15 08:13:55,507 ChatBI->     INFO     将
2025-05-15 08:13:55,524 ChatBI->     INFO     工匠
2025-05-15 08:13:55,541 ChatBI->     INFO     的
2025-05-15 08:13:55,558 ChatBI->     INFO     姓名
2025-05-15 08:13:55,575 ChatBI->     INFO     设
2025-05-15 08:13:55,592 ChatBI->     INFO     为
2025-05-15 08:13:55,609 ChatBI->     INFO     维度
2025-05-15 08:13:55,626 ChatBI->     INFO     字段
2025-05-15 08:13:55,644 ChatBI->     INFO     ，并
2025-05-15 08:13:55,660 ChatBI->     INFO     筛选
2025-05-15 08:13:55,678 ChatBI->     INFO     出
2025-05-15 08:13:55,695 ChatBI->     INFO     “
2025-05-15 08:13:55,712 ChatBI->     INFO     工匠
2025-05-15 08:13:55,729 ChatBI->     INFO     介绍
2025-05-15 08:13:55,747 ChatBI->     INFO     ”
2025-05-15 08:13:55,762 ChatBI->     INFO     中
2025-05-15 08:13:55,780 ChatBI->     INFO     包含
2025-05-15 08:13:55,797 ChatBI->     INFO     “
2025-05-15 08:13:55,815 ChatBI->     INFO     五一
2025-05-15 08:13:55,831 ChatBI->     INFO     劳动
2025-05-15 08:13:55,848 ChatBI->     INFO     奖
2025-05-15 08:13:55,865 ChatBI->     INFO     章
2025-05-15 08:13:55,882 ChatBI->     INFO     ”
2025-05-15 08:13:55,899 ChatBI->     INFO     或
2025-05-15 08:13:55,916 ChatBI->     INFO     相关
2025-05-15 08:13:55,933 ChatBI->     INFO     描述
2025-05-15 08:13:55,950 ChatBI->     INFO     的
2025-05-15 08:13:55,967 ChatBI->     INFO     记录
2025-05-15 08:13:55,984 ChatBI->     INFO     。
2025-05-15 08:13:56,001 ChatBI->     INFO     条件
2025-05-15 08:13:56,018 ChatBI->     INFO     字段
2025-05-15 08:13:56,035 ChatBI->     INFO     包括
2025-05-15 08:13:56,052 ChatBI->     INFO     工匠
2025-05-15 08:13:56,069 ChatBI->     INFO     介绍
2025-05-15 08:13:56,086 ChatBI->     INFO     中
2025-05-15 08:13:56,103 ChatBI->     INFO     包含
2025-05-15 08:13:56,120 ChatBI->     INFO     “
2025-05-15 08:13:56,137 ChatBI->     INFO     五一
2025-05-15 08:13:56,154 ChatBI->     INFO     劳动
2025-05-15 08:13:56,171 ChatBI->     INFO     奖
2025-05-15 08:13:56,188 ChatBI->     INFO     章
2025-05-15 08:13:56,205 ChatBI->     INFO     ”
2025-05-15 08:13:56,222 ChatBI->     INFO     或
2025-05-15 08:13:56,239 ChatBI->     INFO     相关
2025-05-15 08:13:56,256 ChatBI->     INFO     描述
2025-05-15 08:13:56,273 ChatBI->     INFO     。


2025-05-15 08:13:56,290 ChatBI->     INFO     DONE
2025-05-15 08:13:56,311 ChatBI->     INFO     
2025-05-15 08:13:56,326 ChatBI->     INFO     任务类型: SQL
2025-05-15 08:13:57,520 ChatBI->     INFO     stad sql: SELECT `姓名` FROM gjw WHERE `工匠介绍（缩写）` LIKE '%五一劳动奖章获得者%' LIMIT 10;
2025-05-15 08:13:57,526 ChatBI->     INFO     非结构化信息为: {"`工匠介绍（缩写）` LIKE '%五一劳动奖章获得者%'": '五一劳动奖章获得者'}
2025-05-15 08:13:58,077 ChatBI->     INFO     五一劳动奖章获得者 的命名实体判别： no
2025-05-15 08:13:58,078 ChatBI->     INFO     开始对非结构化文档【粗略】检索
2025-05-15 08:13:58,314 ChatBI->     INFO     检索到的文档总数量为：500
2025-05-15 08:13:58,349 ChatBI->     INFO     开始对非结构化文档【深度】检索
2025-05-15 08:13:58,730 ChatBI->     INFO     step_scores: ['yes', 'yes', 'yes', 'yes', 'yes', 'yes', 'yes', 'yes', 'yes', 'no']
2025-05-15 08:13:58,730 ChatBI->     INFO     层级抽取文档： 陈建福，上海新长宁集团建筑装饰实业有限公司企业负责人，全国劳动模范、上海市五一劳动奖章获得者。他1982年入职，从普通操作工成长为技能人才，带领团队完成多项优质工程。秉持"做专、做精、做细、做实"的工匠精神，他将职业敬畏、工作执着和产品负责融入工作，在平凡岗位上创造不平凡价值。他的事迹诠释了踏实工作、立足岗位、创先争优的精神，激励着无数从业者在本职上追求卓越。 ==> yes  
2025-05-15 08:13:58,730 ChatBI->     INFO     层级抽取文档： 黄晓俊，作为大国工匠的杰出代表，先后荣获上海市五一劳动奖章、上海市技术能手、城投工匠等多项荣誉称号。他扎根城市污水治理一线，从普通工人成长为复合型污水处理运行工程师，参与了白龙港污水处理厂升级、扩建及提标改造等多项重大工程。面对亚洲最大污水处理系统，他带领团队实施技术改进，形成20余项创新成果，创造经济效益超2000万元，获1项发明专利、7项实用新型专利及4项创新奖项。作为"劳模创新工作室"带头人，他培养了大批行业紧缺技术人才，并在市级竞赛中包揽前三名，展现了行业领先水平。 ==> yes  
2025-05-15 08:13:58,730 ChatBI->     INFO     层级抽取文档： 陈杰，宝钢股份冷轧厂高级技师，宝武集团技能大师，长期致力于激光焊接技术研究。他攻克数十项技术难题，为企业创造超亿元效益，培养创新团队。2009年起，陈杰主导超高强钢薄带材焊接技术突破，打破德日垄断，获上海市科技进步二等奖，推动产品达国内领先、国际先进水平。他拥有63项授权专利，创造1.23亿元效益。曾获上海市五一劳动奖章、劳动模范、全国五一劳动奖章等荣誉，并于2018年获国务院特殊津贴。 ==> yes  
2025-05-15 08:13:58,730 ChatBI->     INFO     层级抽取文档： 李涛涛，中国船舶集团有限公司电焊特级技师，全国五一劳动奖章获得者，全国技术能手，多次获国务院特殊津贴，并任“劳模创新工作室”领衔人。从业近30年来，他潜心钻研焊接技术，攻克多项焊接难题，为公司节约成本500万元，培养中、高级焊接人才千余名。他发明的《一种便携式软轨道摇摆埋弧焊装置及焊接方法》获国家发明专利，发表多篇专业论文，并牵头研究新型深熔弧焊接方法，已获多家船级社认可并在行业内推广应用。 ==> yes  
2025-05-15 08:13:58,730 ChatBI->     INFO     层级抽取文档： 杨恺，中国电信上海公司网信安部网络安全技术专家，先后荣获上海市五一劳动奖章、中国电信集团劳模、上海市经信系统青年岗位能手等多项荣誉。他在网络安全领域表现突出，累计获得20余项竞赛奖项，代表上海参加了第七届全国职工职业技能大赛。他带领团队以赛代练，参与各类安全联赛，在职工"全运会"中取得优异成绩。&#10;&#10;在支撑浦东教育云运维工作中，面对内网DNS攻击，他迅速溯源并开展安全培训，获得客户高度评价。他和团队测试智能门禁门铃产品，发现网络安全问题并发布报告，彰显央企社会责任。他主持上海公司安全评估项目，培养新人，指导年轻员工提升实战技能，带领团队多人获奖。他还担任公司工会公众号小编，... ==> yes  
2025-05-15 08:13:58,731 ChatBI->     INFO     层级抽取文档： 巢平源同志，从事电厂继电保护检修工作27年，首创多项创新技术，发明"交流微小电流生成仪"等装置，推动检修装备与安全水平提升。他获得专利22项，其中发明专利15项，创新成果获第118届巴黎国际发明展金奖等重要奖项。个人先后获评宝钢工人发明家、上海市五一劳动奖章、央企劳模等荣誉称号。以他名字命名的职工创新工作室获宝武集团示范型创新工作室、上海市技能大师工作室评定，培养徒弟9名，均为业务骨干。 ==> yes  
2025-05-15 08:13:58,731 ChatBI->     INFO     层级抽取文档： 薛飞，作为创新工作室领军人物，带领团队攻克多项技术难题，在业内具有重要影响力，先后荣获上海市五一劳动奖章、上海市技术能手、嘉定工匠、上汽工匠等多项殊荣。他技能精湛，在各类技能大赛中累计获得18项奖项；其项目曾获德国大众集团效率优化最佳贡献奖，并被推广至全球工厂。薛飞持续提升专业能力，拥有9个工种的职业资格证书。他在创新方面表现卓越，解决26项进口设备技术难题，获得多项发明荣誉，并拥有授权发明专利20项、实用新型34项、软件著作权5项，为企业创造944.58万元经济效益。薛飞同时注重传承与推广，发表论文37篇，编写教材、录制教学视频70个，培养徒弟累计获得各级技能竞赛奖项16个。 ==> yes  
2025-05-15 08:13:58,731 ChatBI->     INFO     层级抽取文档： 钱平，汽轮机安装领域的杰出代表。从普通技术工人成长为专业工程师和高级技师，参与国内外20多个大型电厂建设，主导多项重大电力工程。扬州第二发电厂等4个项目获"中国建筑工程鲁班奖"，国华徐州发电厂工程获"国家优质工程金奖"。主持4项工法，其中1项达国家级，突破2项关键技术，参与3项发明专利，多次参与国家或行业标准编制。获"江苏省有突出贡献专家"、"中国施工企业管理协会科学技术创新先进个人"、"镇江市五一劳动奖章"等荣誉。培养3名骨干徒弟，热心公益，资助贫困学生，回馈社会。 ==> yes  
2025-05-15 08:13:58,731 ChatBI->     INFO     层级抽取文档： 苏至钒，上海钛米机器人研发总监、上海市五一劳动奖章获得者、人工智能高级工程师，长期致力于医疗服务机器人研发。他带领团队在国内率先实现智能机器人在医院场景的应用，产品覆盖全国400多家三甲医院。新冠疫情期间，其团队研发的消毒机器人支援国内外数百家医院，并获媒体报道和推荐。他主持多项国家级科研项目，获发明专利50余项，为智能机器人技术发展作出重要贡献。 ==> yes  
2025-05-15 08:13:58,731 ChatBI->     INFO     层级抽取文档： 华克勤，作为全国优秀科技工作者、上海市领军人才、三八红旗手标兵及上海市巾帼创新奖获得者，致力于妇科微创术式创新，主持了国际首例腹腔镜下中孕期合并宫颈癌患者保留宫体及胎儿的广泛宫颈切除术，帮助多位宫颈癌患者实现母亲身份。她在妇科肿瘤内分泌治疗及生殖道畸形矫正领域取得国内外领先成果，发表学术论文100余篇（含SCI收录50余篇）。同时，她注重人文关怀，构建新型医患关系，以高尚医德赢得同行及患者信赖，积极参与公益，践行医务工作者的责任与担当。 ==> no  
2025-05-15 08:13:59,093 ChatBI->     INFO     step_scores: ['yes', 'no', 'yes', 'no', 'no', 'yes', 'yes', 'no', 'yes', 'yes']
2025-05-15 08:13:59,093 ChatBI->     INFO     层级抽取文档： 俞建民，上海三菱电梯有限公司安装人员，从事电梯安装工作42年。他主持或参与完成了上海中心、金茂大厦等多地超高层建筑与重点工程的电梯安装工作。在电梯安装领域不断钻研，创新多项超高速电梯及大跨度扶梯安装工艺，主持编制国内首个超高层建筑电梯无脚手架安装工艺，解决技术难题并填补领域空白。作为公司安装部重大项目主管，带领团队攻克技术难关，提升项目推进效率。2014年被评为首席技师并成立工作室，同年获"上海市工人先锋号"称号，2016年获上海市五一劳动奖章。 ==> yes  
2025-05-15 08:13:59,093 ChatBI->     INFO     层级抽取文档： 赵斌，中国五矿集团有限公司特级技师、中冶集团首席技师，潜心钻研机械设备安装技术三十余年。他参与了宝钢一炼钢2号RH精炼工程、山钢日照2030冷轧工程等多个国家优质工程金奖及鲁班奖项目。作为大国工匠，他攻克多项关键技术难题，主持完成5项省部级以上科技成果，拥有国家专利26项，发表多篇专业论文，主持编写部级工法4部。他曾获上海市重大工程优秀建设者、上海市技术能手等多项荣誉，并带领团队取得上海市科学技术进步奖一等奖等多项科研成果。赵斌还多次担任全国性技能竞赛教练和裁判专家，培养了一批优秀技术人才。 ==> no  
2025-05-15 08:13:59,093 ChatBI->     INFO     层级抽取文档： 韩浩江，长期从事变电站建设和保电工作，主持并参与了多项重大工程。他荣获"第七届上海市杰出技术能手"、国家电网公司劳动模范、上海市五一劳动奖章等多项荣誉。他还拥有多项发明专利，并于2014年创立"韩浩江首席技师工作室"，培养了众多技术骨干。 ==> yes  
2025-05-15 08:13:59,093 ChatBI->     INFO     层级抽取文档： 吴志华，东海航海保障中心上海航标处高级工程师，从事航标设备维修和创新攻关近30年。他研发《航标维护四步法》，完成20多个项目研究，实现30余项技术转化，为国家节约资金超千万。其中“防盗航标灯”项目成功解决偏远海域航标难题。他参与上海世博会、广州亚运会航标设置等20余项重大工程，荣获首批上海国际航运中心建设十大先进个人称号。他建立“吴志华劳模工作室”，培养了一批技能型人才。 ==> no  
2025-05-15 08:13:59,093 ChatBI->     INFO     层级抽取文档： 侯晓磊，现任上海赛飞航空线缆制造有限公司高级线束安装设计工程师，是全国技术能手、上海市首席技师、首届大国工匠等荣誉称号的获得者。他主要从事C919大飞机线束安装设计工作，在舱门区域线缆设计上提出创新解决方案，成功解决了线束干涉问题。作为航空线束安装设计领域的领军人才，他还承担起培养青年设计人才的重任，为该领域输送了大量专业人才。侯晓磊以其精湛的技术和不懈的努力，为国产大飞机项目的成功作出了重要贡献。 ==> no  
2025-05-15 08:13:59,093 ChatBI->     INFO     层级抽取文档： 门光德,自2005年加入中国海洋石油系统以来，长期坚守海上一线岗位，为东海海域油气田勘探、开发和测井作业作出重要贡献。作为技术骨干，他积极参与跨平台抢险和技术支持，展现突出专业能力。他主持编写技术公报并开发电缆卡点深度分析程序，显著提升事故处理效率。他还设计测井拖撬指向器，解决多项技术难题，为公司降本增效作出突出贡献。他先后两次代表公司参加油气井测试工技能大赛并均获冠军，2013年获"中国海油技术能手"、"中国海油青年岗位能手"等称号；2015年获"全国五一劳动奖章"、"全国技术能手"等多项殊荣。作为技术带头人，他积极培养测井队伍人才，充分发挥领军示范作用。 ==> yes  
2025-05-15 08:13:59,093 ChatBI->     INFO     层级抽取文档： 徐小平，现任上汽大众汽车有限公司发动机厂维修部门高级经理、党支部书记，是杰出的产业工人代表。他荣获“上海市劳动模范”、“上海市十大工人发明家”、“全国五一劳动奖章”、“中国机械工业技能大师”等称号，并连续三届获得“全国劳动模范”称号，同时是“全国创先争优优秀共产党员”。徐小平以其勤奋好学、善于思考、敬业钻研和勇于创新的精神，带领团队突破技术垄断，推动设备精细化自主维修，创造数以亿计的经济效益，并为企业贡献十几项发明专利。作为新时代产业工人的杰出代表，他在平凡岗位上创造了不凡业绩，为企业发展和社会进步作出重要贡献。 ==> yes  
2025-05-15 08:13:59,093 ChatBI->     INFO     层级抽取文档： 陈志农，是江南造船集团总装部的一名船舶钳工高级技师，从事船舶轮机安装及设备调试工作已有38年。他荣获了中国船舶公司劳动模范、上海市劳动模范、全国技术能手、上海市首席技师、上海市十大工人发明家等多项荣誉称号。近十年来，他以"努力奉献，不断创新"为座右铭，在创新和发明方面取得了显著成就，先后获得10项国家专利，填补了多项国内技术空白，并撰写了多篇中国海军科技报告。2012年，以他名字命名的国家级技能大师工作室正式成立，为培养更多优秀技术人才做出了贡献。 ==> no  
2025-05-15 08:13:59,093 ChatBI->     INFO     层级抽取文档： 钱文昊，作为徐汇区优秀共产党员，长期致力于口腔医学领域，累计获得上海市先进工作者、上海市五一劳动奖章等三十余项荣誉称号。他首创显微根管诊疗技术，填补国内空白，并牵头完成四项技术创新，使疑难病例治愈率提升至95.2%。科研方面，他联合中科院开展研究，以第一作者身份发表高影响因子论文，并获上海市科技进步二等奖等多项荣誉。钱文昊主持上海市自然科学基金等课题，主编专著3本，担任中华口腔医学会委员等职务。其创新技术为患者节省医疗费用超5000万元，获院士联名表扬。 ==> yes  
2025-05-15 08:13:59,093 ChatBI->     INFO     层级抽取文档： 吴毅，复旦大学附属华山医院康复医学科主任、教授、主任医师、博士生导师，上海市“五一”劳动奖章获得者，上海医务工匠，上海市康复医学会“临床康复领军人才”。他提出“精准定位、精准诊断、精准康复”理论体系，建立“非侵入性脑功能检查和刺激技术”平台，推动康复医学发展。吴毅教授主持国家自然科学基金等16项科研项目，发表SCI论文36篇，获省部级以上科技奖励10余项，授权专利15项。他带领团队连续三年获复旦版中国医院专科声誉榜榜首。 ==> yes  
2025-05-15 08:13:59,484 ChatBI->     INFO     step_scores: ['no', 'no', 'yes', 'no', 'yes', 'yes', 'no', 'no', 'no', 'no']
2025-05-15 08:13:59,484 ChatBI->     INFO     层级抽取文档： 姚启明，作为国际汽联IWG组织中唯一的亚洲面孔和全球赛道设计师中唯一的亚洲女性，凭借赛道速度仿真等国际领先技术，助力中国赛车场建设实现跨越式发展，获国际汽联主席让·托德高度评价。作为全国劳模和工匠人才创新工作室带头人，她取得了60余项创新成果，创造了30多项“中国第一”或“世界第一”，并完成20余项公益援助项目。她还起草我国首部赛道设计行业标准，参与撰写“十三五”国家重点图书《中国汽车运动发展史》，长期开展科普知识讲座。她的事迹被《人民日报》报道，并多次在央视网《中国梦实践者》栏目分享奋斗故事，展现了基层工匠的卓越贡献。 ==> no  
2025-05-15 08:13:59,484 ChatBI->     INFO     层级抽取文档： 翟军斌，2008年加入汽修三厂，凭借刻苦钻研从普通工人成长为车间主任，荣获劳动模范称号。他在实践中总结出传统与新能源结合的维修方法，成功修复周公馆"别克"车及陈云纪念馆"红旗"车，获文管会认可。他带领团队攻克技术难题，培养8名中级和高级工，提升企业竞争力。自2020年起，参与交通广播节目，展现专业素养，助力企业社会影响力提升。 ==> no  
2025-05-15 08:13:59,485 ChatBI->     INFO     层级抽取文档： 胡振球，长期从事机械设计加工及钣金工等工作，专业能力突出，技术成果丰硕。他取得高级技师职称，并多次荣获上海市农民工先进个人、闵行区工人发明家、全国劳动模范等称号。胡振球在技术革新方面表现卓越，完成技术革新50余项，获得发明专利14项，其中"吸尘车整车预装工装"改进使装配工期缩短至1天，整车装配合格率达98%以上，每年为企业节约成本560多万元。他研发的纯吸式道路吸尘车大幅提升了清洁效率，首创的"卸料抑尘装置技术"和"吸尘车树叶粉碎技术"解决二次扬尘及树叶处理难题。其创新成果在环保、节能及资源循环利用方面取得显著社会效益。胡振球同志屡获殊荣，包括第七届国际发明展览会"金奖"、闵行区五一劳动... ==> yes  
2025-05-15 08:13:59,485 ChatBI->     INFO     层级抽取文档： 王金一，现任上海隧道盾构分公司施工队长，中共党员，技师，工程师。他参与了上海长江隧道、外滩隧道、迎宾三路隧道、诸光路隧道等重大工程，参建工程曾荣获全国QC小组一等奖、上海市科技进步一等奖、国家级工法等荣誉；个人申请专利20多项，已授权6项。他先后获得上海市立功竞赛“建设功臣”、上海建筑企业优秀项目经理等荣誉称号。&#10;&#10;在外滩通道工程中，他成功突破超大直径盾构在城市中心区域超浅覆土施工难题，带领团队编撰的《超大断面地下交通道土压平衡盾构施工工法》获国家级工法评定，填补国内空白。在上海轨交14号线9标静安寺站矩形顶管项目中，他创新运用四大技术，实现大顶管施工毫米级微沉降控制，为... ==> no  
2025-05-15 08:13:59,485 ChatBI->     INFO     层级抽取文档： 朱道义，师承插花花艺大师梁胜芳，深耕插花领域二十余年，擅长将自然与艺术结合，创作主题鲜明的作品。他立足传统，研究插花六大法则与空间布局，融合东西方技法，形成独特风格。他曾参与APEC会议、上海静安区花街设计及北京奥运会礼仪用花创作，荣获两项银奖。近期，他被授予全国五一劳动奖章，以表彰其在插花花艺领域的卓越贡献。 ==> yes  
2025-05-15 08:13:59,485 ChatBI->     INFO     层级抽取文档： 周彩存教授，从事医疗工作三十余年，专注于肺癌早期诊断及晚期精准治疗领域，是我国肺癌研究领域的杰出代表。在他的带领下，团队建立了全面、精准、快速的肺癌诊疗体系，研究成果发表于国际顶级期刊并被十多项国内外权威临床指南采纳，显著提升了我国肺癌患者的生存率。该诊疗体系在全国150多家医疗机构推广应用，惠及众多患者。周教授担任《CSCO非小细胞肺癌诊疗指南》编写组组长，积极推动我国肺癌规范化诊疗工作。&#10;&#10;凭借突出贡献，周彩存教授获得国家科技进步二等奖、上海市科技进步一等奖等多项国家及省部级奖励，并荣获国务院特殊津贴、上海市五一劳动奖章、“国之名医·卓越建树”称号、上海市首届“医德楷... ==> yes  
2025-05-15 08:13:59,485 ChatBI->     INFO     层级抽取文档： 夏显文，自1990年起从事测量技术管理工作，曾参与长江口深水航道整治二期工程、东海大桥工程、杭州湾跨海大桥工程等特大型项目，并开发专用测量控制系统。他参与研发的"海工工程GPS远距离打桩定位系统"获上海市科学技术进步二等奖，"步履式水下整平机研制项目"获中国航海科技奖二等奖，"多孔空心方块水下安装施工工艺开发研究项目"获中交集团科技进步二等奖，"长江南京以下深水航道治理工程施工关键技术研究"获三航局科技进步一等奖，其中水下整平机获4项国家级实用新型专利。他发表《GPS定位技术在杭州湾跨海大桥项目中的应用》等多篇论文，推动工程测量技术发展。 ==> no  
2025-05-15 08:13:59,485 ChatBI->     INFO     层级抽取文档： 金懿，作为建筑行业的资深专家，多年来致力于材料试验技术的创新与人才培养。他从普通员工成长为试验工作室带头人，主持参与了港珠澳大桥等十余个重点工程项目的材料试验工作，凭借卓越的专业能力和工匠精神，带领团队攻克多项技术难题。他领衔的工作室先后获评浦东新区首席技师工作室、三航局劳模创新工作室和上海市技师创新工作室等荣誉称号。金懿累计培养高级技能人才20余人，主导完成多篇技术论文和QC成果，为行业技术进步做出突出贡献。他始终以"平凡的工作成就不平凡的事业"为信念，致力于将工匠精神传承给更多年轻员工，推动建筑行业持续发展。 ==> no  
2025-05-15 08:13:59,485 ChatBI->     INFO     层级抽取文档： 柳捷，作为上海海烟物流发展有限公司的工程师，长期致力于物流设备技术创新与攻关。他成功研制了多项技术装备与装置，并牵头成立了上海市"劳模创新工作室"，培养出11名优秀成员。团队已完成4项发明专利和4项实用新型专利的申报工作，其中两项专利分别荣获上海市职工发明铜奖和职工技术成果入围奖。柳捷积极参与行业技术交流与培训，累计为650人次技术人员提供专业培训，并多次参与行业物流师培训教材编审及岗位等级鉴定要素的制定工作。他发表《卷烟物流配送中心的物流柔性需求》等16篇专业论文，为推动行业技术进步做出了重要贡献。 ==> no  
2025-05-15 08:13:59,485 ChatBI->     INFO     层级抽取文档： 俞洪昌，沪东中华造船（集团）有限公司总装三部加工车间火工班班长，是一名船体火工高级技师。他长期坚守生产一线，潜心钻研技术，在船舶制造领域取得了显著成果。他创新推广了多项新工艺，如"水火加工不间断连体烧法与背烧法的组合使用"、"跳跃式点烧法"等，显著提升了生产效率。他担任公司培训中心兼职教师，编写出版了《火工》专业教材，并通过"师带徒"培养了一批技术骨干。他主持完成了多项课题攻关，荣获多项专利和奖项。他先后获得第六届上海市技术能手、中国船舶工业集团劳动模范、全国技术能手等称号，并入选上海市首席技师千人计划。由他牵头成立的"俞洪昌劳模创新工作室"被命名为先进集体，为船舶制造领域培养了一大批优... ==> no  
2025-05-15 08:13:59,485 ChatBI->     INFO     阈值索引为：126, 窗口大小为: 10 
2025-05-15 08:13:59,485 ChatBI->     INFO     确定的文档: 117; 在次确认的文档: 19
2025-05-15 08:14:00,187 ChatBI->     INFO     从19个需再次确认的文档中筛选出的相关文档数量：7
2025-05-15 08:14:00,187 ChatBI->     INFO     示例文档：['周彩存教授，从事医疗工作三十余年，专注于肺癌早期诊断及晚期精准治疗领域，是我国肺癌研究领域的杰出代表。在他的带领下，团队建立了全面、精准、快速的肺癌诊疗体系，研究成果发表于国际顶级期刊并被十多项国内外权威临床指南采纳，显著提升了我国肺癌患者的生存率。该诊疗体系在全国150多家医疗机构推广应用，惠及众多患者。周教授担任《CSCO非小细胞肺癌诊疗指南》编写组组长，积极推动我国肺癌规范化诊疗工作。&#10;&#10;凭借突出贡献，周彩存教授获得国家科技进步二等奖、上海市科技进步一等奖等多项国家及省部级奖励，并荣获国务院特殊津贴、上海市五一劳动奖章、“国之名医·卓越建树”称号、上海市首届“医德楷...', '夏术阶，中国知名泌尿外科专家，国际首创铥激光前列腺切除术的主创人，技术已纳入中国及欧美泌尿外科诊疗指南，并被《坎贝尔-沃什泌尿外科学》收录。他解决多项前列腺微创难题，制定超大前列腺手术标准，创新术后功能保留，创建修复理论与并发症预防方法，获国际F1000高度评价。在全国范围内推广先进技术，培训医务人员3万余人次，建立多地泌尿外科中心。他培养大批医疗骨干，积极投身公益，推动国产设备研发，降低治疗成本。夏术阶以精湛技术、严谨态度与无私奉献，成为医疗卫生领域的标杆人物，获国家"万人计划"科技创新领军人才、全国卫生系统先进工作者、国之名医、五一劳动奖章等多项荣誉。', '方焯，高级工程师，现任上海药明奥测医疗科技有限公司首席科学官兼首席技术官。她本科就读于华中科技大学少年班，师从骆清铭院士，23岁时获博士学位，研究成果发表于Nature等国际顶级期刊，单篇论文引用超4000次，主持国家及上海市科研项目，申请专利13项。&#10;&#10;在科研与产业化领域，方焯博士带领团队成功开发多项国际领先创新产品，为临床诊疗提供重要支持。她与复旦大学附属儿童医院合作研发全球首创整合诊断产品，建立"中国胆道闭锁协作网"，并在精准用药和神经疾病领域取得突破性成果。&#10;&#10;方焯博士荣获上海市五一劳动奖章、浦江人才、Eli...', '刘颖斌，现任上海交通大学医学院附属新华医院副院长、普外科行政主任、上海市胆道疾病重点实验室主任，荣获教育部长江学者特聘教授、上海市五一劳动奖章、上海市科技精英、第十九届吴杨医学药学奖、药明康德生命化学研究奖学者奖、杨浦区第十批拔尖人才等多项荣誉，并担任美国外科医师学院外籍会员、上海市第八届抗癌协会副理事长、上海市医学会外科分会胆道学组组长等职务。他在肝、胆、胰等恶性肿瘤及腹腔疑难疾病的外科治疗领域具有丰富经验，是国内率先提出“胰头癌全系膜切除”和“三步法胃癌淋巴结清扫策略”的专家，并在胆囊癌的基础及转化医学研究方面取得显著成就。作为学科带头人，他注重人才培养和梯队建设，积极参与公益活动，...', '涂意辉，我国膝关节单髁置换术领域的开拓者之一，2006年在上海率先开展该技术，已完成4000余例手术，手术时间仅需45分钟，切口仅6厘米，保留交叉韧带，效果显著。其主持完成的单髁手术量全球最多，1026例手术零失败，优良率达98%。他发明了三项国际领先技术，发表SCI论文5篇，核心期刊文章28篇，获发明专利16项，主持国家级及市级课题6项。作为同济大学副教授、博士生导师，培养博士3名，举办10期全国微创单髁置换技术培训班，培训进修生280余名。涂意辉先后荣获上海市五一劳动奖章、上海市科学技术奖、上海市康复医学科技奖一等奖等荣誉，并被授予"杨浦工匠"称号。']
2025-05-15 08:14:00,188 ChatBI->     INFO     没有找到<  >对应的视图
2025-05-15 08:14:00,330 ChatBI->     INFO     websocket发送的数据为：{"sql_gen": "SELECT `姓名` FROM gjw WHERE `工匠介绍（缩写）` LIKE '%五一劳动奖章获得者%' LIMIT 10;"}
2025-05-15 08:14:00,330 ChatBI->     INFO     websocket发送的数据为：{"response": [{"姓名": "蒋国兴"}, {"姓名": "杨震"}, {"姓名": "黄卫国"}, {"姓名": "俞建民"}, {"姓名": "龚杜弟"}, {"姓名": "王康健"}, {"姓名": "苗俭"}, {"姓名": "张翼飞"}, {"姓名": "陈志农"}, {"姓名": "徐小平"}]}
2025-05-15 08:14:00,407 ChatBI->     INFO     websocket发送的数据为：{"data_detail": [{"编号": 20250311001, "年份": 2016, "区局": "浦东新区", "姓名": "蒋国兴", "年龄": 60, "姓名拼音": "Jiang3-Guo2-Xing1", "性别": "男", "工作单位": "上海供春陶业有限公司", "工种或工作头衔": "陶艺师", "领域": "文化", "行业": "工艺美术", "工匠介绍": "蒋国兴，全国劳动模范、全国五一劳动奖章获得者，享受国务院政府特殊津贴专家。他荣获“民进全国社会服务工作先进个人”“上海市十大职工科技创新英才”“上海市首席技师”等称号，其工作室被命名为“上海市技能大师工作室”并获“全国工人先锋号”。在彩陶技艺领域，他突破多项传统工艺难题，开创具有海派特色的“沪上彩陶”技艺，并发明陶瓷壁挂，被联合国教科文组织国际陶艺学会命名为“蒋国兴”。其作品应用于上海东方艺术中心、上海世博园等重要建筑，获国家专利45项。他还将彩陶技艺用于古建筑修复，解决世界性难题。此外，他热衷技艺传承，培养多名徒弟，参与国际展览和学术研究，出版专著并撰写多篇论文，为陶瓷文化发展作出突出贡献。"}, {"编号": 20250311004, "年份": 2016, "区局": "浦东新区", "姓名": "杨震", "年龄": 55, "姓名拼音": "Yang2-Zhen4", "性别": "男", "工作单位": "上海高桥捷派克石化工程建设有限公司", "工种或工作头衔": "维修钳工", "领域": "高端装备", "行业": "高端装备", "工匠介绍": "杨震，上海高桥捷派克石化工程建设有限公司维修钳工，是设备修理、技术创新和团队培养领域的杰出代表。他成功修复了多台复杂设备，自制多种专用工具，并通过技术改造为公司节省大量成本。杨震培养了多名优秀技能人才，带领团队荣获“工人先锋号”称号。他以“铁人”般的工作作风和强烈责任感，获得全国五一劳动奖章和全国技术能手等多项荣誉，是新时代工匠精神的典范。"}, {"编号": 20250311010, "年份": 2016, "区局": "普陀区", "姓名": "黄卫国", "年龄": 66, "姓名拼音": "Huang2-Wei4-Guo2", "性别": "男", "工作单位": "普陀区房屋维修应急中心", "工种或工作头衔": "水电工", "领域": "居民服务", "行业": "物业", "工匠介绍": "黄卫国，市劳动模范，资深水电工。从业三十余年，秉持\"把平凡的事做好就不平凡\"的理念，在水电维修领域深耕细作。他通过结对拜师学艺活动，将丰富实践经验传授给年轻员工，发挥劳模示范引领作用。在工作中，他善于解决实际问题，展现精湛技术。例如，他用其他材料制作销子成功修复老式虹吸水箱，解决装修施工遗留问题，保障业主利益。他定期组织技术培训，培养技能过硬的维修队伍，传承徐虎精神，为企业培养大批技术骨干。黄卫国以实际行动诠释劳模责任，用精湛技术和无私奉献赢得广泛认可。"}, {"编号": 20250311032, "年份": 2016, "区局": "机电", "姓名": "俞建民", "年龄": 68, "姓名拼音": "Yu2-Jian4-Min2", "性别": "男", "工作单位": "上海三菱电梯有限公司", "工种或工作头衔": "电梯安装调试工", "领域": "高端装备", "行业": "机电", "工匠介绍": "俞建民，上海三菱电梯有限公司安装人员，从事电梯安装工作42年。他主持或参与完成了上海中心、金茂大厦等多地超高层建筑与重点工程的电梯安装工作。在电梯安装领域不断钻研，创新多项超高速电梯及大跨度扶梯安装工艺，主持编制国内首个超高层建筑电梯无脚手架安装工艺，解决技术难题并填补领域空白。作为公司安装部重大项目主管，带领团队攻克技术难关，提升项目推进效率。2014年被评为首席技师并成立工作室，同年获\"上海市工人先锋号\"称号，2016年获上海市五一劳动奖章。"}, {"编号": 20250311036, "年份": 2016, "区局": "纺织", "姓名": "龚杜弟", "年龄": 59, "姓名拼音": "Gong1-Du4-Di4", "性别": "男", "工作单位": "上海汽车地毯总厂有限公司", "工种或工作头衔": "高级技术", "领域": "文化", "行业": "纺织服装", "工匠介绍": "龚杜弟，上海汽车地毯总厂有限公司总工程师、教授级高工，全国五一劳动奖章获得者、上海市劳动模范。他主持研发的轿车行李箱地毯聚氨酯喷涂设备流水线填补国内空白，SFS填充成型隔音垫生产线设计为公司节约数千万元引进费用。带领团队成功开发宝马5系脚垫，创新多项工艺，获五项国家发明专利和两项实用新型专利，并获2016年上海市优秀发明奖金奖。其宝马轿车衣帽架全球首创侧向双弧冲切封边结构垄断产品技术，获德国专家好评。"}, {"编号": 20250311042, "年份": 2016, "区局": "宝武", "姓名": "王康健", "年龄": 69, "姓名拼音": "Wang2-Kang1-Jian4", "性别": "男", "工作单位": "宝钢股份冷轧厂", "工种或工作头衔": "冷轧技能专家", "领域": "高端装备", "行业": "钢铁冶金", "工匠介绍": "王康健，是我国轧钢领域的高级技师与技能专家，宝钢第一代主操作工。他从宝钢冷轧一期建设起，参与了各期发展，成长为分厂副厂长并担任多家机构要职。他享有国务院特殊津贴，曾获全国\"五一\"劳动奖章、中华技能大奖等多项荣誉。扎根一线40余年，他解决设备疑难杂症350余项，改进操作工艺150余项，主导科研项目25项，拥有121项专利，并多次获得国家科技进步奖等重要奖项。以他命名的技能大师工作室在推动创新方面发挥了重要作用，培养了多名优秀人才，为宝钢冷轧领域达到行业领先地位作出重要贡献。"}, {"编号": 20250311047, "年份": 2016, "区局": "航天局", "姓名": "苗俭", "年龄": 48, "姓名拼音": "Miao2-Jian3", "性别": "女", "工作单位": "上海航天控制技术研究所", "工种或工作头衔": "数控", "领域": "空间信息", "行业": "航天", "工匠介绍": "苗俭，上海航天控制技术研究所精密加工中心双工种高级技师，中共党员。从事数控加工中心编程及操作工作21年，参与运载火箭、战术武器和飞船等关键零部件研制生产。作为航天首席技师和苗俭国家级技能大师工作室负责人，她攻克多项技术难关，成功完成本科专业学习。&#10;&#10;苗俭获得多项荣誉：2007年事迹被央视《劳动者之歌》报道，2009年作为全国青年职工代表在纪念五四运动90周年大会上发言。她精通多种CAD/CAM软件，创新编程手段，为航天事业培养大量青年技能人才，在各类竞赛中屡获佳绩。苗俭是航天系统高技能人才杰出代表，展现了刻苦学习、创新进取、拼搏奉献和爱岗敬业的精神。"}, {"编号": 20250311048, "年份": 2016, "区局": "船舶", "姓名": "张翼飞", "年龄": 68, "姓名拼音": "Zhang1-Yi4-Fei1", "性别": "男", "工作单位": "沪东中华造船（集团）有限公司", "工种或工作头衔": "船舶电焊", "领域": "船舶建造", "行业": "船舶", "工匠介绍": "张翼飞，沪东中华造船（集团）有限公司首席技师、集团公司首席技师，全国技术能手称号获得者，\"张翼飞劳模创新工作室\"创始人。他培养了5名全国技术能手和4名省部级劳动模范，带领团队攻克多项焊接技术难题，成功研发双相不锈钢焊接工艺、单电源双丝自动埋弧焊等多项关键技术。他主持制定了泵塔氩弧焊/CO2混合焊工艺标准，推动了焊接机器人的应用。张翼飞还主编了《船厂焊工操作手册》并发表了多篇专业论文，其中两项成果获上海市专利发明。他获得\"中华技能大奖\"\"全国五一劳动奖章\"等多项荣誉，为船舶工业发展作出了突出贡献。"}, {"编号": 20250311049, "年份": 2016, "区局": "船舶", "姓名": "陈志农", "年龄": 67, "姓名拼音": "Chen2-Zhi4-Nong2", "性别": "男", "工作单位": "江南造船（集团）有限责任公司", "工种或工作头衔": "船舶钳工", "领域": "船舶建造", "行业": "船舶", "工匠介绍": "陈志农，是江南造船集团总装部的一名船舶钳工高级技师，从事船舶轮机安装及设备调试工作已有38年。他荣获了中国船舶公司劳动模范、上海市劳动模范、全国技术能手、上海市首席技师、上海市十大工人发明家等多项荣誉称号。近十年来，他以\"努力奉献，不断创新\"为座右铭，在创新和发明方面取得了显著成就，先后获得10项国家专利，填补了多项国内技术空白，并撰写了多篇中国海军科技报告。2012年，以他名字命名的国家级技能大师工作室正式成立，为培养更多优秀技术人才做出了贡献。"}, {"编号": 20250311051, "年份": 2016, "区局": "汽车", "姓名": "徐小平", "年龄": 64, "姓名拼音": "Xu2-Xiao3-Ping2", "性别": "男", "工作单位": "上汽集团大众汽车有限公司", "工种或工作头衔": "高级工程师", "领域": "汽车", "行业": "汽车", "工匠介绍": "徐小平，现任上汽大众汽车有限公司发动机厂维修部门高级经理、党支部书记，是杰出的产业工人代表。他荣获“上海市劳动模范”、“上海市十大工人发明家”、“全国五一劳动奖章”、“中国机械工业技能大师”等称号，并连续三届获得“全国劳动模范”称号，同时是“全国创先争优优秀共产党员”。徐小平以其勤奋好学、善于思考、敬业钻研和勇于创新的精神，带领团队突破技术垄断，推动设备精细化自主维修，创造数以亿计的经济效益，并为企业贡献十几项发明专利。作为新时代产业工人的杰出代表，他在平凡岗位上创造了不凡业绩，为企业发展和社会进步作出重要贡献。"}]}
2025-05-15 08:14:01,208 ChatBI->     INFO     websocket发送的数据为：{"result_insight": "五一劳动奖章获得者包括蒋国兴、杨震、黄卫国、俞建民、龚杜弟、王康健、苗俭、张翼飞、陈志农和徐小平。"}
2025-05-15 08:14:02,550 ChatBI->     INFO     websocket发送的数据为：{"result_recommand": {"new_query_1": "这些五一劳动奖章获得者分别属于哪个行业？", "new_query_2": "蒋国兴获得五一劳动奖章的具体年份是哪一年？", "new_query_3": "除了五一劳动奖章，这些工匠还获得了哪些荣誉？"}}
