2025-05-08 23:18:38,412 ChatBI->     INFO     Processing column: 区局
2025-05-08 23:18:38,419 ChatBI->     INFO     Found 145 distinct values for 区局
2025-05-08 23:18:38,419 ChatBI->     INFO     Processing column: 工种职务
2025-05-08 23:18:38,533 ChatBI->     INFO     Found 617 distinct values for 工种职务
2025-05-08 23:18:38,534 ChatBI->     INFO     Processing column: 所属行业
2025-05-08 23:18:38,539 ChatBI->     INFO     Found 112 distinct values for 所属行业
2025-05-08 23:18:47,661 ChatBI->     INFO     query: 介绍一下夏强
2025-05-08 23:18:48,653 ChatBI->     INFO     schema linking: {'target_columns': ['工匠介绍（缩写）'], 'condition_columns': {'姓名': '夏强'}}
2025-05-08 23:18:49,883 ChatBI->     INFO     stad sql: SELECT `工匠介绍（缩写）` FROM gjw WHERE `姓名` = '夏强' LIMIT 10;
2025-05-08 23:18:49,889 ChatBI->     INFO     obtain_data: [{}]
2025-05-08 23:18:49,889 ChatBI->     INFO     sql_result: {'sql_std': "SELECT `工匠介绍（缩写）` FROM gjw WHERE `姓名` = '夏强' LIMIT 10;"}
2025-05-08 23:19:26,761 ChatBI->     INFO     query: 介绍一下陈国润
2025-05-08 23:19:28,033 ChatBI->     INFO     schema linking: {'target_columns': ['工匠介绍（缩写）'], 'condition_columns': {'姓名': '陈国润'}}
2025-05-08 23:19:29,222 ChatBI->     INFO     stad sql: SELECT `工匠介绍（缩写）` FROM gjw WHERE `姓名` = '陈国润' LIMIT 10;
2025-05-08 23:19:29,227 ChatBI->     INFO     obtain_data: [{'工匠介绍（缩写）': '陈国润，作为理想公司的技术专家，长期致力于电信行业软件及大数据产品研发，精通Java、Python等编程语言及Hadoop、Spark等大数据技术，主持完成了多个国家级、市级重点项目并荣获国家优质工程奖项。他拥有9项软件著作权，发表两篇相关论文，并在手机定位技术和大数据安全领域取得显著成就，尤其在新冠疫情期间为政府和疾控中心提供了关键大数据支持。作为技术带头人，他带领团队荣获2018年长三角SODA大赛大奖，推动了国家工业互联网大数据中心的建设，并主导研发中国电信天翼云工业互联网平台。他还主导"随申码"项目，为千万市民提供服务，推动了大数据与产业的深度融合创新。'}]
2025-05-08 23:19:29,228 ChatBI->     INFO     sql_result: {'sql_std': "SELECT `工匠介绍（缩写）` FROM gjw WHERE `姓名` = '陈国润' LIMIT 10;"}
2025-05-08 23:20:41,894 ChatBI->     INFO     query: 上海工匠的年龄分布
2025-05-08 23:20:43,686 ChatBI->     INFO     schema linking: {'target_columns': ['年龄'], 'condition_columns': {}}
2025-05-08 23:20:45,375 ChatBI->     INFO     stad sql: SELECT `年龄`, COUNT(*) AS `数量` FROM gjw GROUP BY `年龄` ORDER BY `数量` DESC LIMIT 10;
2025-05-08 23:20:45,381 ChatBI->     INFO     obtain_data: [{'年龄': 52.0, '数量': 49}, {'年龄': 43.0, '数量': 46}, {'年龄': 51.0, '数量': 41}, {'年龄': 45.0, '数量': 39}, {'年龄': 47.0, '数量': 38}, {'年龄': 46.0, '数量': 37}, {'年龄': 54.0, '数量': 37}, {'年龄': 44.0, '数量': 35}, {'年龄': 50.0, '数量': 34}, {'年龄': 48.0, '数量': 33}]
2025-05-08 23:20:45,381 ChatBI->     INFO     sql_result: {'sql_std': 'SELECT `年龄`, COUNT(*) AS `数量` FROM gjw GROUP BY `年龄` ORDER BY `数量` DESC LIMIT 10;'}
2025-05-08 23:21:33,050 ChatBI->     INFO     query: 有哪些工匠在医院工作
2025-05-08 23:21:33,989 ChatBI->     INFO     schema linking: {'target_columns': ['姓名'], 'condition_columns': {'工作单位': '医院'}}
2025-05-08 23:21:35,426 ChatBI->     INFO     stad sql: SELECT `姓名` FROM gjw WHERE `工作单位` LIKE '%医院%' LIMIT 10;
2025-05-08 23:21:35,475 ChatBI->     INFO     obtain_data: [{'姓名': '蔡蕴敏'}, {'姓名': '许  迅'}, {'姓名': '何东仪'}, {'姓名': '周平红'}, {'姓名': '耿道颖'}, {'姓名': '郑民华'}, {'姓名': '杨铁毅'}, {'姓名': '刘宗军'}, {'姓名': '夏  强'}, {'姓名': '符伟国'}]
2025-05-08 23:21:35,475 ChatBI->     INFO     sql_result: {'sql_std': "SELECT `姓名` FROM gjw WHERE `工作单位` LIKE '%医院%' LIMIT 10;"}
2025-05-08 23:22:12,807 ChatBI->     INFO     query: 有哪些工匠做轻工
2025-05-08 23:22:14,080 ChatBI->     INFO     schema linking: {'target_columns': ['姓名'], 'condition_columns': {'区局': '轻工'}}
2025-05-08 23:22:15,131 ChatBI->     INFO     stad sql: SELECT `姓名` FROM gjw WHERE `区局` = '轻工' LIMIT 10;
2025-05-08 23:22:15,136 ChatBI->     INFO     obtain_data: [{'姓名': '楼宇峰'}, {'姓名': '刘忠荣'}, {'姓名': '朱熙华'}, {'姓名': '王金忠'}, {'姓名': '庄玉林'}, {'姓名': '黄雯'}, {'姓名': '潘向阳'}]
2025-05-08 23:22:15,137 ChatBI->     INFO     sql_result: {'sql_std': "SELECT `姓名` FROM gjw WHERE `区局` = '轻工' LIMIT 10;"}
2025-05-08 23:22:52,136 ChatBI->     INFO     query: 从事轻工行业的有多少人
2025-05-08 23:22:53,108 ChatBI->     INFO     schema linking: {'target_columns': ['姓名'], 'condition_columns': {'区局': '轻工'}}
2025-05-08 23:22:55,299 ChatBI->     INFO     stad sql: SELECT COUNT(`姓名`) AS `轻工行业人数` FROM gjw WHERE `区局` = '轻工';
2025-05-08 23:22:55,304 ChatBI->     INFO     obtain_data: [{'轻工行业人数': 7}]
2025-05-08 23:22:55,304 ChatBI->     INFO     sql_result: {'sql_std': "SELECT COUNT(`姓名`) AS `轻工行业人数` FROM gjw WHERE `区局` = '轻工';"}
2025-05-08 23:23:21,305 ChatBI->     INFO     query: 从事文化行业的有多少人
2025-05-08 23:23:36,165 ChatBI->     INFO     schema linking: {'target_columns': ['姓名'], 'condition_columns': {'所属行业': '文化'}}
2025-05-08 23:23:40,836 ChatBI->     INFO     stad sql: SELECT COUNT(`姓名`) AS `文化行业人数` FROM gjw WHERE `所属行业` = '文化';
2025-05-08 23:23:40,840 ChatBI->     INFO     obtain_data: [{'文化行业人数': 95}]
2025-05-08 23:23:40,841 ChatBI->     INFO     sql_result: {'sql_std': "SELECT COUNT(`姓名`) AS `文化行业人数` FROM gjw WHERE `所属行业` = '文化';"}
2025-05-08 23:24:46,000 ChatBI->     INFO     query: 在上海从事仪表通信的有多少人
2025-05-08 23:24:47,050 ChatBI->     INFO     schema linking: {'target_columns': ['姓名'], 'condition_columns': {'工种职务': '仪表通信'}}
2025-05-08 23:24:49,123 ChatBI->     INFO     stad sql: SELECT COUNT(`姓名`) AS `数量` FROM gjw WHERE `工种职务` LIKE '%仪表通信%' LIMIT 10;
2025-05-08 23:24:49,216 ChatBI->     INFO     obtain_data: [{'数量': 1}]
2025-05-08 23:24:49,220 ChatBI->     INFO     sql_result: {'sql_std': "SELECT COUNT(`姓名`) AS `数量` FROM gjw WHERE `工种职务` LIKE '%仪表通信%' LIMIT 10;"}
2025-05-08 23:25:25,118 ChatBI->     INFO     query: 在上海从事仪表的有多少人
2025-05-08 23:25:26,181 ChatBI->     INFO     schema linking: {'target_columns': ['姓名'], 'condition_columns': {'工种职务': '仪表'}}
2025-05-08 23:25:27,321 ChatBI->     INFO     stad sql: SELECT `姓名` FROM gjw WHERE `工种职务` LIKE '%仪表%' LIMIT 10;
2025-05-08 23:25:27,382 ChatBI->     INFO     obtain_data: [{'姓名': '朱健儿'}, {'姓名': '洪  华'}, {'姓名': '刘齐山'}, {'姓名': '张怀锁'}]
2025-05-08 23:25:27,382 ChatBI->     INFO     sql_result: {'sql_std': "SELECT `姓名` FROM gjw WHERE `工种职务` LIKE '%仪表%' LIMIT 10;"}
2025-05-08 23:25:59,004 ChatBI->     INFO     query: 在上海从事生物医药的有多少人
2025-05-08 23:25:59,965 ChatBI->     INFO     schema linking: {'target_columns': ['姓名'], 'condition_columns': {'所属行业': '生物医药'}}
2025-05-08 23:26:01,077 ChatBI->     INFO     stad sql: SELECT COUNT(`姓名`) AS `生物医药人数` FROM gjw WHERE `所属行业` = '生物医药';
2025-05-08 23:26:01,082 ChatBI->     INFO     obtain_data: [{'生物医药人数': 25}]
2025-05-08 23:26:01,084 ChatBI->     INFO     sql_result: {'sql_std': "SELECT COUNT(`姓名`) AS `生物医药人数` FROM gjw WHERE `所属行业` = '生物医药';"}
2025-05-08 23:26:44,758 ChatBI->     INFO     query: 已经退休的上海工匠的年龄分布
2025-05-08 23:26:45,854 ChatBI->     INFO     schema linking: {'target_columns': ['年龄'], 'condition_columns': {'工匠介绍（缩写）': '已经退休'}}
2025-05-08 23:26:48,460 ChatBI->     INFO     stad sql: SELECT `年龄`, COUNT(*) AS `数量` FROM gjw WHERE `工匠介绍（缩写）` LIKE '%已经退休%' GROUP BY `年龄` ORDER BY `数量` DESC LIMIT 10;
2025-05-08 23:26:48,472 ChatBI->     INFO     obtain_data: [{}]
2025-05-08 23:26:48,475 ChatBI->     INFO     sql_result: {'sql_std': "SELECT `年龄`, COUNT(*) AS `数量` FROM gjw WHERE `工匠介绍（缩写）` LIKE '%已经退休%' GROUP BY `年龄` ORDER BY `数量` DESC LIMIT 10;"}
2025-05-08 23:27:50,055 ChatBI->     INFO     query: 在上海工作的工匠有多少人
2025-05-08 23:27:50,979 ChatBI->     INFO     schema linking: {'target_columns': ['姓名'], 'condition_columns': {'工作单位': '上海'}}
2025-05-08 23:27:52,082 ChatBI->     INFO     stad sql: SELECT COUNT(`姓名`) AS `工匠数量` FROM gjw WHERE `工作单位` LIKE '%上海%';
2025-05-08 23:27:52,095 ChatBI->     INFO     obtain_data: [{'工匠数量': 730}]
2025-05-08 23:27:52,096 ChatBI->     INFO     sql_result: {'sql_std': "SELECT COUNT(`姓名`) AS `工匠数量` FROM gjw WHERE `工作单位` LIKE '%上海%';"}
2025-05-08 23:28:28,729 ChatBI->     INFO     query: 在上海工作的工匠有多少人，工作在上海不一定单位的名字里也有上海
2025-05-08 23:28:30,355 ChatBI->     INFO     schema linking: {'target_columns': ['姓名'], 'condition_columns': {'工作单位': '上海'}}
2025-05-08 23:28:31,721 ChatBI->     INFO     stad sql: SELECT COUNT(`姓名`) AS `工匠数量` FROM gjw WHERE `工作单位` LIKE '%上海%' LIMIT 10;
2025-05-08 23:28:31,742 ChatBI->     INFO     obtain_data: [{'工匠数量': 730}]
2025-05-08 23:28:31,746 ChatBI->     INFO     sql_result: {'sql_std': "SELECT COUNT(`姓名`) AS `工匠数量` FROM gjw WHERE `工作单位` LIKE '%上海%' LIMIT 10;"}
2025-05-08 23:29:08,934 ChatBI->     INFO     query: 这个表是上海工匠馆的表，在上海工作的工匠有多少人，工作在上海不一定单位的名字里也有上海
2025-05-08 23:29:10,250 ChatBI->     INFO     schema linking: {'target_columns': ['姓名'], 'condition_columns': {'工作单位': '上海'}}
2025-05-08 23:29:11,551 ChatBI->     INFO     stad sql: SELECT COUNT(`姓名`) AS `上海工匠数量` FROM gjw WHERE `工作单位` LIKE '%上海%' LIMIT 10;
2025-05-08 23:29:11,558 ChatBI->     INFO     obtain_data: [{'上海工匠数量': 730}]
2025-05-08 23:29:11,558 ChatBI->     INFO     sql_result: {'sql_std': "SELECT COUNT(`姓名`) AS `上海工匠数量` FROM gjw WHERE `工作单位` LIKE '%上海%' LIMIT 10;"}
2025-05-08 23:29:43,535 ChatBI->     INFO     query: 船舶领域的工匠有多少人
2025-05-08 23:29:45,220 ChatBI->     INFO     schema linking: {'target_columns': ['所属行业'], 'condition_columns': {'区局': '船舶'}}
2025-05-08 23:29:47,934 ChatBI->     INFO     stad sql: SELECT COUNT(*) AS 船舶领域工匠数量 FROM gjw WHERE `所属行业` = '船舶';
2025-05-08 23:29:48,074 ChatBI->     INFO     obtain_data: [{'船舶领域工匠数量': 0}]
2025-05-08 23:29:48,080 ChatBI->     INFO     sql_result: {'sql_std': "SELECT COUNT(*) AS 船舶领域工匠数量 FROM gjw WHERE `所属行业` = '船舶';"}
2025-05-09 09:10:47,971 ChatBI->     INFO     query: 船舶领域的工匠有多少人
2025-05-09 09:10:48,803 ChatBI->     INFO     schema linking: {'target_columns': ['所属行业'], 'condition_columns': {'区局': '船舶'}}
2025-05-09 09:10:49,940 ChatBI->     INFO     stad sql: SELECT COUNT(*) AS 船舶领域工匠数量 FROM gjw WHERE `所属行业` LIKE '%船舶%'
2025-05-09 09:10:49,943 ChatBI->     INFO     obtain_data: [{'船舶领域工匠数量': 21}]
2025-05-09 09:10:49,944 ChatBI->     INFO     sql_result: {'sql_std': "SELECT COUNT(*) AS 船舶领域工匠数量 FROM gjw WHERE `所属行业` LIKE '%船舶%'"}
2025-05-09 09:11:17,385 ChatBI->     INFO     query: 浦东新区有多少工匠
2025-05-09 09:11:18,202 ChatBI->     INFO     schema linking: {'target_columns': ['姓名'], 'condition_columns': {'区局': '浦东新区'}}
2025-05-09 09:11:19,400 ChatBI->     INFO     stad sql: SELECT COUNT(`姓名`) AS `工匠数量` FROM gjw WHERE `区局` = '浦东新区' LIMIT 10;
2025-05-09 09:11:19,402 ChatBI->     INFO     obtain_data: [{'工匠数量': 36}]
2025-05-09 09:11:19,402 ChatBI->     INFO     sql_result: {'sql_std': "SELECT COUNT(`姓名`) AS `工匠数量` FROM gjw WHERE `区局` = '浦东新区' LIMIT 10;"}
2025-05-09 09:11:49,464 ChatBI->     INFO     query: 浦东新区工匠的年龄分布
2025-05-09 09:11:50,284 ChatBI->     INFO     schema linking: {'target_columns': ['年龄'], 'condition_columns': {'区局': '浦东新区'}}
2025-05-09 09:11:51,751 ChatBI->     INFO     stad sql: SELECT `年龄`, COUNT(*) AS `数量` FROM gjw WHERE `区局` = '浦东新区' GROUP BY `年龄` ORDER BY `数量` DESC LIMIT 10;
2025-05-09 09:11:51,754 ChatBI->     INFO     obtain_data: [{'年龄': 48.0, '数量': 4}, {'年龄': 60.0, '数量': 3}, {'年龄': 43.0, '数量': 3}, {'年龄': 52.0, '数量': 2}, {'年龄': 55.0, '数量': 2}, {'年龄': 46.0, '数量': 2}, {'年龄': 42.0, '数量': 2}, {'年龄': 61.0, '数量': 2}, {'年龄': 44.0, '数量': 2}, {'年龄': 51.0, '数量': 2}]
2025-05-09 09:11:51,754 ChatBI->     INFO     sql_result: {'sql_std': "SELECT `年龄`, COUNT(*) AS `数量` FROM gjw WHERE `区局` = '浦东新区' GROUP BY `年龄` ORDER BY `数量` DESC LIMIT 10;"}
2025-05-09 09:13:22,680 ChatBI->     INFO     query: 上海的虹口工匠的年龄分布
2025-05-09 09:13:23,517 ChatBI->     INFO     schema linking: {'target_columns': ['年龄'], 'condition_columns': {'区局': '虹口区'}}
2025-05-09 09:13:25,021 ChatBI->     INFO     stad sql: SELECT `年龄`, COUNT(*) AS `数量` FROM gjw WHERE `区局` = '虹口区' GROUP BY `年龄` ORDER BY `数量` DESC LIMIT 10;
2025-05-09 09:13:25,024 ChatBI->     INFO     obtain_data: [{'年龄': 61.0, '数量': 1}, {'年龄': 41.0, '数量': 1}, {'年龄': 44.0, '数量': 1}]
2025-05-09 09:13:25,024 ChatBI->     INFO     sql_result: {'sql_std': "SELECT `年龄`, COUNT(*) AS `数量` FROM gjw WHERE `区局` = '虹口区' GROUP BY `年龄` ORDER BY `数量` DESC LIMIT 10;"}
2025-05-09 09:13:36,026 ChatBI->     INFO     query: 浦东工匠的年龄分布
2025-05-09 09:13:36,851 ChatBI->     INFO     schema linking: {'target_columns': ['年龄'], 'condition_columns': {'区局': '浦东新区'}}
2025-05-09 09:13:38,461 ChatBI->     INFO     stad sql: SELECT `年龄`, COUNT(*) AS `数量` FROM gjw WHERE `区局` = '浦东新区' GROUP BY `年龄` ORDER BY `数量` DESC LIMIT 10;
2025-05-09 09:13:38,463 ChatBI->     INFO     obtain_data: [{'年龄': 48.0, '数量': 4}, {'年龄': 60.0, '数量': 3}, {'年龄': 43.0, '数量': 3}, {'年龄': 52.0, '数量': 2}, {'年龄': 55.0, '数量': 2}, {'年龄': 46.0, '数量': 2}, {'年龄': 42.0, '数量': 2}, {'年龄': 61.0, '数量': 2}, {'年龄': 44.0, '数量': 2}, {'年龄': 51.0, '数量': 2}]
2025-05-09 09:13:38,464 ChatBI->     INFO     sql_result: {'sql_std': "SELECT `年龄`, COUNT(*) AS `数量` FROM gjw WHERE `区局` = '浦东新区' GROUP BY `年龄` ORDER BY `数量` DESC LIMIT 10;"}
2025-05-09 09:17:01,996 ChatBI->     INFO     query: 浦东工匠比虹口的多多少人
2025-05-09 09:17:03,177 ChatBI->     INFO     schema linking: {'target_columns': ['姓名'], 'condition_columns': {'区局': '虹口区'}}
2025-05-09 09:17:04,351 ChatBI->     INFO     stad sql: SELECT COUNT(`姓名`) AS `虹口工匠数量` FROM gjw WHERE `区局` = '虹口区';
2025-05-09 09:17:04,354 ChatBI->     INFO     obtain_data: [{'虹口工匠数量': 3}]
2025-05-09 09:17:04,355 ChatBI->     INFO     sql_result: {'sql_std': "SELECT COUNT(`姓名`) AS `虹口工匠数量` FROM gjw WHERE `区局` = '虹口区';"}
2025-05-09 09:17:16,055 ChatBI->     INFO     query: 浦东新区工匠的人数比虹口的多多少人
2025-05-09 09:17:17,217 ChatBI->     INFO     schema linking: {'target_columns': ['姓名'], 'condition_columns': {'区局': '虹口区'}}
2025-05-09 09:17:18,857 ChatBI->     INFO     stad sql: SELECT (SELECT COUNT(`姓名`) FROM gjw WHERE `区局` = '浦东新区') - (SELECT COUNT(`姓名`) AS cnt FROM gjw WHERE `区局` = '虹口区') AS difference
2025-05-09 09:17:18,861 ChatBI->     INFO     obtain_data: [{'difference': 33}]
2025-05-09 09:17:18,861 ChatBI->     INFO     sql_result: {'sql_std': "SELECT (SELECT COUNT(`姓名`) FROM gjw WHERE `区局` = '浦东新区') - (SELECT COUNT(`姓名`) AS cnt FROM gjw WHERE `区局` = '虹口区') AS difference"}
2025-05-09 09:17:55,168 ChatBI->     INFO     query: 浦东新区工匠占总数的多少
2025-05-09 09:17:56,004 ChatBI->     INFO     schema linking: {'target_columns': ['姓名'], 'condition_columns': {'区局': '浦东新区'}}
2025-05-09 09:17:57,568 ChatBI->     INFO     stad sql: SELECT (COUNT(`姓名`) * 100.0 / (SELECT COUNT(`姓名`) FROM gjw)) AS `占比` FROM gjw WHERE `区局` = '浦东新区';
2025-05-09 09:17:57,572 ChatBI->     INFO     obtain_data: [{'占比': Decimal('4.04040')}]
2025-05-09 09:17:57,572 ChatBI->     INFO     sql_result: {'sql_std': "SELECT (COUNT(`姓名`) * 100.0 / (SELECT COUNT(`姓名`) FROM gjw)) AS `占比` FROM gjw WHERE `区局` = '浦东新区';"}
2025-05-09 09:20:29,151 ChatBI->     INFO     query: 上海船舶行业有多少位上海工匠
2025-05-09 09:20:29,977 ChatBI->     INFO     schema linking: {'target_columns': ['姓名'], 'condition_columns': {'区局': '船舶'}}
2025-05-09 09:20:31,095 ChatBI->     INFO     stad sql: SELECT COUNT(`姓名`) AS `上海工匠数量` FROM gjw WHERE `区局` = '船舶';
2025-05-09 09:20:31,098 ChatBI->     INFO     obtain_data: [{'上海工匠数量': 21}]
2025-05-09 09:20:31,099 ChatBI->     INFO     sql_result: {'sql_std': "SELECT COUNT(`姓名`) AS `上海工匠数量` FROM gjw WHERE `区局` = '船舶';"}
2025-05-09 09:21:00,621 ChatBI->     INFO     query: 上海电信集团的上海工匠是哪五个人?
2025-05-09 09:21:01,465 ChatBI->     INFO     schema linking: {'target_columns': ['姓名'], 'condition_columns': {'工作单位': '上海电信集团'}}
2025-05-09 09:21:02,511 ChatBI->     INFO     stad sql: SELECT `姓名` FROM gjw WHERE `工作单位` = '上海电信集团' LIMIT 5;
2025-05-09 09:21:02,513 ChatBI->     INFO     obtain_data: [{}]
2025-05-09 09:21:02,513 ChatBI->     INFO     sql_result: {'sql_std': "SELECT `姓名` FROM gjw WHERE `工作单位` = '上海电信集团' LIMIT 5;"}
2025-05-09 09:25:00,087 ChatBI->     INFO     query: 龙华殡仪馆的上海工匠是哪五个人?
2025-05-09 09:25:01,032 ChatBI->     INFO     schema linking: {'target_columns': ['姓名'], 'condition_columns': {'工作单位': '龙华殡仪馆'}}
2025-05-09 09:25:02,194 ChatBI->     INFO     stad sql: SELECT `姓名` FROM gjw WHERE `工作单位` = '龙华殡仪馆' LIMIT 5;
2025-05-09 09:25:02,197 ChatBI->     INFO     obtain_data: [{}]
2025-05-09 09:25:02,197 ChatBI->     INFO     sql_result: {'sql_std': "SELECT `姓名` FROM gjw WHERE `工作单位` = '龙华殡仪馆' LIMIT 5;"}
