2025-05-23 04:24:29,636 ChatBI->     INFO     关联字段的枚举值:  {'事项类别': ['公共管理', '公共服务', '公共安全', '经济发展'], '事项大类': ['环境保护', '民生服务', '科教文卫体', '公共交通', '房屋保障', '绿化市容', '城管执法', '社区共治', '市场监管', '行政服务', '市政建设', '消防安全', '规划管理', '社会治安', '安全生产', '金融', '商务', '水务工作', '卫生计生', '应急救援', '国资', '发展改革'], '事项小类': ['噪声污染', '帮困救助', '教育', '交通秩序', '物业服务', '市容环境', '非机动车管理', '物业相关执法', '居委会', '养老保障', '人力保障', '证照管理', '文化旅游', '机关事务', '设施场地管理', '房屋管理', '服务窗口', '房屋修缮', '市政道路', '消防隐患', '空气污染', '旧改征收', '绿地绿化', '规划设计', '体育', '景观', '基础设施', '环卫', '业委会', '消防管理', '犬类管理', '保障型住房', '机动车管理', '消费维权', '光污染', '特种设备监管', '金融', '街面秩序执法', '测绘管理', '档案', '建筑间距及日照', '商务', '公安信息', '历史建筑', '治安管控', '水系管理', '人口计生', '公交出行', '档案管理', '非居住用房', '医疗服务', '突发事件', '国资', '排水排污', '发展改革'], '事项名称': ['夜间施工扰民', '津贴补助', '教育质量', '排堵保畅', '维修服务', '生活娱乐扰民', '物业安保', '停车管理', '文明施工措施不落实', '共享单车停放管理', '非改居', '商业物业', '高空抛物', '居家养老', '工资奖金', '审验登记', '文化场所信息', '表扬办事人员', '小区公共区域维护', '公共停车场', '物业收费', '擅自改建占用共用部分', '校园设施', '事务中心', '装修噪音扰民', '美丽家园', '擅自占用道路堆物、施工', '助残服务', '作业负担', '群租', '垃圾清运', '施工扬尘', '动迁需求', '跨门营业', '占绿毁绿', '违法建筑', '房屋漏水', '规划设计', '经营噪声扰民', '拖欠工资', '小区绿化', '路状路况', '破坏房屋结构', '损坏房屋承重结构', '场地设施', '收费问题', '加装电梯', '餐饮油烟', '道路指示牌', '不文明养宠', '教育改革', '机动车安全隐患', '小区公共设施设备的新增或维修', '公园设施', '市政井盖', '道路保洁', '虫鼠害防治', '业委会改选组建', '控烟禁烟', '公共厕所', '成人教育', '投诉办事人员', '消防设施', '物业纠纷', '动迁矛盾', '流浪犬收治', '文化活动', '公租房', '学籍管理', '卫生城市配套设施', '经适房', '宣传栏（亭）', '廉租房', '入学政策', '景点投诉', '机动车停放管理', '维权咨询', '办理转学', '垃圾分类', '老旧小区改造', '公房管理', '邻里矛盾', '广告灯箱', '景观灯光', '非机动车安全隐患', '维修基金', '居改非', '楼道堆物', '电梯', '居住证', '其他补助', '暴露垃圾', '天桥', '非机动车停放管理', '花架花钵', '危房工程', '道路交通设施', '就业补贴', '道路改建', '广告牌景观灯', '助餐服务', '污水冒溢', '移植修剪', '中考', '助老服务', '乱张贴、乱涂写、乱刻画', '道路维护', '消防通道', '露天焚烧', '超时补课', '公厕导向牌', '测绘管理', '个人档案公开', '售后服务', '群众锻炼', '机构养老', '无证设摊', '隔离护栏', '教师素质', '最低生活保障', '信访接待', '建筑间距及日照', '园林管理', '商贸信息', '其它', '公共交通安全隐患', '户籍政策咨询', '路标路牌', '不文明执法', '房屋产权', '擅自改变房屋使用性质', '人才引进', '历史建筑', '限流限行', '土地征收', '垃圾桶/厢房', '医保报销', '设施破损', '油漆异味', '公共绿化', '孤寡空巢老人关怀', '架空线', '换届选举', '金融资讯', '支内知青补贴', '群体性事件', '路灯', '街头散发小广告', '河道治理', '人员非正常聚集', '违规饲养禽类\n（鸡、鸭、鸽子）', '强讨恶要', '交通噪音扰民', '桥梁', '房屋质量', '独生子女补贴', '私拉电线', '新增设施', '乱晾晒', '金融监管', '垃圾偷倒', '人员资质', '党建中心', '景点资讯', '两“室”建设', '房产信息变更', '无障碍设施', '交通违章', '矛盾纠纷', '地铁客运', '酒店质量', '外墙翻新', '档案管理', '出租车扬招牌', '占道设摊', '高考', '外地户口入学', '费用减免', '特种行业行政许可', '园区', '设施维护', '车容不洁', '社区卫生服务', '河道周边', '架空线坠落', '失独救助', '文化中心', '破墙开门（窗）', '企业改革', '各类消费服务点券卡', '无证照经营', '绿化护栏', '公共场所消防安全隐患', '工时假期', '信鸽', '体检中心', '雨污分流', '改革发展事务', '行道树', '商用房', '劳务中介', '市场供应', '综合中心', '工伤认定']}
2025-05-23 04:24:29,636 ChatBI->     INFO     缩写字段的枚举值： ['夜间施工扰民', '津贴补助', '教育质量', '排堵保畅', '维修服务', '生活娱乐扰民', '物业安保', '停车管理', '文明施工措施不落实', '共享单车停放管理', '非改居', '商业物业', '高空抛物', '居家养老', '工资奖金', '审验登记', '文化场所信息', '表扬办事人员', '小区公共区域维护', '公共停车场', '物业收费', '擅自改建占用共用部分', '校园设施', '事务中心', '装修噪音扰民', '美丽家园', '擅自占用道路堆物、施工', '助残服务', '作业负担', '群租', '垃圾清运', '施工扬尘', '动迁需求', '跨门营业', '占绿毁绿', '违法建筑', '房屋漏水', '规划设计', '经营噪声扰民', '拖欠工资', '小区绿化', '路状路况', '破坏房屋结构', '损坏房屋承重结构', '场地设施', '收费问题', '加装电梯', '餐饮油烟', '道路指示牌', '不文明养宠', '教育改革', '机动车安全隐患', '小区公共设施设备的新增或维修', '公园设施', '市政井盖', '道路保洁', '虫鼠害防治', '业委会改选组建', '控烟禁烟', '公共厕所', '成人教育', '投诉办事人员', '消防设施', '物业纠纷', '动迁矛盾', '流浪犬收治', '文化活动', '公租房', '学籍管理', '卫生城市配套设施', '经适房', '宣传栏（亭）', '廉租房', '入学政策', '景点投诉', '机动车停放管理', '维权咨询', '办理转学', '垃圾分类', '老旧小区改造', '公房管理', '邻里矛盾', '广告灯箱', '景观灯光', '非机动车安全隐患', '维修基金', '居改非', '楼道堆物', '电梯', '居住证', '其他补助', '暴露垃圾', '天桥', '非机动车停放管理', '花架花钵', '危房工程', '道路交通设施', '就业补贴', '道路改建', '广告牌景观灯', '助餐服务', '污水冒溢', '移植修剪', '中考', '助老服务', '乱张贴、乱涂写、乱刻画', '道路维护', '消防通道', '露天焚烧', '超时补课', '公厕导向牌', '测绘管理', '个人档案公开', '售后服务', '群众锻炼', '机构养老', '无证设摊', '隔离护栏', '教师素质', '最低生活保障', '信访接待', '建筑间距及日照', '园林管理', '商贸信息', '其它', '公共交通安全隐患', '户籍政策咨询', '路标路牌', '不文明执法', '房屋产权', '擅自改变房屋使用性质', '人才引进', '历史建筑', '限流限行', '土地征收', '垃圾桶/厢房', '医保报销', '设施破损', '油漆异味', '公共绿化', '孤寡空巢老人关怀', '架空线', '换届选举', '金融资讯', '支内知青补贴', '群体性事件', '路灯', '街头散发小广告', '河道治理', '人员非正常聚集', '违规饲养禽类\n（鸡、鸭、鸽子）', '强讨恶要', '交通噪音扰民', '桥梁', '房屋质量', '独生子女补贴', '私拉电线', '新增设施', '乱晾晒', '金融监管', '垃圾偷倒', '人员资质', '党建中心', '景点资讯', '两“室”建设', '房产信息变更', '无障碍设施', '交通违章', '矛盾纠纷', '地铁客运', '酒店质量', '外墙翻新', '档案管理', '出租车扬招牌', '占道设摊', '高考', '外地户口入学', '费用减免', '特种行业行政许可', '园区', '设施维护', '车容不洁', '社区卫生服务', '河道周边', '架空线坠落', '失独救助', '文化中心', '破墙开门（窗）', '企业改革', '各类消费服务点券卡', '无证照经营', '绿化护栏', '公共场所消防安全隐患', '工时假期', '信鸽', '体检中心', '雨污分流', '改革发展事务', '行道树', '商用房', '劳务中介', '市场供应', '综合中心', '工伤认定']
2025-05-23 04:25:11,605 ChatBI->     INFO     schema linking: {'target_columns': ['事项小类', '发现时间'], 'condition_columns': {'案件描述/内容描述': '物业管理问题'}}
2025-05-23 04:25:13,430 ChatBI->     INFO     任务类型: SQL
2025-05-23 04:25:15,416 ChatBI->     INFO     stad sql: SELECT DATE_FORMAT(`发现时间`, '%Y-%m') AS `月份`, COUNT(*) AS `数量` FROM `HongKouDemo` WHERE `案件描述/内容描述` LIKE '%物业管理问题%' GROUP BY `月份` ORDER BY `月份` LIMIT 10;
2025-05-23 04:25:15,416 ChatBI->     INFO     开始语义分析 ... 
2025-05-23 04:25:15,426 ChatBI->     INFO     非结构化信息为: {"`案件描述/内容描述` LIKE '%物业管理问题%'": '物业管理问题'}
2025-05-23 04:25:16,026 ChatBI->     INFO     物业管理问题 的命名实体判别： no
2025-05-23 04:25:16,027 ChatBI->     INFO     开始对非结构化文档【粗略】检索
2025-05-23 04:25:16,297 ChatBI->     INFO     检索到的文档总数量为：621
2025-05-23 04:25:16,336 ChatBI->     INFO     开始对非结构化文档【深度】检索
2025-05-23 04:25:16,873 ChatBI->     INFO     step_scores: ['yes', 'yes', 'yes', 'yes', 'yes', 'yes', 'yes', 'yes', 'yes', 'yes', 'yes', 'yes', 'yes', 'yes', 'yes', 'yes', 'no', 'yes', 'yes', 'yes']
2025-05-23 04:25:16,873 ChatBI->     INFO     层级抽取文档： 市民来电反映:其居住在上述地址小区，市民称小区物业管理混乱，市民表示物业经理从几年前开始患病后物业公司没有安排新的物业经理。导致小区内安全隐患严重，诉求：要求管理部门处理物业问题 ==> yes  
2025-05-23 04:25:16,873 ChatBI->     INFO     层级抽取文档： 市民反映：上述地址物业管理混乱，非机动车乱停乱放，无人管理。诉求：投诉非机动车乱停乱放行为，要求加强管理。（市民要求信息保密，需要回复） ==> yes  
2025-05-23 04:25:16,874 ChatBI->     INFO     层级抽取文档： 市民来电反映:上述地址居民家排污管道漏水向物业公司反映但是物业公司不负责任现在又漏水了，诉求：告知物业公司名称并加强物业管理（需回复） ==> yes  
2025-05-23 04:25:16,874 ChatBI->     INFO     层级抽取文档： 市民反映：其是建邦16区业主，拥有一个产权车位（车位号：B125）。上海振翔物业管理公司擅自允许其他业主在B125车位旁（该区域属于地库公共区域）停放摩托车，占用公共空间，影响业主车辆安全。根据相关法规，地库公共区域应空置保持畅通，禁止停放任何车辆摆放任何物品。另摩托车系沪E蓝牌，本区域是禁行区域，该两辆车有移动的情况。经与物业沟通，表示此为业主个人行为，物业不知晓，物业推卸责任。... ==> yes  
2025-05-23 04:25:16,874 ChatBI->     INFO     层级抽取文档： 市民来电反映:上述地址小区物业管理混乱。现在整个小区都有居民在绿化带内种植蔬菜瓜果乱象。诉求：请管理部门核实查处整治。（市民要求信息保密 需回复） ==> yes  
2025-05-23 04:25:16,874 ChatBI->     INFO     层级抽取文档： 市民反映：2023年7月29日，新昌物业管理（深圳）有限公司上海分公司擅自拆除了市民小区所属的景观假山（详见附件），当时承诺会恢复该假山，但时隔一年，仍未进行恢复，诉求：请相关部门进行跟进处理。 ==> yes  
2025-05-23 04:25:16,874 ChatBI->     INFO     层级抽取文档： 市民来电咨询:不清楚房屋的物业公司是哪个公司，诉求：要求管理部门核实告知上述地址的所属物业公司名称。 ==> yes  
2025-05-23 04:25:16,874 ChatBI->     INFO     层级抽取文档： 市民反映：上述物业将非机动车库出租，导致非机动车到处乱停，物业只顾利益管理混乱。诉求：要求对乱停放现象加强整治管理。（市民要求信息保密，需要回复） ==> yes  
2025-05-23 04:25:16,874 ChatBI->     INFO     层级抽取文档： 市民来电反映:物华路300号是一个3层裙楼，商业楼宇，和主楼是一个物业。市民表示该处物业对裙楼光收物业费，从来不服务，安保和保洁从来没有。故来电投诉。（需回复） ==> yes  
2025-05-23 04:25:16,874 ChatBI->     INFO     层级抽取文档： 市民来电反映:上述地址大楼漏水至今已2年多但问题仍未解决，现市民表示整栋楼居民都拒缴物业费来抗议，故来电希望管理部门介入尽快解决大楼漏水问题。 ==> yes  
2025-05-23 04:25:16,874 ChatBI->     INFO     层级抽取文档： 重新交办，要求，办理结果不明确，居委会推物业，物业说没有钱，让市民找业委会，业委会一直拖着，希望管理部能尽快核实给予合理解决方案。最近办结的工单号：20240812039939，内容：其是上述地址的居民，因为其楼上1104室的排污水管道漏水了，造成其家里漏水，且房屋顶部和墙壁都损坏了。其联系物业报修，物业查看后，声称没钱维修，就不了了之了。市民对此不认可。市民认为物业存在不作为。诉求：请管理部门尽快查处物业的不作为，并给出一个合理的解决方案。 ==> yes  
2025-05-23 04:25:16,874 ChatBI->     INFO     层级抽取文档： 市民来电反映: 其为上述小区居民 ，在物业允许下小区里有乱设摊卖菜的情况影响环境及通行，其次机动车车位也一直存在乱堆杂物的情况，对于物业乱作为的情况要求投诉，希望管理部门核实后予以处理（需回复） ==> yes  
2025-05-23 04:25:16,874 ChatBI->     INFO     层级抽取文档： 【重新交办,要求：按答复要点告知市民,市民表示答复要点不明确,8月27日来电告知目前小区依旧存在外来车辆停放在小区，导致包月的业主没有车位。诉求：要求管理部门尽快解决小区包月车主停车难问题，禁止外来车辆进入小区。（信息保密需回复）最近办结的工单编号:20240312009100，工单内容:市民来电反映:市民为上述地址小区业主，小区内有很多非小区业主和租客的长时间车辆停放，导致小区内车位紧张，多次向物业反映都没有解决也没有答复。市民对此不认可。诉求：请管理部门核实并要求物业整顿小区内停车问题。（市民要求信息保密 需回复）】 ==> yes  
2025-05-23 04:25:16,874 ChatBI->     INFO     层级抽取文档： 市民来电反映:其为上述小区居民，表示小区居委在小区的业委会事项上，并未站在居民角度帮其处理问题，投诉居委不作为需要管理部门给其致电联系。诉求：请管理部门介入核实并给予合理解释.(需回复) ==> yes  
2025-05-23 04:25:16,875 ChatBI->     INFO     层级抽取文档： 市民来电反映:市民在上述地址小区内租赁了房子，其已经在该小区居住一年左右了。之前小区有美丽家园施工，告知市民完工以后可以让其机动车进入小区停车的。现在施工完成了，小区物业说小区业主都没地方停，不让市民机动车进入小区停车。市民说小区内有很多空的停车位，但物业还是不让市民进入停车，物业还说业主5元一天，市民50元一天，问市民停不听。诉求：希望管理部门核实妥善处理小区物业不让市民机动车进入停车的问题。（需回复） ==> yes  
2025-05-23 04:25:16,875 ChatBI->     INFO     层级抽取文档： 市民来电反映:8月19日其楼上装修，市民16:47用18583361595号码致电：55150752物业电话，询问具体装修情况，装修报备施工时间。接电的男性物业人员态度非常恶劣，不提供相关信息，还嘲讽市民。诉求：请管理部门核实后尽快协调处理物业人员态度问题并向市民致歉。（需要回复） ==> yes  
2025-05-23 04:25:16,875 ChatBI->     INFO     层级抽取文档： 【重新交办，要求：按答复市民要点告知市民，市民表示答复市民要点与实际情况明显不符，只是启动了，市民询问规则是什么，管理部门说还要研究，什么时候研究出来不知道，出来会告诉你们。街道会一步一步做的。怎么做什么时候做没有告知。诉求：原诉求不变。最近办结的工单编号：20240809034860，工单内容：市民来电反映:嘉兴路街道张贴的关于欧洲花园改选业委会的公告，里面没有具体的改选流程， 市民表示业委会到期已到期，根据规定业主不不得擅自改选业委会。 诉求：请嘉兴路街道依据规定处理改选业委会事宜。】 ==> no  
2025-05-23 04:25:16,875 ChatBI->     INFO     层级抽取文档： 市民来电反映:其是上述小区的居民，其表示该小区每日外来机动车辆过夜的过多，导致小区业主都无法停车了，反映给物业没处理，诉求：请管理督促物业加强管理，减少外来车辆过夜停放现象。（市民要求信息保密 需回复） ==> yes  
2025-05-23 04:25:16,875 ChatBI->     INFO     层级抽取文档： 市民来电反映:上述地址8号楼2楼，有两户居民正在进行室内装修，同一家施工单位，前几天装修导致水管故障，8月23日施工导致燃气管道故障。诉求：希望核实施工部门是否与物业报备过，流程是否合理，希望物业对其加强监管。（市民要求信息保密 需回复） ==> yes  
2025-05-23 04:25:16,875 ChatBI->     INFO     层级抽取文档： 【重新交办，要求：已告知市民答复要点，但市民表示意见已经征询过了，但一直没有公开征询结果，同时有些态度强硬的居民的罩子已经拆除了，市民扬言：如不能解决问题将采取过激行为，其要将罩子拆掉从楼下扔下去，砸到人由施工方承担责任，询问市民所在地址，市民表示就在上述地址房屋中，故答复要点与实际情况不符，希望管理尽快处理。最近办结的工单编号：20240816035822工单内容：市民来电反映:其居住上述地址... ==> yes  
2025-05-23 04:25:17,480 ChatBI->     INFO     step_scores: ['yes', 'yes', 'yes', 'yes', 'yes', 'no', 'yes', 'yes', 'yes', 'no', 'yes', 'no', 'yes', 'yes', 'no', 'yes', 'no', 'yes', 'yes', 'yes']
2025-05-23 04:25:17,481 ChatBI->     INFO     层级抽取文档： 市民来电咨询:其为上述地址居民，市民表示小区没有物业，属于自制管理，来电咨询业委会改选计票规则，计票过程中，票没有进行勾选属于有效，还是无效。（需要回复）  ==> yes  
2025-05-23 04:25:17,481 ChatBI->     INFO     层级抽取文档： 市民来电反映:房屋不是经常居住，厨房是公用的，有一个橱柜，一块玻璃掉落，市民也联系了物业报修，下午物业刚刚过来，表示不处理，市民表示橱柜是公用的，也有老鼠等，橱柜有高度，市民作为老人也无法自己修，房屋是使用权房屋，诉求：投诉物业不作为，要求尽快维修处理。（市民要求信息保密 需回复） ==> yes  
2025-05-23 04:25:17,481 ChatBI->     INFO     层级抽取文档： 市民来电反映:投诉小区的物业，关于停车的问题，这几个月在做美丽家园，9月1日开始有新的停车的方案，说已经联系百分之70业主同意。市民告知楼长8月18日问其父亲，实际公示8月7日已经公示，告知是管理办法。1、没有收到问询，2、停车方案不认可，以前停车一天以上收费10元，目前一共分三档：第一种业主有季卡，1800元一年停车，第二种业主的临时车辆11000元一年（一天30元收费），第三种外来车辆按照50一天收费，不能过夜。其为业主，没有季卡，其排在小区的第42位，小区共150个车位，1827户居民。诉求：投诉物业，其也是业主，投诉停车费价格不合理。 ==> yes  
2025-05-23 04:25:17,481 ChatBI->     INFO     层级抽取文档： 市民来电反映:上述地址1号楼的居民使用自己家里的凳子侵占小区的停车位，市民向物业反映过，可是一直没有得到有效的解决，该问题还在持续发生中，股来电反映，要求物业加强小区停车位的管理，杜绝类似的事情再次发生。（市民要求信息保密 需回复） ==> yes  
2025-05-23 04:25:17,482 ChatBI->     INFO     层级抽取文档： 市民来电反映:其是405的居民，其表示该楼栋是20年的老房子，一共6层，于天台搭了房子，市民不清楚该房子具体信息，于8月13楼顶好像是爆水管，导致水一路往下楼，6楼、5楼、4楼都有严重的渗水现象，市民联系物业前来查看，物业表示没办法。诉求：请管理部门核实定责，协调给予处理方式。 ==> yes  
2025-05-23 04:25:17,482 ChatBI->     INFO     层级抽取文档： 市民反映：北外滩街道应掌握上述地址小区的集中交付时间是2024年1月-2月，未指导和监督开发商按时提交成立业主大会申请，反而配合开发商不以交付率，而以入住率统计来，直到小区业主自发提出证据，发出书面要求和通过12345投诉后，街道6月才开始启动工作，延误了3个月。按住建委规定，街道应组织、指导成立筹备组工作，但街道从未书面公布本小区筹备流程、进度要求和街道负责人联系方式，也未指派、公示筹备组组长。6月7日接到业主书面要求后，应按规定60天内（8月7日）组建筹备组，但街道未按规定，对筹备组成员名单（缺少组长，居委代表，开发商代表名单）进行公告，仅针对业主代表名单单独公示，或至8月底才能进行... ==> no  
2025-05-23 04:25:17,482 ChatBI->     INFO     层级抽取文档： 市民来电反映:上述地址小区保安不负责任，放了外来车辆进入小区，任由该车乱停，现在堵住了其他车辆。诉求：希望管理部门核实并要求投诉物业，进行改善。 ==> yes  
2025-05-23 04:25:17,482 ChatBI->     INFO     层级抽取文档： 市民来电反映:其是上述地址小区业主，市民称其小区物业不让市民把车子开进小区，原因是小区没有停车位，市民表示不认可。诉求：投诉小区物业，要求给市民一个合理解释。 ==> yes  
2025-05-23 04:25:17,482 ChatBI->     INFO     层级抽取文档： 市民来电反映:上述小区业委会与物业公司签订服务合同中，市民认为部分条款对小区不公平，市民来电投诉小区业委会。诉求：希望管理部门核实处置 ==> yes  
2025-05-23 04:25:17,483 ChatBI->     INFO     层级抽取文档： 市民来电反映:其是居住在上述地址的居民，8月15日9：50分左右放在门口的柜子被城管私自搬走了，事先没有任何通知，市民是通过家中监控才看到一群城管来拿的。诉求：市民希望管理部门就城管私自将其柜子搬走给予合理解释。（需回复） ==> no  
2025-05-23 04:25:17,483 ChatBI->     INFO     层级抽取文档： 市民来电反映:上述地址的小区的车库不完全属于物业，百联的产权，物业监管权，小区地面的车库没有监控设备。很没有安全感。现在物业和百联相互推。诉求：应该安装监控探头。（需要回复） ==> yes  
2025-05-23 04:25:17,483 ChatBI->     INFO     层级抽取文档： 市民反映：北外滩街道应掌握本小区的集中交付时间2024年1-2月，未指导和监督开发商按时提交成立业主大会申请，反而配合开发商不以交付率，而以入住率统计来愚弄广大业主，按住建委规定，街道应组织、指导成立筹备组工作，但街道从未书面公布本小区筹备流程、进度要求和街道负责人联系方式，也未指派、公示筹备组组长，在6月7日接到业主书面要求后，应按规定60天内，即8月7日组建筹备组，但街道未按规定，对筹备组成员名单，缺少组长，居委代表，开发商代表名单进行公告，而是变成了仅针对业主代表名单的单独“公示”，或至8月底才能进行法规要求的“公告”，导致筹备组未在规定的60天内组建，街道违反公示规定，在公示期结... ==> no  
2025-05-23 04:25:17,483 ChatBI->     INFO     层级抽取文档： 市民来电反映:上述地址小区内车位紧张，车辆乱停，导致车难以通行，在早上6:00多有鸣笛现象，影响居民正常休息，诉求：请管理部门核实并加强管理。（市民要求信息保密 无需回复） ==> yes  
2025-05-23 04:25:17,483 ChatBI->     INFO     层级抽取文档： 市民来电反映:上述地址美丽家园导致水管挖断了，水表拆了和换球阀，导致装水表的墙面都是水，墙面涂料之后又发黄发霉了，其家中厨房橱柜也损坏了没有修好，希望管理房管部门找美丽家园施工队给予解决方案。 ==> yes  
2025-05-23 04:25:17,483 ChatBI->     INFO     层级抽取文档： 市民来电反映:其上述地址居民，小区是属于学府居委，其房子被法院进行拍卖，房客把其的生活用品丢出门外，其没有地方放东西，居委会全部人员不帮其反而站着看还在评论，其认为居委会工作人员没有职业道德态度恶劣。诉求：请管理部门核实并要求给其赔礼道歉（需回复） ==> no  
2025-05-23 04:25:17,484 ChatBI->     INFO     层级抽取文档： 市民反映：衡水路89弄1号楼2903房屋内玻璃幕墙侧严重漏水，前期经城管、区应急管理中心、物业公司工程人员及居委会联合现场查看，认定为玻璃幕墙老化所致。业主提出应由物业负责提出检修方案并报业委会，使用维修基金进行修理。业委会主任拒绝相关要求。业主致电川北街道城建中心（房管所）反映此问题，某陈姓工作人员表示无权责。1、物业应对漏水问题出具正式的检修方案，报业委会。2、业委会应根据事实情况，征询意见或召开业主大会，明确维修基金的使用。3、物业应负责相应的检修。4、川北街道房管所人员应尽监督、管理、协调责任。5、物业应明确是否履行玻璃幕墙定期检查的职责。6、查明物业经理吴某、业委会主任是否存在... ==> yes  
2025-05-23 04:25:17,484 ChatBI->     INFO     层级抽取文档： 市民反映：虹口区相关部门在新弘逸品嘉苑小区业主大会筹备工作中不作为。北外滩街道应掌握小区的集中交付时间（2024年1月-2月），但未指导和监督开发商按时提交成立业主大会申请，反而配合开发商不以交付率、而以入住率统计，直到小区业主自发提出证据向12345投诉后，街道6月才开始启动工作，延误了3个月。按住建委规定，街道应组织、指导成立筹备组工作，但街道从未书面公布小区筹备流程、进度要求和街道负责人联系方式，也未指派、公示筹备组组长。在6月7日接到业主书面要求后，应按规定60天内（8月7日）组建筹备组，但街道未按规定对筹备组成员名单（缺少组长、居委代表、开发商代表名单）进行公告，而是变成了仅针... ==> no  
2025-05-23 04:25:17,484 ChatBI->     INFO     层级抽取文档： 【重新交办，关联工单：20240812017031】回访市民：【急次】市民称：承办部门已联系，物业只是告知不是他们的事情，没有办法，美丽家园还在保修期，让其再次反馈热线，无其他回复和措施，热线告知办结报告，市民表示答复和实际不符，排水系统美丽家园已换新，老百姓自己找寻沙袋挡水，并非物业居委处理的，该处地坪过低导致漫水，无任何处理措施，大雨天依然会出现问题，希望管理部门再次办理。诉求：请管理部门核实处理。【最近办结工单号：20240812017031，工单内容：市民来电反映:其是上述地址居民，其表示现在2024年8月12日由于下大雨其现在家中有水都漫到家中了，表示联系不到物业居委希望管理部... ==> yes  
2025-05-23 04:25:17,484 ChatBI->     INFO     层级抽取文档： 市民来电反映:要求投诉虹口区广中街道房办乱作为，市民表示上述地址小区有二十一栋楼，其中十几栋楼楼顶都有违建，且市民称是广中街道让其建造的，造成成立其有违建的楼房顶层漏水，还动用小区居民的维修基金维修违建，市民表示不认可与不满，市民还称上述地址小区在2023年开始就没有业委会，广中街道阻止小区组建业务会，还指派物业公司入驻小区，其物业公司根本不懂管理，诉求：投诉广中街道房办乱作为，请管理部门核查处理，并停止使用市民维修基金修理楼顶违建。（需回复） ==> yes  
2025-05-23 04:25:17,484 ChatBI->     INFO     层级抽取文档： 市民反映：上述地址保安室值班人员夜班脱离岗位，在工作期间擅自睡觉，导致居民财产和人身安全无法保障，常年如此，诉求：要求责令物业整改。（市民要求信息保密，需要回复） ==> yes  
2025-05-23 04:25:18,077 ChatBI->     INFO     step_scores: ['yes', 'yes', 'yes', 'yes', 'yes', 'yes', 'yes', 'yes', 'yes', 'yes', 'yes', 'yes', 'yes', 'yes', 'yes', 'yes', 'yes', 'yes', 'yes', 'yes']
2025-05-23 04:25:18,077 ChatBI->     INFO     层级抽取文档： 【投诉】市民来电反映:市民来电反映物业报修问题，没有任何人先行联系市民了解情况，也不解决实际问题。诉求：要求投诉承办单位不联系市民，不解决其诉求，希望尽快给予合理的说法。（需要回复）（相关工单号：20240808023605） ==> yes  
2025-05-23 04:25:18,077 ChatBI->     INFO     层级抽取文档： 市民来电反映:其是上述地址居民，市民表示现在居民楼公共管道漏水，物业联系市民告知需要将市民家中的墙体破坏才能检查管道，市民表示应该有类似窥镜检查设备，物业告知整个虹口区的房管部门都没有，市民不认可，要求管理部门核实联系市民告知市民是否有相关设备可以检查。 ==> yes  
2025-05-23 04:25:18,077 ChatBI->     INFO     层级抽取文档： 市民来电反映:上述地址的居民每天晚上把垃圾放在门口，第二天才去仍，味道影响隔壁邻居，希望管理部门协调不要把垃圾放在门口。（市民要求信息保密 需回复） ==> yes  
2025-05-23 04:25:18,077 ChatBI->     INFO     层级抽取文档： 市民来电反映:市民是上述地址居民，小区进行美丽家园，但是美丽家园没有对落水管进行改造。诉求：建议管理部门对小区老化落水管进行改造 ==> yes  
2025-05-23 04:25:18,077 ChatBI->     INFO     层级抽取文档： 【重新交办,按答复要点告知市民,市民表示答复要点不符，市民表示管理部门没有联系告知处理结果。诉求：请管理部门联系告知处理结果。最近办结的工单编号:20240613011486，工单内容:市民来电反映:市民是上述地址小区居民，6月11日小区业主到城运中心要求立即启动业委会改选，城运中心副主任陈旭和居委书记程春燕联合对业主进行接待，承诺会在6月14日前召开启动会议，并且承诺会在业主下班以后或者休息日召开，但是6月12在部分楼栋（不满四分之一）张贴了通知，把会议的时间定在6月15日16:00，这个时间上班的业主还未返回家中，在家的业主要做饭或接送小孩，均不能参加，且公示的内容是说为确保启动会议... ==> yes  
2025-05-23 04:25:18,078 ChatBI->     INFO     层级抽取文档： 市民来电反映：表示上述地址小区的物业和业委会制定小区停车规定不合理，市民小区是老旧小区，之前按照非固定车位进行停车，先到先停原则进行管理。但是目前小区物业和业委会，制定了固定停车车位，对于市民停在其他车位上，物业部门就会进行制止，叫市民停在存在，晚上飞线充电电瓶车，附近的车位，存在安全隐患。市民认为不合理。诉求：请管理部门进行核实，对于小区目前按照固定车位方式管理的事项，要求给到解释。 ==> yes  
2025-05-23 04:25:18,078 ChatBI->     INFO     层级抽取文档： 市民反映：楼道大门右侧墙面不知被谁在上面乱涂乱画（详见附件），而且这种不文明的行为已经出现好几次了，搞得墙面脏乱差不说，这种行为应该也算违法了吧，不知这乱涂乱画的墙面应该是谁来负责清扫及维护。诉求：望管理部门核实解释。（市民要求信息保密，需回复） ==> yes  
2025-05-23 04:25:18,078 ChatBI->     INFO     层级抽取文档： 市民来电反映:其是上述地址居民，市民要投诉该处居委存在不作为的现象。市民称其是该小区1-4号居民，1-4号居民自行达成共识，其车辆就停放在1-4号楼前。但是近期有一辆10号楼的车一直停在其1-4号楼前，导致市民的车无法停。市民每次先要将车停到其他位置，等该车走了后才停到1-4号，对其带来了很大的不便。市民向居委反映，该处居委表示该小区没有固定停车位，都是先到先得。对于其1-4号的停车位车被停了，可以到其他位置停车，也不用后续再让。市民对该处居委的说法表示不认可。认为该处居委没有做到协调作用。反而在计划邻里矛盾。市民诉求：希望管理部门核实给到其解决方案。（需回复） ==> yes  
2025-05-23 04:25:18,078 ChatBI->     INFO     层级抽取文档： 市民反映：小区公共地面上有很多居民装修扔出来的垃圾，一直没人来清理，影响小区环境。诉求：尽快清理。 ==> yes  
2025-05-23 04:25:18,078 ChatBI->     INFO     层级抽取文档： 市民来电反映:其是上述地址房屋居民，该处是4、5年前房屋动迁至该处的，现在该处房屋外墙漏水，并且存在渗水到市民家中问题，家中地板翘起来了，市民联系过物业和开发商，都只看了一眼就结束了，没有进行相应处理，至今已经一个月了没有维修。诉求：希望管理部门核实并帮助维修家中房屋。 ==> yes  
2025-05-23 04:25:18,078 ChatBI->     INFO     层级抽取文档： 市民来电反映:上述小区居民车辆原本停在隔壁学校过道处，3月学校改建搭脚手架，居民车辆都停回来，现在市民车辆没地方停，有的居民却能停，居委说对方生癌症，市民表示生癌症和停车有什么关系，对方车天天不开，居委和物业一直说下周给解决一直拖，诉求：要求投诉居委和物业，希望解决停车问题。 ==> yes  
2025-05-23 04:25:18,078 ChatBI->     INFO     层级抽取文档： 市民来电反映:其是上述地址的住户，市民表示现在楼上住户的空调一直在往下滴水，导致其房屋靠近这个阳台的墙面涂料损坏脱落，和物业反映过，也找过楼上了，但滴水的问题还是没有得到解决，诉求：请管理部门核实情况，能进一步协调给到解决方案。 ==> yes  
2025-05-23 04:25:18,078 ChatBI->     INFO     层级抽取文档： 市民反映：8月13日10:30，虹口区四川北路街道吉祥居委欧阳路118弄明杨豪苑小区绿化带乱停车（详见附件），导致绿化被破坏，全是轮胎印，此事已经发生了不止一次，物业从不作为，也未采取措施，甚至大白天在有车位的情况下默认这种行为发生，对于小区环境造成很大影响，绿化带也未能及时修复。希望街道居委也能看到此事。诉求：请整治小区乱停车。 ==> yes  
2025-05-23 04:25:18,078 ChatBI->     INFO     层级抽取文档： 市民来电反映:海虹苑与广中二村之间有一条消防通道，海虹苑地下车库通道一出来正好是通道，但是广中二村的车辆经常停放在消防通道上，影响海虹苑小区居民进出。诉求：希望管理部门核实并协调解决乱停车问题。（市民要求信息保密 需回复） ==> yes  
2025-05-23 04:25:18,078 ChatBI->     INFO     层级抽取文档： 【商家地址/名称:未提供,时间:2024/08/1709:30:00,涉及金额:未提供】物业超标收取业主停车费，理由不合理 ==> yes  
2025-05-23 04:25:18,078 ChatBI->     INFO     层级抽取文档： 市民来电反映:上述地址小区，物业的保安，给市民的家属错误的信息，市民明明18点30分出小区了，物业保安却和市民的家人说了错误信息，说市民没有出过家门。诉求：投诉物业并给市民一个合理的解释。（需要回复） ==> yes  
2025-05-23 04:25:18,079 ChatBI->     INFO     层级抽取文档： 市民来电反映:上述地址公司（六角物业）车棚傍边的保安 ，私自将公司员工的电瓶车移走，移到肉眼看不见的范围，还出口骂人。诉求：要求物业上门道歉，并保证以后不会发生类似问题。（需要回复） ==> yes  
2025-05-23 04:25:18,079 ChatBI->     INFO     层级抽取文档： 市民来电咨询:上述地址商住两用公寓，没有电表分户号，电费是交给物业的，物业会额外收取服务费，电费1.03元一度电，服务费0.11元一度电，市民咨询是否有电费物业服代收以及物业务费的收费标政策，联系过电力公司，告知是物价局负责。诉求：请管理部门告知是否有相关政策标准、咨询哪里。 ==> yes  
2025-05-23 04:25:18,079 ChatBI->     INFO     层级抽取文档： 【表扬】市民来电咨询:上述地址小区保洁保安姓名“高大同”，“赵龟甲”名字不清楚怎么写，这样读的，进来后，楼道地面整洁，电动车和自行车摆放很整齐，物业公司对2个人高度评价和宣传。有个别业主召集物业公司要换保安和保洁。市民不认可。诉求：望管理部门核实，要求表扬。（市民要求信息保密 无需回复） ==> yes  
2025-05-23 04:25:18,079 ChatBI->     INFO     层级抽取文档： 市民反映：车站北路732弄小区长期存在利用电动车自行车和废弃物占用公共停车位的现象，该问题已举报过多次，然而现在情况越来越严重，得不到有效缓解（详见附件）。诉求：请管理部门核实切实解决该问题。 ==> yes  
2025-05-23 04:25:18,694 ChatBI->     INFO     step_scores: ['yes', 'no', 'yes', 'yes', 'yes', 'no', 'yes', 'yes', 'yes', 'yes', 'yes', 'yes', 'yes', 'yes', 'yes', 'yes', 'yes', 'yes', 'yes', 'yes']
2025-05-23 04:25:18,694 ChatBI->     INFO     层级抽取文档： 市民来电反映:市民告知上述地址屋顶在漏水，并且已经形成了积水。市民表示该情况之前也发生过，当时告知是因为美丽家园改造导致的，之前物业说维修好了，但是实际该地下雨依然在漏水。并且现在也联系不上物业和居委。诉求：希望管理部门核实协调尽快上门维修。（需回复） ==> yes  
2025-05-23 04:25:18,694 ChatBI->     INFO     层级抽取文档： 【重新交办，按答复要点告知，市民表示答复要点与实际不符，市民表示墙还是封住的 ，问题没有解决，其为残疾人，街道区政府没人关心他，里弄干部和民警都看不到，是不是要等到他死在里面才行。诉求：解决封堵问题，要自由进出，要把卫生搞一下。（11：03分工号2100联系22022580，对方工号 907知晓。）最近办结的工单编号：20240816000021 ... ==> no  
2025-05-23 04:25:18,694 ChatBI->     INFO     层级抽取文档： 市民来电反映:8月24日上述地址小区已经发生5至6次停电，小区物业在发生停电后才通知市民，没有告知市民停电多久什么时候会来电。市民表示物业没有提前通知市民有停电的情况，物业的工作没有做到位。诉求：希望管理部门核实情况对物业工作没有做到位给予回复。（市民要求信息保密 需回复） ==> yes  
2025-05-23 04:25:18,694 ChatBI->     INFO     层级抽取文档： 市民来电反映:上述地址靠近顶楼的消防通道，8月12日下了一场雨以后从顶楼开始漏水到1楼，无人处理，诉求：希望管理部门协调查处解决漏水问题。（市民要求信息保密 需回复） ==> yes  
2025-05-23 04:25:18,694 ChatBI->     INFO     层级抽取文档： 市民来电反映:上述地址小区业委会任期到了，进行审查。从2024年3月份开始审计，至今没有结果。市民表示负责审计的是上海鼎华会计事务所。诉求：希望管理部门核实审计进度情况，告知审计的期限。（市民要求信息保密 无需回复） ==> yes  
2025-05-23 04:25:18,694 ChatBI->     INFO     层级抽取文档： 【重复交办，要求：答复要点与实际情况不符，实际没有整改，诉求：要求管理部门督促整改。最近办结的工单编号：20240529023178，工单内容：市民来电反映:上述地址居民正在装修房屋，将污水管接到了公共雨水管内，诉求：希望管理部门核查整治。（市民要求信息保密 需回复）】 ==> no  
2025-05-23 04:25:18,694 ChatBI->     INFO     层级抽取文档： 【表扬】市民来电咨询:上述地址华二居委，7号楼有业主晚上打游戏打到很晚，声音很大吵到其他居民，市民向居委一位姓温的女性工作人员反映后，工作人员马上进行了排摸并与该业主进行沟通协调，后续问题解决了，而工作人员还留了微信表示可以继续保持联系，工作态度很积极，故市民来电表扬这位姓温的女性工作人员。9/1 09：42未接通   14：57未接通  16：16 未接通  16：17用座机首联市民接通电话 ==> yes  
2025-05-23 04:25:18,694 ChatBI->     INFO     层级抽取文档： 市民来电反映:上述地址美丽家园小区改造，但102室居民不同意施工队的施工方案，导致整个小区就自己楼栋没有改造，市民对此不满，诉求：请管理部门协助市民让居委会和物业公司与该居民沟通协商小区改造事宜。（市民要求信息保密 需回复） ==> yes  
2025-05-23 04:25:18,694 ChatBI->     INFO     层级抽取文档： 市民来电反映:上述地址小区以前公建配套的门卫室，一直被他人占用开了一家店铺，物业调档查询到没有户主信息，询问店铺也拒绝告知是问哪个单位借的。诉求：希望核实并让其整改。 ==> yes  
2025-05-23 04:25:18,694 ChatBI->     INFO     层级抽取文档： 市民反映：保定路118弄11号楼因为物业未关严15楼消防拴，导致15楼消防拴漏水浸泡15楼2户居民整栋楼公区浸水，泡坏了11栋2部电梯全体损坏，事发时间是8月9日11:00左右，已过去近24小时还未修复，无法使用电梯，要求查明漏水原因，明确漏水责任，物业存在不作为问题，要求尽快给出解决方案，事后对小区其他单元楼消防设备逐一进行排查，杜绝安全隐患，该小区交房以来数次发生严重漏水事故，房屋质量堪忧。诉求：投诉物业不作为要求监督物业尽快解决电梯无法使用以及漏水问题。（市民要求信息保密，需要回复） ==> yes  
2025-05-23 04:25:18,694 ChatBI->     INFO     层级抽取文档： 市民来电反映:上述地址小区内有一条林荫小路，原先都设置的非常好，但是居委会欺骗业主，让业主同意在该处修塑胶跑道进行改动，没有通过业委会投票处理，市民对此不认可，并且该处小区有两个小区合并，该处小路在新小区的位置，但是却让旧小区居民进行投票，市民表示非常不合理，该处目前已经开始施工，诉求：投诉居委会该行为，希望管理部门核实处理，让该处停止施工，改造希望通过业委会投票决定，不要居委会擅自决定。 ==> yes  
2025-05-23 04:25:18,694 ChatBI->     INFO     层级抽取文档： 市民来电反映:市民年头买了上述地址小区房子，4月份办理亲情卡，支付停车费扫的二维码是个人账户给保安室而不是公共账户，市民办理停车位，物业经理说小区车位500多个全部满了，但据市民所知，有租客到期不租车位但未被清理，物业是大柏树物业有限公司。诉求：希望管理部门核实，投诉物业收费和车位混乱。 ==> yes  
2025-05-23 04:25:18,694 ChatBI->     INFO     层级抽取文档： 市民来电反映：上述小区正在进行美丽家园，在施工外墙的时候把五楼厨房间下水管道设置为从外面走，一路通往一楼上述住户空调外机地方并且转了两个弯，导致排放的水集中从管道直接冲至一楼，严重影响上述住户正常休息，施工人员让市民移动空调外机位置，但市民表示其空调外机已经放置了很多年了。诉求：烦请管理部门介入协调移动下水管道位置。 ==> yes  
2025-05-23 04:25:18,694 ChatBI->     INFO     层级抽取文档： 市民来电反映:虹口区广粤路1500弄学府花苑，小区规划机动车和助动车的停放区域，7月开始居民停车不规范，因24号靠近小区门口影响居民进出，诉求：希望管理部门协调规范停车，保证小区通道的畅通。(市民要求信息保密，无需回复) ==> yes  
2025-05-23 04:25:18,694 ChatBI->     INFO     层级抽取文档： 市民来电反映:8月22日上述小区召开的物业和业委会联席会议，请业委会及时向全小区公布各种会议的内容。（市民要求信息保密 无需回复） ==> yes  
2025-05-23 04:25:18,695 ChatBI->     INFO     层级抽取文档： 【重新交办，要求：答复要点不明确。答复只说了楼梯划进产证面积，但该户还占用了公共走廊，公用部位走廊是否划入产证没有明确的答复，希望管理部门对此给予市民明确的答复。（市民要求信息保密 需回复）最近办结工单号：20240805005287，工单内容：市民来电反映:上述地址业主装修将消防楼梯、部分走廊通道围进自己范围，属于侵占公共区域，堵塞消防通道，诉求：要求管理部门拆除侵占物，恢复消防通道。（市民要求信息保密 无需回复）】 ==> yes  
2025-05-23 04:25:18,695 ChatBI->     INFO     层级抽取文档： 市民咨询：四平路283号的物业信息。诉求：请管理部门核实告知四平路283号物业信息。（市民要求信息保密，需回复）8/23 16：32未接通 8/24 08;25 未接通  10：06未接通 用座机直接拨打市民电话，未接 ==> yes  
2025-05-23 04:25:18,695 ChatBI->     INFO     层级抽取文档： 市民来电反映:其车子停放在上述小区被人损坏，联系物业查看监控被告知监控老化看不了，市民对此不认可。诉求：投诉物业不作为，要求管理部门核实给其解决方案。（市民要求信息保密 需回复） ==> yes  
2025-05-23 04:25:18,695 ChatBI->     INFO     层级抽取文档： 市民来电反映:上述小区在进行美丽家园改造，39弄有一个化粪池经常要漫出来，环卫部门要经常用拉粪车来拉。工程队管子就在旁边，就相差几十公分，将管子接通到污水管，环卫部门就不用经常来拉了。工程队表示不在施工范围内，市民不认可。诉求：协调美丽家园改造工程队将几十公分管子接通，接到污水管，一举解决化粪池经常要漫出来的问题 ==> yes  
2025-05-23 04:25:18,695 ChatBI->     INFO     层级抽取文档： 市民来电反映:其住上述地址，该处2022年做了美丽家园工程，现在阳台那里下雨就漏水，物业找了美丽家园的人去处理但对方只去看了一下就走了，诉求：要求尽快维修外墙。  ==> yes  
2025-05-23 04:25:19,238 ChatBI->     INFO     step_scores: ['yes', 'yes', 'yes', 'yes', 'yes', 'yes', 'yes', 'yes', 'yes', 'no', 'yes', 'yes', 'yes', 'yes', 'yes', 'yes', 'yes', 'yes', 'yes', 'yes']
2025-05-23 04:25:19,238 ChatBI->     INFO     层级抽取文档： 市民来电反映:上述地址每个楼层内，都贴有一些过期的通知。诉求：希望让小区尽快清理。（市民要求信息保密 无需回复） ==> yes  
2025-05-23 04:25:19,238 ChatBI->     INFO     层级抽取文档： 市民来电反映:市民是小区的居民，小区里面有一个快递驿站，物业和快递驿站签属给予4个地面公共车位空间给予他们经营，但实际该快递驿站却长期占据了地面6个车位区域，故来电投诉。诉求：望核实针对该情况给予整治处理。 ==> yes  
2025-05-23 04:25:19,238 ChatBI->     INFO     层级抽取文档： 【重新交办，要求：答复要点与实际情况不符，市民已多次联系房办和宏阳物业，他们的答复是物业的维修只能将化粪池（详见附件）周围的原有的内部铁框堆积的垃圾做清除，并且可以将高出的盖面与框面做个斜坡，其认为这个高低会影响路人走路绊倒，不可取。希望虹房集团对化粪池做全部更换材料的整改，在整改过程中，选用高质量的材料和先进的施工技术至关重要。施工过程中严格遵守相关的规范和标准，确保整改工作符合环保和安全的要求。诉求：请管理部门核实在再次处理。最近办结的工单编号：20240801014328，工单内容：市民来电反映:上述地址有一化粪池，但盖子一直盖不拢，导致有臭味弥漫。诉求：请管理部门核实情况协助处理... ==> yes  
2025-05-23 04:25:19,238 ChatBI->     INFO     层级抽取文档： 市民来电反映: 上述地址居住的老人是个拾荒的人，此人会在1楼铁门内的公共的停车棚边上堆放很多很多的杂物，有很多的纸箱子等易燃物，存在消防隐患，市民表示还有恶臭和蟑螂，要求尽快清理掉。 ==> yes  
2025-05-23 04:25:19,238 ChatBI->     INFO     层级抽取文档： 市民来电反映:其为上述地址居民，楼栋加装电梯导致其家中墙面产生裂缝，雨天会有漏水现象，目前有积水，诉求：希望管理部门核实，并尽快解决漏水问题。 ==> yes  
2025-05-23 04:25:19,238 ChatBI->     INFO     层级抽取文档： 市民来电反映:2024年08月09日10点上述地址小区漏洞15楼顶层漏水，目前电梯还没有恢复，居民家里和楼道都是水，向该小区物业反映无果。诉求：希望相关部门核实处理，市民要求投诉该小区物业工作态度。（需要回复） ==> yes  
2025-05-23 04:25:19,238 ChatBI->     INFO     层级抽取文档： 市民来电反映:该地为老小区，现小区临时停车费为10元/小时，且未征询过小区居民意见，市民不能接受，诉求：管理部门核实要求物业就此事给予合理解释。 ==> yes  
2025-05-23 04:25:19,238 ChatBI->     INFO     层级抽取文档： 市民来电反映:市民要办理月租停车位，物业不给办理，让市民办理亲情车位一天40元，市民不认可，诉求：希望管理部门协调办理月租停车位 ==> yes  
2025-05-23 04:25:19,239 ChatBI->     INFO     层级抽取文档： 【重新交办，要求：答复要点不明确，虹口区车站北路400弄和500弄，也就是星苑小区，所属凉六居委。星苑小区是老小区，自从2018年做了平改坡后就一直没有翻新，小区内环境较差，杂草疯长，居民楼墙皮脱落，下水道返味，严重降低居民生活舒适度，拉低市容市貌。上月其已和业委会、12345反映情况，业委会回应已多次申报美丽家园需求，2024年的也已申报给街道；而12345转线到了虹口区房管局，回复只要街道上报计划才可批复工程。诉求：请街道解答何时计划美丽家园工程。(市民要求信息保密，需要回复）最近办结的工单编号：20240725027751，工单内容：市民来电咨询:市民表示已经多次联系居委询问街道该... ==> yes  
2025-05-23 04:25:19,239 ChatBI->     INFO     层级抽取文档： 市民来电反映:市民告知上述地址3号线桥底下，有人在该处公共区域收停车费，市民诉求：管理部门核实并尽快告知是否合理。（需回复） ==> no  
2025-05-23 04:25:19,239 ChatBI->     INFO     层级抽取文档： 市民反映：任泉根居住虹口区天宝西路248弄5号104室。从北京东路动迁2024年1月份刚入住。最近几月只要外面下大雨或暴雨，天井里就水漫金山到房间里面。只能与智障的孙子一起用脸盆往外排水。主要原因是整个6楼的楼面雨水。通过雨水管直泄天井里面下水道排水不畅。雨水管上面粗最底下细，大雨就是一片瀑布。找物业报修未解决问题。95岁患有严重的心脏病体力实在不行。老伴也95岁患有脑梗行动不便。儿子、孙子都残障人士持有残疾证。诉求：想求助解除天井积水问题。 ==> yes  
2025-05-23 04:25:19,239 ChatBI->     INFO     层级抽取文档： 市民来电反映:小区在做美丽家园改造，在1号楼的墙角处挖了个很深坑，暴雨导致市民家渗水，还在1号楼墙角边用混凝土浇筑了一间房屋，影响市民家采光。诉求：请核实尽快解决这两个问题。 ==> yes  
2025-05-23 04:25:19,239 ChatBI->     INFO     层级抽取文档： 市民来电反映:其是上述小区业主，该小区之前烂尾，开发商跑路，后由区建管委接手，在2014年完工。完工时，原债权人向法院起诉小区居民，表示没有收到款项，将房屋暂时查封，导致产证一直无法办理下来。市民表示在建管委接手后，小区居民都有将钱汇入建管委指定账户内，并不存在拖欠的情况，目前只有部分尾款还没有汇入。市民希望建管委可以提供小区居民的相关汇款证明。诉求：请管理部门核实，提供相关证明。 ==> yes  
2025-05-23 04:25:19,239 ChatBI->     INFO     层级抽取文档： 市民来电反映:上述地址小区美丽家园工程结束，多了很多车位，贴了告知可以排队申请停车资格，排队情况没有公示，不清楚自己排在几号，不清楚前面有没有人插队，能看到每天晚上空着十几个车位，诉求：请管理部门协调车位问题。 ==> yes  
2025-05-23 04:25:19,239 ChatBI->     INFO     层级抽取文档： 市民来电反映:几个月前居委和物业来检查楼道要拆除自己的衣架，10多个人来，自己是老人81岁心脏不好，十分害怕，与居委商量也没用，后还联系了民警，现在8月29日又要来检查了，诉求：希望8月29日再来检查时不要很多人来，如果检查结果不好请给老人时间处理 ==> yes  
2025-05-23 04:25:19,239 ChatBI->     INFO     层级抽取文档： 【时间:2024/08/1619:22:00,涉事车辆号牌三轮车】小区内机动车位被小区物业清洁用三轮车占用，导致机动车无法停放 ==> yes  
2025-05-23 04:25:19,239 ChatBI->     INFO     层级抽取文档： 市民来电反映:上述地址居民在楼道内堆放了很多老旧家电，很多使用过又不清理的家电，导致周边环境脏乱差蟑螂很多，有消防隐患。诉求：市民来电投诉，要求尽快清理。（市民要求信息保密 需回复） ==> yes  
2025-05-23 04:25:19,239 ChatBI->     INFO     层级抽取文档： 市民来电对办理结果不满,市民表示反映之后，没有接到任何管理部门电话，管理部门称垃圾厢房建造，停靠车辆之后，距离主干道以及居民家窗户下，拒绝不足5.7米，市民要求管理部门再次上门测量，并且必须电话沟通联系。【最近派发的工单编号:20240812015200，工单内容:市民来电反映:上述地址小区正在进行美丽家园建设，靠近小区大门口主干道上要设立一个新的垃圾厢房，即影响车辆，行人正常出行，而且正对居民家厨房窗口，间距只有3米左右，跟物业反映说居民签过字同意的，市民表示当时签署的是美丽家园建设施工同意书，内容里并未写明会在此处建设垃圾厢房。诉求：希望管理部门核实要求更改垃圾厢房建造位置（需要回复）】 ==> yes  
2025-05-23 04:25:19,239 ChatBI->     INFO     层级抽取文档： 市民反映：祥德路450弄3楼出现老鼠，在308室出入，308室是97岁的独居老人，无法应对鼠情。诉求：请管理部门帮忙解决。（市民要求信息保密，无需回复） ==> yes  
2025-05-23 04:25:19,239 ChatBI->     INFO     层级抽取文档： 市民来电反映:其在今天2024年8月31日在上述地址小区停车半小时，那边收取市民停车费20元，市民认为存在乱收费现象。诉求：市民要求投诉小区乱收费（需回复） ==> yes  
2025-05-23 04:25:19,818 ChatBI->     INFO     step_scores: ['yes', 'yes', 'yes', 'no', 'yes', 'yes', 'yes', 'no', 'yes', 'yes', 'no', 'yes', 'no', 'no', 'yes', 'yes', 'no', 'no', 'yes', 'no']
2025-05-23 04:25:19,818 ChatBI->     INFO     层级抽取文档： 市民来电反映:上述地址的住户每周五、周六、周日在家开设棋牌室，前往棋牌室的人员还在小区角落中随意小便，诉求：请管理部门核实，要求尽快查处住户开设棋牌室的行为。（市民要求信息保密 无需回复） ==> yes  
2025-05-23 04:25:19,818 ChatBI->     INFO     层级抽取文档： 市民来电反映:虹口区江湾镇新市南路918弄11号，该处楼栋的南面阳台处的洗衣机污水管没有连接到污水井内，其是一楼的住户，2022年购买的该处房屋，物业告知当时入住前老旧小区改造已经完工，诉求：希望管理部门核实并能对11号楼的雨污水做分流处理。（需回复） ==> yes  
2025-05-23 04:25:19,818 ChatBI->     INFO     层级抽取文档： 市民反映：5月底密三小区美丽家园项目结束，正巧小区内2号504的房屋3月份刚装修完毕，提出更换阳台雨棚。本来是一件好事，可是雨棚更换好以后6月的黄梅天连续大雨家中阳台开始渗水漏水。 因为没有美丽家园的直接联系方式，找到物业缺告知不管（详见附件）。诉求：望美丽家园施工方与其联系维修。 ==> yes  
2025-05-23 04:25:19,818 ChatBI->     INFO     层级抽取文档： 市民来电反映:其表示运光路51号53号门口这一段路没有人来清扫全是苍蝇，诉求：希望管理部门核实尽快清扫。（市民要求信息保密 无需回复） ==> no  
2025-05-23 04:25:19,818 ChatBI->     INFO     层级抽取文档： 市民来电反映:上述地址楼梯口很脏无人清扫，要求尽快打扫干净。 ==> yes  
2025-05-23 04:25:19,818 ChatBI->     INFO     层级抽取文档： 市民来电反映:市民告知家中外墙漏水，因为之前美丽家园改造导致，但是自己联系对方，对方却告知自己家装修是在改造之后，换过外窗，破坏了保温层导致，市民不认可，市民表示隔壁1201室也有该情况，和窗户没有关系，市民诉求：管理部门核实并尽快解决漏水问题。（需回复） ==> yes  
2025-05-23 04:25:19,818 ChatBI->     INFO     层级抽取文档： 市民反映：上述地址小区停车乱收费，对小区居民停车1天100元，超过半小时收费20元，小区长租停车90多户，其余业主车辆要回家就要接受以上高额收费标准，其认为小区并没有固定车位产权车位，白天车位充足的情况下开车回家休息超过半小时就要收费20元。诉求：投诉小区乱收停车费。 ==> yes  
2025-05-23 04:25:19,818 ChatBI->     INFO     层级抽取文档： 【重新交办，要求：答复要点与实际情况不符，市民反映：光污染依然存在，答复9月月1日开学会解决，现8月30日没有任何变化（详见附件）。诉求：整治光污染。最近办结的工单编号：20240524012811，工单内容：市民反映：海伦路海拉尔路新造的一所学校顶上面装了白锈钢板，太阳照在上面光污染严重，市民住在对面影响生活。诉求：整治光污染问题。】 ==> no  
2025-05-23 04:25:19,818 ChatBI->     INFO     层级抽取文档： 市民来电反映:上述地址小区近期在进行美丽家园改造，重新使用柏油铺设了地面并且更换了新款的路灯，刚铺设的柏油气味严重由于直接就在居民楼底严重影响市民正常开窗通风，新款式的路灯也华而不实亮度完全不足以在夜间照亮道路。诉求：请承办部门核实考虑实际小区内部使用需要对改造项目进行调整改善。 ==> yes  
2025-05-23 04:25:19,818 ChatBI->     INFO     层级抽取文档： 市民来电反映:市民是上述地址居民，表示宝安居委会要在小区内建一个塑胶跑道工程，未经过业委会让居民们投票，打算强推该工程，有违规行为，诉求：举报居委会越权，流程不合规，要求管理部门监督处理。（市民要求信息保密 需回复）  ==> yes  
2025-05-23 04:25:19,819 ChatBI->     INFO     层级抽取文档： 【重新交办,要求：按答复要点告知市民,市民表示答复要点与实际不符，当初答应工程结束后拆除，但现在工程结束了却不拆了，因多家空调都出现很多问题要求拆除罩子，施工方开始和稀泥，说要超过3分之2比例再拆除，市民不认可，觉得各家情况都不一样，空调、罩子形状、大小也不一，怎么能投票决定，诉求：要求尽快履行当初承诺尽快拆除罩子。。最近办结的工单编号:20240419005513，工单内容:市民来电反映:其居住上述地址... ==> no  
2025-05-23 04:25:19,819 ChatBI->     INFO     层级抽取文档： 市民来电反映:上述地址小区三个垃圾箱，另外一个锁住了，现在老人充电不方便。建议管理部门能把另外一个垃圾箱设置成老年人充电的地方。（需回复） ==> yes  
2025-05-23 04:25:19,819 ChatBI->     INFO     层级抽取文档： 【重新交办,要求：按答复要点告知市民,市民表示答复要点不明确：市民告知空调外机高温运转是很危险的。诉求：有关部门告知具体处理时间。最近办结的工单编号:20240813029051，工单内容:【重新交办，要求：答复要点与实际情况不符。市民告知平改坡内空调外机还在运转，每天还开着灯，目前高温天，容易发生安全隐患，要求城管部门先行处理空调外机，其余违建限定整改时间，最近办结的工单编号:20240807018818，工单内容:市民来电对办理结果不满,答复要点和事实不符，市民告知三块楼板没有补起来，只是用石膏板盖了一下，是活动的，顶一下就可以进入，违章的居民还在小区内说城管交他的，不要开门就行，还... ==> no  
2025-05-23 04:25:19,819 ChatBI->     INFO     层级抽取文档： 市民来电反映:8月30日上述地址的垃圾桶上方的监控设备，再一次发生故障不亮，市民表示此前反馈过之前已修复，今天又损坏。诉求；希望管理部门能督促尽快修复。（市民要求信息保密 需回复） ==> no  
2025-05-23 04:25:19,819 ChatBI->     INFO     层级抽取文档： 【时间:2024/08/1819:17:00,涉事车辆号牌沪G05889】小区道路上停车，阻碍小区其他车辆通行，妨碍小区道路通畅。 ==> yes  
2025-05-23 04:25:19,819 ChatBI->     INFO     层级抽取文档： 市民来电反映:其小区内的蜂巢从原来保安室旁边搬到了地下室，因前往地下室需要经过斜坡，坡度也比较大，对老年人来说上下坡非常不方便，下去有惯性容易俯冲，上来也非常累，存在安全隐患问题。诉求：希望小区管理部门可以将蜂巢搬回原位。（市民要求信息保密 需回复） ==> yes  
2025-05-23 04:25:19,819 ChatBI->     INFO     层级抽取文档： 市民来电反映:上述地址之前有停车位，后来改为警车专用，但是利用率非常低，希望能改回普通停车位或者晚上能让周边居民停车。 ==> no  
2025-05-23 04:25:19,819 ChatBI->     INFO     层级抽取文档： 市民来电反映:2024年8月31日市民前往上述交易中心办理事件，开车前往想停放在停车场，工作人员告知外来车辆不允许进入。建议：请相关办事机构考虑市民实际需求，向前来办事的市民提供停车服务。（市民要求信息保密，需要回复） ==> no  
2025-05-23 04:25:19,819 ChatBI->     INFO     层级抽取文档： 【投诉】市民来电反映:市民是甜爱路351号1107室外的居民，楼下1007室居住了一名孤老，经常使用东西敲墙，敲市民家的晾衣杆，半夜里也不例外，市民家里有90多岁高龄的老人，生活受到了严重影响，建设居委会介入后，推脱责任，声称只有监护人才能带着老人去做精神鉴定，始终没有解决问题。诉求：投诉建设居委会不作为，要求尽快给予合理的说法。（需要回复） ==> yes  
2025-05-23 04:25:19,819 ChatBI->     INFO     层级抽取文档： 市民来电反映:上述地址进行适老化改造，其支付了3000元。曲阳街道工作人员称会将这笔钱打到卡里面，但其迟迟没有收到。现市民诉求：希望管理部门告知这笔费用到账时间（需回复）。 ==> no  
2025-05-23 04:25:19,819 ChatBI->     INFO     阈值索引为：620, 窗口大小为: 20 
2025-05-23 04:25:19,819 ChatBI->     INFO     确定的文档: 601; 在次确认的文档: 20
2025-05-23 04:25:20,384 ChatBI->     INFO     从20个需再次确认的文档中筛选出的相关文档数量：5
2025-05-23 04:25:20,384 ChatBI->     INFO     示例文档：['市民来电反映:上述地址三九大厦小区门口外面靠墙处有一个大的床垫需要回收。诉求：希望管理部门安排上门回收。（需回复）', '市民来电反映:小区内爱回收回收箱坏了，市民表示可能是修路造成的，联系不到爱回收，诉求：希望小区协调联系爱回收维修机器，恢复正常使用。（需回复）', '市民来电反映:2024年8月18日中午暴雨，屋顶漏水渗透到其屋内，希望管理部门尽快为其维修。', '市民来电反映:其是一个80多岁的老人在8月14号13:50左右到上述地址给其送革命烈士的材料，让上述团校里面对青年传统教育能更好的开展，但是其到了这里这边的保安不给市民进去连一口水也不给市民和，其表示其从家里过来要3个多小时，现在做在门口，诉求：请管理部门核实尽快派人和市民沟通接受材料问题。', '市民来电反映: 8月12日打雷下暴雨，打雷后上述整栋楼里很多居民家的电器都短路损坏了。市民认为是大楼的避雷针没有起到任何作用。市民想知道避雷针是谁负责维护的。']
2025-05-23 04:25:20,386 ChatBI->     INFO     开始缩写分析 ... 
2025-05-23 04:25:20,457 ChatBI->     INFO     要被缩写的字段信息为: {}
2025-05-23 04:25:20,458 ChatBI->     INFO     没有找到<  >对应的视图
2025-05-23 04:25:20,458 ChatBI->     INFO     sql 语句：SELECT DATE_FORMAT(`发现时间`, '%Y-%m') AS `月份`, COUNT(*) AS `数量` FROM `HongKouDemo` WHERE  `案件描述/内容描述` IN (:val0, :val1, :val2, :val3, :val4, :val5, :val6, :val7, :val8, :val9, :val10, :val11, :val12, :val13, :val14, :val15, :val16, :val17, :val18, :val19, :val20, :val21, :val22, :val23, :val24, :val25, :val26, :val27, :val28, :val29, :val30, :val31, :val32, :val33, :val34, :val35, :val36, :val37, :val38, :val39, :val40, :val41, :val42, :val43, :val44, :val45, :val46, :val47, :val48, :val49, :val50, :val51, :val52, :val53, :val54, :val55, :val56, :val57, :val58, :val59, :val60, :val61, :val62, :val63, :val64, :val65, :val66, :val67, :val68, :val69, :val70, :val71, :val72, :val73, :val74, :val75, :val76, :val77, :val78, :val79, :val80, :val81, :val82, :val83, :val84, :val85, :val86, :val87, :val88, :val89, :val90, :val91, :val92, :val93, :val94, :val95, :val96, :val97, :val98, :val99, :val100, :val101, :val102, :val103, :val104, :val105, :val106, :val107, :val108, :val109, :val110, :val111, :val112, :val113, :val114, :val115, :val116, :val117, :val118, :val119, :val120, :val121, :val122, :val123, :val124, :val125, :val126, :val127, :val128, :val129, :val130, :val131, :val132, :val133, :val134, :val135, :val136, :val137, :val138, :val139, :val140, :val141, :val142, :val143, :val144, :val145, :val146, :val147, :val148, :val149, :val150, :val151, :val152, :val153, :val154, :val155, :val156, :val157, :val158, :val159, :val160, :val161, :val162, :val163, :val164, :val165, :val166, :val167, :val168, :val169, :val170, :val171, :val172, :val173, :val174, :val175, :val176, :val177, :val178, :val179, :val180, :val181, :val182, :val183, :val184, :val185, :val186, :val187, :val188, :val189, :val190, :val191, :val192, :val193, :val194, :val195, :val196, :val197, :val198, :val199, :val200, :val201, :val202, :val203, :val204, :val205, :val206, :val207, :val208, :val209, :val210, :val211, :val212, :val213, :val214, :val215, :val216, :val217, :val218, :val219, :val220, :val221, :val222, :val223, :val224, :val225, :val226, :val227, :val228, :val229, :val230, :val231, :val232, :val233, :val234, :val235, :val236, :val237, :val238, :val239, :val240, :val241, :val242, :val243, :val244, :val245, :val246, :val247, :val248, :val249, :val250, :val251, :val252, :val253, :val254, :val255, :val256, :val257, :val258, :val259, :val260, :val261, :val262, :val263, :val264, :val265, :val266, :val267, :val268, :val269, :val270, :val271, :val272, :val273, :val274, :val275, :val276, :val277, :val278, :val279, :val280, :val281, :val282, :val283, :val284, :val285, :val286, :val287, :val288, :val289, :val290, :val291, :val292, :val293, :val294, :val295, :val296, :val297, :val298, :val299, :val300, :val301, :val302, :val303, :val304, :val305, :val306, :val307, :val308, :val309, :val310, :val311, :val312, :val313, :val314, :val315, :val316, :val317, :val318, :val319, :val320, :val321, :val322, :val323, :val324, :val325, :val326, :val327, :val328, :val329, :val330, :val331, :val332, :val333, :val334, :val335, :val336, :val337, :val338, :val339, :val340, :val341, :val342, :val343, :val344, :val345, :val346, :val347, :val348, :val349, :val350, :val351, :val352, :val353, :val354, :val355, :val356, :val357, :val358, :val359, :val360, :val361, :val362, :val363, :val364, :val365, :val366, :val367, :val368, :val369, :val370, :val371, :val372, :val373, :val374, :val375, :val376, :val377, :val378, :val379, :val380, :val381, :val382, :val383, :val384, :val385, :val386, :val387, :val388, :val389, :val390, :val391, :val392, :val393, :val394, :val395, :val396, :val397, :val398, :val399, :val400, :val401, :val402, :val403, :val404, :val405, :val406, :val407, :val408, :val409, :val410, :val411, :val412, :val413, :val414, :val415, :val416, :val417, :val418, :val419, :val420, :val421, :val422, :val423, :val424, :val425, :val426, :val427, :val428, :val429, :val430, :val431, :val432, :val433, :val434, :val435, :val436, :val437, :val438, :val439, :val440, :val441, :val442, :val443, :val444, :val445, :val446, :val447, :val448, :val449, :val450, :val451, :val452, :val453, :val454, :val455, :val456, :val457, :val458, :val459, :val460, :val461, :val462, :val463, :val464, :val465, :val466, :val467, :val468, :val469, :val470, :val471, :val472, :val473, :val474, :val475, :val476, :val477, :val478, :val479, :val480, :val481, :val482, :val483, :val484, :val485, :val486, :val487, :val488, :val489, :val490, :val491, :val492, :val493, :val494, :val495, :val496, :val497, :val498, :val499, :val500, :val501, :val502, :val503, :val504, :val505, :val506, :val507, :val508, :val509, :val510, :val511, :val512, :val513, :val514, :val515, :val516, :val517, :val518, :val519, :val520, :val521, :val522, :val523, :val524, :val525, :val526, :val527, :val528, :val529, :val530, :val531, :val532, :val533, :val534, :val535, :val536, :val537, :val538, :val539, :val540, :val541, :val542, :val543, :val544, :val545, :val546, :val547, :val548, :val549, :val550, :val551, :val552, :val553, :val554, :val555, :val556, :val557, :val558, :val559, :val560, :val561, :val562, :val563, :val564, :val565, :val566, :val567, :val568, :val569, :val570, :val571, :val572, :val573, :val574, :val575, :val576, :val577, :val578, :val579, :val580, :val581, :val582, :val583, :val584, :val585, :val586, :val587, :val588, :val589, :val590, :val591, :val592, :val593, :val594, :val595, :val596, :val597, :val598, :val599, :val600, :val601, :val602, :val603, :val604, :val605) GROUP BY `月份` ORDER BY `月份` LIMIT 10;
2025-05-23 04:25:20,500 ChatBI->     INFO     websocket发送的数据为：{"sql_gen": "SELECT DATE_FORMAT(`发现时间`, '%Y-%m') AS `月份`, COUNT(*) AS `数量` FROM `HongKouDemo` WHERE `案件描述/内容描述` LIKE '%物业管理问题%' GROUP BY `月份` ORDER BY `月份` LIMIT 10;"}
2025-05-23 04:25:20,501 ChatBI->     INFO     websocket发送的数据为：{"response": [{"月份": "2024-07", "数量": 1}, {"月份": "2024-08", "数量": 532}]}
2025-05-23 04:25:20,573 ChatBI->     INFO     sql 语句：SELECT * FROM `HongKouDemo` WHERE  `案件描述/内容描述` IN (:val0, :val1, :val2, :val3, :val4, :val5, :val6, :val7, :val8, :val9, :val10, :val11, :val12, :val13, :val14, :val15, :val16, :val17, :val18, :val19, :val20, :val21, :val22, :val23, :val24, :val25, :val26, :val27, :val28, :val29, :val30, :val31, :val32, :val33, :val34, :val35, :val36, :val37, :val38, :val39, :val40, :val41, :val42, :val43, :val44, :val45, :val46, :val47, :val48, :val49, :val50, :val51, :val52, :val53, :val54, :val55, :val56, :val57, :val58, :val59, :val60, :val61, :val62, :val63, :val64, :val65, :val66, :val67, :val68, :val69, :val70, :val71, :val72, :val73, :val74, :val75, :val76, :val77, :val78, :val79, :val80, :val81, :val82, :val83, :val84, :val85, :val86, :val87, :val88, :val89, :val90, :val91, :val92, :val93, :val94, :val95, :val96, :val97, :val98, :val99, :val100, :val101, :val102, :val103, :val104, :val105, :val106, :val107, :val108, :val109, :val110, :val111, :val112, :val113, :val114, :val115, :val116, :val117, :val118, :val119, :val120, :val121, :val122, :val123, :val124, :val125, :val126, :val127, :val128, :val129, :val130, :val131, :val132, :val133, :val134, :val135, :val136, :val137, :val138, :val139, :val140, :val141, :val142, :val143, :val144, :val145, :val146, :val147, :val148, :val149, :val150, :val151, :val152, :val153, :val154, :val155, :val156, :val157, :val158, :val159, :val160, :val161, :val162, :val163, :val164, :val165, :val166, :val167, :val168, :val169, :val170, :val171, :val172, :val173, :val174, :val175, :val176, :val177, :val178, :val179, :val180, :val181, :val182, :val183, :val184, :val185, :val186, :val187, :val188, :val189, :val190, :val191, :val192, :val193, :val194, :val195, :val196, :val197, :val198, :val199, :val200, :val201, :val202, :val203, :val204, :val205, :val206, :val207, :val208, :val209, :val210, :val211, :val212, :val213, :val214, :val215, :val216, :val217, :val218, :val219, :val220, :val221, :val222, :val223, :val224, :val225, :val226, :val227, :val228, :val229, :val230, :val231, :val232, :val233, :val234, :val235, :val236, :val237, :val238, :val239, :val240, :val241, :val242, :val243, :val244, :val245, :val246, :val247, :val248, :val249, :val250, :val251, :val252, :val253, :val254, :val255, :val256, :val257, :val258, :val259, :val260, :val261, :val262, :val263, :val264, :val265, :val266, :val267, :val268, :val269, :val270, :val271, :val272, :val273, :val274, :val275, :val276, :val277, :val278, :val279, :val280, :val281, :val282, :val283, :val284, :val285, :val286, :val287, :val288, :val289, :val290, :val291, :val292, :val293, :val294, :val295, :val296, :val297, :val298, :val299, :val300, :val301, :val302, :val303, :val304, :val305, :val306, :val307, :val308, :val309, :val310, :val311, :val312, :val313, :val314, :val315, :val316, :val317, :val318, :val319, :val320, :val321, :val322, :val323, :val324, :val325, :val326, :val327, :val328, :val329, :val330, :val331, :val332, :val333, :val334, :val335, :val336, :val337, :val338, :val339, :val340, :val341, :val342, :val343, :val344, :val345, :val346, :val347, :val348, :val349, :val350, :val351, :val352, :val353, :val354, :val355, :val356, :val357, :val358, :val359, :val360, :val361, :val362, :val363, :val364, :val365, :val366, :val367, :val368, :val369, :val370, :val371, :val372, :val373, :val374, :val375, :val376, :val377, :val378, :val379, :val380, :val381, :val382, :val383, :val384, :val385, :val386, :val387, :val388, :val389, :val390, :val391, :val392, :val393, :val394, :val395, :val396, :val397, :val398, :val399, :val400, :val401, :val402, :val403, :val404, :val405, :val406, :val407, :val408, :val409, :val410, :val411, :val412, :val413, :val414, :val415, :val416, :val417, :val418, :val419, :val420, :val421, :val422, :val423, :val424, :val425, :val426, :val427, :val428, :val429, :val430, :val431, :val432, :val433, :val434, :val435, :val436, :val437, :val438, :val439, :val440, :val441, :val442, :val443, :val444, :val445, :val446, :val447, :val448, :val449, :val450, :val451, :val452, :val453, :val454, :val455, :val456, :val457, :val458, :val459, :val460, :val461, :val462, :val463, :val464, :val465, :val466, :val467, :val468, :val469, :val470, :val471, :val472, :val473, :val474, :val475, :val476, :val477, :val478, :val479, :val480, :val481, :val482, :val483, :val484, :val485, :val486, :val487, :val488, :val489, :val490, :val491, :val492, :val493, :val494, :val495, :val496, :val497, :val498, :val499, :val500, :val501, :val502, :val503, :val504, :val505, :val506, :val507, :val508, :val509, :val510, :val511, :val512, :val513, :val514, :val515, :val516, :val517, :val518, :val519, :val520, :val521, :val522, :val523, :val524, :val525, :val526, :val527, :val528, :val529, :val530, :val531, :val532, :val533, :val534, :val535, :val536, :val537, :val538, :val539, :val540, :val541, :val542, :val543, :val544, :val545, :val546, :val547, :val548, :val549, :val550, :val551, :val552, :val553, :val554, :val555, :val556, :val557, :val558, :val559, :val560, :val561, :val562, :val563, :val564, :val565, :val566, :val567, :val568, :val569, :val570, :val571, :val572, :val573, :val574, :val575, :val576, :val577, :val578, :val579, :val580, :val581, :val582, :val583, :val584, :val585, :val586, :val587, :val588, :val589, :val590, :val591, :val592, :val593, :val594, :val595, :val596, :val597, :val598, :val599, :val600, :val601, :val602, :val603, :val604, :val605)
2025-05-23 04:25:22,556 ChatBI->     INFO     websocket发送的数据为：{"result_insight": "2024年7月物业管理问题数量为1个，8月增加到532个，显示了数量显著增长的趋势。"}
2025-05-23 04:25:24,684 ChatBI->     INFO     websocket发送的数据为：{"result_recommand": {"new_query_1": "2024年7月和8月物业管理问题的具体内容是什么？", "new_query_2": "物业管理问题在2024年上半年的分布情况如何？", "new_query_3": "2024年物业管理问题最多的街道是哪个？"}}
2025-05-23 04:29:13,903 ChatBI->     ERROR    Unexpected error occured:(<CloseCode.ABNORMAL_CLOSURE: 1006>, '')
Traceback (most recent call last):
  File "/data/yfzx/liucd/chatbi_deploy2/chatbi_DB/apps/app_main_ws.py", line 64, in websocket_endpoint
    message = await websocket.receive_text()
              ^^^^^^^^^^^^^^^^^^^^^^^^^^^^^^
  File "/root/anaconda3/envs/chatbi/lib/python3.12/site-packages/starlette/websockets.py", line 119, in receive_text
    self._raise_on_disconnect(message)
  File "/root/anaconda3/envs/chatbi/lib/python3.12/site-packages/starlette/websockets.py", line 113, in _raise_on_disconnect
    raise WebSocketDisconnect(message["code"], message.get("reason"))
starlette.websockets.WebSocketDisconnect: (<CloseCode.ABNORMAL_CLOSURE: 1006>, '')
