2025-06-02 10:16:37,852 ChatBI->     INFO     获取的表元数据: 
    CREATE TABLE shanghai (
        `工单编号` BIGINT; 含义: 表示工单的唯一编号。; 用途: 用于唯一标识每个工单，便于查询和管理。; 示例值: 20240101000072; 备注: 无;
        `工号` BIGINT; 含义: 表示工单的生成编号。; 用途: 用于记录工单的生成顺序，便于排序和统计。; 示例值: 3830; 备注: 无;
        `工单生成时间` DATETIME; 含义: 表示工单的生成时间。; 用途: 用于记录工单的生成时间，便于时间维度的管理和分析。; 示例值: 2024-01-01 00:37:39; 备注: 无;
        `诉求地址` TEXT; 含义: 表示工单所涉及的具体地点的详细地址。; 用途: 提供工单发生地点的详细信息，便于定位和处理。; 示例值: "闵行区东川路555弄"; 备注: 无;
        `诉求区域` TEXT; 含义: 表示工单所涉及的具体地点所属的行政区。; 用途: 用于快速定位工单发生的区域，便于区域级别的管理和调度。; 枚举类型，值包括： "黄浦区", "徐汇区", "长宁区", "静安区",  "普陀区", "虹口区", "杨浦区", "闵行区", "宝山区", "嘉定区", "浦东新区", "金山区",  "松江区", "青浦区","奉贤区", "崇明区"; 备注: 无;
        `内容描述` TEXT; 含义: 对工单所涉及的具体问题的详细描述。; 用途: 提供完整的信息，帮助处理人员全面了解问题背景和具体情况。; 示例值: "市民来电反映:未成年游戏充值要求退费，心动网络有限公司旗"; 备注: 无;
        `工单类别` TEXT; 含义: 表示工单紧急程度的类别。; 用途: 用于对工单紧急程度分级，便于管理和迅速响应。; 枚举类型，包含: "一般", "次紧急", "紧急"; 备注: 无;
        `处理描述` TEXT; 含义: 对工单处理结果的描述。; 用途: 记录工单的处理情况，便于后续查询和分析。; 示例值: "市民反复催单，已电子催单工单编号：20231224019374，故归档。"; 备注: 无;
        `客户类型` TEXT; 含义: 表示工单客户的类型。; 用途: 用于区分不同类型的客户，便于管理和服务。; 枚举类型，包含 "个人", "企业"; 备注: 无;
        `一级分类` TEXT; 含义: 表示工单所属的最高级别的分类。; 用途: 用于快速定位和分类工单，便于管理和统计。;枚举类型，包括： "科教文卫类", "社会管理类", "公安政法类", "其他类", "建设交通类",  "公用事业类", "安全监管类", "经济综合类", "社会团体类"; 备注: 无;
        `二级分类` TEXT; 含义: 在一级分类之下，更具体的分类。; 用途: 进一步细化工单分类，提高管理精度。; 示例值: "文广影视"; 备注: 无;
        `三级分类` TEXT; 含义: 在二级分类之下，更加具体的分类。; 用途: 提供更详细的分类信息，方便具体问题的处理和跟踪。; 示例值: "文化产业管理"; 备注: 无;
        `四级分类` TEXT; 含义: 在三级分类之下，更加具体的分类。; 用途: 提供更详细的分类信息，方便具体问题的处理和跟踪。; 示例值: "游戏动漫"; 备注: 无;
        `主办单位` TEXT; 含义: 表示工单的主办单位。; 用途: 用于记录工单的主办单位，便于管理和协调。; 示例值: "市文化旅游局", "市公安局", "普陀区人民政府"; 备注: 无;
        `是否匿名` TEXT; 含义: 表示工单是否为匿名工单。; 用途: 用于区分匿名工单和非匿名工单，便于管理和保护隐私。; 示例值: "是"; 备注: 无;
        `服务类型` TEXT; 含义: 表示工单的服务类型。; 用途: 用于分类工单的服务类型，便于管理和统计。; 枚举类型，包括: "综合服务", "一网通办"; 备注: 无;
        `通话编号` TEXT; 含义: 表示工单的通话编号。; 用途: 用于记录工单的通话记录，便于查询和分析。; 示例值: "1704040581-2297011"; 备注: 无;
        `工单类型` TEXT; 含义: 表示工单的类型。; 用途: 用于分类工单的类型，便于管理和统计。; 枚举类型，包括: "求助类", "投诉举报类", "咨询类", "意见建议类", "其他类"; 备注: 无;
        `新一级分类` TEXT; 含义: 表示工单的新一级分类。; 用途: 用于记录工单的新分类信息，便于管理和统计。; 示例值: "None"; 备注: 无;
        `新二级分类` TEXT; 含义: 表示工单的新二级分类。; 用途: 用于记录工单的新分类信息，便于管理和统计。; 示例值: "None"; 备注: 无;
        `新三级分类` TEXT; 含义: 表示工单的新三级分类。; 用途: 用于记录工单的新分类信息，便于管理和统计。; 示例值: "None"; 备注: 无;
        `新四级分类` TEXT; 含义: 表示工单的新四级分类。; 用途: 用于记录工单的新分类信息，便于管理和统计。; 示例值: "None"; 备注: 无;
        `新五级分类` TEXT; 含义: 表示工单的新五级分类。; 用途: 用于记录工单的新分类信息，便于管理和统计。; 示例值: "None"; 备注: 无;
    )DEFAULT CHARSET=utf8mb4 ENGINE=InnoDB COLLATE utf8mb4_0900_ai_ci
    
2025-06-02 10:16:37,853 ChatBI->     INFO     获取的缩写列: []
2025-06-02 10:16:37,853 ChatBI->     INFO     获取的关联列: ['一级分类', '二级分类', '三级分类', '四级分类']
2025-06-02 10:16:37,853 ChatBI->     INFO     获取的列映射: {'工单编号': 'id', '工号': 'employee_id', '工单生成时间': 'order_date', '诉求地址': 'address', '诉求区域': 'region', '内容描述': 'content_description', '工单类别': 'order_category', '处理描述': 'resolution_description', '客户类型': 'customer_type', '一级分类': 'primary_classification', '二级分类': 'secondary_classification', '三级分类': 'tertiary_classification', '四级分类': 'quaternary_classification', '主办单位': 'responsible_department', '是否匿名': 'is_anonymous', '服务类型': 'service_type', '通话编号': 'call_id', '工单类型': 'order_type', '新一级分类': 'new_primary_classification', '新二级分类': 'new_secondary_classification', '新三级分类': 'new_tertiary_classification', '新四级分类': 'new_quaternary_classification', '新五级分类': 'new_period_classification'}
2025-06-02 10:16:39,447 ChatBI->     INFO     关联字段的枚举值:  {'一级分类': ['科教文卫类', '社会管理类', '公安政法类', '其他类', '建设交通类', '公用事业类', '安全监管类', '经济综合类', '社会团体类'], '二级分类': ['文广影视', '旅游', '公安（治安、交通）', '其他', '工商(消保)', '交通港口', '绿化市容', '邮政通信', '司法行政', '教育', '住房保障', '机关事务管理', '人力保障', '纪检监察', '城乡建设', '食品药品安全', '卫生计生', '发展改革', '公安（出入境）', '金融', '电力', '商务', '燃气', '城管执法', '残联', '环境保护', '税务', '土地规划', '民政', '水务', '“12345”热线', '供水', '电子政务', '信访', '法院系统', '安全生产管理', '退役军人', '农业', '部队', '公安（消防）', '总工会', '体育', '涉港澳台', '国资', '新闻出版', '质量技术监督', '知识产权', '经济信息化', '出入境边检', '民族宗教', '档案', '统计', '民防', '科技', '侨务', '外事', '气象', '团市委', '财政', '检察院系统', '国家安全', '审计', '妇联', '防震减灾', '中央直属', '机构编制', '长航公安', '口岸', '合作交流'], '三级分类': ['文化产业管理', '服务质量', '其他', '无效电话', '商业服务', '出租车', '市容市貌', '通信', '法律服务', '学校管理', '社会治安', '物业服务管理', '机关事务管理', '纠纷仲裁', '邮政服务', '交通管理', '劳动保护', '医疗医保', '政风行风', '工程管理', '安全管理', '卫生信息', '违法建筑', '改革规划', '护照办理', '环境卫生', '金融', '社会保险', '道路管理', '社保信息', '故障报修', '城市管理', '广播影视', '公交巴士', '商务', '价格调控', '市场交易管理', '社会噪声', '物业相关执法', '医疗服务', '工商监管', '医院监管', '燃气计费', '驾驶培训', '犬类管理', '户籍管理', '停车管理', '残联', '工伤', '污染', '税收政策', '非城市建设用地管理', '婚姻管理', '排水排污管理', '房屋权属', '汽车维修', '供水报修', '一网通办', '禁烟控烟', '培训市场', '事项办理', '养老保障', '地铁客运', '违法经营', '劳动人事制度', '社区家政', '12345热线', '入学入托', '就业创业', '保障型住房', '征收管理', '法院信息', '批评承办部门', '职业健康', '燃气服务', '货物运输', '签证签注', '招生考试', '公证服务', '供水计费', '自来水水质', '航空客运', '投诉批评', '拥军优抚', '人口计生', '表扬感谢', '表扬承办部门', '安全生产', '消防管理', '公共交通用卡管理', '税收管理', '疾控防疫', '咨询信访渠道', '法院受理', '体育管理', '车牌拍卖', '绿地绿化', '工商信息', '意见建议', '旧房改造', '其他社团', '刊物市场监管', '夜间施工许可', '消防设备维护', '生活保障', '特种行业管理', '复查复核', '特种设备监察', '知识产权', '铁路客运', '申诉举报', '动植园林', '法人一证通', '旅游信息', '总工会', '津贴补助', '电力服务', '用电计费', '国资', '人员边检', '动植物防疫', '燃气报修', '河道流域管理', '纪检监查', '违规用水', '行政管理', '道路维护', '殡葬事业', '寺庙管理', '特定医疗机构', '审批许可', '个人档案', '科技管理', '移交安置', '外事工作', '供水服务', '气象预报', '汽车客运', '质量认证', '慈善福利', '经济信息化', '燃气行业监管', '社会组织', '出境咨询', '禽类饲养', '司法直属', '港船客运', '计量器具检测', '旅游纠纷', '团市委', '检察院受理', '学生负担', '违规用电', '广告审批', '查询办理进度', '城市建设用地管理', '财政工作', '烈士褒扬', '农民负担', '国有档案', '村队管理', '文化遗产保护', '水资源管理', '农业生产', '自主择业就业', '统计工作', '国家安全', '新闻报道', '住房病虫害', '部队', '民防工程', '妇联', '建设管理', '地震震情', '生产许可证管理', '网站信箱', '科技开发', '救灾赈灾', '审计工作', '宗教信仰', '机构类', '防灾抗灾', '安保工作', '土地资源管理', '气象预警', '限电管理', '合作交流', '组织机构代码证'], '四级分类': ['游戏动漫', '酒店质量', '其他', '无明确诉求', '网上购物', '服务规范', '广告牌景观灯', '通信线路', '无效来电', '法律援助', '校园设施', '居住证', '纠纷协调', '机关事务信息', '劳动争议', '快递服务', '限流限行', '用工规范', '医保报销', '不作为', '建筑工程欠薪', '医保政策咨询', '教师素质', '各类服务卡券', '食品安全', '外省市受理', '医院医疗信息', '违法建筑', '新能源汽车', '护照办理', '倾倒渣土', '银行监管', '工伤保险', '施工规范', 'ETC使用', '社保卡', '规模停电', '无证设摊', '网络视听', '线路咨询', '汽车销售', '物业管理收费', '住房公积金', '售后服务', '装修噪音', '损坏侵占公用设施', '治安维护', '用药规范', '立案侦查', '业务办理', '审验登记', '医疗纠纷', '排队挂号', '用量偏高', '教练服务、培训规范', '养犬登记', '交通设施', '外省市迁入', '故障报修', '物业安保', '物品遗失', '社区卫生服务', '物业维修添置', '物业管理不善', '公共停车场', '残疾鉴定', '工伤认定', '结构改建', '排堵保畅', '噪音污染', '绿化维护', '服务态度', '残疾补助', '独户停电', '交通违章', '房产交易税', '经济纠纷', '耕地管理', '离婚办理', '失业保险', '医疗保险', '市政道路积水', '宅基地', '结婚登记', '合同监管', '油烟扰民', '业委会', '律师服务', '驾驶员审验', '高速收费', '4s店服务', '身份证管理', '停水水小', '旅行社服务', '网站使用', '乱收停车费', '群租现象', '过户上牌', '服务质量', '禁烟控烟', '空气污染', '广告监督', '市场监管', '共享单车', '其他业务', '办理结果不满', '环境垃圾', '养老保险', '广告张贴', '房屋产权', '路状路况', '危房', '老年津贴', '地铁建设', '不正当经营', '城管执法', '退休离休', '社区服务网点', '信息咨询', '垃圾清理', '入学政策', '人才引进', '拖欠工资', '道路养护', '经济补偿', '公安信息查询', '租赁管理', '经适房', '车辆年检', '卫生配套设施', '合同纠纷', '公租房', '经营性停车场', '拆迁安置', '幼托管理', '路灯供电', '法院地址电话', '诉求未解决', '金融资讯', '职业健康', '景点服务质量', '合同履行', '燃气施工', '账户信息', '文化活动', '居住证办理', '集装箱运输', '签证签注', '户籍政策咨询', '中考', '居改非', '工时假期', '工程质量', '办理转学', '继承权公证', '水费量高', '水中杂质', '飞机票务', '线路设置', '遗嘱抚恤和优待', '司法鉴定', '商品质量', '机关事务工作', '优生优育', '医保定点', '房产信息变更', '保险监管', '账单抄表', '非法客运', '搬场公司', '道路建设', '无照经营', '个人所得税', '烟草酒类', '道路安全', '水管维修', '表扬感谢', '应急救援', '市内户口迁移', '烟花爆竹管理', '排水工程', '交通卡', '偷税漏税', '求医问药', '教育质量', '工资奖金', '咨询信访渠道', '家电维修', '问题解决', '诉讼立案', '办事效率', '假冒伪劣', '土地征收', '经济案件', '市政工程', '教育改革', '生育保险', '群众锻炼', '证券监管', '职业培训', '车牌拍卖', '占绿毁绿', '维权咨询', '网络安全', '其他税种', '商品销售信息', '企业征税', '道路扬尘', '办事流程', '交通事故', '职称评定', '学籍管理', '消防隐患', '其他疫苗', '平台系统', '房屋老化', '资质认证', '红十字会', '赛事管理', '廉租房', '黑车', '图书刊物出版', '慢作为', '夜间施工的现象', '业务熟练', '消防栓', '无证犬类', '房屋结构破坏', '社区帮困补助', '不明归属井盖', '行政许可', '跨门经营', '家政服务', '动迁政策', '商标包装管理', '其他公证', '催办', '独生子女补贴', '问题推脱', '交通法规', '移植修剪', '食品安全流通', '办事推诿', '僵尸车', '劳务派遣', '线路时间', '扶贫帮困', '职业技能考试', '安全监察', '东方有线', '再生育政策', '消防宣传', '侵权行为', '铁路票务', '光污染', '结论不满', '高考', '申诉举报', '流浪犬收治', '其他报修', '公园设施', '普法宣传', '法人一证通', '许可审批', '外地户口入学', '影视节目', '邮件邮递', '便民信息', '景点投诉', '场地设施', '人员管理', '维修基金', '职业资质许可', '工会工作', '就业补贴', '信息查询', '职工权益', '电费争议', '国企管理', '过境手续', '疫情防疫', '法院判决', '丧葬补助金', '燃气泄漏', '住院病床', '外置扩音装置', '私装地锁', '就业信息', '水上漂浮物', '安全生产监督', '徇私枉法', '文化场所信息', '孤寡空巢老人关怀', '农村建设用地管理', '私移水表', '管道维修', '便民服务', '人员资质', '最低生活保障', '设备添置', '其他补助', '殡葬服务', '绿化护栏', '居家养老', '道路救援', '缴费信息', '市场物价', '受理网点', '护工护理', '机构养老', '国有资产流失', '流浪人员管理', '残联工作', '助残信息', '流程指引', '报刊印刷发行', '医疗设备', '垃圾分类', '保健品管理', '采血机构', '审批许可', '景点资讯', '养老金调整', '老年卡', '公房管理', '灭火器', '菜场经营', '通信基站', '个人档案', '无障碍工程', '死亡登记', '商贸信息', '乱作为', '法院通知', '高新技术扶持', '退役士兵', '动物保护机构', '违规拆迁', '医保药品目录', '土地使用权', '领事馆', '房屋转让', '承办推诿', '商品维修网点', '消防通道', '阶梯电价', '河道养护', '排污许可证', '黄赌毒', '天气预报', '活禽交易', '劳动能力鉴定', '危险品管理', '无犯罪证明', '废气污染', '水表维修', '寺庙用品', '燃气火小', '失职渎职', '评残疾伤残抚恤', '违规运营', '消防安全咨询', '河道疏通', '药品安全', '水污染', '车次信息', '超市卖场', '申请专利', '质量认证', '工龄核算', '电线高压线', '慈善募捐', '循环再利用', '司法拆迁', '孤儿收养', '燃气行业', '医疗器械管理', '隧桥管理', '作风问题', '票务', '出境咨询', '电表维修', '无证夜间施工', '服务流程', '劳务中介', '人民调解', '旅行社信息', '变电设施', '社工管理', '其他许可', '电视购物', '特定污染物处治', '无答复意见', '退休证', '农村地区家禽饲养', '律师协会', '城区家禽饲养', '浦江轮渡', '流浪救助', '野生动植物', '计量器具检测', '旅游合同纠纷', '体检中心', '团委工作', '城市信息化', '检察院信息', '超时补课', '航空运输', '私排电线', '贪污贿赂', '广告审批', '离退休干部', '商业楼宇', '查询办理进度', '测绘管理', '广播', '水表失窃', '军转干部', '诉讼时限', '财会考证', '虚开发票', '烈士评定', '刑事案件', '邮政发行', '医疗服务', '收费标准', '业务范畴', '农业补贴', '隔离管控', '政府机构', '航班延误', '公务员管理', '土地承包', '成人教育', '刊社信息', '节能减排', '规划设计', '监狱管理', '颜色异变', '电视线路', '餐饮服务', '转业干部', '非物质文化遗产', '秩序维护', '临终关怀', '文物保护管理', '无证养鸽', '桥梁通行', '河道水质', '强制消费', '畜牧养殖', '士兵', '滥砍滥捕', '非法行医', '收费问题', '平改坡', '体育彩票', '环评公示', '培训补贴', '平均工资', '最低工资', '兽医药管理', '档案管理', '创业扶持', '国家机密', '新闻内容', '证照查验', '燃气配件', '省际轮渡', '福利企业扶持', '因公出国审批', '安全检查', '新冠疫苗', '工作调动', '档案公开', '研究生考试', '水务工程建设', '管理规范', '青少年保护', '二次收费', '生态保护', '社区就业援助', '墓园管理', '化妆品管理', '增添绿化', '白蚁', '鼠患', '管道改建', '能源发展', '娱乐场所管理', '旅游交通', '文化社团', '烈士纪念设施', '信鸽', '营业税改增值税', '核酸检测', '违法传销', '作业负担', '涉军问题', '地下室管理', '妇联工作', '无军籍职工', '公益彩票', '气象服务信息', '避孕节育', '窃电举报', '固废危废', '超生处罚', '科技改革', '妇婴保健', '企业解困', '建筑间距及日照', '地震震情', '高温津贴', '集体资产管理', '青少年锻炼', '农业水利', '电磁辐射污染', '单身证明', '生产许可证管理', '假发票', '国内安全事务', '马蜂窝', '网站信箱使用', '河上搭建', '三无居家船只', '发明建议', '市场供应', '参战参试人员优待', '故障牵引', '工作态度', '违规收费', '年检', '征地补偿', '古树名木', '社会捐献', '土地建设与保护', '反动', '历史建筑', '抵押拍卖', '妇女权益维护', '防疫补贴', '化工污染', '费用减免', '防汛抗灾', '网点查询', '资产评估', '安全生产宣传', '夜间施工证的审批', '吸劳养老', '特殊工种', '自来水异味', '导游服务', '违规鸣笛', '分时用电', '筑材光污染', '公共支付', '记者证管理', '审计工作', '情报搜集', '企业改革', '农产品安全', '防治检疫', '抵押贷款公证', '队伍建设', '上海旅游节', '宗教信仰', '婚前检查', '公交专用道', '转运消杀', '抗台防汛', '自主研发', '医药卫生知识', '公共事业', '码色申诉', '矫正办', '火灾报警系统', '日常管理', '记录查询', '黑网吧', '收养审批', '许可证管理', '火灾报警', '电子出版物', '易燃易爆物', '婚姻财产公证', '财政票据', '擅自设立机构', '审查批捕', '福利设施', '国有企业', '公务车', '投资决策', '防疫物资', '地面沉降', '资质证书', '转基因产品（有机食品）', '民防警报', '审读出版物', '新闻形式', '妇女健康', '农副业生产', '台风沙尘', '抗灾演习', '民间慈善', '私接自来水管', '工程规划', '进博会', '外宾来访', '经济状况审核', '事业单位共享费', '节能用电', '暴雨暴雪', '合作交流', '组织机构代码证', '矿产管理']}
2025-06-02 10:16:39,447 ChatBI->     INFO     缩写字段的枚举值： []
2025-06-02 10:16:51,533 ChatBI->     INFO     案例库查询
2025-06-02 10:16:51,564 ChatBI->     INFO     案例库查询结果: ["{'query': '医保报销的投诉事件有多少起', '目标列': ['内容描述'], '条件列': {'工单类型': '投诉举报类', '内容描述': '医保报销'}}", "{'query': '近10个月垃圾分类有关投诉事件主要分布在哪些区', '目标列': ['诉求区域'], '条件列': {'工单类型': '投诉举报类', '内容描述': '垃圾分类', '工单生成时间': '近10个月'}}", "{'query': '今年投诉断缴社保的企业有哪些', '目标列': ['内容描述'], '条件列': {'工单类型': '投诉举报类', '内容描述': '断缴社保'}}"]
2025-06-02 10:16:52,453 ChatBI->     INFO     schema linking: {'target_columns': ['诉求区域'], 'condition_columns': {'工单类型': '投诉举报类', '内容描述': '社会保险费'}}
2025-06-02 10:16:53,617 ChatBI->     INFO     任务类型: SQL
2025-06-02 10:16:54,927 ChatBI->     INFO     stad sql: SELECT `诉求区域`, COUNT(*) AS `数量` FROM shanghai WHERE `工单类型` = '投诉举报类' AND `内容描述` LIKE '%社会保险费%' GROUP BY `诉求区域` ORDER BY `数量` DESC LIMIT 5000;
2025-06-02 10:16:54,938 ChatBI->     INFO     非结构化信息为: {"`内容描述` LIKE '%社会保险费%'": '社会保险费'}
2025-06-02 10:16:54,938 ChatBI->     INFO     开始语义分析 ..  .. 
2025-06-02 10:16:55,200 ChatBI->     INFO     社会保险费 的命名实体判别： no
2025-06-02 10:16:55,201 ChatBI->     INFO     开始对非结构化文档【粗略】检索
2025-06-02 10:16:55,757 ChatBI->     INFO     检索到的文档总数量为：5000
2025-06-02 10:16:56,071 ChatBI->     INFO     开始对非结构化文档【深度】检索
2025-06-02 10:16:56,254 ChatBI->     INFO     step_scores: ['yes', 'yes', 'yes', 'yes', 'yes', 'yes', 'yes', 'yes', 'yes', 'yes']
2025-06-02 10:16:56,254 ChatBI->     INFO     层级抽取文档： 市民来电咨询:市民申报了2023年工资性收入，有一个社会保险费缴费申报表，显示2024年4月费款所属日期，缴费人数，工资总额，缴费基数，费率本期。 ==> yes  
2025-06-02 10:16:56,254 ChatBI->     INFO     层级抽取文档： 市民来电咨询:一网通办上，申请的初创期创业组织社会保险费补贴，最后提交一直跳出来没有找到签名。企业名称：韵昇（上海）文化传媒有限公司。诉求：提交不了申请。 ==> yes  
2025-06-02 10:16:56,254 ChatBI->     INFO     层级抽取文档： 市民来电咨询:其缴纳本市职工社保，咨询个人和企业承担的缴费标准 ==> yes  
2025-06-02 10:16:56,254 ChatBI->     INFO     层级抽取文档： 市民来电反映:其今年8月31日办理的退休，退休时社保还差2年才满15年，市民后续自己缴纳社保费，可能9月缴费不及时其医保被停掉了，市民现在的就医费用该怎么处理。 ==> yes  
2025-06-02 10:16:56,254 ChatBI->     INFO     层级抽取文档： 市民来电咨询:本市社保缴费基数和比例。 ==> yes  
2025-06-02 10:16:56,254 ChatBI->     INFO     层级抽取文档： 市民来电咨询:杭州社保缴纳。 ==> yes  
2025-06-02 10:16:56,254 ChatBI->     INFO     层级抽取文档： 【为企服务】市民来电咨询:社会保险缴费申报填写错误。咨询如何处理。 ==> yes  
2025-06-02 10:16:56,254 ChatBI->     INFO     层级抽取文档： 市民来电咨询:企业要缴纳6月的社保费，询问是否有规定缴纳的截止时间，或者超过什么时间未缴纳会产生滞纳金等。诉求：请管理部门核实告知。 ==> yes  
2025-06-02 10:16:56,254 ChatBI->     INFO     层级抽取文档： 市民来电咨询:外省市工作，社保无法缴纳。医保、养老保险都无法登记。当地人事说是市民在上海的社保还没有停。故来电咨询如何个人停办社保并转移至外省市。 ==> yes  
2025-06-02 10:16:56,255 ChatBI->     INFO     层级抽取文档： 补充信息：市民表示接到相关部门电话，告知只能收该公司滞纳金【最近派发工单编号：20240614024156，工单内容：市民来电反映:上述地址单位2月份至5月份的社保没有缴纳，跟单位和税务沟通至今没有给予答复，身份证：320323198202157930，姓名：王荣园。诉求：望管理部门核实并尽快协调让其单位补缴其社保。】 ==> yes  
2025-06-02 10:16:56,440 ChatBI->     INFO     step_scores: ['yes', 'yes', 'yes', 'yes', 'yes', 'yes', 'yes', 'yes', 'yes', 'yes']
2025-06-02 10:16:56,440 ChatBI->     INFO     层级抽取文档： 市民来电咨询: 其家人是外省市户籍，在上海上班，2022年离职后回老家一直未就业。现咨询如何提取在上海缴纳的社保费。 ==> yes  
2025-06-02 10:16:56,440 ChatBI->     INFO     层级抽取文档： 市民来电咨询:市民的朋友办理灵活就业参保，按最低的基数缴纳，计入养老保险个人账户的金额。 ==> yes  
2025-06-02 10:16:56,440 ChatBI->     INFO     层级抽取文档： 市民来电反映:2001年在上海工作，交了三年多的综合保险，上海市人力资源保障局颁发的综合保险的简介里描述，外来人员综合保险是户局颁发的综合保险是上海市政府为了保障外来从业人员的合法权利，而制定的社会保险，市民对人社局说综合保险是商业保险的解释不认可。诉求：要求管理部门解释相关政策，要求把综合保险年限计算入社保累计年限中。 ==> yes  
2025-06-02 10:16:56,440 ChatBI->     INFO     层级抽取文档： 市民来电反映:上述公司申请工商简易注销，预检过程中接到人社部门回复公司欠保费，市民表示公司已有5--6年没有缴纳社保。诉求：希望管理部门给予合理解释。 ==> yes  
2025-06-02 10:16:56,440 ChatBI->     INFO     层级抽取文档： 市民来电咨询:灵活就业缴纳社保最低基数。 ==> yes  
2025-06-02 10:16:56,440 ChatBI->     INFO     层级抽取文档： 市民来电咨询:查询河南的居保缴纳情况。 ==> yes  
2025-06-02 10:16:56,440 ChatBI->     INFO     层级抽取文档： 市民来电反复催单。催单原因：市民称管理部门至今未给予任何回复，请管理部门尽快处理。【最近派发的工单编号：20240117004255，工单内容：【投诉】市民来电反映:近期向上述地址单位投诉社保缴费相关业务，最近派发的工单编号：20240107002536，市民表示没有劳动合同，但是有劳动关系证明，该单位没有受理。诉求：希望相关部门核实处理，市民要求投诉该单位不作为。（需要回复）】 ==> yes  
2025-06-02 10:16:56,440 ChatBI->     INFO     层级抽取文档： 市民来电咨询:6月单位社保账户被冻结，咨询如何缴纳社保。

 ==> yes  
2025-06-02 10:16:56,440 ChatBI->     INFO     层级抽取文档： 市民来电咨询:自己一直是个人缴纳社保的，现在要停止缴纳，问是否可以网上办理，委托办理需要什么材料，市民身份证：310108198902271017 ==> yes  
2025-06-02 10:16:56,440 ChatBI->     INFO     层级抽取文档： 市民来电咨询:本市户籍如何查询个人社保缴费年限 ==> yes  
2025-06-02 10:16:56,658 ChatBI->     INFO     step_scores: ['yes', 'yes', 'yes', 'yes', 'yes', 'yes', 'yes', 'yes', 'yes', 'yes']
2025-06-02 10:16:56,658 ChatBI->     INFO     层级抽取文档： 市民来电咨询:外省市人员自己缴纳社保，市民从原本的公司缴纳社保变成个人缴纳社保，这一情况是否会影响市民的买房资格。诉求：希望管理部门核实后回复市民。 ==> yes  
2025-06-02 10:16:56,658 ChatBI->     INFO     层级抽取文档： 市民来电咨询:上海的社保缴纳的基数是多少。 ==> yes  
2025-06-02 10:16:56,658 ChatBI->     INFO     层级抽取文档： 市民来电反映:2019年8月办理了居住证，对于社保基数相关问题需要咨询。 ==> yes  
2025-06-02 10:16:56,658 ChatBI->     INFO     层级抽取文档： 市民来电反映:市民在上述地址从事装配电工工作，现在已经离职，但是在职期间一直未缴纳社保，有签订劳动合同，诉求：要求管理部门协调补缴社保 ==> yes  
2025-06-02 10:16:56,658 ChatBI->     INFO     层级抽取文档： 市民来电咨询:其是个体户，使用营业执照为自己缴纳的社保，缴纳的不是灵活就业的，是否可以领取生育金。 ==> yes  
2025-06-02 10:16:56,658 ChatBI->     INFO     层级抽取文档： 市民来电咨询:市民现在没有工作，养老保险已经缴纳满15年了，是自由职业缴纳的，身份证：321102197006283810 ，诉求：询问现在市民停止缴纳养老保险对于之后领取等是否会有影响。 ==> yes  
2025-06-02 10:16:56,658 ChatBI->     INFO     层级抽取文档： 【为企服务】市民来电咨询:2024年5月年度缴费工资社保的调整。 ==> yes  
2025-06-02 10:16:56,659 ChatBI->     INFO     层级抽取文档： 市民来电反映:其于23年在上述公司工作，于5月到11月的社保没有为市民缴纳，是欠缴状态，市民自己的部门缴纳了，市民表示向税务部门反映多次没有效果，公司法人电话：13585636638，市民姓名：赵庆强，身份证号：412822198406232650，诉求：请管理部门督促缴纳社保。 ==> yes  
2025-06-02 10:16:56,659 ChatBI->     INFO     层级抽取文档： 市民来电补充信息。市民补充信息内容为之前税务部门曾经约谈企业负责人，对方承诺会在4月20日前完成补缴，但是直到现在未处理，请税务部门再次约谈企业催促办理社保缴纳【最近派发的工单编号：20240416022896，工单内容：【重新交办，前件办结报告不明确，要求，已告知市民答复要点，市民表示管理部门告知等企业解除债务危机后会及时缴纳欠缴的社保。具体什么时候解除危机，什么时候为市民缴纳社保没有准确答复。现在欠缴情况已经影响到市民孩子的入学了，要求管理部门起到监管作用，尽快为市民办结欠缴事项。且税务局的管理人员联系市民告知19日前会为市民办结，但实际并未为其处理完成。诉求：请管理部门再次催促该公... ==> yes  
2025-06-02 10:16:56,659 ChatBI->     INFO     层级抽取文档： 市民来电咨询:其在上海有社保账户，但是公司目前缴纳的是广东的社保，广东的社保是否会影响上海的累积社保。 ==> yes  
2025-06-02 10:16:56,849 ChatBI->     INFO     step_scores: ['yes', 'yes', 'yes', 'yes', 'yes', 'yes', 'yes', 'yes', 'yes', 'yes']
2025-06-02 10:16:56,849 ChatBI->     INFO     层级抽取文档： 市民来电咨询:孩子的社保卡上面需要交纳城乡居民医疗保险，是否可以通过家庭共济缴费查询有没有扣款 ==> yes  
2025-06-02 10:16:56,849 ChatBI->     INFO     层级抽取文档： 市民来电反映:企业要做社保缴费，下载了社保费管理客户端，登入密码市民不知道是什么，有按规定输入了编码后还是不对，诉求：要求告知如何解决密码登入。 ==> yes  
2025-06-02 10:16:56,849 ChatBI->     INFO     层级抽取文档： 市民来电咨询:市民是上述地址企业人员，想要查询企业2023年的社保缴费基数，企业名称：上海诚秘医药科技有限公司。诉求：请管理部门核实回复。 ==> yes  
2025-06-02 10:16:56,849 ChatBI->     INFO     层级抽取文档： 市民来电咨询:灵活就业参保能否只交社保或医保。 ==> yes  
2025-06-02 10:16:56,849 ChatBI->     INFO     层级抽取文档： 市民来电反映:社保卡卡号。社会保障号码。 ==> yes  
2025-06-02 10:16:56,849 ChatBI->     INFO     层级抽取文档： 【为企服务】市民来电咨询:其是企业，社保基数如何调整。 ==> yes  
2025-06-02 10:16:56,849 ChatBI->     INFO     层级抽取文档： 市民来电咨询:2024年本市社保最低参保基数。 ==> yes  
2025-06-02 10:16:56,849 ChatBI->     INFO     层级抽取文档： 市民来电咨询: 市民在随申办上办理了灵活就业参保登记，但是忘记缴费基数当时自己是怎么选的，询问如何查询。 ==> yes  
2025-06-02 10:16:56,849 ChatBI->     INFO     层级抽取文档： 市民来电反映:2016-2017年期间曾在上海工作并缴纳社保需要查询具体信息，之前来电话务员根据“个人如何查询养老保险信息及打印缴纳凭证？”告知，市民想进一步咨询 ==> yes  
2025-06-02 10:16:56,849 ChatBI->     INFO     层级抽取文档： 市民来电咨询:咨询医保缴费政策 ==> yes  
2025-06-02 10:16:57,077 ChatBI->     INFO     step_scores: ['yes', 'yes', 'yes', 'yes', 'no', 'yes', 'yes', 'yes', 'yes', 'yes']
2025-06-02 10:16:57,077 ChatBI->     INFO     层级抽取文档： 【为企服务】市民来电咨询:市民所在企业两个月没交税，社保也未缴，现在要补缴社保，网上没有任何信息，如何操作。 ==> yes  
2025-06-02 10:16:57,077 ChatBI->     INFO     层级抽取文档： 市民来电咨询:其妻子之前工作的公司（上海家有好面餐饮管理有限公司）欠缴其妻子社保费用，2022年其致电向税务局反映并要求催缴社保，但税务局没有催缴。2023年该公司转移资产1000万随后公司申请破产，目前账面上只剩100万，无法为其妻子补缴社保。市民自己也无法补缴社保。因市民为外省市户籍，其妻子断了2年社保就少了6个积分，导致买不了房，以及其孩子不能参加中考。市民身份证：612321198911012345  诉求：因社保欠缴不是市民原因造成的，咨询管理部门是否能够为其补这6个积分，让其孩子能参加中考。 ==> yes  
2025-06-02 10:16:57,077 ChatBI->     INFO     层级抽取文档： 市民来电咨询:个体户缴纳社保，申请的网站是什么。 ==> yes  
2025-06-02 10:16:57,077 ChatBI->     INFO     层级抽取文档： 市民来电咨询:本市社保欠缴，咨询会否对医保有影响。 ==> yes  
2025-06-02 10:16:57,077 ChatBI->     INFO     层级抽取文档： 市民来电反映:社保卡挂失 ==> no  
2025-06-02 10:16:57,077 ChatBI->     INFO     层级抽取文档： 市民来电咨询:社保基数调整， ==> yes  
2025-06-02 10:16:57,077 ChatBI->     INFO     层级抽取文档： 【为企服务】市民来电咨询:有个新员工，2024年9月份办理了就业登记参保业务，但社保缴费申报里没有信息，询问情况。 ==> yes  
2025-06-02 10:16:57,077 ChatBI->     INFO     层级抽取文档： 市民来电咨询:其为杨浦区上海尧轩餐饮管理有限公司职员。1月2日在网上办理缴纳社保相关业务。需要网上申报再扣款，市民申报了，但当时账户里没钱，故未扣款成功。现在市民已把钱打到账号。咨询后续相关流程是怎样的，是否会自动补扣，还是需要再做什么操作，请管理部门核实告知。 ==> yes  
2025-06-02 10:16:57,077 ChatBI->     INFO     层级抽取文档： 市民来电咨询:其2个月的社保卡没缴，这段时间其是有与单位签订劳动合同，在工作的，咨询是否能补缴。 ==> yes  
2025-06-02 10:16:57,078 ChatBI->     INFO     层级抽取文档： 市民来电咨询:自己是单位人事因为很久没有做了，询问下现在社保业务的流程。 ==> yes  
2025-06-02 10:16:57,268 ChatBI->     INFO     step_scores: ['yes', 'yes', 'yes', 'yes', 'yes', 'yes', 'yes', 'yes', 'yes', 'yes']
2025-06-02 10:16:57,269 ChatBI->     INFO     层级抽取文档： 市民来电咨询:外省市社保转入。 ==> yes  
2025-06-02 10:16:57,269 ChatBI->     INFO     层级抽取文档： 【长三角】市民来电咨询:在上海注册的公司如何开通社保账户。 ==> yes  
2025-06-02 10:16:57,269 ChatBI->     INFO     层级抽取文档： 【重新交办，要求：按答复市民要点告知市民，市民表示答复市民要点与实际情况明显不符，根据中华人民共和国劳动法第94条规定，虚假的方式招用工人，应当责令改正，赔偿工人因此受到的损失并可以处以罚款，如果情节严重，劳动监察部门可以吊销违法用工单位的营业执照。根据2022年3月18日实施的中华人民共和国社会保险基金行政监督办法，规定用人单位个人有通过虚构个人信息提供虚假证明材料等手段，虚构社会保险参保条件，违规补缴骗取社会保险待遇的，按照社会保险法第88条的规定处理，由社会保险行政部门责令退回骗取的社保保险金，处骗取金额两倍以上，五倍以下的罚款，对于虚构劳动关系违规参保骗保的，除了高额罚款构成违法... ==> yes  
2025-06-02 10:16:57,269 ChatBI->     INFO     层级抽取文档： 市民来电咨询:其给其妈妈办理了医保共济，其妈妈是自己缴纳医保的，但是现在要缴纳医保被告知没有信息，市民询问那应该如何缴纳医保。 ==> yes  
2025-06-02 10:16:57,269 ChatBI->     INFO     层级抽取文档： 市民来电咨询:入职后存在劳动纠纷，社保缴费证明是否能做为维权依据，是否有相应法律依据。 ==> yes  
2025-06-02 10:16:57,269 ChatBI->     INFO     层级抽取文档： 市民来电咨询:其之前参加的是外省市的医保。2023年其毕业，目前尚未找到工作。市民咨询上海医保如要自行缴纳，手续如何处理。

 ==> yes  
2025-06-02 10:16:57,269 ChatBI->     INFO     层级抽取文档： 市民来电反映:开通社保卡 ==> yes  
2025-06-02 10:16:57,269 ChatBI->     INFO     层级抽取文档： 市民来电反映:开通社保卡 ==> yes  
2025-06-02 10:16:57,269 ChatBI->     INFO     层级抽取文档： 市民来电反映:其在网上查社保缴费情况，只能查到总的缴费年限，何时开始缴费查不到 ==> yes  
2025-06-02 10:16:57,269 ChatBI->     INFO     层级抽取文档： 市民来电咨询:8月份缴纳社保，查询不到社保缴纳记录。 ==> yes  
2025-06-02 10:16:57,473 ChatBI->     INFO     step_scores: ['yes', 'yes', 'yes', 'yes', 'yes', 'yes', 'yes', 'no', 'yes', 'yes']
2025-06-02 10:16:57,473 ChatBI->     INFO     层级抽取文档： 【重新交办,要求：按答复要点告知市民,市民表示答复要点不明确,市民表示至今没查到补缴的8月份社保。诉求：希望有关部门协助催缴社保，并让其给出确定的补缴日期。最近办结的工单编号:20240112025383，工单内容:【重新交办,要求：市民表示答复要点不明确，市民来电表示税务局工作人员一直没有联系其告知结果，税务局作为国家机关任由企业违规违法不处罚。市民来电要求市税务局工作人员处理此事并于2024年1月15日联系市民处理 。诉求：请管理部门核实并请市税务局工作人员尽快联系市民处理其社保欠缴问题。... ==> yes  
2025-06-02 10:16:57,474 ChatBI->     INFO     层级抽取文档： 市民咨询：如果灵活就业缴纳社会保险停止，是否还可以领取失业救济金，原来领取过还没有领完。诉求：请核实告知。 ==> yes  
2025-06-02 10:16:57,474 ChatBI->     INFO     层级抽取文档： 【为企服务】市民来电反映:11月把新员工在自助经办系统做入职登记，社保管理客户端也有该人员信息，但是缴费社保没该新员工名字，如何解决处理。 ==> yes  
2025-06-02 10:16:57,474 ChatBI->     INFO     层级抽取文档： 市民来电反映:社保卡要开通。 ==> yes  
2025-06-02 10:16:57,474 ChatBI->     INFO     层级抽取文档： 市民来电反映:上海缴纳社保，回家生孩子如何报销 ==> yes  
2025-06-02 10:16:57,474 ChatBI->     INFO     层级抽取文档： 市民来电反映:其表示新公司，想办理社保账户，不知道操作流程，希望管理部门指导。 ==> yes  
2025-06-02 10:16:57,474 ChatBI->     INFO     层级抽取文档： 市民来电咨询:企业如何办理帮员工缴纳社保。 ==> yes  
2025-06-02 10:16:57,474 ChatBI->     INFO     层级抽取文档： 市民来电咨询:非上海户籍的妇女，在上海有缴纳社保，孩子在外省市生的，是否可以申请生育保险。 ==> no  
2025-06-02 10:16:57,474 ChatBI->     INFO     层级抽取文档： 市民来电咨询:其在网上给小朋友缴纳城乡居民医保，但是没有办法缴纳，市民表示24年是可以正常缴纳的。 ==> yes  
2025-06-02 10:16:57,474 ChatBI->     INFO     层级抽取文档： 市民来电咨询:员工在国家医保缴费平台只能查到员工自己缴纳部分的医保，单位缴纳部门显示为0元，查询原因。 ==> yes  
2025-06-02 10:16:57,668 ChatBI->     INFO     step_scores: ['no', 'yes', 'yes', 'yes', 'yes', 'yes', 'yes', 'yes', 'no', 'yes']
2025-06-02 10:16:57,668 ChatBI->     INFO     层级抽取文档： 市民来电咨询:社区医院看病挂号费用是个人账户扣费还是从医保统筹账户扣费。 ==> no  
2025-06-02 10:16:57,668 ChatBI->     INFO     层级抽取文档： 市民来电咨询:其告知有个孩子需要办理社保卡，但是显示孩子是非本市户籍，也没有缴纳社保，没有居住证，社保卡人员告知其是人社数据存在问题，要求转接 ==> yes  
2025-06-02 10:16:57,668 ChatBI->     INFO     层级抽取文档： 市民来电反映:开通社保卡。 ==> yes  
2025-06-02 10:16:57,668 ChatBI->     INFO     层级抽取文档： 市民来电反映:开通社保卡。 ==> yes  
2025-06-02 10:16:57,668 ChatBI->     INFO     层级抽取文档： 市民来电咨询:其目前是在昆山交社保，现在准备转到上海。诉求：咨询之前的社保年限是否累计计算。 ==> yes  
2025-06-02 10:16:57,669 ChatBI->     INFO     层级抽取文档： 市民来电咨询:其父亲为外省市户口，目前在本市工作并且已经缴纳满15年的社保了，之前也在外省市工作并缴纳了社保，2024年8月底就要退休了，目前想要在本市办理退休及领取养老金，询问何时帮其父亲把外省市的社保转移过来及办理退休手续，及相关的流程和手续是什么样子的。 ==> yes  
2025-06-02 10:16:57,669 ChatBI->     INFO     层级抽取文档： 市民来电反映:社保卡开通 ==> yes  
2025-06-02 10:16:57,669 ChatBI->     INFO     层级抽取文档： 市民来电反映:自己目前做个体生意，社保挂在别人公司名下自己在缴纳，想了解退休后领取退休金是否有影响 ==> yes  
2025-06-02 10:16:57,669 ChatBI->     INFO     层级抽取文档： 市民来电咨询:其亲属是上海城乡居民退休人员，享受城乡居民医保，近期发生交通事故，市民亲属受伤住院，交警认定市民亲属责任较多，想了解住院治疗费用如何申请医保报销。 ==> no  
2025-06-02 10:16:57,669 ChatBI->     INFO     层级抽取文档： 市民来电咨询:之前宁波职工社保10年，现在上海职工社保3-4年，想要在上海退休，咨询上海退休规定，养老保险转入规定，没有公积金。 ==> yes  
2025-06-02 10:16:57,843 ChatBI->     INFO     step_scores: ['no', 'yes', 'yes', 'yes', 'yes', 'yes', 'yes', 'yes', 'yes', 'no']
2025-06-02 10:16:57,843 ChatBI->     INFO     层级抽取文档： 市民来电反映:本市社保卡遗失，要求挂失 ==> no  
2025-06-02 10:16:57,844 ChatBI->     INFO     层级抽取文档： 市民来电咨询:退休后是否要缴纳职工医保，因市民之前缴纳的农保，现想要了解是否要缴纳。 ==> yes  
2025-06-02 10:16:57,844 ChatBI->     INFO     层级抽取文档： 市民来电咨询:外省市小孩办理新版社保卡   ==> yes  
2025-06-02 10:16:57,844 ChatBI->     INFO     层级抽取文档： 市民来电反映:城乡居民养老保险基数目前调整了，自己之前缴纳以5300元的基数，现在是7300元的基数，想了解如何退如何补 ==> yes  
2025-06-02 10:16:57,844 ChatBI->     INFO     层级抽取文档： 市民来电咨询:养老保险在哪买的不清楚，如何查询。 ==> yes  
2025-06-02 10:16:57,844 ChatBI->     INFO     层级抽取文档： 市民来电咨询:外省市社保卡办理问题 ==> yes  
2025-06-02 10:16:57,844 ChatBI->     INFO     层级抽取文档： 市民来电反映:其于4月1日至5月11日在上述地址公司工作，上述公司未缴纳市民的社保，公司也并未与市民签订劳动合同。诉求：请管理部门督促要求为市民补缴4月和5月的社保 ==> yes  
2025-06-02 10:16:57,844 ChatBI->     INFO     层级抽取文档： 市民来电咨询:其是企业人员，市民咨询如何办理员工社保转入 ==> yes  
2025-06-02 10:16:57,844 ChatBI->     INFO     层级抽取文档： 市民来电咨询:2024年4月23日招录人事主管，6月28日离职，诉求公司不规范，自己补缴2月月份社保，但没有任何人知道，2700多元是个人承担，如何查询4月份是哪家企业缴纳社保。 ==> yes  
2025-06-02 10:16:57,844 ChatBI->     INFO     层级抽取文档： 市民来电反映:市民于2月11日的灵活就业缴费没有缴扣成功，令市民奔走在数个部门解决此问题，不胜其扰。市民表示当扣款渠道余额不足，应该有短信提醒市民，让市民可以及时缴纳。市民建议：灵活就业缴费因余额不足未缴纳，可以发一条短信提醒。 ==> no  
2025-06-02 10:16:58,023 ChatBI->     INFO     step_scores: ['yes', 'no', 'no', 'yes', 'yes', 'yes', 'yes', 'yes', 'no', 'yes']
2025-06-02 10:16:58,023 ChatBI->     INFO     层级抽取文档： 市民来电咨询:女职工达到55岁退休年龄，上海社保转到江苏泰州去了。咨询此类情况是否可以再继续缴纳医保。 ==> yes  
2025-06-02 10:16:58,023 ChatBI->     INFO     层级抽取文档： 市民来电咨询:社保卡挂失 ==> no  
2025-06-02 10:16:58,023 ChatBI->     INFO     层级抽取文档： 市民来电咨询:生育金领取，外省生育，本市社保。 ==> no  
2025-06-02 10:16:58,023 ChatBI->     INFO     层级抽取文档： 市民来电反映:之前在一家公司办了离职，社保没有给其断缴，有查到该公司还没有接触合同，导致自己在新公司无法缴纳社保。 ==> yes  
2025-06-02 10:16:58,023 ChatBI->     INFO     层级抽取文档： 市民来电咨询:补交11月份，单位新进的2名员工的社保。 ==> yes  
2025-06-02 10:16:58,023 ChatBI->     INFO     层级抽取文档： 市民来电反映:社保卡开通。 ==> yes  
2025-06-02 10:16:58,023 ChatBI->     INFO     层级抽取文档： 市民来电咨询:上海缴纳的社保，怀孕以后，生育保险如何申领。 ==> yes  
2025-06-02 10:16:58,023 ChatBI->     INFO     层级抽取文档： 市民来电反映:社保卡开通。 ==> yes  
2025-06-02 10:16:58,023 ChatBI->     INFO     层级抽取文档： 市民来电咨询:咨询办理新版社保卡的方法   ==> no  
2025-06-02 10:16:58,023 ChatBI->     INFO     层级抽取文档： 市民来电咨询:其家中有为上海户籍73岁老人，因为之前是自由职业，但是从来没有办理过灵活就业缴纳，是否可以一次性补缴15年 ==> yes  
2025-06-02 10:16:58,209 ChatBI->     INFO     step_scores: ['yes', 'yes', 'yes', 'yes', 'yes', 'yes', 'yes', 'yes', 'yes', 'yes']
2025-06-02 10:16:58,209 ChatBI->     INFO     层级抽取文档： 市民来电反映:姓名：胡浪，身份证号码：341204199906302213。上家单位已经办理退工了，但新入职的单位，无法正常缴纳社保，诉求：请处理部门核实，能让市民正常缴纳社保。 ==> yes  
2025-06-02 10:16:58,209 ChatBI->     INFO     层级抽取文档： 市民来电咨询:其在2000年至2002年的时候在上海工作生活过并办理过一张综合保险卡。市民询问这卡里的养老保险之类的费用能否在其退休后取出。 ==> yes  
2025-06-02 10:16:58,209 ChatBI->     INFO     层级抽取文档： 市民来电反映:其处要缴纳2023年11月份的社保费用，故在社保费管理客户端办理相关申报手续。现系统显示本月预处理信息尚未生成，后又显示本月预处理信息已申报。市民诉求：请管理部门核实后告知上述情况下其该如何处理。 ==> yes  
2025-06-02 10:16:58,209 ChatBI->     INFO     层级抽取文档： 市民来电咨询:其公司新进员工，是外省市户籍，咨询单位是否能够帮忙代办社保卡。 ==> yes  
2025-06-02 10:16:58,210 ChatBI->     INFO     层级抽取文档： 市民来电反映:4月28日其去普陀区教育局（受理点在北石路）填入学登记的资料，因为其社保信息暂时在网上显示不出来，市民带着公司提供的社保单子被工作人员不认可说办不了，建议市民等其网上能显示社保缴费信息时赶在5月8日前再来现场填入学登记的资料都来得及。市民表示5月1日时其在随申办上能查到自己的社保缴费信息了，但假日期间教育局现场无人，市民在5月6日再次来现场要填写单子时是另一个工作人员接待的，工作人员说现在办不了了，已经在4月28日就截止了。诉求：希望管理部门帮其补办信息登记。 ==> yes  
2025-06-02 10:16:58,210 ChatBI->     INFO     层级抽取文档： 市民来电反映相同事项。【最近办结的工单编号：20240420017888，工单内容：市民来电反映:其之前在上述企业工作，2018年7月底就从该企业离职，但该公司一直未为其退保，导致企业未为其缴纳2018年8-10月社保，现在该企业已经倒闭，现在单位想帮市民补缴当年的社保都无法缴纳，诉求：请管理部门告知该情况如何申请补缴当年的社保。】 ==> yes  
2025-06-02 10:16:58,210 ChatBI->     INFO     层级抽取文档： 市民来电咨询:新版社保卡的功能。 ==> yes  
2025-06-02 10:16:58,210 ChatBI->     INFO     层级抽取文档： 市民来电咨询:其新版的本市社保账户，市民表示绑定银行卡显示余额为负数，咨询是否由于市民拖欠网贷导致 ==> yes  
2025-06-02 10:16:58,210 ChatBI->     INFO     层级抽取文档： 市民来电咨询:曾在上海缴纳2年社保，问医保个人账户费用转出。 ==> yes  
2025-06-02 10:16:58,210 ChatBI->     INFO     层级抽取文档： 市民来电咨询:社保卡需要缴纳几个月社保才能办理。 ==> yes  
2025-06-02 10:16:58,416 ChatBI->     INFO     step_scores: ['no', 'yes', 'yes', 'no', 'no', 'no', 'yes', 'no', 'no', 'yes']
2025-06-02 10:16:58,416 ChatBI->     INFO     层级抽取文档： 市民来电反映:  社保卡挂失补办 ==> no  
2025-06-02 10:16:58,416 ChatBI->     INFO     层级抽取文档： 市民来电咨询:幼儿园报名系统里，监护人信息，居住证，积分通知单，持有人的社保缴纳证明。社保缴费证明哪里可以查询到。 ==> yes  
2025-06-02 10:16:58,416 ChatBI->     INFO     层级抽取文档： 市民来电反映:2024年11月退休了，养老保险还差14个月，如何补缴 ==> yes  
2025-06-02 10:16:58,416 ChatBI->     INFO     层级抽取文档： 市民来电反映: 社保卡掉了，要求挂失。 ==> no  
2025-06-02 10:16:58,416 ChatBI->     INFO     层级抽取文档： 市民来电咨询:自己和丈夫都是外省市人，且自己目前怀孕，在上海缴纳社保，届时孩子在外省市生，想了解领取生育金需要提前做何准备 ==> no  
2025-06-02 10:16:58,416 ChatBI->     INFO     层级抽取文档： 市民来电咨询:本市户籍，怎样申领新版社保卡，怎样开通社保功能。 ==> no  
2025-06-02 10:16:58,416 ChatBI->     INFO     层级抽取文档： 市民来电反映:查询本人的社保卡号 ==> yes  
2025-06-02 10:16:58,416 ChatBI->     INFO     层级抽取文档： 市民来电咨询:社保卡遗失。按《社会保障卡挂失、补换解答 》告知。 ==> no  
2025-06-02 10:16:58,416 ChatBI->     INFO     层级抽取文档： 市民来电反映: 社保卡挂失。 ==> no  
2025-06-02 10:16:58,416 ChatBI->     INFO     层级抽取文档： 市民来电反映:2024年6月毕业，在上海工作，公司已经为其缴纳3个月社保，但是其查询其社保卡状态是封存。市民表示其手边有一张学校发放的社保卡，不确定是否有开通，市民想查询下该社保卡的状态。 ==> yes  
2025-06-02 10:16:58,416 ChatBI->     INFO     阈值索引为：2238, 窗口大小为: 100 
2025-06-02 10:16:58,416 ChatBI->     INFO     确定的文档: 2139; 在次确认的文档: 199
2025-06-02 10:17:02,040 ChatBI->     INFO     从199个需再次确认的文档中筛选出的相关文档数量：187
2025-06-02 10:17:02,041 ChatBI->     INFO     示例文档：['市民来电反映:社保卡挂失。', '市民来电反映:社保卡挂失。', '市民来电反映:社保卡挂失。', '市民来电反映:社保卡挂失。', '市民来电反映:社保卡挂失。']
2025-06-02 10:17:02,048 ChatBI->     INFO     没有找到<  >对应的视图
2025-06-02 10:17:02,048 ChatBI->     INFO     sql 语句：SELECT `诉求区域`, COUNT(*) AS `数量` FROM shanghai WHERE `工单类型` = '投诉举报类' AND  `内容描述` IN (:val0, :val1, :val2, :val3, :val4, :val5, :val6, :val7, :val8, :val9, :val10, :val11, :val12, :val13, :val14, :val15, :val16, :val17, :val18, :val19, :val20, :val21, :val22, :val23, :val24, :val25, :val26, :val27, :val28, :val29, :val30, :val31, :val32, :val33, :val34, :val35, :val36, :val37, :val38, :val39, :val40, :val41, :val42, :val43, :val44, :val45, :val46, :val47, :val48, :val49, :val50, :val51, :val52, :val53, :val54, :val55, :val56, :val57, :val58, :val59, :val60, :val61, :val62, :val63, :val64, :val65, :val66, :val67, :val68, :val69, :val70, :val71, :val72, :val73, :val74, :val75, :val76, :val77, :val78, :val79, :val80, :val81, :val82, :val83, :val84, :val85, :val86, :val87, :val88, :val89, :val90, :val91, :val92, :val93, :val94, :val95, :val96, :val97, :val98, :val99, :val100, :val101, :val102, :val103, :val104, :val105, :val106, :val107, :val108, :val109, :val110, :val111, :val112, :val113, :val114, :val115, :val116, :val117, :val118, :val119, :val120, :val121, :val122, :val123, :val124, :val125, :val126, :val127, :val128, :val129, :val130, :val131, :val132, :val133, :val134, :val135, :val136, :val137, :val138, :val139, :val140, :val141, :val142, :val143, :val144, :val145, :val146, :val147, :val148, :val149, :val150, :val151, :val152, :val153, :val154, :val155, :val156, :val157, :val158, :val159, :val160, :val161, :val162, :val163, :val164, :val165, :val166, :val167, :val168, :val169, :val170, :val171, :val172, :val173, :val174, :val175, :val176, :val177, :val178, :val179, :val180, :val181, :val182, :val183, :val184, :val185, :val186, :val187, :val188, :val189, :val190, :val191, :val192, :val193, :val194, :val195, :val196, :val197, :val198, :val199, :val200, :val201, :val202, :val203, :val204, :val205, :val206, :val207, :val208, :val209, :val210, :val211, :val212, :val213, :val214, :val215, :val216, :val217, :val218, :val219, :val220, :val221, :val222, :val223, :val224, :val225, :val226, :val227, :val228, :val229, :val230, :val231, :val232, :val233, :val234, :val235, :val236, :val237, :val238, :val239, :val240, :val241, :val242, :val243, :val244, :val245, :val246, :val247, :val248, :val249, :val250, :val251, :val252, :val253, :val254, :val255, :val256, :val257, :val258, :val259, :val260, :val261, :val262, :val263, :val264, :val265, :val266, :val267, :val268, :val269, :val270, :val271, :val272, :val273, :val274, :val275, :val276, :val277, :val278, :val279, :val280, :val281, :val282, :val283, :val284, :val285, :val286, :val287, :val288, :val289, :val290, :val291, :val292, :val293, :val294, :val295, :val296, :val297, :val298, :val299, :val300, :val301, :val302, :val303, :val304, :val305, :val306, :val307, :val308, :val309, :val310, :val311, :val312, :val313, :val314, :val315, :val316, :val317, :val318, :val319, :val320, :val321, :val322, :val323, :val324, :val325, :val326, :val327, :val328, :val329, :val330, :val331, :val332, :val333, :val334, :val335, :val336, :val337, :val338, :val339, :val340, :val341, :val342, :val343, :val344, :val345, :val346, :val347, :val348, :val349, :val350, :val351, :val352, :val353, :val354, :val355, :val356, :val357, :val358, :val359, :val360, :val361, :val362, :val363, :val364, :val365, :val366, :val367, :val368, :val369, :val370, :val371, :val372, :val373, :val374, :val375, :val376, :val377, :val378, :val379, :val380, :val381, :val382, :val383, :val384, :val385, :val386, :val387, :val388, :val389, :val390, :val391, :val392, :val393, :val394, :val395, :val396, :val397, :val398, :val399, :val400, :val401, :val402, :val403, :val404, :val405, :val406, :val407, :val408, :val409, :val410, :val411, :val412, :val413, :val414, :val415, :val416, :val417, :val418, :val419, :val420, :val421, :val422, :val423, :val424, :val425, :val426, :val427, :val428, :val429, :val430, :val431, :val432, :val433, :val434, :val435, :val436, :val437, :val438, :val439, :val440, :val441, :val442, :val443, :val444, :val445, :val446, :val447, :val448, :val449, :val450, :val451, :val452, :val453, :val454, :val455, :val456, :val457, :val458, :val459, :val460, :val461, :val462, :val463, :val464, :val465, :val466, :val467, :val468, :val469, :val470, :val471, :val472, :val473, :val474, :val475, :val476, :val477, :val478, :val479, :val480, :val481, :val482, :val483, :val484, :val485, :val486, :val487, :val488, :val489, :val490, :val491, :val492, :val493, :val494, :val495, :val496, :val497, :val498, :val499, :val500, :val501, :val502, :val503, :val504, :val505, :val506, :val507, :val508, :val509, :val510, :val511, :val512, :val513, :val514, :val515, :val516, :val517, :val518, :val519, :val520, :val521, :val522, :val523, :val524, :val525, :val526, :val527, :val528, :val529, :val530, :val531, :val532, :val533, :val534, :val535, :val536, :val537, :val538, :val539, :val540, :val541, :val542, :val543, :val544, :val545, :val546, :val547, :val548, :val549, :val550, :val551, :val552, :val553, :val554, :val555, :val556, :val557, :val558, :val559, :val560, :val561, :val562, :val563, :val564, :val565, :val566, :val567, :val568, :val569, :val570, :val571, :val572, :val573, :val574, :val575, :val576, :val577, :val578, :val579, :val580, :val581, :val582, :val583, :val584, :val585, :val586, :val587, :val588, :val589, :val590, :val591, :val592, :val593, :val594, :val595, :val596, :val597, :val598, :val599, :val600, :val601, :val602, :val603, :val604, :val605, :val606, :val607, :val608, :val609, :val610, :val611, :val612, :val613, :val614, :val615, :val616, :val617, :val618, :val619, :val620, :val621, :val622, :val623, :val624, :val625, :val626, :val627, :val628, :val629, :val630, :val631, :val632, :val633, :val634, :val635, :val636, :val637, :val638, :val639, :val640, :val641, :val642, :val643, :val644, :val645, :val646, :val647, :val648, :val649, :val650, :val651, :val652, :val653, :val654, :val655, :val656, :val657, :val658, :val659, :val660, :val661, :val662, :val663, :val664, :val665, :val666, :val667, :val668, :val669, :val670, :val671, :val672, :val673, :val674, :val675, :val676, :val677, :val678, :val679, :val680, :val681, :val682, :val683, :val684, :val685, :val686, :val687, :val688, :val689, :val690, :val691, :val692, :val693, :val694, :val695, :val696, :val697, :val698, :val699, :val700, :val701, :val702, :val703, :val704, :val705, :val706, :val707, :val708, :val709, :val710, :val711, :val712, :val713, :val714, :val715, :val716, :val717, :val718, :val719, :val720, :val721, :val722, :val723, :val724, :val725, :val726, :val727, :val728, :val729, :val730, :val731, :val732, :val733, :val734, :val735, :val736, :val737, :val738, :val739, :val740, :val741, :val742, :val743, :val744, :val745, :val746, :val747, :val748, :val749, :val750, :val751, :val752, :val753, :val754, :val755, :val756, :val757, :val758, :val759, :val760, :val761, :val762, :val763, :val764, :val765, :val766, :val767, :val768, :val769, :val770, :val771, :val772, :val773, :val774, :val775, :val776, :val777, :val778, :val779, :val780, :val781, :val782, :val783, :val784, :val785, :val786, :val787, :val788, :val789, :val790, :val791, :val792, :val793, :val794, :val795, :val796, :val797, :val798, :val799, :val800, :val801, :val802, :val803, :val804, :val805, :val806, :val807, :val808, :val809, :val810, :val811, :val812, :val813, :val814, :val815, :val816, :val817, :val818, :val819, :val820, :val821, :val822, :val823, :val824, :val825, :val826, :val827, :val828, :val829, :val830, :val831, :val832, :val833, :val834, :val835, :val836, :val837, :val838, :val839, :val840, :val841, :val842, :val843, :val844, :val845, :val846, :val847, :val848, :val849, :val850, :val851, :val852, :val853, :val854, :val855, :val856, :val857, :val858, :val859, :val860, :val861, :val862, :val863, :val864, :val865, :val866, :val867, :val868, :val869, :val870, :val871, :val872, :val873, :val874, :val875, :val876, :val877, :val878, :val879, :val880, :val881, :val882, :val883, :val884, :val885, :val886, :val887, :val888, :val889, :val890, :val891, :val892, :val893, :val894, :val895, :val896, :val897, :val898, :val899, :val900, :val901, :val902, :val903, :val904, :val905, :val906, :val907, :val908, :val909, :val910, :val911, :val912, :val913, :val914, :val915, :val916, :val917, :val918, :val919, :val920, :val921, :val922, :val923, :val924, :val925, :val926, :val927, :val928, :val929, :val930, :val931, :val932, :val933, :val934, :val935, :val936, :val937, :val938, :val939, :val940, :val941, :val942, :val943, :val944, :val945, :val946, :val947, :val948, :val949, :val950, :val951, :val952, :val953, :val954, :val955, :val956, :val957, :val958, :val959, :val960, :val961, :val962, :val963, :val964, :val965, :val966, :val967, :val968, :val969, :val970, :val971, :val972, :val973, :val974, :val975, :val976, :val977, :val978, :val979, :val980, :val981, :val982, :val983, :val984, :val985, :val986, :val987, :val988, :val989, :val990, :val991, :val992, :val993, :val994, :val995, :val996, :val997, :val998, :val999, :val1000, :val1001, :val1002, :val1003, :val1004, :val1005, :val1006, :val1007, :val1008, :val1009, :val1010, :val1011, :val1012, :val1013, :val1014, :val1015, :val1016, :val1017, :val1018, :val1019, :val1020, :val1021, :val1022, :val1023, :val1024, :val1025, :val1026, :val1027, :val1028, :val1029, :val1030, :val1031, :val1032, :val1033, :val1034, :val1035, :val1036, :val1037, :val1038, :val1039, :val1040, :val1041, :val1042, :val1043, :val1044, :val1045, :val1046, :val1047, :val1048, :val1049, :val1050, :val1051, :val1052, :val1053, :val1054, :val1055, :val1056, :val1057, :val1058, :val1059, :val1060, :val1061, :val1062, :val1063, :val1064, :val1065, :val1066, :val1067, :val1068, :val1069, :val1070, :val1071, :val1072, :val1073, :val1074, :val1075, :val1076, :val1077, :val1078, :val1079, :val1080, :val1081, :val1082, :val1083, :val1084, :val1085, :val1086, :val1087, :val1088, :val1089, :val1090, :val1091, :val1092, :val1093, :val1094, :val1095, :val1096, :val1097, :val1098, :val1099, :val1100, :val1101, :val1102, :val1103, :val1104, :val1105, :val1106, :val1107, :val1108, :val1109, :val1110, :val1111, :val1112, :val1113, :val1114, :val1115, :val1116, :val1117, :val1118, :val1119, :val1120, :val1121, :val1122, :val1123, :val1124, :val1125, :val1126, :val1127, :val1128, :val1129, :val1130, :val1131, :val1132, :val1133, :val1134, :val1135, :val1136, :val1137, :val1138, :val1139, :val1140, :val1141, :val1142, :val1143, :val1144, :val1145, :val1146, :val1147, :val1148, :val1149, :val1150, :val1151, :val1152, :val1153, :val1154, :val1155, :val1156, :val1157, :val1158, :val1159, :val1160, :val1161, :val1162, :val1163, :val1164, :val1165, :val1166, :val1167, :val1168, :val1169, :val1170, :val1171, :val1172, :val1173, :val1174, :val1175, :val1176, :val1177, :val1178, :val1179, :val1180, :val1181, :val1182, :val1183, :val1184, :val1185, :val1186, :val1187, :val1188, :val1189, :val1190, :val1191, :val1192, :val1193, :val1194, :val1195, :val1196, :val1197, :val1198, :val1199, :val1200, :val1201, :val1202, :val1203, :val1204, :val1205, :val1206, :val1207, :val1208, :val1209, :val1210, :val1211, :val1212, :val1213, :val1214, :val1215, :val1216, :val1217, :val1218, :val1219, :val1220, :val1221, :val1222, :val1223, :val1224, :val1225, :val1226, :val1227, :val1228, :val1229, :val1230, :val1231, :val1232, :val1233, :val1234, :val1235, :val1236, :val1237, :val1238, :val1239, :val1240, :val1241, :val1242, :val1243, :val1244, :val1245, :val1246, :val1247, :val1248, :val1249, :val1250, :val1251, :val1252, :val1253, :val1254, :val1255, :val1256, :val1257, :val1258, :val1259, :val1260, :val1261, :val1262, :val1263, :val1264, :val1265, :val1266, :val1267, :val1268, :val1269, :val1270, :val1271, :val1272, :val1273, :val1274, :val1275, :val1276, :val1277, :val1278, :val1279, :val1280, :val1281, :val1282, :val1283, :val1284, :val1285, :val1286, :val1287, :val1288, :val1289, :val1290, :val1291, :val1292, :val1293, :val1294, :val1295, :val1296, :val1297, :val1298, :val1299, :val1300, :val1301, :val1302, :val1303, :val1304, :val1305, :val1306, :val1307, :val1308, :val1309, :val1310, :val1311, :val1312, :val1313, :val1314, :val1315, :val1316, :val1317, :val1318, :val1319, :val1320, :val1321, :val1322, :val1323, :val1324, :val1325, :val1326, :val1327, :val1328, :val1329, :val1330, :val1331, :val1332, :val1333, :val1334, :val1335, :val1336, :val1337, :val1338, :val1339, :val1340, :val1341, :val1342, :val1343, :val1344, :val1345, :val1346, :val1347, :val1348, :val1349, :val1350, :val1351, :val1352, :val1353, :val1354, :val1355, :val1356, :val1357, :val1358, :val1359, :val1360, :val1361, :val1362, :val1363, :val1364, :val1365, :val1366, :val1367, :val1368, :val1369, :val1370, :val1371, :val1372, :val1373, :val1374, :val1375, :val1376, :val1377, :val1378, :val1379, :val1380, :val1381, :val1382, :val1383, :val1384, :val1385, :val1386, :val1387, :val1388, :val1389, :val1390, :val1391, :val1392, :val1393, :val1394, :val1395, :val1396, :val1397, :val1398, :val1399, :val1400, :val1401, :val1402, :val1403, :val1404, :val1405, :val1406, :val1407, :val1408, :val1409, :val1410, :val1411, :val1412, :val1413, :val1414, :val1415, :val1416, :val1417, :val1418, :val1419, :val1420, :val1421, :val1422, :val1423, :val1424, :val1425, :val1426, :val1427, :val1428, :val1429, :val1430, :val1431, :val1432, :val1433, :val1434, :val1435, :val1436, :val1437, :val1438, :val1439, :val1440, :val1441, :val1442, :val1443, :val1444, :val1445, :val1446, :val1447, :val1448, :val1449, :val1450, :val1451, :val1452, :val1453, :val1454, :val1455, :val1456, :val1457, :val1458, :val1459, :val1460, :val1461, :val1462, :val1463, :val1464, :val1465, :val1466, :val1467, :val1468, :val1469, :val1470, :val1471, :val1472, :val1473, :val1474, :val1475, :val1476, :val1477, :val1478, :val1479, :val1480, :val1481, :val1482, :val1483, :val1484, :val1485, :val1486, :val1487, :val1488, :val1489, :val1490, :val1491, :val1492, :val1493, :val1494, :val1495, :val1496, :val1497, :val1498, :val1499, :val1500, :val1501, :val1502, :val1503, :val1504, :val1505, :val1506, :val1507, :val1508, :val1509, :val1510, :val1511, :val1512, :val1513, :val1514, :val1515, :val1516, :val1517, :val1518, :val1519, :val1520, :val1521, :val1522, :val1523, :val1524, :val1525, :val1526, :val1527, :val1528, :val1529, :val1530, :val1531, :val1532, :val1533, :val1534, :val1535, :val1536, :val1537, :val1538, :val1539, :val1540, :val1541, :val1542, :val1543, :val1544, :val1545, :val1546, :val1547, :val1548, :val1549, :val1550, :val1551, :val1552, :val1553, :val1554, :val1555, :val1556, :val1557, :val1558, :val1559, :val1560, :val1561, :val1562, :val1563, :val1564, :val1565, :val1566, :val1567, :val1568, :val1569, :val1570, :val1571, :val1572, :val1573, :val1574, :val1575, :val1576, :val1577, :val1578, :val1579, :val1580, :val1581, :val1582, :val1583, :val1584, :val1585, :val1586, :val1587, :val1588, :val1589, :val1590, :val1591, :val1592, :val1593, :val1594, :val1595, :val1596, :val1597, :val1598, :val1599, :val1600, :val1601, :val1602, :val1603, :val1604, :val1605, :val1606, :val1607, :val1608, :val1609, :val1610, :val1611, :val1612, :val1613, :val1614, :val1615, :val1616, :val1617, :val1618, :val1619, :val1620, :val1621, :val1622, :val1623, :val1624, :val1625, :val1626, :val1627, :val1628, :val1629, :val1630, :val1631, :val1632, :val1633, :val1634, :val1635, :val1636, :val1637, :val1638, :val1639, :val1640, :val1641, :val1642, :val1643, :val1644, :val1645, :val1646, :val1647, :val1648, :val1649, :val1650, :val1651, :val1652, :val1653, :val1654, :val1655, :val1656, :val1657, :val1658, :val1659, :val1660, :val1661, :val1662, :val1663, :val1664, :val1665, :val1666, :val1667, :val1668, :val1669, :val1670, :val1671, :val1672, :val1673, :val1674, :val1675, :val1676, :val1677, :val1678, :val1679, :val1680, :val1681, :val1682, :val1683, :val1684, :val1685, :val1686, :val1687, :val1688, :val1689, :val1690, :val1691, :val1692, :val1693, :val1694, :val1695, :val1696, :val1697, :val1698, :val1699, :val1700, :val1701, :val1702, :val1703, :val1704, :val1705, :val1706, :val1707, :val1708, :val1709, :val1710, :val1711, :val1712, :val1713, :val1714, :val1715, :val1716, :val1717, :val1718, :val1719, :val1720, :val1721, :val1722, :val1723, :val1724, :val1725, :val1726, :val1727, :val1728, :val1729, :val1730, :val1731, :val1732, :val1733, :val1734, :val1735, :val1736, :val1737, :val1738, :val1739, :val1740, :val1741, :val1742, :val1743, :val1744, :val1745, :val1746, :val1747, :val1748, :val1749, :val1750, :val1751, :val1752, :val1753, :val1754, :val1755, :val1756, :val1757, :val1758, :val1759, :val1760, :val1761, :val1762, :val1763, :val1764, :val1765, :val1766, :val1767, :val1768, :val1769, :val1770, :val1771, :val1772, :val1773, :val1774, :val1775, :val1776, :val1777, :val1778, :val1779, :val1780, :val1781, :val1782, :val1783, :val1784, :val1785, :val1786, :val1787, :val1788, :val1789, :val1790, :val1791, :val1792, :val1793, :val1794, :val1795, :val1796, :val1797, :val1798, :val1799, :val1800, :val1801, :val1802, :val1803, :val1804, :val1805, :val1806, :val1807, :val1808, :val1809, :val1810, :val1811, :val1812, :val1813, :val1814, :val1815, :val1816, :val1817, :val1818, :val1819, :val1820, :val1821, :val1822, :val1823, :val1824, :val1825, :val1826, :val1827, :val1828, :val1829, :val1830, :val1831, :val1832, :val1833, :val1834, :val1835, :val1836, :val1837, :val1838, :val1839, :val1840, :val1841, :val1842, :val1843, :val1844, :val1845, :val1846, :val1847, :val1848, :val1849, :val1850, :val1851, :val1852, :val1853, :val1854, :val1855, :val1856, :val1857, :val1858, :val1859, :val1860, :val1861, :val1862, :val1863, :val1864, :val1865, :val1866, :val1867, :val1868, :val1869, :val1870, :val1871, :val1872, :val1873, :val1874, :val1875, :val1876, :val1877, :val1878, :val1879, :val1880, :val1881, :val1882, :val1883, :val1884, :val1885, :val1886, :val1887, :val1888, :val1889, :val1890, :val1891, :val1892, :val1893, :val1894, :val1895, :val1896, :val1897, :val1898, :val1899, :val1900, :val1901, :val1902, :val1903, :val1904, :val1905, :val1906, :val1907, :val1908, :val1909, :val1910, :val1911, :val1912, :val1913, :val1914, :val1915, :val1916, :val1917, :val1918, :val1919, :val1920, :val1921, :val1922, :val1923, :val1924, :val1925, :val1926, :val1927, :val1928, :val1929, :val1930, :val1931, :val1932, :val1933, :val1934, :val1935, :val1936, :val1937, :val1938, :val1939, :val1940, :val1941, :val1942, :val1943, :val1944, :val1945, :val1946, :val1947, :val1948, :val1949, :val1950, :val1951, :val1952, :val1953, :val1954, :val1955, :val1956, :val1957, :val1958, :val1959, :val1960, :val1961, :val1962, :val1963, :val1964, :val1965, :val1966, :val1967, :val1968, :val1969, :val1970, :val1971, :val1972, :val1973, :val1974, :val1975, :val1976, :val1977, :val1978, :val1979, :val1980, :val1981, :val1982, :val1983, :val1984, :val1985, :val1986, :val1987, :val1988, :val1989, :val1990, :val1991, :val1992, :val1993, :val1994, :val1995, :val1996, :val1997, :val1998, :val1999, :val2000, :val2001, :val2002, :val2003, :val2004, :val2005, :val2006, :val2007, :val2008, :val2009, :val2010, :val2011, :val2012, :val2013, :val2014, :val2015, :val2016, :val2017, :val2018, :val2019, :val2020, :val2021, :val2022, :val2023, :val2024, :val2025, :val2026, :val2027, :val2028, :val2029, :val2030, :val2031, :val2032, :val2033, :val2034, :val2035, :val2036, :val2037, :val2038, :val2039, :val2040, :val2041, :val2042, :val2043, :val2044, :val2045, :val2046, :val2047, :val2048, :val2049, :val2050, :val2051, :val2052, :val2053, :val2054, :val2055, :val2056, :val2057, :val2058, :val2059, :val2060, :val2061, :val2062, :val2063, :val2064, :val2065, :val2066, :val2067, :val2068, :val2069, :val2070, :val2071, :val2072, :val2073, :val2074, :val2075, :val2076, :val2077, :val2078, :val2079, :val2080, :val2081, :val2082, :val2083, :val2084, :val2085, :val2086, :val2087, :val2088, :val2089, :val2090, :val2091, :val2092, :val2093, :val2094, :val2095, :val2096, :val2097, :val2098, :val2099, :val2100, :val2101, :val2102, :val2103, :val2104, :val2105, :val2106, :val2107, :val2108, :val2109, :val2110, :val2111, :val2112, :val2113, :val2114, :val2115, :val2116, :val2117, :val2118, :val2119, :val2120, :val2121, :val2122, :val2123, :val2124, :val2125, :val2126, :val2127, :val2128, :val2129, :val2130, :val2131, :val2132, :val2133, :val2134, :val2135, :val2136, :val2137, :val2138, :val2139, :val2140, :val2141, :val2142, :val2143, :val2144, :val2145, :val2146, :val2147, :val2148, :val2149, :val2150, :val2151, :val2152, :val2153, :val2154, :val2155, :val2156, :val2157, :val2158, :val2159, :val2160, :val2161, :val2162, :val2163, :val2164, :val2165, :val2166, :val2167, :val2168, :val2169, :val2170, :val2171, :val2172, :val2173, :val2174, :val2175, :val2176, :val2177, :val2178, :val2179, :val2180, :val2181, :val2182, :val2183, :val2184, :val2185, :val2186, :val2187, :val2188, :val2189, :val2190, :val2191, :val2192, :val2193, :val2194, :val2195, :val2196, :val2197, :val2198, :val2199, :val2200, :val2201, :val2202, :val2203, :val2204, :val2205, :val2206, :val2207, :val2208, :val2209, :val2210, :val2211, :val2212, :val2213, :val2214, :val2215, :val2216, :val2217, :val2218, :val2219, :val2220, :val2221, :val2222, :val2223, :val2224, :val2225, :val2226, :val2227, :val2228, :val2229, :val2230, :val2231, :val2232, :val2233, :val2234, :val2235, :val2236, :val2237, :val2238, :val2239, :val2240, :val2241, :val2242, :val2243, :val2244, :val2245, :val2246, :val2247, :val2248, :val2249, :val2250, :val2251, :val2252, :val2253, :val2254, :val2255, :val2256, :val2257, :val2258, :val2259, :val2260, :val2261, :val2262, :val2263, :val2264, :val2265, :val2266, :val2267, :val2268, :val2269, :val2270, :val2271, :val2272, :val2273, :val2274, :val2275, :val2276, :val2277, :val2278, :val2279, :val2280, :val2281, :val2282, :val2283, :val2284, :val2285, :val2286, :val2287, :val2288, :val2289, :val2290, :val2291, :val2292, :val2293, :val2294, :val2295, :val2296, :val2297, :val2298, :val2299, :val2300, :val2301, :val2302, :val2303, :val2304, :val2305, :val2306, :val2307, :val2308, :val2309, :val2310, :val2311, :val2312, :val2313, :val2314, :val2315, :val2316, :val2317, :val2318, :val2319, :val2320, :val2321, :val2322, :val2323, :val2324, :val2325) GROUP BY `诉求区域` ORDER BY `数量` DESC LIMIT 5000;
2025-06-02 10:17:03,126 ChatBI->     INFO     sql 语句：SELECT * FROM shanghai WHERE `工单类型` = '投诉举报类' AND  `内容描述` IN (:val0, :val1, :val2, :val3, :val4, :val5, :val6, :val7, :val8, :val9, :val10, :val11, :val12, :val13, :val14, :val15, :val16, :val17, :val18, :val19, :val20, :val21, :val22, :val23, :val24, :val25, :val26, :val27, :val28, :val29, :val30, :val31, :val32, :val33, :val34, :val35, :val36, :val37, :val38, :val39, :val40, :val41, :val42, :val43, :val44, :val45, :val46, :val47, :val48, :val49, :val50, :val51, :val52, :val53, :val54, :val55, :val56, :val57, :val58, :val59, :val60, :val61, :val62, :val63, :val64, :val65, :val66, :val67, :val68, :val69, :val70, :val71, :val72, :val73, :val74, :val75, :val76, :val77, :val78, :val79, :val80, :val81, :val82, :val83, :val84, :val85, :val86, :val87, :val88, :val89, :val90, :val91, :val92, :val93, :val94, :val95, :val96, :val97, :val98, :val99, :val100, :val101, :val102, :val103, :val104, :val105, :val106, :val107, :val108, :val109, :val110, :val111, :val112, :val113, :val114, :val115, :val116, :val117, :val118, :val119, :val120, :val121, :val122, :val123, :val124, :val125, :val126, :val127, :val128, :val129, :val130, :val131, :val132, :val133, :val134, :val135, :val136, :val137, :val138, :val139, :val140, :val141, :val142, :val143, :val144, :val145, :val146, :val147, :val148, :val149, :val150, :val151, :val152, :val153, :val154, :val155, :val156, :val157, :val158, :val159, :val160, :val161, :val162, :val163, :val164, :val165, :val166, :val167, :val168, :val169, :val170, :val171, :val172, :val173, :val174, :val175, :val176, :val177, :val178, :val179, :val180, :val181, :val182, :val183, :val184, :val185, :val186, :val187, :val188, :val189, :val190, :val191, :val192, :val193, :val194, :val195, :val196, :val197, :val198, :val199, :val200, :val201, :val202, :val203, :val204, :val205, :val206, :val207, :val208, :val209, :val210, :val211, :val212, :val213, :val214, :val215, :val216, :val217, :val218, :val219, :val220, :val221, :val222, :val223, :val224, :val225, :val226, :val227, :val228, :val229, :val230, :val231, :val232, :val233, :val234, :val235, :val236, :val237, :val238, :val239, :val240, :val241, :val242, :val243, :val244, :val245, :val246, :val247, :val248, :val249, :val250, :val251, :val252, :val253, :val254, :val255, :val256, :val257, :val258, :val259, :val260, :val261, :val262, :val263, :val264, :val265, :val266, :val267, :val268, :val269, :val270, :val271, :val272, :val273, :val274, :val275, :val276, :val277, :val278, :val279, :val280, :val281, :val282, :val283, :val284, :val285, :val286, :val287, :val288, :val289, :val290, :val291, :val292, :val293, :val294, :val295, :val296, :val297, :val298, :val299, :val300, :val301, :val302, :val303, :val304, :val305, :val306, :val307, :val308, :val309, :val310, :val311, :val312, :val313, :val314, :val315, :val316, :val317, :val318, :val319, :val320, :val321, :val322, :val323, :val324, :val325, :val326, :val327, :val328, :val329, :val330, :val331, :val332, :val333, :val334, :val335, :val336, :val337, :val338, :val339, :val340, :val341, :val342, :val343, :val344, :val345, :val346, :val347, :val348, :val349, :val350, :val351, :val352, :val353, :val354, :val355, :val356, :val357, :val358, :val359, :val360, :val361, :val362, :val363, :val364, :val365, :val366, :val367, :val368, :val369, :val370, :val371, :val372, :val373, :val374, :val375, :val376, :val377, :val378, :val379, :val380, :val381, :val382, :val383, :val384, :val385, :val386, :val387, :val388, :val389, :val390, :val391, :val392, :val393, :val394, :val395, :val396, :val397, :val398, :val399, :val400, :val401, :val402, :val403, :val404, :val405, :val406, :val407, :val408, :val409, :val410, :val411, :val412, :val413, :val414, :val415, :val416, :val417, :val418, :val419, :val420, :val421, :val422, :val423, :val424, :val425, :val426, :val427, :val428, :val429, :val430, :val431, :val432, :val433, :val434, :val435, :val436, :val437, :val438, :val439, :val440, :val441, :val442, :val443, :val444, :val445, :val446, :val447, :val448, :val449, :val450, :val451, :val452, :val453, :val454, :val455, :val456, :val457, :val458, :val459, :val460, :val461, :val462, :val463, :val464, :val465, :val466, :val467, :val468, :val469, :val470, :val471, :val472, :val473, :val474, :val475, :val476, :val477, :val478, :val479, :val480, :val481, :val482, :val483, :val484, :val485, :val486, :val487, :val488, :val489, :val490, :val491, :val492, :val493, :val494, :val495, :val496, :val497, :val498, :val499, :val500, :val501, :val502, :val503, :val504, :val505, :val506, :val507, :val508, :val509, :val510, :val511, :val512, :val513, :val514, :val515, :val516, :val517, :val518, :val519, :val520, :val521, :val522, :val523, :val524, :val525, :val526, :val527, :val528, :val529, :val530, :val531, :val532, :val533, :val534, :val535, :val536, :val537, :val538, :val539, :val540, :val541, :val542, :val543, :val544, :val545, :val546, :val547, :val548, :val549, :val550, :val551, :val552, :val553, :val554, :val555, :val556, :val557, :val558, :val559, :val560, :val561, :val562, :val563, :val564, :val565, :val566, :val567, :val568, :val569, :val570, :val571, :val572, :val573, :val574, :val575, :val576, :val577, :val578, :val579, :val580, :val581, :val582, :val583, :val584, :val585, :val586, :val587, :val588, :val589, :val590, :val591, :val592, :val593, :val594, :val595, :val596, :val597, :val598, :val599, :val600, :val601, :val602, :val603, :val604, :val605, :val606, :val607, :val608, :val609, :val610, :val611, :val612, :val613, :val614, :val615, :val616, :val617, :val618, :val619, :val620, :val621, :val622, :val623, :val624, :val625, :val626, :val627, :val628, :val629, :val630, :val631, :val632, :val633, :val634, :val635, :val636, :val637, :val638, :val639, :val640, :val641, :val642, :val643, :val644, :val645, :val646, :val647, :val648, :val649, :val650, :val651, :val652, :val653, :val654, :val655, :val656, :val657, :val658, :val659, :val660, :val661, :val662, :val663, :val664, :val665, :val666, :val667, :val668, :val669, :val670, :val671, :val672, :val673, :val674, :val675, :val676, :val677, :val678, :val679, :val680, :val681, :val682, :val683, :val684, :val685, :val686, :val687, :val688, :val689, :val690, :val691, :val692, :val693, :val694, :val695, :val696, :val697, :val698, :val699, :val700, :val701, :val702, :val703, :val704, :val705, :val706, :val707, :val708, :val709, :val710, :val711, :val712, :val713, :val714, :val715, :val716, :val717, :val718, :val719, :val720, :val721, :val722, :val723, :val724, :val725, :val726, :val727, :val728, :val729, :val730, :val731, :val732, :val733, :val734, :val735, :val736, :val737, :val738, :val739, :val740, :val741, :val742, :val743, :val744, :val745, :val746, :val747, :val748, :val749, :val750, :val751, :val752, :val753, :val754, :val755, :val756, :val757, :val758, :val759, :val760, :val761, :val762, :val763, :val764, :val765, :val766, :val767, :val768, :val769, :val770, :val771, :val772, :val773, :val774, :val775, :val776, :val777, :val778, :val779, :val780, :val781, :val782, :val783, :val784, :val785, :val786, :val787, :val788, :val789, :val790, :val791, :val792, :val793, :val794, :val795, :val796, :val797, :val798, :val799, :val800, :val801, :val802, :val803, :val804, :val805, :val806, :val807, :val808, :val809, :val810, :val811, :val812, :val813, :val814, :val815, :val816, :val817, :val818, :val819, :val820, :val821, :val822, :val823, :val824, :val825, :val826, :val827, :val828, :val829, :val830, :val831, :val832, :val833, :val834, :val835, :val836, :val837, :val838, :val839, :val840, :val841, :val842, :val843, :val844, :val845, :val846, :val847, :val848, :val849, :val850, :val851, :val852, :val853, :val854, :val855, :val856, :val857, :val858, :val859, :val860, :val861, :val862, :val863, :val864, :val865, :val866, :val867, :val868, :val869, :val870, :val871, :val872, :val873, :val874, :val875, :val876, :val877, :val878, :val879, :val880, :val881, :val882, :val883, :val884, :val885, :val886, :val887, :val888, :val889, :val890, :val891, :val892, :val893, :val894, :val895, :val896, :val897, :val898, :val899, :val900, :val901, :val902, :val903, :val904, :val905, :val906, :val907, :val908, :val909, :val910, :val911, :val912, :val913, :val914, :val915, :val916, :val917, :val918, :val919, :val920, :val921, :val922, :val923, :val924, :val925, :val926, :val927, :val928, :val929, :val930, :val931, :val932, :val933, :val934, :val935, :val936, :val937, :val938, :val939, :val940, :val941, :val942, :val943, :val944, :val945, :val946, :val947, :val948, :val949, :val950, :val951, :val952, :val953, :val954, :val955, :val956, :val957, :val958, :val959, :val960, :val961, :val962, :val963, :val964, :val965, :val966, :val967, :val968, :val969, :val970, :val971, :val972, :val973, :val974, :val975, :val976, :val977, :val978, :val979, :val980, :val981, :val982, :val983, :val984, :val985, :val986, :val987, :val988, :val989, :val990, :val991, :val992, :val993, :val994, :val995, :val996, :val997, :val998, :val999, :val1000, :val1001, :val1002, :val1003, :val1004, :val1005, :val1006, :val1007, :val1008, :val1009, :val1010, :val1011, :val1012, :val1013, :val1014, :val1015, :val1016, :val1017, :val1018, :val1019, :val1020, :val1021, :val1022, :val1023, :val1024, :val1025, :val1026, :val1027, :val1028, :val1029, :val1030, :val1031, :val1032, :val1033, :val1034, :val1035, :val1036, :val1037, :val1038, :val1039, :val1040, :val1041, :val1042, :val1043, :val1044, :val1045, :val1046, :val1047, :val1048, :val1049, :val1050, :val1051, :val1052, :val1053, :val1054, :val1055, :val1056, :val1057, :val1058, :val1059, :val1060, :val1061, :val1062, :val1063, :val1064, :val1065, :val1066, :val1067, :val1068, :val1069, :val1070, :val1071, :val1072, :val1073, :val1074, :val1075, :val1076, :val1077, :val1078, :val1079, :val1080, :val1081, :val1082, :val1083, :val1084, :val1085, :val1086, :val1087, :val1088, :val1089, :val1090, :val1091, :val1092, :val1093, :val1094, :val1095, :val1096, :val1097, :val1098, :val1099, :val1100, :val1101, :val1102, :val1103, :val1104, :val1105, :val1106, :val1107, :val1108, :val1109, :val1110, :val1111, :val1112, :val1113, :val1114, :val1115, :val1116, :val1117, :val1118, :val1119, :val1120, :val1121, :val1122, :val1123, :val1124, :val1125, :val1126, :val1127, :val1128, :val1129, :val1130, :val1131, :val1132, :val1133, :val1134, :val1135, :val1136, :val1137, :val1138, :val1139, :val1140, :val1141, :val1142, :val1143, :val1144, :val1145, :val1146, :val1147, :val1148, :val1149, :val1150, :val1151, :val1152, :val1153, :val1154, :val1155, :val1156, :val1157, :val1158, :val1159, :val1160, :val1161, :val1162, :val1163, :val1164, :val1165, :val1166, :val1167, :val1168, :val1169, :val1170, :val1171, :val1172, :val1173, :val1174, :val1175, :val1176, :val1177, :val1178, :val1179, :val1180, :val1181, :val1182, :val1183, :val1184, :val1185, :val1186, :val1187, :val1188, :val1189, :val1190, :val1191, :val1192, :val1193, :val1194, :val1195, :val1196, :val1197, :val1198, :val1199, :val1200, :val1201, :val1202, :val1203, :val1204, :val1205, :val1206, :val1207, :val1208, :val1209, :val1210, :val1211, :val1212, :val1213, :val1214, :val1215, :val1216, :val1217, :val1218, :val1219, :val1220, :val1221, :val1222, :val1223, :val1224, :val1225, :val1226, :val1227, :val1228, :val1229, :val1230, :val1231, :val1232, :val1233, :val1234, :val1235, :val1236, :val1237, :val1238, :val1239, :val1240, :val1241, :val1242, :val1243, :val1244, :val1245, :val1246, :val1247, :val1248, :val1249, :val1250, :val1251, :val1252, :val1253, :val1254, :val1255, :val1256, :val1257, :val1258, :val1259, :val1260, :val1261, :val1262, :val1263, :val1264, :val1265, :val1266, :val1267, :val1268, :val1269, :val1270, :val1271, :val1272, :val1273, :val1274, :val1275, :val1276, :val1277, :val1278, :val1279, :val1280, :val1281, :val1282, :val1283, :val1284, :val1285, :val1286, :val1287, :val1288, :val1289, :val1290, :val1291, :val1292, :val1293, :val1294, :val1295, :val1296, :val1297, :val1298, :val1299, :val1300, :val1301, :val1302, :val1303, :val1304, :val1305, :val1306, :val1307, :val1308, :val1309, :val1310, :val1311, :val1312, :val1313, :val1314, :val1315, :val1316, :val1317, :val1318, :val1319, :val1320, :val1321, :val1322, :val1323, :val1324, :val1325, :val1326, :val1327, :val1328, :val1329, :val1330, :val1331, :val1332, :val1333, :val1334, :val1335, :val1336, :val1337, :val1338, :val1339, :val1340, :val1341, :val1342, :val1343, :val1344, :val1345, :val1346, :val1347, :val1348, :val1349, :val1350, :val1351, :val1352, :val1353, :val1354, :val1355, :val1356, :val1357, :val1358, :val1359, :val1360, :val1361, :val1362, :val1363, :val1364, :val1365, :val1366, :val1367, :val1368, :val1369, :val1370, :val1371, :val1372, :val1373, :val1374, :val1375, :val1376, :val1377, :val1378, :val1379, :val1380, :val1381, :val1382, :val1383, :val1384, :val1385, :val1386, :val1387, :val1388, :val1389, :val1390, :val1391, :val1392, :val1393, :val1394, :val1395, :val1396, :val1397, :val1398, :val1399, :val1400, :val1401, :val1402, :val1403, :val1404, :val1405, :val1406, :val1407, :val1408, :val1409, :val1410, :val1411, :val1412, :val1413, :val1414, :val1415, :val1416, :val1417, :val1418, :val1419, :val1420, :val1421, :val1422, :val1423, :val1424, :val1425, :val1426, :val1427, :val1428, :val1429, :val1430, :val1431, :val1432, :val1433, :val1434, :val1435, :val1436, :val1437, :val1438, :val1439, :val1440, :val1441, :val1442, :val1443, :val1444, :val1445, :val1446, :val1447, :val1448, :val1449, :val1450, :val1451, :val1452, :val1453, :val1454, :val1455, :val1456, :val1457, :val1458, :val1459, :val1460, :val1461, :val1462, :val1463, :val1464, :val1465, :val1466, :val1467, :val1468, :val1469, :val1470, :val1471, :val1472, :val1473, :val1474, :val1475, :val1476, :val1477, :val1478, :val1479, :val1480, :val1481, :val1482, :val1483, :val1484, :val1485, :val1486, :val1487, :val1488, :val1489, :val1490, :val1491, :val1492, :val1493, :val1494, :val1495, :val1496, :val1497, :val1498, :val1499, :val1500, :val1501, :val1502, :val1503, :val1504, :val1505, :val1506, :val1507, :val1508, :val1509, :val1510, :val1511, :val1512, :val1513, :val1514, :val1515, :val1516, :val1517, :val1518, :val1519, :val1520, :val1521, :val1522, :val1523, :val1524, :val1525, :val1526, :val1527, :val1528, :val1529, :val1530, :val1531, :val1532, :val1533, :val1534, :val1535, :val1536, :val1537, :val1538, :val1539, :val1540, :val1541, :val1542, :val1543, :val1544, :val1545, :val1546, :val1547, :val1548, :val1549, :val1550, :val1551, :val1552, :val1553, :val1554, :val1555, :val1556, :val1557, :val1558, :val1559, :val1560, :val1561, :val1562, :val1563, :val1564, :val1565, :val1566, :val1567, :val1568, :val1569, :val1570, :val1571, :val1572, :val1573, :val1574, :val1575, :val1576, :val1577, :val1578, :val1579, :val1580, :val1581, :val1582, :val1583, :val1584, :val1585, :val1586, :val1587, :val1588, :val1589, :val1590, :val1591, :val1592, :val1593, :val1594, :val1595, :val1596, :val1597, :val1598, :val1599, :val1600, :val1601, :val1602, :val1603, :val1604, :val1605, :val1606, :val1607, :val1608, :val1609, :val1610, :val1611, :val1612, :val1613, :val1614, :val1615, :val1616, :val1617, :val1618, :val1619, :val1620, :val1621, :val1622, :val1623, :val1624, :val1625, :val1626, :val1627, :val1628, :val1629, :val1630, :val1631, :val1632, :val1633, :val1634, :val1635, :val1636, :val1637, :val1638, :val1639, :val1640, :val1641, :val1642, :val1643, :val1644, :val1645, :val1646, :val1647, :val1648, :val1649, :val1650, :val1651, :val1652, :val1653, :val1654, :val1655, :val1656, :val1657, :val1658, :val1659, :val1660, :val1661, :val1662, :val1663, :val1664, :val1665, :val1666, :val1667, :val1668, :val1669, :val1670, :val1671, :val1672, :val1673, :val1674, :val1675, :val1676, :val1677, :val1678, :val1679, :val1680, :val1681, :val1682, :val1683, :val1684, :val1685, :val1686, :val1687, :val1688, :val1689, :val1690, :val1691, :val1692, :val1693, :val1694, :val1695, :val1696, :val1697, :val1698, :val1699, :val1700, :val1701, :val1702, :val1703, :val1704, :val1705, :val1706, :val1707, :val1708, :val1709, :val1710, :val1711, :val1712, :val1713, :val1714, :val1715, :val1716, :val1717, :val1718, :val1719, :val1720, :val1721, :val1722, :val1723, :val1724, :val1725, :val1726, :val1727, :val1728, :val1729, :val1730, :val1731, :val1732, :val1733, :val1734, :val1735, :val1736, :val1737, :val1738, :val1739, :val1740, :val1741, :val1742, :val1743, :val1744, :val1745, :val1746, :val1747, :val1748, :val1749, :val1750, :val1751, :val1752, :val1753, :val1754, :val1755, :val1756, :val1757, :val1758, :val1759, :val1760, :val1761, :val1762, :val1763, :val1764, :val1765, :val1766, :val1767, :val1768, :val1769, :val1770, :val1771, :val1772, :val1773, :val1774, :val1775, :val1776, :val1777, :val1778, :val1779, :val1780, :val1781, :val1782, :val1783, :val1784, :val1785, :val1786, :val1787, :val1788, :val1789, :val1790, :val1791, :val1792, :val1793, :val1794, :val1795, :val1796, :val1797, :val1798, :val1799, :val1800, :val1801, :val1802, :val1803, :val1804, :val1805, :val1806, :val1807, :val1808, :val1809, :val1810, :val1811, :val1812, :val1813, :val1814, :val1815, :val1816, :val1817, :val1818, :val1819, :val1820, :val1821, :val1822, :val1823, :val1824, :val1825, :val1826, :val1827, :val1828, :val1829, :val1830, :val1831, :val1832, :val1833, :val1834, :val1835, :val1836, :val1837, :val1838, :val1839, :val1840, :val1841, :val1842, :val1843, :val1844, :val1845, :val1846, :val1847, :val1848, :val1849, :val1850, :val1851, :val1852, :val1853, :val1854, :val1855, :val1856, :val1857, :val1858, :val1859, :val1860, :val1861, :val1862, :val1863, :val1864, :val1865, :val1866, :val1867, :val1868, :val1869, :val1870, :val1871, :val1872, :val1873, :val1874, :val1875, :val1876, :val1877, :val1878, :val1879, :val1880, :val1881, :val1882, :val1883, :val1884, :val1885, :val1886, :val1887, :val1888, :val1889, :val1890, :val1891, :val1892, :val1893, :val1894, :val1895, :val1896, :val1897, :val1898, :val1899, :val1900, :val1901, :val1902, :val1903, :val1904, :val1905, :val1906, :val1907, :val1908, :val1909, :val1910, :val1911, :val1912, :val1913, :val1914, :val1915, :val1916, :val1917, :val1918, :val1919, :val1920, :val1921, :val1922, :val1923, :val1924, :val1925, :val1926, :val1927, :val1928, :val1929, :val1930, :val1931, :val1932, :val1933, :val1934, :val1935, :val1936, :val1937, :val1938, :val1939, :val1940, :val1941, :val1942, :val1943, :val1944, :val1945, :val1946, :val1947, :val1948, :val1949, :val1950, :val1951, :val1952, :val1953, :val1954, :val1955, :val1956, :val1957, :val1958, :val1959, :val1960, :val1961, :val1962, :val1963, :val1964, :val1965, :val1966, :val1967, :val1968, :val1969, :val1970, :val1971, :val1972, :val1973, :val1974, :val1975, :val1976, :val1977, :val1978, :val1979, :val1980, :val1981, :val1982, :val1983, :val1984, :val1985, :val1986, :val1987, :val1988, :val1989, :val1990, :val1991, :val1992, :val1993, :val1994, :val1995, :val1996, :val1997, :val1998, :val1999, :val2000, :val2001, :val2002, :val2003, :val2004, :val2005, :val2006, :val2007, :val2008, :val2009, :val2010, :val2011, :val2012, :val2013, :val2014, :val2015, :val2016, :val2017, :val2018, :val2019, :val2020, :val2021, :val2022, :val2023, :val2024, :val2025, :val2026, :val2027, :val2028, :val2029, :val2030, :val2031, :val2032, :val2033, :val2034, :val2035, :val2036, :val2037, :val2038, :val2039, :val2040, :val2041, :val2042, :val2043, :val2044, :val2045, :val2046, :val2047, :val2048, :val2049, :val2050, :val2051, :val2052, :val2053, :val2054, :val2055, :val2056, :val2057, :val2058, :val2059, :val2060, :val2061, :val2062, :val2063, :val2064, :val2065, :val2066, :val2067, :val2068, :val2069, :val2070, :val2071, :val2072, :val2073, :val2074, :val2075, :val2076, :val2077, :val2078, :val2079, :val2080, :val2081, :val2082, :val2083, :val2084, :val2085, :val2086, :val2087, :val2088, :val2089, :val2090, :val2091, :val2092, :val2093, :val2094, :val2095, :val2096, :val2097, :val2098, :val2099, :val2100, :val2101, :val2102, :val2103, :val2104, :val2105, :val2106, :val2107, :val2108, :val2109, :val2110, :val2111, :val2112, :val2113, :val2114, :val2115, :val2116, :val2117, :val2118, :val2119, :val2120, :val2121, :val2122, :val2123, :val2124, :val2125, :val2126, :val2127, :val2128, :val2129, :val2130, :val2131, :val2132, :val2133, :val2134, :val2135, :val2136, :val2137, :val2138, :val2139, :val2140, :val2141, :val2142, :val2143, :val2144, :val2145, :val2146, :val2147, :val2148, :val2149, :val2150, :val2151, :val2152, :val2153, :val2154, :val2155, :val2156, :val2157, :val2158, :val2159, :val2160, :val2161, :val2162, :val2163, :val2164, :val2165, :val2166, :val2167, :val2168, :val2169, :val2170, :val2171, :val2172, :val2173, :val2174, :val2175, :val2176, :val2177, :val2178, :val2179, :val2180, :val2181, :val2182, :val2183, :val2184, :val2185, :val2186, :val2187, :val2188, :val2189, :val2190, :val2191, :val2192, :val2193, :val2194, :val2195, :val2196, :val2197, :val2198, :val2199, :val2200, :val2201, :val2202, :val2203, :val2204, :val2205, :val2206, :val2207, :val2208, :val2209, :val2210, :val2211, :val2212, :val2213, :val2214, :val2215, :val2216, :val2217, :val2218, :val2219, :val2220, :val2221, :val2222, :val2223, :val2224, :val2225, :val2226, :val2227, :val2228, :val2229, :val2230, :val2231, :val2232, :val2233, :val2234, :val2235, :val2236, :val2237, :val2238, :val2239, :val2240, :val2241, :val2242, :val2243, :val2244, :val2245, :val2246, :val2247, :val2248, :val2249, :val2250, :val2251, :val2252, :val2253, :val2254, :val2255, :val2256, :val2257, :val2258, :val2259, :val2260, :val2261, :val2262, :val2263, :val2264, :val2265, :val2266, :val2267, :val2268, :val2269, :val2270, :val2271, :val2272, :val2273, :val2274, :val2275, :val2276, :val2277, :val2278, :val2279, :val2280, :val2281, :val2282, :val2283, :val2284, :val2285, :val2286, :val2287, :val2288, :val2289, :val2290, :val2291, :val2292, :val2293, :val2294, :val2295, :val2296, :val2297, :val2298, :val2299, :val2300, :val2301, :val2302, :val2303, :val2304, :val2305, :val2306, :val2307, :val2308, :val2309, :val2310, :val2311, :val2312, :val2313, :val2314, :val2315, :val2316, :val2317, :val2318, :val2319, :val2320, :val2321, :val2322, :val2323, :val2324, :val2325)
2025-06-02 10:17:06,007 ChatBI->     INFO     query: {query} 处理完毕
2025-06-02 10:17:41,516 ChatBI->     ERROR    Unexpected error occured:(<CloseCode.ABNORMAL_CLOSURE: 1006>, '')
Traceback (most recent call last):
  File "/data/yfzx/liucd/chatbi_deploy2/chatbi_DB2/apps/app_main_ws.py", line 64, in websocket_endpoint
    message = await websocket.receive_text()
              ^^^^^^^^^^^^^^^^^^^^^^^^^^^^^^
  File "/root/anaconda3/envs/chatbi/lib/python3.12/site-packages/starlette/websockets.py", line 119, in receive_text
    self._raise_on_disconnect(message)
  File "/root/anaconda3/envs/chatbi/lib/python3.12/site-packages/starlette/websockets.py", line 113, in _raise_on_disconnect
    raise WebSocketDisconnect(message["code"], message.get("reason"))
starlette.websockets.WebSocketDisconnect: (<CloseCode.ABNORMAL_CLOSURE: 1006>, '')
