2025-05-15 08:15:49,090 ChatBI->     INFO     schema linking: {'target_columns': ['姓名'], 'condition_columns': {'工匠介绍（缩写）': '五一劳动奖章获得者'}}
2025-05-15 08:15:49,348 ChatBI->     INFO     
2025-05-15 08:15:49,359 ChatBI->     INFO     你
2025-05-15 08:15:49,371 ChatBI->     INFO     希望
2025-05-15 08:15:49,383 ChatBI->     INFO     了解
2025-05-15 08:15:49,394 ChatBI->     INFO     获得
2025-05-15 08:15:49,407 ChatBI->     INFO     五一
2025-05-15 08:15:49,421 ChatBI->     INFO     劳动
2025-05-15 08:15:49,439 ChatBI->     INFO     奖
2025-05-15 08:15:49,455 ChatBI->     INFO     章
2025-05-15 08:15:49,472 ChatBI->     INFO     的
2025-05-15 08:15:49,489 ChatBI->     INFO     工匠
2025-05-15 08:15:49,506 ChatBI->     INFO     有哪些
2025-05-15 08:15:49,523 ChatBI->     INFO     。
2025-05-15 08:15:49,540 ChatBI->     INFO     这是一个
2025-05-15 08:15:49,557 ChatBI->     INFO     筛选
2025-05-15 08:15:49,574 ChatBI->     INFO     特定
2025-05-15 08:15:49,591 ChatBI->     INFO     荣誉
2025-05-15 08:15:49,608 ChatBI->     INFO     的
2025-05-15 08:15:49,625 ChatBI->     INFO     查询
2025-05-15 08:15:49,643 ChatBI->     INFO     问题
2025-05-15 08:15:49,660 ChatBI->     INFO     。
2025-05-15 08:15:49,677 ChatBI->     INFO     需要
2025-05-15 08:15:49,693 ChatBI->     INFO     将
2025-05-15 08:15:49,711 ChatBI->     INFO     工匠
2025-05-15 08:15:49,727 ChatBI->     INFO     的
2025-05-15 08:15:49,744 ChatBI->     INFO     姓名
2025-05-15 08:15:49,761 ChatBI->     INFO     设
2025-05-15 08:15:49,779 ChatBI->     INFO     为
2025-05-15 08:15:49,796 ChatBI->     INFO     维度
2025-05-15 08:15:49,813 ChatBI->     INFO     字段
2025-05-15 08:15:49,830 ChatBI->     INFO     ，并
2025-05-15 08:15:49,847 ChatBI->     INFO     筛选
2025-05-15 08:15:49,864 ChatBI->     INFO     出
2025-05-15 08:15:49,881 ChatBI->     INFO     “
2025-05-15 08:15:49,898 ChatBI->     INFO     工匠
2025-05-15 08:15:49,916 ChatBI->     INFO     介绍
2025-05-15 08:15:49,932 ChatBI->     INFO     ”
2025-05-15 08:15:49,949 ChatBI->     INFO     中
2025-05-15 08:15:49,967 ChatBI->     INFO     包含
2025-05-15 08:15:49,983 ChatBI->     INFO     “
2025-05-15 08:15:50,000 ChatBI->     INFO     五一
2025-05-15 08:15:50,017 ChatBI->     INFO     劳动
2025-05-15 08:15:50,034 ChatBI->     INFO     奖
2025-05-15 08:15:50,051 ChatBI->     INFO     章
2025-05-15 08:15:50,068 ChatBI->     INFO     ”
2025-05-15 08:15:50,085 ChatBI->     INFO     或
2025-05-15 08:15:50,102 ChatBI->     INFO     相关
2025-05-15 08:15:50,119 ChatBI->     INFO     描述
2025-05-15 08:15:50,137 ChatBI->     INFO     的
2025-05-15 08:15:50,153 ChatBI->     INFO     记录
2025-05-15 08:15:50,171 ChatBI->     INFO     。
2025-05-15 08:15:50,187 ChatBI->     INFO     条件
2025-05-15 08:15:50,205 ChatBI->     INFO     字段
2025-05-15 08:15:50,222 ChatBI->     INFO     包括
2025-05-15 08:15:50,239 ChatBI->     INFO     工匠
2025-05-15 08:15:50,256 ChatBI->     INFO     介绍
2025-05-15 08:15:50,272 ChatBI->     INFO     中
2025-05-15 08:15:50,289 ChatBI->     INFO     包含
2025-05-15 08:15:50,307 ChatBI->     INFO     “
2025-05-15 08:15:50,324 ChatBI->     INFO     五一
2025-05-15 08:15:50,341 ChatBI->     INFO     劳动
2025-05-15 08:15:50,358 ChatBI->     INFO     奖
2025-05-15 08:15:50,375 ChatBI->     INFO     章
2025-05-15 08:15:50,392 ChatBI->     INFO     ”
2025-05-15 08:15:50,409 ChatBI->     INFO     或
2025-05-15 08:15:50,426 ChatBI->     INFO     相关
2025-05-15 08:15:50,443 ChatBI->     INFO     描述
2025-05-15 08:15:50,460 ChatBI->     INFO     。


2025-05-15 08:15:50,477 ChatBI->     INFO     DONE
2025-05-15 08:15:50,495 ChatBI->     INFO     
2025-05-15 08:15:50,509 ChatBI->     INFO     任务类型: SQL
2025-05-15 08:15:51,707 ChatBI->     INFO     stad sql: SELECT `姓名` FROM gjw WHERE `工匠介绍（缩写）` LIKE '%五一劳动奖章获得者%' LIMIT 10;
2025-05-15 08:15:51,715 ChatBI->     INFO     非结构化信息为: {"`工匠介绍（缩写）` LIKE '%五一劳动奖章获得者%'": '五一劳动奖章获得者'}
2025-05-15 08:15:52,266 ChatBI->     INFO     五一劳动奖章获得者 的命名实体判别： no
2025-05-15 08:15:52,267 ChatBI->     INFO     开始对非结构化文档【粗略】检索
2025-05-15 08:15:52,478 ChatBI->     INFO     检索到的文档总数量为：500
2025-05-15 08:15:52,509 ChatBI->     INFO     开始对非结构化文档【深度】检索
2025-05-15 08:15:52,639 ChatBI->     INFO     step_scores: ['yes', 'yes']
2025-05-15 08:15:52,639 ChatBI->     INFO     层级抽取文档： 陈建福，上海新长宁集团建筑装饰实业有限公司企业负责人，全国劳动模范、上海市五一劳动奖章获得者。他1982年入职，从普通操作工成长为技能人才，带领团队完成多项优质工程。秉持"做专、做精、做细、做实"的工匠精神，他将职业敬畏、工作执着和产品负责融入工作，在平凡岗位上创造不平凡价值。他的事迹诠释了踏实工作、立足岗位、创先争优的精神，激励着无数从业者在本职上追求卓越。 ==> yes  
2025-05-15 08:15:52,639 ChatBI->     INFO     层级抽取文档： 薛飞，作为创新工作室领军人物，带领团队攻克多项技术难题，在业内具有重要影响力，先后荣获上海市五一劳动奖章、上海市技术能手、嘉定工匠、上汽工匠等多项殊荣。他技能精湛，在各类技能大赛中累计获得18项奖项；其项目曾获德国大众集团效率优化最佳贡献奖，并被推广至全球工厂。薛飞持续提升专业能力，拥有9个工种的职业资格证书。他在创新方面表现卓越，解决26项进口设备技术难题，获得多项发明荣誉，并拥有授权发明专利20项、实用新型34项、软件著作权5项，为企业创造944.58万元经济效益。薛飞同时注重传承与推广，发表论文37篇，编写教材、录制教学视频70个，培养徒弟累计获得各级技能竞赛奖项16个。 ==> yes  
2025-05-15 08:15:52,761 ChatBI->     INFO     step_scores: ['yes', 'yes']
2025-05-15 08:15:52,761 ChatBI->     INFO     层级抽取文档： 俞建民，上海三菱电梯有限公司安装人员，从事电梯安装工作42年。他主持或参与完成了上海中心、金茂大厦等多地超高层建筑与重点工程的电梯安装工作。在电梯安装领域不断钻研，创新多项超高速电梯及大跨度扶梯安装工艺，主持编制国内首个超高层建筑电梯无脚手架安装工艺，解决技术难题并填补领域空白。作为公司安装部重大项目主管，带领团队攻克技术难关，提升项目推进效率。2014年被评为首席技师并成立工作室，同年获"上海市工人先锋号"称号，2016年获上海市五一劳动奖章。 ==> yes  
2025-05-15 08:15:52,761 ChatBI->     INFO     层级抽取文档： 徐小平，现任上汽大众汽车有限公司发动机厂维修部门高级经理、党支部书记，是杰出的产业工人代表。他荣获“上海市劳动模范”、“上海市十大工人发明家”、“全国五一劳动奖章”、“中国机械工业技能大师”等称号，并连续三届获得“全国劳动模范”称号，同时是“全国创先争优优秀共产党员”。徐小平以其勤奋好学、善于思考、敬业钻研和勇于创新的精神，带领团队突破技术垄断，推动设备精细化自主维修，创造数以亿计的经济效益，并为企业贡献十几项发明专利。作为新时代产业工人的杰出代表，他在平凡岗位上创造了不凡业绩，为企业发展和社会进步作出重要贡献。 ==> yes  
2025-05-15 08:15:52,875 ChatBI->     INFO     step_scores: ['no', 'no']
2025-05-15 08:15:52,875 ChatBI->     INFO     层级抽取文档： 姚启明，作为国际汽联IWG组织中唯一的亚洲面孔和全球赛道设计师中唯一的亚洲女性，凭借赛道速度仿真等国际领先技术，助力中国赛车场建设实现跨越式发展，获国际汽联主席让·托德高度评价。作为全国劳模和工匠人才创新工作室带头人，她取得了60余项创新成果，创造了30多项“中国第一”或“世界第一”，并完成20余项公益援助项目。她还起草我国首部赛道设计行业标准，参与撰写“十三五”国家重点图书《中国汽车运动发展史》，长期开展科普知识讲座。她的事迹被《人民日报》报道，并多次在央视网《中国梦实践者》栏目分享奋斗故事，展现了基层工匠的卓越贡献。 ==> no  
2025-05-15 08:15:52,876 ChatBI->     INFO     层级抽取文档： 夏显文，自1990年起从事测量技术管理工作，曾参与长江口深水航道整治二期工程、东海大桥工程、杭州湾跨海大桥工程等特大型项目，并开发专用测量控制系统。他参与研发的"海工工程GPS远距离打桩定位系统"获上海市科学技术进步二等奖，"步履式水下整平机研制项目"获中国航海科技奖二等奖，"多孔空心方块水下安装施工工艺开发研究项目"获中交集团科技进步二等奖，"长江南京以下深水航道治理工程施工关键技术研究"获三航局科技进步一等奖，其中水下整平机获4项国家级实用新型专利。他发表《GPS定位技术在杭州湾跨海大桥项目中的应用》等多篇论文，推动工程测量技术发展。 ==> no  
2025-05-15 08:15:52,998 ChatBI->     INFO     step_scores: ['no', 'no']
2025-05-15 08:15:52,998 ChatBI->     INFO     层级抽取文档： 陈强，长期致力于船舶行业自动化、数字化、智能化和绿色造船装备的研发工作，成功开发了多项船舶建造专用装备。他主持完成的数控肋骨冷弯工艺和装备研究达到国际先进水平，市场占有率达80%，并荣获上海市优秀发明选拔赛金奖。此外，他主持研发的船舶艉部作业平台和分段三维液压调整装置在国内处于领先地位，可完全替代进口产品，并先后获得全国发明展览会金奖和上海市优秀发明银奖。陈强主持承担了多项国防基础科研项目和科技部课题，取得了显著的技术突破和应用价值。他荣获"中国船舶工业集团公司劳动模范"、"中船集团公司优秀共产党员"及"上海市职工科技创新标兵"等荣誉称号，展现了艰苦奋斗、勇于创新的优良品质。 ==> no  
2025-05-15 08:15:52,999 ChatBI->     INFO     层级抽取文档： 石长江，作为一位资深钢筋工，从业26年来始终致力于技术创新与实践探索。他主持并参与了多项铁路施工项目，包括"中取华东"等大会战，均获高度评价。2005年，他被聘为"钢筋工技师"，2007年荣获中央企业职工技能大赛钢筋工决赛金奖，同年获得"全国技术能手"称号。2008年，他被授予福建省劳动模范称号，2012年获得国务院政府特殊津贴专家称号。同时，他积极承担"导师带徒"工作，培养多名技术骨干，为企业发展做出重要贡献。 ==> no  
2025-05-15 08:15:53,122 ChatBI->     INFO     step_scores: ['no', 'no']
2025-05-15 08:15:53,122 ChatBI->     INFO     层级抽取文档： 王利国，汽车维修高级技师、工程师，企业首席技师，全国交通技术能手，嘉定工匠。长期从事进口轿车维修工作，专业知识渊博，技能水平精湛，业绩突出，是上海地区汽车售后服务领域的领军人才。&#10;&#10;他率先发明并推广"真空排气法"，成功解决新能源车辆冷却系统排气故障问题，每年为企业创造直接经济效益700多万元；针对迈巴赫轿车电话支架维修难题，提出创新性解决方案，节省了20个部件的费用，实现近200万元的经济效益；主导编制并推广迈巴赫系列维修手册，在华东地区作为首位德国认证专家开展技术培训工作，为行业技术标准建设作出重要贡献；引进对标德国汽车维修车间管理标准，推动公司维修车间实现标准化管理，... ==> no  
2025-05-15 08:15:53,123 ChatBI->     INFO     层级抽取文档： 何忠良，从事不停电作业22年，完成13000余次带电作业，安全无事故记录达8030天。他凭借精湛技能和丰富经验，在上海市电力工程行业屡获殊荣，荣获配电线路工职业技能竞赛团体和个人“双第一”。技术创新方面，他成功推广9项行业标准作业方法，自主研发22种工器具，获3项发明专利、15项实用新型专利和9项外观设计专利，并推动“综合不停电作业法”获上海市职工先进操作法优秀成果奖。在人才培养中，他培养了6名徒弟，其中2人晋升为高级技师、4人获得技师称号，1人荣获“青年岗位能手”，1人在全国竞赛中获“技术能手”称号。他还积极参与重要工程，如上海公共卫生临床中心电力配套工程和“供电可靠性东西帮扶提升工作... ==> no  
2025-05-15 08:15:53,238 ChatBI->     INFO     step_scores: ['no', 'no']
2025-05-15 08:15:53,239 ChatBI->     INFO     层级抽取文档： 盛林峰，长期从事超高层和超大型复杂钢结构工程焊接及工艺研究，参与世博轴阳光谷、广州塔、上海中心大厦等重大工程。他首创国内建筑钢结构焊接领域机器人技术运用，填补国内空白并取得显著效益。&#10;&#10;盛林峰获发明专利10项、省部级以上科技奖项3项。师承钢结构大师吴欣之，培养20多名焊接人才，多人获"上海市三八红旗手"等荣誉。他研发多项国际领先创新成果，推动建筑施工行业智能化、数字化发展。 ==> no  
2025-05-15 08:15:53,239 ChatBI->     INFO     层级抽取文档： 许慧华，长期在宝钢生产一线潜心钻研消防、空调、蓄电池等专业技术领域，致力于安全生产保障工作。他发明的"超高效节能减排灭火系统安全技术"等创新成果打破了国外技术垄断，显著提升了消防设备整体安全性能，实现节电节能30%、降低故障率，并杜绝二氧化碳泄压排放。自主研发的"电缆隧道AI智能机器人系统"填补国内技术空白。截至目前，许慧华拥有第一发明人专利33项、技术秘密15项，主导19项科研课题，创造效益5000余万元，33次在国际、国内获奖，包括国际发明展金奖、澳门基金会发明奖等。他将创新消防技术理念推广至新疆八钢、福建德盛等地，并为中国商飞大飞机研发提供技术支持。"许慧华创新工作室"获评上海市技... ==> no  
2025-05-15 08:15:53,367 ChatBI->     INFO     step_scores: ['no', 'no']
2025-05-15 08:15:53,368 ChatBI->     INFO     层级抽取文档： 杨有成同志，作为唐建平班组组长、国家级技能大师工作室负责人，始终致力于航天事业的技术突破。他在燃气舵舱壳体加工难题中提出数控反镗技术，并攻克深孔加工难题，将加工效率提升5倍、合格率提升至100%。在其带领下，团队完成50余项攻关任务，为新一代运载火箭、探月工程等国家航天项目提供保障。班组荣获"上海职工学堂""上海市技师创新工作室""质量信得过班组""技能型班组"等多项荣誉，其培训课程入选上海市精品课程。 ==> no  
2025-05-15 08:15:53,368 ChatBI->     INFO     层级抽取文档： 孔彬，自1987年起专注既有建筑改造施工工艺研发，主持修缮了西童女校、虹口大楼等文物保护项目，成功运用多种外墙工艺并开展针对性研究。在上海迪士尼主题乐园项目中，他研发GRP与主题抹灰结合工艺，实现高仿真艺术构件效果。在长三角路演中心改建工程中，他研发外立面镂空红砖及螺旋面砖工艺，还原历史风貌。针对北外滩贯通工程，他研发钢结构清水砖墙工艺，短期内完成外立面复原。孔彬参与编制省部级标准1部，获上海市建筑遗产保护示范项目1项，建工集团科技进步奖2项，授权实用新型专利7项，发表核心期刊论文1篇。他还通过师徒带教培养了20多名专家型人才。 ==> no  
2025-05-15 08:15:53,481 ChatBI->     INFO     step_scores: ['no', 'no']
2025-05-15 08:15:53,481 ChatBI->     INFO     层级抽取文档： 王勇，上海汽轮机厂燃机车间高级技师，多年来致力于百万火电汽轮机、核电汽轮机和燃气轮机等产品的加工制造及技术服务。他秉持"创新是第一生产力"的理念，解决数百项加工难题，优化工艺流程，创造500万元经济效益。申报发明专利1项、实用新型专利2项，完成200余项技术改进项目，发表20篇创新论文，编制1000余份数控加工程序，参与编写2份数控加工作业指导书。&#10;&#10;作为厂数控工作室副室长，王勇通过"传、帮、带"培养多名数控能手和工艺骨干，徒弟多人获厂级及集团荣誉，班组获"全国质量信得过班组"等多项称号。&#10;&#10;他先后获得上海市首席技师、闵行工匠、上海电气首席技师等荣誉，并受... ==> no  
2025-05-15 08:15:53,482 ChatBI->     INFO     层级抽取文档： 樊冬辉，是江南造船（集团）有限责任公司船舶电焊高级技师。从事船舶焊接工作15年来，他凭借突出技能多次代表公司参加国内外焊接竞赛，荣获“上海船舶公司电焊竞赛第一名”“中国船舶公司电焊竞赛第二名”“嘉克杯国际焊接技能竞赛第一名”等多项荣誉。在技术革新中，他攻克了焊接变形控制难题，成功应用MIG高效焊和脉冲熔化极MAG焊技术，大幅提升焊接效率，为公司节省数千万元成本。他还研发数字化焊接管控系统，保障高新产品焊接质量，并申报“一种送丝机固定转动装置”等多个实用新型专利。樊冬辉精益求精，在焊接技术与创新领域取得显著成就。 ==> no  
2025-05-15 08:15:53,603 ChatBI->     INFO     step_scores: ['no', 'no']
2025-05-15 08:15:53,603 ChatBI->     INFO     层级抽取文档： 沈睿君，现任上汽销售（荣威）技术总监，拥有二十二年汽车维修经验，是高级技师、检测工程师和职业技能高级考评员。他主编新能源诊断流程与案例，首创初步诊断六步法，解决了多项疑难问题，并获国家发明专利。沈睿君参与上海市汽车技能大赛新能源题库开发，多次代表上海市技师协会汽车专业委员会开展对口援疆项目，送教上门。他带领团队成立上汽销售创新工作室，致力于新能源车辆维修技术工人梯队建设，组织开展上汽销新能源练兵比武、师徒带教等活动，其工作室被评为上汽第88个创新工作室，并荣获2018年上汽工匠称号，团队于2020年获得上汽优秀售后技术团队和上海市五一劳动奖状集体。沈睿君荣获“国家交通运输部全国交通技术能... ==> no  
2025-05-15 08:15:53,603 ChatBI->     INFO     层级抽取文档： 毛琪钦，全国技术能手、第九届"上海市工人创新技术能手"，在焊接领域屡创佳绩。他先后在全国冶金建设行业第六届焊工技术比赛和全国工程建设系统第七届焊工技术比赛中获个人总分第一名，并入选《上海技师的高招绝活》。毛琪钦不仅掌握多种焊接技术，还获得焊工职业培训师资格和国际焊接技师资质，并取得上海交通大学材料科学与工程专业本科学历。他主持了多项科研项目，培养的学员在全国比赛中屡获佳绩。2011年，作为第41届世界技能大赛焊接项目中国技术指导专家，他指导的选手裴先锋获银奖。 ==> no  
2025-05-15 08:15:53,721 ChatBI->     INFO     step_scores: ['yes', 'no']
2025-05-15 08:15:53,721 ChatBI->     INFO     层级抽取文档： 唐怀斌，扎根救助一线二十余年，潜心研究全国各地方言及文化、交通、地理等情况，练就了精准锁定受助人员家乡的技能，总结提炼出"甄别寻亲十二法"，并推广提升上海市疑难流浪乞讨人员甄别成功率至99.5%以上。他带领团队成立"甄·爱"工作室，培养业务骨干，为3500余名疑难受助人员提供身份查询和寻亲服务。他曾荣获"上海市市级机关优秀共产党员"、首届上海"民政工匠"称号、上海市"五一"劳动奖章和"全国人民满意的公务员"等多项荣誉。 ==> yes  
2025-05-15 08:15:53,721 ChatBI->     INFO     层级抽取文档： 刘军荣，智巡密码（上海）检测技术有限公司副总经理、技术负责人，高级工程师，博士。作为中国密码学会密码芯片专业委员会委员和上海市信息安全标准化技术委员会委员，他在密码硬件安全领域具有深厚造诣。主持和参与多项国家级科研项目，在国内外权威期刊发表论文10余篇，拥有8项专利。其相关论文获上海计算机学会信息安全最佳论文奖，并在国际知名安全大会上展示。他带领团队获全国密码技术竞赛两次一等奖、一次二等奖，研究成果获上海市科技进步一等奖和国家科技进步二等奖。刘军荣致力于推动密码技术传承与发展，积极投身行业技术培训和密码技术应用员培训，为密码技术的普及与推广做出了重要贡献。 ==> no  
2025-05-15 08:15:53,721 ChatBI->     INFO     阈值索引为：499, 窗口大小为: 60 
2025-05-15 08:15:53,721 ChatBI->     INFO     确定的文档: 440; 在次确认的文档: 60
2025-05-15 08:15:55,756 ChatBI->     INFO     从60个需再次确认的文档中筛选出的相关文档数量：1
2025-05-15 08:15:55,757 ChatBI->     INFO     示例文档：['胡海敏，从业近27年，致力于电力设备带电检测、状态评价和诊断工作，首创多状态量参数不间断监控技术及特高频检测技术，累计发现严重及危急缺陷74起。在"G20峰会""建党一百周年""进博会"等重大任务中表现突出，为上海中心城区供电可靠性达到99.999%作出重要贡献。他申请发明专利11项、实用新型专利17项，发表科技论文11篇，获"全国电力行业技术能手""上海市首席技师""上海电力工匠""上海市‘五一’劳动奖章"等荣誉。依托"创新工作室"，培养技术人才11人，带教学生近万人，为电力设备检测领域技术发展和人才培养作出突出贡献。']
2025-05-15 08:15:55,758 ChatBI->     INFO     没有找到<  >对应的视图
2025-05-15 08:15:55,933 ChatBI->     INFO     websocket发送的数据为：{"sql_gen": "SELECT `姓名` FROM gjw WHERE `工匠介绍（缩写）` LIKE '%五一劳动奖章获得者%' LIMIT 10;"}
2025-05-15 08:15:55,934 ChatBI->     INFO     websocket发送的数据为：{"response": [{"姓名": "蒋国兴"}, {"姓名": "高金明"}, {"姓名": "杨震"}, {"姓名": "吴颖健"}, {"姓名": "黄卫国"}, {"姓名": "王本洪"}, {"姓名": "李斌"}, {"姓名": "俞建民"}, {"姓名": "朱健儿"}, {"姓名": "楼宇峰"}]}
2025-05-15 08:15:56,025 ChatBI->     INFO     websocket发送的数据为：{"data_detail": [{"编号": 20250311001, "年份": 2016, "区局": "浦东新区", "姓名": "蒋国兴", "年龄": 60, "姓名拼音": "Jiang3-Guo2-Xing1", "性别": "男", "工作单位": "上海供春陶业有限公司", "工种或工作头衔": "陶艺师", "领域": "文化", "行业": "工艺美术", "工匠介绍": "蒋国兴，全国劳动模范、全国五一劳动奖章获得者，享受国务院政府特殊津贴专家。他荣获“民进全国社会服务工作先进个人”“上海市十大职工科技创新英才”“上海市首席技师”等称号，其工作室被命名为“上海市技能大师工作室”并获“全国工人先锋号”。在彩陶技艺领域，他突破多项传统工艺难题，开创具有海派特色的“沪上彩陶”技艺，并发明陶瓷壁挂，被联合国教科文组织国际陶艺学会命名为“蒋国兴”。其作品应用于上海东方艺术中心、上海世博园等重要建筑，获国家专利45项。他还将彩陶技艺用于古建筑修复，解决世界性难题。此外，他热衷技艺传承，培养多名徒弟，参与国际展览和学术研究，出版专著并撰写多篇论文，为陶瓷文化发展作出突出贡献。"}, {"编号": 20250311003, "年份": 2016, "区局": "浦东新区", "姓名": "高金明", "年龄": 60, "姓名拼音": "Gao1-Jin1-Ming2", "性别": "男", "工作单位": "玛戈隆特骨瓷(上海)有限公司", "工种或工作头衔": "造型研发", "领域": "文化", "行业": "工艺美术", "工匠介绍": "高金明，毕业于河北唐山陶瓷技校，后进入唐山第一瓷厂工作，历任多项职务，长期致力于陶瓷工艺技术改造和管理。他曾主持新建年产300万件高级骨质瓷生产线，并参与新产品研发，设计开发数百个新产品。在G20产品赶制期间，他坚守一线，解决技术难题，全身心投入工作。他的努力为玛戈隆特骨瓷和国家争光，获得高度评价。"}, {"编号": 20250311004, "年份": 2016, "区局": "浦东新区", "姓名": "杨震", "年龄": 55, "姓名拼音": "Yang2-Zhen4", "性别": "男", "工作单位": "上海高桥捷派克石化工程建设有限公司", "工种或工作头衔": "维修钳工", "领域": "高端装备", "行业": "高端装备", "工匠介绍": "杨震，上海高桥捷派克石化工程建设有限公司维修钳工，是设备修理、技术创新和团队培养领域的杰出代表。他成功修复了多台复杂设备，自制多种专用工具，并通过技术改造为公司节省大量成本。杨震培养了多名优秀技能人才，带领团队荣获“工人先锋号”称号。他以“铁人”般的工作作风和强烈责任感，获得全国五一劳动奖章和全国技术能手等多项荣誉，是新时代工匠精神的典范。"}, {"编号": 20250311007, "年份": 2016, "区局": "徐汇区", "姓名": "吴颖健", "年龄": 50, "姓名拼音": "Wu2-Ying3-Jian4", "性别": "男", "工作单位": "万达信息股份有限公司", "工种或工作头衔": "系统集成", "领域": "系统建设", "行业": "信息", "工匠介绍": "吴颖健，教授级高级工程师，工信部高级项目经理，长期专注于城市信息化集成领域。他主持完成了数十个大型信息化系统项目，尤其擅长异构系统集成设计。作为主要设计者，他完成了上海市医保系统项目，首次采用三层架构，实现医疗费用实时结算，覆盖全部参保人群，项目荣获上海市科学技术进步奖一等奖两次。他精通各类软硬件产品应用，在民生信息系统运行保障方面表现突出，多次解决系统疑难问题，确保民生工程稳定运行。吴颖健拥有五项授权发明专利，其中三项应用于上海医保三期工程，成果达国内首创、国际先进水平，获上海科技情报研究所查新检索确认。他担任公司总工程师，培养中高级技术人员数十人，多次获得企业表彰。"}, {"编号": 20250311010, "年份": 2016, "区局": "普陀区", "姓名": "黄卫国", "年龄": 66, "姓名拼音": "Huang2-Wei4-Guo2", "性别": "男", "工作单位": "普陀区房屋维修应急中心", "工种或工作头衔": "水电工", "领域": "居民服务", "行业": "物业", "工匠介绍": "黄卫国，市劳动模范，资深水电工。从业三十余年，秉持\"把平凡的事做好就不平凡\"的理念，在水电维修领域深耕细作。他通过结对拜师学艺活动，将丰富实践经验传授给年轻员工，发挥劳模示范引领作用。在工作中，他善于解决实际问题，展现精湛技术。例如，他用其他材料制作销子成功修复老式虹吸水箱，解决装修施工遗留问题，保障业主利益。他定期组织技术培训，培养技能过硬的维修队伍，传承徐虎精神，为企业培养大批技术骨干。黄卫国以实际行动诠释劳模责任，用精湛技术和无私奉献赢得广泛认可。"}, {"编号": 20250311027, "年份": 2016, "区局": "青浦区", "姓名": "王本洪", "年龄": 49, "姓名拼音": "Wang2-Ben3-Hong2", "性别": "男", "工作单位": "上海正伟印刷有限公司（个人自荐）", "工种或工作头衔": "包装印刷-柔印版印刷", "领域": "文化", "行业": "高端装备", "工匠介绍": "王本洪，国内仅有的6名柔性版印刷技师之一，曾获上海市印刷行业职业技能竞赛二等奖、上海市印刷技术能手等多项荣誉，并于2012-2013年度被评为上海市优秀农民工。他作为正伟公司环保柔性版印刷的开创者，主导了多项关键技术的研发，为公司带来了显著的经济价值。王本洪在印刷领域屡获佳绩，发表了12篇权威论文并荣获全国征文大赛二等奖，同时拥有10项专利。他通过创新技术，实现了环保与成本的双重优化，2012至2013年间节省油墨成本近100万元。其主导的创新材料及防伪印刷技术，创造了总计270万、900万、1100万的经济价值。"}, {"编号": 20250311031, "年份": 2016, "区局": "机电", "姓名": "李斌", "年龄": 65, "姓名拼音": "Li3-Bin1", "性别": "男", "工作单位": "上海电气液压气动有限公司", "工种或工作头衔": "高级机械技师", "领域": "高端装备", "行业": "机电", "工匠介绍": "李斌系上海电气液压气动有限公司液压泵厂数控工段高级技师、高级工程师。作为共产党员，他从技校生成长为专家型技术工人，主持完成\"高压轴向柱塞泵/马达国产化关键技术\"攻关项目，获19项发明专利和21项实用新型专利，荣获\"2009年度中国机械工业科学技术一等奖\"、国家科技进步二等奖等多项荣誉。其研发产品广泛应用并替代进口，创经济效益超2亿元，为军工产品提供技术支撑。作为全国工班长，他培养优秀职工队伍，带领班组获\"全国工人先锋号\"等多项称号，培养出三位上海市劳动模范，以精湛技艺和高尚师德诠释工匠精神。"}, {"编号": 20250311032, "年份": 2016, "区局": "机电", "姓名": "俞建民", "年龄": 68, "姓名拼音": "Yu2-Jian4-Min2", "性别": "男", "工作单位": "上海三菱电梯有限公司", "工种或工作头衔": "电梯安装调试工", "领域": "高端装备", "行业": "机电", "工匠介绍": "俞建民，上海三菱电梯有限公司安装人员，从事电梯安装工作42年。他主持或参与完成了上海中心、金茂大厦等多地超高层建筑与重点工程的电梯安装工作。在电梯安装领域不断钻研，创新多项超高速电梯及大跨度扶梯安装工艺，主持编制国内首个超高层建筑电梯无脚手架安装工艺，解决技术难题并填补领域空白。作为公司安装部重大项目主管，带领团队攻克技术难关，提升项目推进效率。2014年被评为首席技师并成立工作室，同年获\"上海市工人先锋号\"称号，2016年获上海市五一劳动奖章。"}, {"编号": 20250311033, "年份": 2016, "区局": "仪表电子", "姓名": "朱健儿", "年龄": 64, "姓名拼音": "Zhu1-Jian4-Er2", "性别": "男", "工作单位": "上海美多通信设备有限公司", "工种或工作头衔": "仪表通信", "领域": "空间信息", "行业": "仪表电子", "工匠介绍": "朱健儿，是上海美多通信设备有限公司军品车间的首席高级技师，拥有三十六年无线通信设备调试修理经验。他发明的\"控制单元检测操作法\"入选\"上海仪电创新活动素质工程工作集锦\"，并参与第19期高技能人才研修班学习。他主导解决了缅甸铁路超高频无线三级转发链接难题，开创该国铁路通信史 precedent。在海军装备建设中，他研发激励源单元突破舰船接收机阻塞瓶颈，使设备抗干扰性能达国际领先水平。他参与的XXXX设备填补海军通信技术空白，获国防科技进步一等奖。朱健儿编撰《调频无线电话机讲义》等教材，培养5名技师和15名高级工，获\"青年良师益友\"称号。"}, {"编号": 20250311034, "年份": 2016, "区局": "轻工", "姓名": "楼宇峰", "年龄": 65, "姓名拼音": "Lou2-Yu3-Feng1", "性别": "男", "工作单位": "上海造币有限公司", "工种或工作头衔": "模具手工雕刻", "领域": "货币", "行业": "工艺美术", "工匠介绍": "楼宇峰，现任上海造币有限公司设计制模部模具手工雕刻技师、上海市非物质文化遗产代表性项目代表性传承人。他长期从事钱币、纪念章模具手工雕刻工作，在《北京奥运会1盎司银币模具研制》项目中获二等奖，在《化学法制作硬币精细图纹模具工艺研究》项目中获银行科技发展三等奖，在《RFID技术在造币上的应用研究》项目中获银行科技发展二等奖。他培养了三名徒弟，其中一名成为技师，另一名成为高级工，第五代传人王峻松也被评为非遗传承人。他还多次参与非遗宣传活动，2015年作为代表参加了上海东方卫视纪录片《上海工匠》的录制。"}]}
2025-05-15 08:15:56,889 ChatBI->     INFO     websocket发送的数据为：{"result_insight": "五一劳动奖章获得者包括蒋国兴、高金明、杨震、吴颖健、黄卫国、王本洪、李斌、俞建民、朱健儿和楼宇峰等多位杰出人物。"}
2025-05-15 08:15:58,179 ChatBI->     INFO     websocket发送的数据为：{"result_recommand": {"new_query_1": "这些五一劳动奖章获得者分别属于哪个行业？", "new_query_2": "蒋国兴获得了哪些荣誉？", "new_query_3": "这些获得五一劳动奖章的工匠中，有哪些是男性？"}}
