2025-05-15 08:23:10,800 ChatBI->     INFO     schema linking: {'target_columns': ['工匠介绍（缩写）'], 'condition_columns': {'工匠介绍（缩写）': '五一劳动奖章获得者'}}
2025-05-15 08:23:11,053 ChatBI->     INFO     
2025-05-15 08:23:11,065 ChatBI->     INFO     你
2025-05-15 08:23:11,076 ChatBI->     INFO     希望
2025-05-15 08:23:11,088 ChatBI->     INFO     了解
2025-05-15 08:23:11,100 ChatBI->     INFO     获得
2025-05-15 08:23:11,113 ChatBI->     INFO     五一
2025-05-15 08:23:11,130 ChatBI->     INFO     劳动
2025-05-15 08:23:11,147 ChatBI->     INFO     奖
2025-05-15 08:23:11,163 ChatBI->     INFO     章
2025-05-15 08:23:11,181 ChatBI->     INFO     的
2025-05-15 08:23:11,198 ChatBI->     INFO     工匠
2025-05-15 08:23:11,215 ChatBI->     INFO     的
2025-05-15 08:23:11,232 ChatBI->     INFO     毕业
2025-05-15 08:23:11,249 ChatBI->     INFO     院校
2025-05-15 08:23:11,266 ChatBI->     INFO     有哪些
2025-05-15 08:23:11,283 ChatBI->     INFO     。
2025-05-15 08:23:11,300 ChatBI->     INFO     这是一个
2025-05-15 08:23:11,317 ChatBI->     INFO     关于
2025-05-15 08:23:11,334 ChatBI->     INFO     五一
2025-05-15 08:23:11,351 ChatBI->     INFO     劳动
2025-05-15 08:23:11,368 ChatBI->     INFO     奖
2025-05-15 08:23:11,385 ChatBI->     INFO     章
2025-05-15 08:23:11,402 ChatBI->     INFO     获得
2025-05-15 08:23:11,419 ChatBI->     INFO     者
2025-05-15 08:23:11,436 ChatBI->     INFO     背景
2025-05-15 08:23:11,453 ChatBI->     INFO     信息
2025-05-15 08:23:11,470 ChatBI->     INFO     的问题
2025-05-15 08:23:11,487 ChatBI->     INFO     。
2025-05-15 08:23:11,504 ChatBI->     INFO     需要
2025-05-15 08:23:11,521 ChatBI->     INFO     将
2025-05-15 08:23:11,538 ChatBI->     INFO     姓名
2025-05-15 08:23:11,555 ChatBI->     INFO     设
2025-05-15 08:23:11,572 ChatBI->     INFO     为
2025-05-15 08:23:11,589 ChatBI->     INFO     维度
2025-05-15 08:23:11,606 ChatBI->     INFO     字段
2025-05-15 08:23:11,623 ChatBI->     INFO     ，
2025-05-15 08:23:11,640 ChatBI->     INFO     通过
2025-05-15 08:23:11,658 ChatBI->     INFO     姓名
2025-05-15 08:23:11,674 ChatBI->     INFO     筛选
2025-05-15 08:23:11,692 ChatBI->     INFO     出
2025-05-15 08:23:11,708 ChatBI->     INFO     获得
2025-05-15 08:23:11,725 ChatBI->     INFO     五一
2025-05-15 08:23:11,742 ChatBI->     INFO     劳动
2025-05-15 08:23:11,759 ChatBI->     INFO     奖
2025-05-15 08:23:11,776 ChatBI->     INFO     章
2025-05-15 08:23:11,793 ChatBI->     INFO     的
2025-05-15 08:23:11,810 ChatBI->     INFO     工匠
2025-05-15 08:23:11,827 ChatBI->     INFO     。
2025-05-15 08:23:11,844 ChatBI->     INFO     然后
2025-05-15 08:23:11,862 ChatBI->     INFO     ，
2025-05-15 08:23:11,878 ChatBI->     INFO     需要
2025-05-15 08:23:11,895 ChatBI->     INFO     查看
2025-05-15 08:23:11,912 ChatBI->     INFO     工匠
2025-05-15 08:23:11,929 ChatBI->     INFO     介绍
2025-05-15 08:23:11,946 ChatBI->     INFO     或
2025-05-15 08:23:11,963 ChatBI->     INFO     相关
2025-05-15 08:23:11,980 ChatBI->     INFO     字段
2025-05-15 08:23:11,998 ChatBI->     INFO     ，
2025-05-15 08:23:12,014 ChatBI->     INFO     以
2025-05-15 08:23:12,031 ChatBI->     INFO     提取
2025-05-15 08:23:12,048 ChatBI->     INFO     出
2025-05-15 08:23:12,065 ChatBI->     INFO     这些
2025-05-15 08:23:12,083 ChatBI->     INFO     工匠
2025-05-15 08:23:12,099 ChatBI->     INFO     的
2025-05-15 08:23:12,116 ChatBI->     INFO     毕业
2025-05-15 08:23:12,133 ChatBI->     INFO     院校
2025-05-15 08:23:12,151 ChatBI->     INFO     信息
2025-05-15 08:23:12,168 ChatBI->     INFO     。


2025-05-15 08:23:12,184 ChatBI->     INFO     由于
2025-05-15 08:23:12,202 ChatBI->     INFO     提供的
2025-05-15 08:23:12,218 ChatBI->     INFO     schema
2025-05-15 08:23:12,236 ChatBI->     INFO     信息
2025-05-15 08:23:12,253 ChatBI->     INFO     中
2025-05-15 08:23:12,271 ChatBI->     INFO     没有
2025-05-15 08:23:12,288 ChatBI->     INFO     直接
2025-05-15 08:23:12,305 ChatBI->     INFO     包含
2025-05-15 08:23:12,323 ChatBI->     INFO     毕业
2025-05-15 08:23:12,340 ChatBI->     INFO     院校
2025-05-15 08:23:12,357 ChatBI->     INFO     的
2025-05-15 08:23:12,374 ChatBI->     INFO     字段
2025-05-15 08:23:12,391 ChatBI->     INFO     ，
2025-05-15 08:23:12,408 ChatBI->     INFO     我们
2025-05-15 08:23:12,424 ChatBI->     INFO     只能
2025-05-15 08:23:12,442 ChatBI->     INFO     通过
2025-05-15 08:23:12,459 ChatBI->     INFO     工匠
2025-05-15 08:23:12,476 ChatBI->     INFO     介绍
2025-05-15 08:23:12,493 ChatBI->     INFO     （
2025-05-15 08:23:12,510 ChatBI->     INFO     缩
2025-05-15 08:23:12,527 ChatBI->     INFO     写
2025-05-15 08:23:12,544 ChatBI->     INFO     ）
2025-05-15 08:23:12,562 ChatBI->     INFO     字段
2025-05-15 08:23:12,578 ChatBI->     INFO     尝试
2025-05-15 08:23:12,595 ChatBI->     INFO     提取
2025-05-15 08:23:12,613 ChatBI->     INFO     相关信息
2025-05-15 08:23:12,630 ChatBI->     INFO     。
2025-05-15 08:23:12,646 ChatBI->     INFO     条件
2025-05-15 08:23:12,663 ChatBI->     INFO     字段
2025-05-15 08:23:12,681 ChatBI->     INFO     包括
2025-05-15 08:23:12,698 ChatBI->     INFO     工匠
2025-05-15 08:23:12,715 ChatBI->     INFO     介绍
2025-05-15 08:23:12,731 ChatBI->     INFO     中
2025-05-15 08:23:12,749 ChatBI->     INFO     提到
2025-05-15 08:23:12,766 ChatBI->     INFO     的
2025-05-15 08:23:12,784 ChatBI->     INFO     毕业
2025-05-15 08:23:12,800 ChatBI->     INFO     院校
2025-05-15 08:23:12,817 ChatBI->     INFO     信息
2025-05-15 08:23:12,835 ChatBI->     INFO     ，并
2025-05-15 08:23:12,852 ChatBI->     INFO     且
2025-05-15 08:23:12,868 ChatBI->     INFO     工匠
2025-05-15 08:23:12,887 ChatBI->     INFO     需要
2025-05-15 08:23:12,902 ChatBI->     INFO     是
2025-05-15 08:23:12,920 ChatBI->     INFO     五一
2025-05-15 08:23:12,936 ChatBI->     INFO     劳动
2025-05-15 08:23:12,953 ChatBI->     INFO     奖
2025-05-15 08:23:12,971 ChatBI->     INFO     章
2025-05-15 08:23:12,987 ChatBI->     INFO     获得
2025-05-15 08:23:13,004 ChatBI->     INFO     者
2025-05-15 08:23:13,021 ChatBI->     INFO     。


2025-05-15 08:23:13,039 ChatBI->     INFO     DONE
2025-05-15 08:23:13,057 ChatBI->     INFO     
2025-05-15 08:23:13,075 ChatBI->     INFO     任务类型: SQL
2025-05-15 08:23:14,401 ChatBI->     INFO     stad sql: SELECT `工匠介绍（缩写）` FROM gjw WHERE `工匠介绍（缩写）` LIKE '%五一劳动奖章获得者%' LIMIT 10;
2025-05-15 08:23:14,408 ChatBI->     INFO     非结构化信息为: {"`工匠介绍（缩写）` LIKE '%五一劳动奖章获得者%'": '五一劳动奖章获得者'}
2025-05-15 08:23:14,954 ChatBI->     INFO     五一劳动奖章获得者 的命名实体判别： no
2025-05-15 08:23:14,955 ChatBI->     INFO     开始对非结构化文档【粗略】检索
2025-05-15 08:23:15,156 ChatBI->     INFO     检索到的文档总数量为：500
2025-05-15 08:23:15,186 ChatBI->     INFO     开始对非结构化文档【深度】检索
2025-05-15 08:23:15,910 ChatBI->     INFO     step_scores: ['yes', 'yes', 'yes', 'yes', 'yes', 'yes', 'yes', 'yes', 'yes', 'no', 'no', 'yes', 'yes', 'no', 'yes', 'no', 'yes', 'yes', 'yes', 'yes']
2025-05-15 08:23:15,910 ChatBI->     INFO     层级抽取文档： 陈建福，上海新长宁集团建筑装饰实业有限公司企业负责人，全国劳动模范、上海市五一劳动奖章获得者。他1982年入职，从普通操作工成长为技能人才，带领团队完成多项优质工程。秉持"做专、做精、做细、做实"的工匠精神，他将职业敬畏、工作执着和产品负责融入工作，在平凡岗位上创造不平凡价值。他的事迹诠释了踏实工作、立足岗位、创先争优的精神，激励着无数从业者在本职上追求卓越。 ==> yes  
2025-05-15 08:23:15,910 ChatBI->     INFO     层级抽取文档： 黄晓俊，作为大国工匠的杰出代表，先后荣获上海市五一劳动奖章、上海市技术能手、城投工匠等多项荣誉称号。他扎根城市污水治理一线，从普通工人成长为复合型污水处理运行工程师，参与了白龙港污水处理厂升级、扩建及提标改造等多项重大工程。面对亚洲最大污水处理系统，他带领团队实施技术改进，形成20余项创新成果，创造经济效益超2000万元，获1项发明专利、7项实用新型专利及4项创新奖项。作为"劳模创新工作室"带头人，他培养了大批行业紧缺技术人才，并在市级竞赛中包揽前三名，展现了行业领先水平。 ==> yes  
2025-05-15 08:23:15,911 ChatBI->     INFO     层级抽取文档： 陈杰，宝钢股份冷轧厂高级技师，宝武集团技能大师，长期致力于激光焊接技术研究。他攻克数十项技术难题，为企业创造超亿元效益，培养创新团队。2009年起，陈杰主导超高强钢薄带材焊接技术突破，打破德日垄断，获上海市科技进步二等奖，推动产品达国内领先、国际先进水平。他拥有63项授权专利，创造1.23亿元效益。曾获上海市五一劳动奖章、劳动模范、全国五一劳动奖章等荣誉，并于2018年获国务院特殊津贴。 ==> yes  
2025-05-15 08:23:15,911 ChatBI->     INFO     层级抽取文档： 李涛涛，中国船舶集团有限公司电焊特级技师，全国五一劳动奖章获得者，全国技术能手，多次获国务院特殊津贴，并任“劳模创新工作室”领衔人。从业近30年来，他潜心钻研焊接技术，攻克多项焊接难题，为公司节约成本500万元，培养中、高级焊接人才千余名。他发明的《一种便携式软轨道摇摆埋弧焊装置及焊接方法》获国家发明专利，发表多篇专业论文，并牵头研究新型深熔弧焊接方法，已获多家船级社认可并在行业内推广应用。 ==> yes  
2025-05-15 08:23:15,911 ChatBI->     INFO     层级抽取文档： 杨恺，中国电信上海公司网信安部网络安全技术专家，先后荣获上海市五一劳动奖章、中国电信集团劳模、上海市经信系统青年岗位能手等多项荣誉。他在网络安全领域表现突出，累计获得20余项竞赛奖项，代表上海参加了第七届全国职工职业技能大赛。他带领团队以赛代练，参与各类安全联赛，在职工"全运会"中取得优异成绩。&#10;&#10;在支撑浦东教育云运维工作中，面对内网DNS攻击，他迅速溯源并开展安全培训，获得客户高度评价。他和团队测试智能门禁门铃产品，发现网络安全问题并发布报告，彰显央企社会责任。他主持上海公司安全评估项目，培养新人，指导年轻员工提升实战技能，带领团队多人获奖。他还担任公司工会公众号小编，... ==> yes  
2025-05-15 08:23:15,911 ChatBI->     INFO     层级抽取文档： 巢平源同志，从事电厂继电保护检修工作27年，首创多项创新技术，发明"交流微小电流生成仪"等装置，推动检修装备与安全水平提升。他获得专利22项，其中发明专利15项，创新成果获第118届巴黎国际发明展金奖等重要奖项。个人先后获评宝钢工人发明家、上海市五一劳动奖章、央企劳模等荣誉称号。以他名字命名的职工创新工作室获宝武集团示范型创新工作室、上海市技能大师工作室评定，培养徒弟9名，均为业务骨干。 ==> yes  
2025-05-15 08:23:15,911 ChatBI->     INFO     层级抽取文档： 薛飞，作为创新工作室领军人物，带领团队攻克多项技术难题，在业内具有重要影响力，先后荣获上海市五一劳动奖章、上海市技术能手、嘉定工匠、上汽工匠等多项殊荣。他技能精湛，在各类技能大赛中累计获得18项奖项；其项目曾获德国大众集团效率优化最佳贡献奖，并被推广至全球工厂。薛飞持续提升专业能力，拥有9个工种的职业资格证书。他在创新方面表现卓越，解决26项进口设备技术难题，获得多项发明荣誉，并拥有授权发明专利20项、实用新型34项、软件著作权5项，为企业创造944.58万元经济效益。薛飞同时注重传承与推广，发表论文37篇，编写教材、录制教学视频70个，培养徒弟累计获得各级技能竞赛奖项16个。 ==> yes  
2025-05-15 08:23:15,911 ChatBI->     INFO     层级抽取文档： 钱平，汽轮机安装领域的杰出代表。从普通技术工人成长为专业工程师和高级技师，参与国内外20多个大型电厂建设，主导多项重大电力工程。扬州第二发电厂等4个项目获"中国建筑工程鲁班奖"，国华徐州发电厂工程获"国家优质工程金奖"。主持4项工法，其中1项达国家级，突破2项关键技术，参与3项发明专利，多次参与国家或行业标准编制。获"江苏省有突出贡献专家"、"中国施工企业管理协会科学技术创新先进个人"、"镇江市五一劳动奖章"等荣誉。培养3名骨干徒弟，热心公益，资助贫困学生，回馈社会。 ==> yes  
2025-05-15 08:23:15,911 ChatBI->     INFO     层级抽取文档： 苏至钒，上海钛米机器人研发总监、上海市五一劳动奖章获得者、人工智能高级工程师，长期致力于医疗服务机器人研发。他带领团队在国内率先实现智能机器人在医院场景的应用，产品覆盖全国400多家三甲医院。新冠疫情期间，其团队研发的消毒机器人支援国内外数百家医院，并获媒体报道和推荐。他主持多项国家级科研项目，获发明专利50余项，为智能机器人技术发展作出重要贡献。 ==> yes  
2025-05-15 08:23:15,911 ChatBI->     INFO     层级抽取文档： 华克勤，作为全国优秀科技工作者、上海市领军人才、三八红旗手标兵及上海市巾帼创新奖获得者，致力于妇科微创术式创新，主持了国际首例腹腔镜下中孕期合并宫颈癌患者保留宫体及胎儿的广泛宫颈切除术，帮助多位宫颈癌患者实现母亲身份。她在妇科肿瘤内分泌治疗及生殖道畸形矫正领域取得国内外领先成果，发表学术论文100余篇（含SCI收录50余篇）。同时，她注重人文关怀，构建新型医患关系，以高尚医德赢得同行及患者信赖，积极参与公益，践行医务工作者的责任与担当。 ==> no  
2025-05-15 08:23:15,911 ChatBI->     INFO     层级抽取文档： 苗俭，上海航天控制技术研究所精密加工中心双工种高级技师，中共党员。从事数控加工中心编程及操作工作21年，参与运载火箭、战术武器和飞船等关键零部件研制生产。作为航天首席技师和苗俭国家级技能大师工作室负责人，她攻克多项技术难关，成功完成本科专业学习。&#10;&#10;苗俭获得多项荣誉：2007年事迹被央视《劳动者之歌》报道，2009年作为全国青年职工代表在纪念五四运动90周年大会上发言。她精通多种CAD/CAM软件，创新编程手段，为航天事业培养大量青年技能人才，在各类竞赛中屡获佳绩。苗俭是航天系统高技能人才杰出代表，展现了刻苦学习、创新进取、拼搏奉献和爱岗敬业的精神。 ==> no  
2025-05-15 08:23:15,911 ChatBI->     INFO     层级抽取文档： 徐亚伟，医学博士，二级教授，主任医师，博导，国务院政府特殊津贴专家，上海市劳动模范，上海市首届十大仁心医师、上海市医务工匠、上海市五一劳动奖章、第二届国之名医、第三届白求恩式好医生提名奖获得者。现任上海市第十人民医院心脏中心主任、同济大学医学院泛血管病研究所所长，国家重点研发计划项目首席科学家。徐亚伟教授精通多种心血管介入治疗技术，擅长急性心肌梗死救治，在房颤冷冻消融、左心耳封堵等领域处于国际领先水平。他创新性开展“一站式手术”和房颤综合闭环管理模式，领导的十院心脏中心被评定为中国胸痛中心示范基地，急性心梗院内死亡率仅为1.32%，达国际一流水平。徐亚伟教授积极推动心脏康复中心建设，主持... ==> yes  
2025-05-15 08:23:15,911 ChatBI->     INFO     层级抽取文档： 常静，茶艺师、评茶员、制茶师一级，高级考评员及裁判员，毕业于南京艺术学院。她是上海市一山一味茶业有限公司、静心轩茶行、静园茶文化传播有限公司创始人，并发起成立了上海市长宁区茶叶学会并担任理事长。常静每年举办20余期茶业专业培训，培养了大量评茶员、茶艺师和制茶师等技术人才。她在茶艺技能培训、茶业赛事组织等领域具有突出特长，并荣获第一届全国职业技能竞赛茶艺项目银奖，培养了16人次在全国性茶业竞赛中获奖。常静还参与制定普洱茶专业审评标准，并实施"茗香沪上"饮茶健康科普项目。她先后获得全国技术能手、上海市技术能手、上海市五一劳动奖章及上海市长宁区首席技师等多项荣誉。 ==> yes  
2025-05-15 08:23:15,911 ChatBI->     INFO     层级抽取文档： 余念，中共党员，中冶宝钢第五分公司装备制造事业部总工程师，“余念冶金机械设备技术创新工作室”带头人。长期致力于装备制造领域技术攻关，在热挤压、锻压等模具制造技术方面具有深厚造诣。主持完成多项科技成果，其中《大型高温合金模具研制与应用》达国际先进水平，《热挤压机挤压筒内衬拆装技术研究与应用》为国内领先。拥有多项专利技术，制定《铸钢钢锭模技术条件》企业标准并完成多项技术研发。先后获得2018年度专项劳动竞赛个人二等功、2019年中冶宝钢第五分公司标兵、2019年中冶宝钢先进个人、2020年中冶宝钢标兵及2023年优秀党员等荣誉。 ==> no  
2025-05-15 08:23:15,911 ChatBI->     INFO     层级抽取文档： 康乐，师承多位业内前辈，精通官府菜、淮扬菜和本帮菜，现任上海新锦江大酒店蓝天旋转餐厅厨师长。他创新研发了板蓝根烤菜、蓝天手打面、金鱼戏燕等特色海派菜肴，并成功完成进博会、建党一百周年观光团等多项重大政治接待任务，荣获"三星级酒店星厨"称号。他将传统食材与现代烹饪手法结合，推出高端鲍鱼大肉粽、上海酥饼等外带美食，获"环球美味卓越大师优秀大厨"称号。其代表作蓝天手打面获"淮海杯"金奖，上海酥饼制作技艺被列为非遗项目。康乐积极履行社会责任，担任连锁餐饮企业总厨顾问，推广二十四节气菜品，并多次组织社区公益厨艺活动，培养数十名优秀厨师，荣获上海市五一劳动奖章。他以"执着、专注、务实、创新"的工匠精... ==> yes  
2025-05-15 08:23:15,911 ChatBI->     INFO     层级抽取文档： 黄轶，中国冶金设备安装技术领域的资深专家，累计完成18万吨设备安装与调试。他获上海市科学技术奖1项、中冶集团科学技术奖2项、中国五矿集团科学技术奖1项、中国安装协会科学技术奖2项、省部级科技成果5项、冶金建设行业部级工法10篇；取得授权发明专利26件、实用新型专利15件，并两次荣获上海市职工先进操作法优秀成果。他创新研发新能源高品质硅钢连退机组核心设备新型安装工艺，在国内首条大型立式连铸机安装中取得重要突破，巩固了中国二十冶行业地位。黄轶同志在国内首创大型烧结机弹性密封滑道直观检测安装法等节能技术，为冶金钢铁行业的可持续发展做出积极贡献。 ==> no  
2025-05-15 08:23:15,911 ChatBI->     INFO     层级抽取文档： 杨颖华，飞机装配特级技师，现任上飞公司ARJ21事业部212工位工段长，被誉为"结构第一枪"。曾服役期间获三等功，退役后扎根生产一线25年，参与ARJ21飞机总装制造，从普通工人成长为特级技师。他全面掌握翼身对接铆装技能，在新支线飞机批产提速中发挥关键作用，成功完成多架试验机中央翼壁板改装等高风险任务。创新设计制孔定位工装，优化高锁螺母拆除工具，研制大部件自动调姿设备，解决中机身机翼对接难题。带领团队解决改装难题5项，完成急难险重任务10余项。先后荣获2023年上海市五一劳动奖章、2021年全国技术能手、2018年大飞机工匠等称号，并于2022年入选第二批中央企业"大国工匠"培养支持计划... ==> yes  
2025-05-15 08:23:15,911 ChatBI->     INFO     层级抽取文档： 张冬伟，作为中国船舶工业的杰出代表，参与了74500吨散货船、110000吨成品油轮、10000箱集装箱船等船舶的建造，并作为首批LNG船殷瓦焊工参与了中国20多条LNG船的建造，创造了多个中国第一、世界第一。他编写了多项实船焊接工艺，参与调试LNG船用TIG焊国产化焊机等设备，并培养了100余名复合型殷瓦焊工，其中多人成为技术骨干或班组长。张冬伟在焊接领域屡获殊荣，包括2006年第二十届中国焊接博览会优秀焊工表演赛一等奖、2012年全国技术能手、2015年享受国务院政府特殊津贴、2017年全国五一劳动奖章等多项荣誉。他以精湛技艺和无私奉献精神，为中国船舶工业高质量发展作出了重要贡献。 ==> yes  
2025-05-15 08:23:15,911 ChatBI->     INFO     层级抽取文档： 张彦，作为一名共产党员和集装箱桥吊操作者，凭借精湛技术和团队协作，七次刷新桥吊单机和船时量作业效率的世界纪录。他创造的每小时196.64自然箱的单机效率至今未被超越。张彦带领团队攻克12项技术难题，其中“新型桥吊节能操作方法”每年为公司节省128万元能源消耗。他总结经验形成“张彦操作法”，并培养了150余名优秀司机。作为上海市劳模创新工作室带头人，张彦在“双吊具边卸边装”新工艺推广中做出重要贡献，提升效率49.25%，显著减少资源投入。他荣获上海市劳动模范、全国五一劳动奖章等多项荣誉，为洋山深水港建设做出突出贡献。 ==> yes  
2025-05-15 08:23:15,912 ChatBI->     INFO     层级抽取文档： 黄红雄，全国劳动模范、全国五一劳动奖章、全国技术能手、上海市杰出技术能手、上海市劳动模范、华谊集团公司首席技师，享受国务院政府特殊津贴。作为轮胎行业核心设备电气检修调试专家，他将钢丝压延机停机率控制在2%以下，设备运行水平国际领先。黄红雄通过技术革新提升设备产能，为企业节约数千万元。他主持的技术改造项目提升了设备生产能力及维修效率。2012年，他革新内衬层压延机卷取方式，贴合精度达98%，获上海市劳动保护绿十字奖优胜奖。他创建国家级技能大师工作室，完成技术攻关课题16项，培养了大批技能人才。黄红雄带领团队为轮胎民族品牌的振兴贡献智慧，践行创新驱动发展战略。 ==> yes  
2025-05-15 08:23:16,623 ChatBI->     INFO     step_scores: ['no', 'no', 'yes', 'no', 'yes', 'yes', 'no', 'no', 'no', 'no', 'no', 'no', 'no', 'no', 'no', 'no', 'no', 'no', 'no', 'no']
2025-05-15 08:23:16,624 ChatBI->     INFO     层级抽取文档： 房敏，全国首位中医推拿学博士，教授，主任医师，博士生导师，岐黄学者，国家“万人计划”教学名师，国家杰出青年科学基金获得者，科技部“973计划”首席科学家，第七批全国老中医药专家学术经验继承指导教师，上海市名中医。他坚守中医推拿临床35年，创新提出"手摸心会"客观化评估方法，创立筋骨病"筋骨失衡，以筋为先"病机学说。主持完成国家杰青项目、行业专项、科技部"973"计划等国家级科研项目，牵头组建长三角推拿专科联盟，荣获国家教学成果一等奖、上海市科技进步一等奖等多项荣誉。 ==> no  
2025-05-15 08:23:16,624 ChatBI->     INFO     层级抽取文档： 李鹃伟，现任上海地铁维护保障有限公司车辆分公司钳工、高级技师、大修厂制动班组长，是全国技能大师工作室带头人。他秉持"干一行、爱一行"的精神，在列车制动系统研究领域不断创新突破，为企业创造显著效益。李鹃伟先后获得上海市劳动模范称号、国务院津贴等多项荣誉，其工作室被评为全国技能大师工作室。他主导的两项先进操作法和八项技术专利累计为企业节约维修成本2248万元，其中"多车型空气弹簧试验设备操作法"被评为上海市先进操作法。李鹃伟始终活跃在车辆检修一线，致力于提升列车行驶安全性和平稳性，展现了新时代工匠的使命担当。 ==> no  
2025-05-15 08:23:16,624 ChatBI->     INFO     层级抽取文档： 杨铁毅，杰出外科医生，深耕医疗领域近30年，秉持"精益求精、追求卓越"的工匠精神，在医疗器械研发和手术技术改良方面成就显著。他成功研发多项医疗设备，获3项国家发明专利和4项实用新型专利，其中"骶髂螺钉导向器"获"十佳最具价值创新设计大奖"并实现成果转化。他优化改良多项手术技术，"四肢微创手术"获浦东新区科技进步一等奖。他还参与公益事业，发起"青苗行动"，完成多例慈善手术，参与颈椎保健活动，普及健康知识。他先后获得浦东新区职工科技创新英才二等奖、"浦东工匠"称号、"浦东工匠创新工作室"和上海市五一劳动奖章等多项荣誉。 ==> yes  
2025-05-15 08:23:16,624 ChatBI->     INFO     层级抽取文档： 张力，现任上海新华医院副院长、心内科支部书记、科主任、心研所副所长，是国家杰出青年科学基金获得者、国家重点研发计划首席科学家，兼任中国医师协会心血管医师分会常务委员、美国心脏病学会专家会员（FACC）。擅长冠状动脉介入诊治及心脏瓣膜病的介入治疗，在CTO-PCI、旋磨术、TAVR等技术领域达国际先进水平。编写多部中国专家共识，推动国产原创三氧化二砷冠脉涂层支架临床应用。主持国家重点研发计划等课题20余项，发表SCI论文60余篇，获教育部科技进步二等奖、中华医学科技奖二等奖等荣誉，并荣获"树兰医学青年奖"等多项个人奖项。 ==> no  
2025-05-15 08:23:16,624 ChatBI->     INFO     层级抽取文档： 朱建华，沪东中华造船（集团）有限公司首席技师，从事船台总装电焊工作二十余年，荣获全国五一劳动奖章、享受政府特殊津贴等荣誉。他担任高级技校首席实习教师，获"金牌教练"称号，编著《船舶电焊工基础工艺学》并通过专家审核，主持研发"CO2自动焊接设备教学模拟机"并申报科研成果。朱建华在学术研究与技术创新方面取得多项成果，包括校译技术开发、编撰操作手册、获优秀论文奖及发明专利。他创新多项焊接技术，成功锁定双相不锈钢焊接工艺参数，为提升焊接质量提供依据。朱建华积极推动特殊材料焊工培训，培养多名优秀焊工，含高级技师魏凤云、李占友等，指导刘鹏鹏等年轻选手屡获焊工技能竞赛佳绩。此外，他参与制定焊接技师评审... ==> yes  
2025-05-15 08:23:16,624 ChatBI->     INFO     层级抽取文档： 夏术阶，中国知名泌尿外科专家，国际首创铥激光前列腺切除术的主创人，技术已纳入中国及欧美泌尿外科诊疗指南，并被《坎贝尔-沃什泌尿外科学》收录。他解决多项前列腺微创难题，制定超大前列腺手术标准，创新术后功能保留，创建修复理论与并发症预防方法，获国际F1000高度评价。在全国范围内推广先进技术，培训医务人员3万余人次，建立多地泌尿外科中心。他培养大批医疗骨干，积极投身公益，推动国产设备研发，降低治疗成本。夏术阶以精湛技术、严谨态度与无私奉献，成为医疗卫生领域的标杆人物，获国家"万人计划"科技创新领军人才、全国卫生系统先进工作者、国之名医、五一劳动奖章等多项荣誉。 ==> yes  
2025-05-15 08:23:16,624 ChatBI->     INFO     层级抽取文档： 汪强，是一名共产党员，长期从事继电保护及变电站调试工作，参与上海地铁、世博会配电站、特高压奉贤换流站及"一带一路"巴西美丽山换流站等国家重点工程的建设。他在专业领域表现突出，主持完成了《变电站主变加压核验方法研究》课题，获上海市电力工程行业协会职工创新竞赛二等奖，并在核心期刊发表学术论文8篇，拥有授权专利4项，参与修订行业标准并主持制定多项调试技术方案。汪强积极践行"工匠精神"，推动技术标准化，参与编写《特高压变压器绕组短路高效油务处理施工工法》，节省成本500余万元，大幅缩短工期。作为国网系统内知名"首席技术专家"，他不仅在技术上精益求精，还发挥传帮带作用，培养青年员工，推动电力工程建... ==> no  
2025-05-15 08:23:16,624 ChatBI->     INFO     层级抽取文档： 刘树，作为杰出的大国工匠，凭借专业的技能和卓越的贡献，先后荣获2011年上港集团先进标兵个人、2012年上海市“技术能手”、2014年上港集团“劳动功臣”、2015年上海市“劳动模范”和全国交通系统“劳动模范”等多项荣誉称号。他于2011年成立“刘树首席技师工作室”，2016年升级为上海市“刘树技能大师工作室”，并总结出《张勇桥吊高效操作法》等实用方法，显著提升作业效率，荣获2014年度上海市职工先进操作法优秀成果奖。他还主导编写《超限箱装卸工艺操作规程》《岸边集装箱桥式起重机规范操作法》等，并制作成视频材料，推广行业应用。此外，他培养了大批高技能人才，以工匠精神为行业输送了大量专业人才。 ==> no  
2025-05-15 08:23:16,624 ChatBI->     INFO     层级抽取文档： 李斌，是宝钢马迹山港的一名高级机械技师，在大型港机设备及输送机组维护方面做出了突出贡献。他带领团队攻克200余项生产难题，创造经济效益超过1.8亿元。李斌创新研发的多极磁辊消磁技术和钢丝输送带无损翻身技术，解决了行业难题，获冶金部科技进步一等奖、法国巴黎国际发明展金奖等荣誉。他拥有国家专利83项，培养了包括全国劳模在内的36名技能人才。李斌先后荣获宝钢工人发明家、上海市劳模等称号。 ==> no  
2025-05-15 08:23:16,625 ChatBI->     INFO     层级抽取文档： 夏总兵，现任上汽通用金桥北厂车身车间专家级激光焊接工程师，兼任“上汽通用机器人创新工作室”首席技师、四地整车维修工匠机运系统分会会长等职。秉持“精于工、匠于心、品于行”的工匠精神，他在机运控制、机器人调试等领域表现突出，掌握多项高精尖技术，获维修电工技师、机器人装调维修技师等多项职业资格认证。他善于创新，成功攻克多项技术难题，如机运系统柔性化存储功能改造，为企业节约成本近300万元。同时，他积极培养人才，编纂专业教材并开发实用性课程，为公司培养了一批优秀技术骨干。 ==> no  
2025-05-15 08:23:16,625 ChatBI->     INFO     层级抽取文档： 梁志荣，一级注册结构工程师、一级注册土木工程师（岩土），现任华建集团领军人才、科技精英及优秀导师，兼任中国土木工程学会土力学及岩土工程分会理事等职。长期从事岩土工程与地下空间工程勘察、设计、检测监测工作，在软土地区地下空间与深基坑安全分析与控制技术等领域处于国际领先水平。主持了100多项国家、省市级标志性工程，获得国家金奖、詹天佑大奖等62项成果奖项，省部级科技进步奖等13项科技成果奖。主持编制26本国家、行业和地方规范标准，拥有授权专利17项，发表论文49篇，主编参编专著9部。为人诚恳谦逊，工作积极踏实，创新能力强，在国内具有较高专业影响力。 ==> no  
2025-05-15 08:23:16,625 ChatBI->     INFO     层级抽取文档： 姜娟，作为新能源发电工程领域的专家，长期致力于陆上风电、海上风电、光伏发电等技术的研发与应用。她主持并参与了多项国家级重点项目的审查与核定，成功解决了多项技术难题，推动了新能源发电技术的国际领先发展。在团队建设中，她培养出一支具备独立项目能力的海上升压站结构团队，并累计培养5名技术骨干，其中一名正在博士后工作站深造。&#10;&#10;姜娟女士获得了众多荣誉，包括三峡集团“三八红旗手”、上海市优秀工程咨询成果一等奖等多项重要奖项。她主持的项目获上海市重点工程实事立功竞赛“优秀团队”称号，参与的“我国首座大型海上风电场关键技术及示范应用”项目获国家科技进步二等奖，为我国新能源事业发展做出了... ==> no  
2025-05-15 08:23:16,625 ChatBI->     INFO     层级抽取文档： 姜红军, 现任首席船舶安全检查官, 全国海事系统劳模先进创新工作室领衔人, 荣获全国优秀安检员、海事工匠等多项荣誉。扎根船舶安检15年, 他创新"点线面链"工作法, 使设备故障率下降三分之一, 并发表论文7篇, 主编《固定式灭火系统检查导则》纳入国际规范。带领团队研发3个VR平台和"CRUISE"检查法, 提升安检效率30%。参与爱达•魔都号试航, 节约企业成本3000余万, 荣获突出贡献奖。国际领域, 他提交20份提案, 深度参与国际标准制定, 在缺陷照片评选中多次获奖。作为行业专家, 带领团队培养骨干人才200余名, 创建实训基地, 开展培训惠及万人次。 ==> no  
2025-05-15 08:23:16,625 ChatBI->     INFO     层级抽取文档： 龚权华，现任新能源公司研发中心高级技术经理，从一名普通测量中级工成长为中国海ukt测量领域顶尖专家。他先后获得"全国交通技术能手"、"上海市技术能手"、"三航工匠"等荣誉称号，并荣获上海市职工发明铜奖1项、局科技进步奖3项，拥有多个发明专利和软件著作权，主持编写了1篇省级工法。他带领团队在北斗系统海洋工程应用、远距离测量信号传输稳定性等方面取得突破，为公司节约成本300余万元。他建立的"海洋工程测量创新工作室"连续4年获评全国质量信得过班组，培养了一大批测量技术人才。2018年，他负责编写的海上风电施工测量教程和考核题库获上海市人社局立项批复。凭借突出贡献，他多次获评公司杰出贡献奖，展现... ==> no  
2025-05-15 08:23:16,625 ChatBI->     INFO     层级抽取文档： 范红健，特级技师，享受国务院特殊津贴，荣获上海市首席技师、中船集团技术能手等多项荣誉。作为“范红健技能大师工作室”领衔人，他在大型船舶发动机零件加工领域攻克多项技术难题，编制完成世界首台WinGD12X92-DF柴油机气缸体工艺程序，并设计出耐高压密封导向套破解深孔偏斜技术瓶颈。他已获发明专利7项、实用新型专利6项，并培养出高级技师和技师20余人，累计为企业节省成本500余万元。同时，他长期致力于技能传授和教育培训工作，累计培养专业技能型学员300余名。 ==> no  
2025-05-15 08:23:16,625 ChatBI->     INFO     层级抽取文档： 蔡先军，作为卫星质量守护者，始终秉持"精测细判啄隐患，国之重器零缺陷"的理念，以精湛的技术和严谨的态度确保卫星零缺陷。他自主研发虚实结合星地实时诊断软件，获国家发明专利授权；创新发射场测控链路方法，打破卫星射前转内电时间最短纪录，获中国安全科技进步奖一等奖。攻克卫星数据异常预警难题，获中国质量技术奖一等奖。他编制的测试细则成为全所样板，培养11名技术骨干。作为"航天啄木鸟"，他筑牢卫星健康防线，同时积极参与航天文化传播工作，多次开展专业培训和经验分享。 ==> no  
2025-05-15 08:23:16,625 ChatBI->     INFO     层级抽取文档： 黄德彪，中建八局耀华地区16-1地块公共租赁住房项目普通工人。他26年前离川来沪，从普通农民工成长为优秀务工者。工作中，他虚心好学，追求施工零误差，多次获用人单位褒奖。2015年起，他担任上海矗鑫建筑工程有限公司耀华16-1项目工会主席及中建八局耀华路项目工会联合会副主席，积极维护工友权益，通过多种途径倾听一线工友诉求，为工友提供全面工会服务。他秉持"为员工办实事"的理念，努力保障工友基本权益，深受工友爱戴。 ==> no  
2025-05-15 08:23:16,625 ChatBI->     INFO     层级抽取文档： 周祖谦，上海第一机床厂有限公司首席技师，荣获“上海市劳动模范”“十佳能工巧匠”等多项殊荣，带领团队获得“工人先锋号”等称号。作为核电设备精密加工专家，他参与华龙一号、四代核电高温堆等国家战略项目，攻克多项技术难题，获国家科技进步特等奖。掌握核级不锈钢深孔加工等核心技术，授权多项专利。倾力育人，培养出高级技师等优秀人才。他以精湛技艺和工匠精神，助力“上海制造”走向世界。 ==> no  
2025-05-15 08:23:16,625 ChatBI->     INFO     层级抽取文档： 李志慧，作为航天科技集团工艺技术带头人和全国技术能手，长期致力于卫星制造与大型卫星装配领域，主持研制了多项国际领先的关键技术，包括卫星图像导航与配准全物理试验系统、大型气浮球轴承设计与测量装配工艺等。他突破了多项核心关键技术，荣获国家技术发明二等奖、国防技术发明一等奖等多项荣誉。李志慧同志还带领团队完成多项国家重大型号研制任务，推动我国风云四号气象卫星技术跻身世界前列，并培养了大批专业技术人才，为我国航天事业做出突出贡献。 ==> no  
2025-05-15 08:23:16,625 ChatBI->     INFO     层级抽取文档： 金德华，作为企业设备电气系统的资深维护和技术专家，长期致力于设备改造与专用设备研制工作。他曾获得市维修电工技能大赛第一名和全国"振兴杯"大赛第五名，并培养多名青年技能人才。他主持研制的大型螺旋成排弯管机填补国内空白，泵水监控系统获国家专利。此外，他还发表近二十篇技术论文，并担任多所高职院校特聘教师，为行业技术发展作出重要贡献。 ==> no  
2025-05-15 08:23:16,626 ChatBI->     INFO     阈值索引为：128, 窗口大小为: 20 
2025-05-15 08:23:16,626 ChatBI->     INFO     确定的文档: 109; 在次确认的文档: 39
2025-05-15 08:23:18,002 ChatBI->     INFO     从39个需再次确认的文档中筛选出的相关文档数量：10
2025-05-15 08:23:18,002 ChatBI->     INFO     示例文档：['夏术阶，中国知名泌尿外科专家，国际首创铥激光前列腺切除术的主创人，技术已纳入中国及欧美泌尿外科诊疗指南，并被《坎贝尔-沃什泌尿外科学》收录。他解决多项前列腺微创难题，制定超大前列腺手术标准，创新术后功能保留，创建修复理论与并发症预防方法，获国际F1000高度评价。在全国范围内推广先进技术，培训医务人员3万余人次，建立多地泌尿外科中心。他培养大批医疗骨干，积极投身公益，推动国产设备研发，降低治疗成本。夏术阶以精湛技术、严谨态度与无私奉献，成为医疗卫生领域的标杆人物，获国家"万人计划"科技创新领军人才、全国卫生系统先进工作者、国之名医、五一劳动奖章等多项荣誉。', '方焯，高级工程师，现任上海药明奥测医疗科技有限公司首席科学官兼首席技术官。她本科就读于华中科技大学少年班，师从骆清铭院士，23岁时获博士学位，研究成果发表于Nature等国际顶级期刊，单篇论文引用超4000次，主持国家及上海市科研项目，申请专利13项。&#10;&#10;在科研与产业化领域，方焯博士带领团队成功开发多项国际领先创新产品，为临床诊疗提供重要支持。她与复旦大学附属儿童医院合作研发全球首创整合诊断产品，建立"中国胆道闭锁协作网"，并在精准用药和神经疾病领域取得突破性成果。&#10;&#10;方焯博士荣获上海市五一劳动奖章、浦江人才、Eli...', '刘颖斌，现任上海交通大学医学院附属新华医院副院长、普外科行政主任、上海市胆道疾病重点实验室主任，荣获教育部长江学者特聘教授、上海市五一劳动奖章、上海市科技精英、第十九届吴杨医学药学奖、药明康德生命化学研究奖学者奖、杨浦区第十批拔尖人才等多项荣誉，并担任美国外科医师学院外籍会员、上海市第八届抗癌协会副理事长、上海市医学会外科分会胆道学组组长等职务。他在肝、胆、胰等恶性肿瘤及腹腔疑难疾病的外科治疗领域具有丰富经验，是国内率先提出“胰头癌全系膜切除”和“三步法胃癌淋巴结清扫策略”的专家，并在胆囊癌的基础及转化医学研究方面取得显著成就。作为学科带头人，他注重人才培养和梯队建设，积极参与公益活动，...', '涂意辉，我国膝关节单髁置换术领域的开拓者之一，2006年在上海率先开展该技术，已完成4000余例手术，手术时间仅需45分钟，切口仅6厘米，保留交叉韧带，效果显著。其主持完成的单髁手术量全球最多，1026例手术零失败，优良率达98%。他发明了三项国际领先技术，发表SCI论文5篇，核心期刊文章28篇，获发明专利16项，主持国家级及市级课题6项。作为同济大学副教授、博士生导师，培养博士3名，举办10期全国微创单髁置换技术培训班，培训进修生280余名。涂意辉先后荣获上海市五一劳动奖章、上海市科学技术奖、上海市康复医学科技奖一等奖等荣誉，并被授予"杨浦工匠"称号。', '谢邦鹏，清华大学博士毕业，现任国网上海浦东供电公司配电运检室副主任，长期扎根基层生产一线。在世博保电、核心区世界一流配电网建设、迪士尼保供电等重大任务中表现突出，获"全国五一劳动奖章""上海市劳动模范""国家电网公司劳动模范"等多项荣誉。&#10;&#10;谢邦鹏在继电保护和配电自动化领域具有深厚技术功底，主持参与了线损管理、无功补偿等十余项创新性科技项目研究，获上海市科技进步三等奖等多项荣誉。他独立研发的"大电流试验万用组合短接工具"等创新成果获多项专利授权并推广应用。同时，他带领团队发表中英文科技论文十余篇，获得发明专利授权9项、实用新型专利授权32项。&#10;&#10;作为劳模宣...']
2025-05-15 08:23:18,003 ChatBI->     INFO     没有找到<  >对应的视图
2025-05-15 08:23:18,077 ChatBI->     INFO     execute sql with seme wrong: (mysql.connector.errors.ProgrammingError) 1054 (42S22): Unknown column '工匠介绍（缩写）' in 'field list'
[SQL: SELECT `工匠介绍（缩写）` FROM gjw WHERE  `工匠介绍` IN (%(val0)s, %(val1)s, %(val2)s, %(val3)s, %(val4)s, %(val5)s, %(val6)s, %(val7)s, %(val8)s, %(val9)s, %(val10)s, %(val11)s, %(val12)s, %(val13)s, %(val14)s, %(val15)s, %(val16)s, %(val17)s, %(val18)s, %(val19)s, %(val20)s, %(val21)s, %(val22)s, %(val23)s, %(val24)s, %(val25)s, %(val26)s, %(val27)s, %(val28)s, %(val29)s, %(val30)s, %(val31)s, %(val32)s, %(val33)s, %(val34)s, %(val35)s, %(val36)s, %(val37)s, %(val38)s, %(val39)s, %(val40)s, %(val41)s, %(val42)s, %(val43)s, %(val44)s, %(val45)s, %(val46)s, %(val47)s, %(val48)s, %(val49)s, %(val50)s, %(val51)s, %(val52)s, %(val53)s, %(val54)s, %(val55)s, %(val56)s, %(val57)s, %(val58)s, %(val59)s, %(val60)s, %(val61)s, %(val62)s, %(val63)s, %(val64)s, %(val65)s, %(val66)s, %(val67)s, %(val68)s, %(val69)s, %(val70)s, %(val71)s, %(val72)s, %(val73)s, %(val74)s, %(val75)s, %(val76)s, %(val77)s, %(val78)s, %(val79)s, %(val80)s, %(val81)s, %(val82)s, %(val83)s, %(val84)s, %(val85)s, %(val86)s, %(val87)s, %(val88)s, %(val89)s, %(val90)s, %(val91)s, %(val92)s, %(val93)s, %(val94)s, %(val95)s, %(val96)s, %(val97)s, %(val98)s, %(val99)s, %(val100)s, %(val101)s, %(val102)s, %(val103)s, %(val104)s, %(val105)s, %(val106)s, %(val107)s, %(val108)s, %(val109)s, %(val110)s, %(val111)s, %(val112)s, %(val113)s, %(val114)s, %(val115)s, %(val116)s, %(val117)s, %(val118)s) LIMIT 10;]
[parameters: {'val0': '陈建福，上海新长宁集团建筑装饰实业有限公司企业负责人，全国劳动模范、上海市五一劳动奖章获得者。他1982年入职，从普通操作工成长为技能人才，带领团队完成多项优质工程。秉持"做专、做精、做细、做实"的工匠精神，他将职业敬畏、工作执着和产品负责融入工作，在平凡岗位上创造不平凡价值。他的事迹诠释了踏实工作、立足岗位、创先争优的精神，激励着无数从业者在本职上追求卓越。', 'val1': '王文强，全国技术能手、上海市五一劳动奖章获得者、上海市首席技师、嘉定工匠，拟享受政府特殊津贴。他长期致力于职业教育和智能制造领域，潜心钻研新技术，多次在职业技能竞赛中获奖，并在多轴加工技术攻关中取得突破。他作为创新工作室主持人，培养了多名技能人才，其中3人获全国一等奖。他还是世界技能大赛上海数控车项目技术专家，获“世赛优秀场地经理”称号。王文强坚持以赛促教，主持多项教学研究获嘉定区一等奖，并通过“传帮带”培养了多名优秀青年教师，为高技能人才培养和技艺传承作出突出贡献。', 'val2': '陈浩，中建八局新型建造工程公司焊接负责人，首位获国务院特殊津贴的农民工焊工，全国五一劳动奖章、全国劳动模范获得者。他创新性地将中医"望闻问切"诊疗法运用到焊缝质量检查中，并自主研发获得国家发明专利和实用新型专利的焊接机器人，成功应用于天津国家会展中心项目，显著提升焊接效率。作为创新工作室带头人，他带领团队完成多项技术攻关，多次创造焊接零返工的纪录。作为农民工人大代表，他积极为农民工发声，疫情期间捐款支援抗疫工作，践行社会责任。', 'val3': '赵立苏，上海外高桥造船有限公司船舶焊接特级技师，凭借精湛焊接技术在船舶制造领域屡获佳绩。他曾获中船集团职业技能竞赛第一名、"中央企业技术能手"和"全国技术能手"等称号，并享受国务院政府特殊津贴。作为技能大师工作室领衔人，他推动焊接技术创新，荣获"上海市优秀农民工"、"全国优秀农民工"、"上海市五一劳动奖章"和"上海市劳动模范"等多项荣誉。', 'val4': '吴文巍，全国五一劳动奖章获得者、上海市劳模，享受国务院特殊津贴，是中国电信上海公司首席服务专家。作为上海市首批劳模创新工作室带头人和首席技师工作室负责人，他积极推动前沿技术与传统产业深度融合，带领团队荣获多项荣誉，并在全国多个主流媒体上被广泛报道。吴文巍在激发信息化服务创新、推进信息技术服务实体经济、助力城市管理、推动上海科创中心建设及人才培养等方面展现了卓越的专业能力和创新精神。他累计培养徒弟157人，为多项重大活动提供通信保障，展现了新时代产业工人的卓越风采。', 'val5': '黄晓俊，作为大国工匠的杰出代表，先后荣获上海市五一劳动奖章、上海市技术能手、城投工匠等多项荣誉称号。他扎根城市污水治理一线，从普通工人成长为复合型污水处理运行工程师，参与了白龙港污水处理厂升级、扩建及提标改造等多项重大工程。面对亚洲最大污水处理系统，他带领团队实施技术改进，形成20余项创新成果，创造经济效益超2000万元，获1项发明专利、7项实用新型专利及4项创新奖项。作为"劳模创新工作室"带头人，他培养了大批行业紧缺技术人才，并在市级竞赛中包揽前三名，展现了行业领先水平。', 'val6': '王传存，上海振华港机重工有限公司维修电工，上海市技能大师工作室带头人，获上海市五一劳动奖章等多项荣誉。他主导完成自动化港口设备无人化装配技术的研发，突破多项关键技术，累计申请专利45件，年均为企业节约成本超800万元。其团队攻克技术难题200余项，形成核心知识产权，显著提升我国港机设备全球竞争力。他成功培养高技能人才3名，为企业发展提供有力支撑。', 'val7': '贾水钟，高级工程师，国家级技能大师工作室领办人，第四届中国质量奖个人奖获得者，第四届中国质量奖个人奖获得者，第十四届中华技能大奖获得者，全国技术能手，国务院特殊津贴专家，中国建筑装饰协会全国建筑装饰行业终身成就奖获得者，中国建筑装饰协会全国建筑装饰行业终身成就奖获得者。在建筑装饰涂装领域，他创新了 ... (2 characters truncated) ... 核心技术，解决了行业难题，提升了行业标准。他主持完成了国家职业技能标准《建筑涂装工》的编制，主编了国家行业标准《建筑涂装施工安全技术规范》，技术创新成果丰硕，获得授权发明专利21项、实用新型专利66项，主参编国家与行业标准10余项。他荣获国家科技进步二等奖、中国专利金奖、全国总工会"工人先锋...', 'val8': '刘伟，现任上海海事局首席船舶交管指挥官，首批全国海事系统劳模创新工作室领衔人，"海事工匠"称号获得者。他主导编制了我国首次提出的国际标准《VTS用户指南模板》，提交28篇国际海事提案，多次荣获特等奖、一等奖等荣誉。作为国际航标协会中国联络员和高级管理人员培训班讲师，他为全球航运便利化作出积极贡献， ... (2 characters truncated) ... 邀在国际抗疫网络研讨会分享中国经验。在新冠疫情期间，他带领团队开通水上绿色通道，累计保障民生物资运输近亿吨，为维护全球供应链稳定作出重要贡献。其团队攻克了航道"堵车"等世界级难题，推出多项创新举措，提升通航效率30%，累计节减碳排放654万吨，创造经济效益超1亿美元。刘伟还培养出首个"全国巾...', 'val9': '张翼飞，沪东中华造船（集团）有限公司首席技师、集团公司首席技师，全国技术能手称号获得者，"张翼飞劳模创新工作室"创始人。他培养了5名全国技术能手和4名省部级劳动模范，带领团队攻克多项焊接技术难题，成功研发双相不锈钢焊接工艺、单电源双丝自动埋弧焊等多项关键技术。他主持制定了泵塔氩弧焊/CO2混合焊工艺标准，推动了焊接机器人的应用。张翼飞还主编了《船厂焊工操作手册》并发表了多篇专业论文，其中两项成果获上海市专利发明。他获得"中华技能大奖""全国五一劳动奖章"等多项荣誉，为船舶工业发展作出了突出贡献。', 'val10': '陈杰，宝钢股份冷轧厂高级技师，宝武集团技能大师，长期致力于激光焊接技术研究。他攻克数十项技术难题，为企业创造超亿元效益，培养创新团队。2009年起，陈杰主导超高强钢薄带材焊接技术突破，打破德日垄断，获上海市科技进步二等奖，推动产品达国内领先、国际先进水平。他拥有63项授权专利，创造1.23亿元效益。曾获上海市五一劳动奖章、劳动模范、全国五一劳动奖章等荣誉，并于2018年获国务院特殊津贴。', 'val11': '何冰，国网上海检修公司输电运检中心专业工程师，杨庆华劳模工作室接班人，上海市五一劳动奖章获得者，上海市首席技师。在输电线路智能化运维领域，他将人工智能、大数据、无人机技术等与传统行业融合，探索"空塔地"智能运检模式，为亚信峰会等重大活动供电安全提供技术支撑。在新冠疫情期间，他利用无人机实现电网远程巡检，确保供电安全。何冰先后荣获上海市科技进步奖三等奖、国网公司科技进步奖三等奖等多项荣誉，主持完成9项授权发明专利，发表7篇中文核心期刊和国际会议论文，并牵头推进智能铁塔项目试点，推动电网设备本质安全提升。', 'val12': '宋俊同志，宝钢股份硅钢部一线工人，是宝武集团最年轻高级技师及上海市"80后"工人发明家。其创新工作室自2012年成立以来，为公司创造超亿元效益。他成功研发从轧钢"三废"提取高端磁性材料技术，为企业年增利润9000万元，获2014年上海市科技进步二等奖。他还突破高牌号硅钢生产技术壁垒，使宝钢成为国内唯一稳定生产企业，获2015年冶金行业科技进步一等奖。迄今获得111项授权专利，创造2.75亿元效益。先后荣获"全国技术能手"、上海市十大工人发明家、上海市五一劳动奖章、上海市职工职业道德模范标兵等荣誉。', 'val13': '卢航，全国劳模，全国五一劳动奖章获得者，作为杨高公交维修技术带头人，带领团队完成多项技术革新项目，包括欧Ⅲ车辆发电机技术改进、ZW自动变速器修理技术开发等，有效提升车辆安全性能并为企业节省大量维修成本。他创建的"五个一百万"项目和"四个标准化"维修服务模式在行业内树立标杆。在上海世博会和亚信峰会期间，他带领团队实现车辆"零故障、零投诉、零事故、零抛锚"的目标。他还积极参与行业标准制定，主持编写新能源车维修国家标准，并培养多名高级技能人才，为上海"四大品牌"建设贡献力量。', 'val14': '徐澳门，在第45届世界技能大赛车身修理项目中获金牌，同年加入上汽通用汽车有限公司，担任试制车身技师并兼任团支部副书记，2022年加入中国共产党。他组建试制验证技师工作室，获上海市首席技师资助，参与36个项目试制验证，提出130条改进建议，为企业降本2400万元。参与三项专利申请，发表专业论文，编写三份技术教材，培养36人次高技能人才。他活跃于行业和社会事务，担任多项社会职务，累计获得全国技术能手、全国优秀共青团员、上海市五一劳动奖章等众多荣誉，是新时代杰出工匠代表。', 'val15': '李涛涛，中国船舶集团有限公司电焊特级技师，全国五一劳动奖章获得者，全国技术能手，多次获国务院特殊津贴，并任“劳模创新工作室”领衔人。从业近30年来，他潜心钻研焊接技术，攻克多项焊接难题，为公司节约成本500万元，培养中、高级焊接人才千余名。他发明的《一种便携式软轨道摇摆埋弧焊装置及焊接方法》获国家发明专利，发表多篇专业论文，并牵头研究新型深熔弧焊接方法，已获多家船级社认可并在行业内推广应用。', 'val16': '马志勇，高级电焊工技师，从事焊接工作20余年，多次解决焊接技术难题，为公司创造直接经济效益超300万美元。他获得美国AWS、中国CCS6GR等多项焊工资质证书，先后荣获"中交技术能手""全国技术能手"等称号。参与港珠澳大桥岛隧工程等高难度项目，技术精湛。培养徒弟53人，多人在国际焊接大赛中获奖。2014年获第二届中交集团焊工竞赛总分第二名，2016年获上海市五一劳动奖章及焊接工匠称号，2021年获国家技能人才培育突出贡献个人称号，展现了卓越工匠精神。', 'val17': '任永辉,上海外高桥造船有限公司高级技师,从技校生成长为船舶管系工专家。他多次荣获"全国技术能手""上海市五一劳动奖章""上海市劳模"等称号,并享受国务院特殊津贴。他创新工艺标准,编制《作业标准书》和《工艺手册》,研发"靠模弯头数据参照表"等工具,提升工作效率。同时,他热心传技,担任船舶管系专业教师,培养技能人才。任永辉表示将继续提升技能,为企业高质量发展做贡献。', 'val18': '郭春生，上海勘察设计研究院（集团）有限公司测量总工程师，教授级高级工程师，上海市领军人才，上海市五一劳动奖章获得者。他长期致力于精密工程测量、轨道结构安全监控与信息化智慧工程等领域，主持完成了多座跨江跨海大桥测量及城市轨道交通、迪士尼、F1赛车场等重大工程测量项目，获省部级科技进步奖3项，优秀工程奖30余项，主编参编技术标准11项。他牵头研发的云图地铁结构监测数据管理平台及隧道结构检测"CT机"，在国内10余个城市推广应用。荣获2019年上海市科创立功竞赛优秀项目，团队获评上海市工人先锋号。', 'val19': '谷银远，中交上海航道局有限公司船长，高级技师，中共党员。曾荣获上海市劳动模范、五一劳动奖章、金锚奖、中国水运协会科学技术二等奖等荣誉，入选2018年国务院政府特殊津贴专家。他参与了曹妃甸工业区、天津临港工业区、连云港30万吨级航道疏浚、上海南汇东滩吹填、上海浦东机场吹填、南海岛礁等国家重点工程建设。期间，他带领团队创下超长排距纪录，使普通国产船舶实现高效疏浚。谷银远主持完成《大型绞吸船横移速度优先施工关键技术研究》和《大型绞吸船大挖深关键施工技术研究》，均达国际先进水平，获多项科技奖并形成省部级工法。', 'val20': '杨恺，中国电信上海公司网信安部网络安全技术专家，先后荣获上海市五一劳动奖章、中国电信集团劳模、上海市经信系统青年岗位能手等多项荣誉。他在网络安全领域表现突出，累计获得20余项竞赛奖项，代表上海参加了第七届全国职工职业技能大赛。他带领团队以赛代练，参与各类安全联赛，在职工"全运会"中取得优异成绩。& ... (2 characters truncated) ... 0;&#10;在支撑浦东教育云运维工作中，面对内网DNS攻击，他迅速溯源并开展安全培训，获得客户高度评价。他和团队测试智能门禁门铃产品，发现网络安全问题并发布报告，彰显央企社会责任。他主持上海公司安全评估项目，培养新人，指导年轻员工提升实战技能，带领团队多人获奖。他还担任公司工会公众号小编，...', 'val21': '季岚，长期从事水运工程专业设计研究工作，参与或主持百余项重点工程设计研究，包括多个国家级项目。在长江口深水航道治理工程中，她带领团队突破传统认识，形成航道减淤成套技术体系，为长江口实现12.5米水深目标提供技术支撑。她主持科技部国家重点研发项目等多项课题，获省部级科技进步奖特等奖等多项奖励，发表论文20余篇，主编行业规范，拥有发明专利多项。&#10;&#10;季岚荣获"全国交通运输系统劳动模范"、"上海市五一劳动奖章"、"上海市三八红旗手"、"上海市重大工程立功竞赛建设功臣"等多项荣誉称号。', 'val22': '沈洲，博士研究生学历，现任中国联通装备制造军团技术总监，上海市通信发展专家委员会专家。他荣获上海市五一劳动奖章、中国电信行业"大国工匠"称号，并担任"中国联通数智应用首席专家"。沈洲率先响应"中国智能制造2025"战略，主导打造了"上海飞机制造厂5G+工业互联网"标杆项目，获国家工信部"绽放杯"一等奖。他与施耐德电气合作，完成全球最大规模5G核心网下沉案例，获第六届"绽放杯"标杆赛金奖。沈洲推动5G技术在江南造船厂、宝武钢铁等企业的应用，牵头制定《面向航空领域的"5G+工业互联网"应用场景及技术要求》行业标准，助力企业数字化转型。', 'val23': '茹秋生，作为技能精湛的大国工匠，他在专业领域取得了多项显著成就。他发表了4篇北大核心期刊论文，主持了市级教研项目、精品课程建设及题库开发项目，并主持建设了上海市级一流专业教学资源库等。他累计承担横纵项目资金超百万元，部分填补了国内空白。在技能传承方面，他8次指导学生在全国职业院校技能大赛中获四次一等奖、四次二等奖， himself被授予"优秀指导教师"称号四次。他培养的学生中，有2人次获国家级奖学金，5人次获市级奖学金，9人次被评为优秀毕业生。他多次为企业培训技师，3次带领上海市职工队参加全国总工会技能大赛，培养出1名"全国技术能手"和3名"五一劳动奖章"获得者。', 'val24': '卫益民，现任上海老港废弃物处置有限公司第一分公司桥吊班班长，先后荣获“十佳城市美容师”“五一劳动奖章”“建交工匠”等多项荣誉。从业三十余年来，他创新“门字形”“二二一二”等操作法，培养20余名技术骨干，并参与多项技术革新，其中桥吊远程监控系统获上海市职工合理化建议项目创新奖。每日完成260个垃圾集装箱吊装，以技术创新助力环卫事业发展。', 'val25': '巢平源同志，从事电厂继电保护检修工作27年，首创多项创新技术，发明"交流微小电流生成仪"等装置，推动检修装备与安全水平提升。他获得专利22项，其中发明专利15项，创新成果获第118届巴黎国际发明展金奖等重要奖项。个人先后获评宝钢工人发明家、上海市五一劳动奖章、央企劳模等荣誉称号。以他名字命名的职工创新工作室获宝武集团示范型创新工作室、上海市技能大师工作室评定，培养徒弟9名，均为业务骨干。', 'val26': '郭乃根，机电一体化领域专家，长期致力于地震勘探装备研发。他成功突破"二次波"叠加难题，研发出系列新型震源装备，主持编写技术指导书，推动技术规范应用。其成果应用于100多个项目，创效超1亿元，填补国内空白并获发明专利授权。他带领团队获多项省部级奖项，并在国际合作中赢得荣誉。郭乃根荣获黄浦工匠、上海市五一劳动奖章等多项殊荣，拥有3项发明专利和1项实用新型专利。', 'val27': '龚杜弟，上海汽车地毯总厂有限公司总工程师、教授级高工，全国五一劳动奖章获得者、上海市劳动模范。他主持研发的轿车行李箱地毯聚氨酯喷涂设备流水线填补国内空白，SFS填充成型隔音垫生产线设计为公司节约数千万元引进费用。带领团队成功开发宝马5系脚垫，创新多项工艺，获五项国家发明专利和两项实用新型专利，并获2016年上海市优秀发明奖金奖。其宝马轿车衣帽架全球首创侧向双弧冲切封边结构垄断产品技术，获德国专家好评。', 'val28': '朱东鹰，现任上海铁路局上海电务段虹桥高铁车间高级技师，是上海铁路局首席技师和上海市"朱东鹰技能大师工作室"创始人。他曾荣获上海市五一劳动奖章、多次被评为上海铁路局先进生产者。他长期坚守在信号设备维修一线，总结提炼出"朱氏道岔调整法"等维修方法，在电务信号维修领域广泛应用。作为技能大师工作室负责人，他致力于青年人才培养和创新技术攻关，多项科技成果获上海市优秀认定。他积极参与科技攻关，提出的《研制便携式现场数据记录仪》获上海市职工合理化建议优秀成果奖。', 'val29': '孙志湧，上海东郊宾馆行政总厨，全国五一劳动奖获得者、上海市劳动模范、中国烹饪大师。他擅长将民间菜提升为国宴佳肴，让中华美食走向世界舞台。在外交场合，他用精湛厨艺展现中国文化，获得多国领导人的高度评价。世博会期间，他制作的国宴受到朱镕基等领导人的赞扬，亚信峰会期间更是在26分钟内完成60人国宴，获习主席和普京称赞。他积极推动美食平民化，举办江鲜美食节等系列 culinary活动，让百姓品尝国宴名品。同时，他带教武警士兵食堂，提升其服务水平。', 'val30': '薛飞，作为创新工作室领军人物，带领团队攻克多项技术难题，在业内具有重要影响力，先后荣获上海市五一劳动奖章、上海市技术能手、嘉定工匠、上汽工匠等多项殊荣。他技能精湛，在各类技能大赛中累计获得18项奖项；其项目曾获德国大众集团效率优化最佳贡献奖，并被推广至全球工厂。薛飞持续提升专业能力，拥有9个工种的职业资格证书。他在创新方面表现卓越，解决26项进口设备技术难题，获得多项发明荣誉，并拥有授权发明专利20项、实用新型34项、软件著作权5项，为企业创造944.58万元经济效益。薛飞同时注重传承与推广，发表论文37篇，编写教材、录制教学视频70个，培养徒弟累计获得各级技能竞赛奖项16个。', 'val31': '武猛，作为上海二十冶工程技术服务公司总工程师，兼任高级工程师、二十冶集团技术专家等多项职务，持有注册一级建造师等执业资格，荣获“宝山工匠”、“宝山区五一劳动奖章”等多项荣誉。他主持完成4项中冶集团科技成果鉴定，主编6项冶金部级工法，科研成果获“上海市科技进步三等奖”等。累计申请知识产权60项，发表SCI论文5篇，参与编制行业标准。作为“武猛新型建筑材料职工创新工作室”负责人，带领团队研发高延性混凝土等新型材料，助力城市更新，创造2000余万元产值。', 'val32': '李俊，作为公司国防重点型号飞机无线电装接领域的核心骨干，长期参与大型军用飞机、歼击机、直升机及无人机等项目的装接生产工作。凭借精湛技术和高度责任感，他确保交付产品合格率始终保持100%，并在多项工艺革新中提升工时利用率超20%。&#10;&#10;李俊曾获多项荣誉：2012年中航工业电装技能竞赛" ... (2 characters truncated) ... 奖"，2014年上海IPC"优秀工艺奖"，同年在集团第二届电装竞赛中位列第六并获"操作规范奖"；2014年获"青年岗位能手"和"技术能手"称号；2015年被评为"上海市青年岗位能手"；2016年获上海市"五一劳动奖章"；2017年在职业技能竞赛中夺冠；2018年当选上海市人大代表，并获"青年...', 'val33': '汤朔宁，作为大型公共建筑设计领域的专家，致力于理论研究与实践工作，取得了显著成就。他荣获上海市五一劳动奖章、上海市优秀学术/技术带头人等多项荣誉称号，并担任中国勘察设计协会城市更新分会会长等职务。汤朔宁主持十三五国家重点研发计划课题《双奥场馆智能化可持续运营模式与应用研究》，其研究成果“体育场馆可持续运营智能化评价平台”达到国际领先水平，并获多项专利和奖项。他主持设计的中国卫星网络有限公司雄安总部和西安国际会议中心等重大工程项目，被评为国际奥委会设计金奖等70余项殊荣，为建筑行业高质量发展作出了重要贡献。', 'val34': '卢育坤，现任中建八局华南公司副总工程师兼厦门翔安机场项目经理，主持或参与建设了海口世纪大桥、文昌卫星发射中心等重点工程。在海口世纪大桥施工中，他研发的大直径立柱支撑上布设牵引式钢模板系统节约工期3个月，降低成本20%。在海南航天发射场项目中，带领团队攻克多项关键技术，研发的百米高空钢结构屋盖"免支撑"安装等技术达世界领先水平。他累计形成省部级工法29项、专利43项，发表论文48篇，主持项目获国家科技进步二等奖、詹天佑大奖、鲁班奖等荣誉。卢育坤获中国建筑优秀项目总工程师、上海市五一劳动奖章等多项荣誉，担任上海市科技委专家及华南理工大学校外导师，参与地方标准编制工作，为行业技术进步作出贡献。', 'val35': '钱平，汽轮机安装领域的杰出代表。从普通技术工人成长为专业工程师和高级技师，参与国内外20多个大型电厂建设，主导多项重大电力工程。扬州第二发电厂等4个项目获"中国建筑工程鲁班奖"，国华徐州发电厂工程获"国家优质工程金奖"。主持4项工法，其中1项达国家级，突破2项关键技术，参与3项发明专利，多次参与国家或行业标准编制。获"江苏省有突出贡献专家"、"中国施工企业管理协会科学技术创新先进个人"、"镇江市五一劳动奖章"等荣誉。培养3名骨干徒弟，热心公益，资助贫困学生，回馈社会。', 'val36': '王俊席博士，毕业于上海交通大学，主要研究低碳燃料发动机关键技术。他发表了50余篇论文，申请专利20余项，主持20余项核心技术研发，累计经费四千万元。作为主要负责人，他还参与国家"863"计划项目。他成功开发了柴油发动机电控系统及多种汽车通信协议系统，应用于300万台套柴油机。自主研发的国六天然气汽 ... (1 characters truncated) ... 发动机电控系统达国际先进水平，成本仅为进口系统一半，实现30万台套销售。他开发了24个系列天然气发动机产品，获整车配套公告100个以上。他还完成了甲醇、氢气及双燃料发动机控制系统研发，应用于多个系列发动机。王俊席博士曾获嘉定工匠、上海市五一劳动奖章等荣誉称号，为我国动力产业高质量发展做出重要贡献。', 'val37': '周需要，现任东海航海保障中心航标导航处正高级工程师，长期从事航标技术管理。1988年毕业于武汉测绘科技大学，并于2004年获得上海海事大学工程硕士学位。在职业生涯中，他主持建设了大戢山差分GPS/北斗导航系统、长江口AIS网络系统等，推动多项部级重点工程实施，并牵头编制多项交通强国建设方案。他还开发了多个技术创新项目，获航海科技三等奖、一等奖及实用新型专利。周需要参与编写航标管理教材，代表国家参与国际航标协会工作。他先后获得国家级百千万人才工程建议人选、东海保障中心首席工程师等荣誉，是中国航海学会科学技术奖多次获得者。', 'val38': '朱士昇，作为一位技艺精湛的大国工匠，凭借卓越的专业技能和不懈追求，在职业生涯中取得了显著成就。他先后获得"维修电工高级技师"资格、上海市首席技师千人计划资助，并荣获"嘉定工匠"称号和"上海市五一劳动奖章"等多项荣誉。朱士昇在技术创新方面表现出色，拥有三项实用新型专利，其测试装置专利显著提升了生产线 ... (2 characters truncated) ... 和可靠性，PCB料架专利降低了生产质量风险，两项创新均在多家分公司广泛应用，创造了可观经济效益。自2010年起，他在上海大陆泰密克汽车系统有限公司负责ECUBE设备技术工作，完成了包括ER70、MNL、Line1等多条生产线的技术改造项目，使产品报废率显著降低，产量提升幅度达30%至70%，...', 'val39': '刘伟伟，作为国内飞机性能领域的全业务专家，现任中国东方航空股份有限公司运行控制中心导航性能部总经理。他曾荣获2018年东航首席技师和2019年上海市五一劳动奖章。他深度参与C919飞机引进的航线性能评估和验证飞行保障工作，提出十二项改进建议，推动国产大飞机运行保障能力提升。&#10;&#10;在节 ... (2 characters truncated) ... 重管理方面，刘伟伟带领团队实施单发滑行节油项目，每年节油8000余吨，实现油耗指标连续五年下降，累计节油45.1万吨。他完成祁连机场A319机型单发程序自主设计，提升起飞限重2.7吨/班，节约外委设计费用，并完成《基于大数据分析和应用的航空公司节油管理》优秀论文，荣获第一届中国航空学会飞机性...', 'val40': '苏至钒，上海钛米机器人研发总监、上海市五一劳动奖章获得者、人工智能高级工程师，长期致力于医疗服务机器人研发。他带领团队在国内率先实现智能机器人在医院场景的应用，产品覆盖全国400多家三甲医院。新冠疫情期间，其团队研发的消毒机器人支援国内外数百家医院，并获媒体报道和推荐。他主持多项国家级科研项目，获发明专利50余项，为智能机器人技术发展作出重要贡献。', 'val41': '王建永，高级工程师，现任上海天演建筑物移位工程股份有限公司总工程师，毕业于河海大学结构工程专业，擅长建筑物移位技术研究。他主持完成了全国十余省市的四十多项移位改造工程，包括上海玉佛禅寺大雄宝殿平移隔震加固工程等标志性项目。在科研创新方面，王建永拥有16项专利，发表论文9篇，参与3项课题研究。他荣获“上海市五一劳动奖章”、上海市科技进步二等奖、华夏建设科技进步奖二等奖和三等奖等省部级以上奖项4项，并获评上海市市级工法三项。', 'val42': '顾锦昕，现任上海老港废弃物处置公司桥修班班长，荣获城投集团首席技师、城投工匠、工人发明家、“上海市五一劳动奖章”、“全国住房城乡建设系统劳动模范”等多项荣誉称号。作为“顾锦昕技师创新工作室”带头人，他在技术创新和技能传承方面成果丰硕，带领团队在起重机械维修、电气化工程等领域取得创新突破。工作室荣获上海市“技师创新工作室”称号，并凭借《桥吊（RCMS）远程监控系统》和《25T吊机电气线路等改造优化》等项目屡获创新奖项，累计为公司每年节约设备维修费用近40万元，为企业发展作出重要贡献。', 'val43': '李彪，现任华能上海石洞口第一电厂检修部锅炉专工、技能带头人，华能华东分公司锅炉专业技能专家。2017年荣获上海市五一劳动奖章，其负责的"李彪技能带头人工作室"于2019年入选宝山区高技能人才培养"双百计划"。他带领团队成功解决了锅炉"四管"泄漏难题，实现电厂锅炉"四管"零泄漏和机组无"非停"目标，曾创华能集团火电机组单机连续运行810天纪录。在技术创新方面，他主持的3项专利已获受理，通过对进口高压闸阀的改进实现了备件国产化。作为技术带头人，他培养了多名优秀技术人才，为企业可持续发展注入新生力量。', 'val44': '张列维，30年坚守炼化装置操作岗位，发表4篇核心期刊论文，推动技术攻关，优化流程。创新"负比值操作法"等三项操作法，使装置环保指标达国际领先水平，创经济效益500余万元。作为"张列维技师创新工作室"带头人，培养出8名全国性及中石化技能竞赛金银铜奖获得者，5名高级技师、5名技师、5名高级工徒弟。担任中石化兼职讲师，参与9个培训项目，设计12门课程，制作148个课件，开发六大系列专业课程，受众近万人。累计在线解答技术难题上万人次，为企业发展贡献力量。', 'val45': '华克勤，作为全国优秀科技工作者、上海市领军人才、三八红旗手标兵及上海市巾帼创新奖获得者，致力于妇科微创术式创新，主持了国际首例腹腔镜下中孕期合并宫颈癌患者保留宫体及胎儿的广泛宫颈切除术，帮助多位宫颈癌患者实现母亲身份。她在妇科肿瘤内分泌治疗及生殖道畸形矫正领域取得国内外领先成果，发表学术论文100余篇（含SCI收录50余篇）。同时，她注重人文关怀，构建新型医患关系，以高尚医德赢得同行及患者信赖，积极参与公益，践行医务工作者的责任与担当。', 'val46': '闫国杰，博士研究生、正高级工程师，现任上海浦东路桥（集团）有限公司研发总监，是上海市重大工程立功竞赛获得者、2015上海市五一劳动奖章获得者及2018浦东新区工匠。致力于新型路用材料研究及应用推广，主持15项重大科研课题，获9项省部级科学技术奖、42项专利授权及5项规范。其“海绵城市排水路面”与“直投式温拌剂”等成果已应用于多省市，创造近2亿元经济效益。其中，“海绵城市排水路面”降低交通噪音5-8分贝，雨天事故率降40%；“直投式温拌剂”使沥青拌和温度降低25-30℃，烟气排放减少50-70%，节能减排效益显著。两项成果分别获中国公路学会科学技术奖二等奖及上海市公路学会科学技术奖一等奖。', 'val47': '赵贺，从事物业维修工作近30年，从水电学徒成长为工程部经理。他先后荣获两届市劳模称号，并于2016年获得全国五一劳动奖章，其团队于2018年被授予市劳模创新工作室。他创新性地采用太阳能板、LED灯和超级电容器解决老式小区路灯问题，优化福申大厦空调系统，自制多种便利工具解决维修难题。作为劳模先进代表，他带领团队开展志愿服务，传授技能培养技术骨干，为行业培养了多名优秀人才。', 'val48': '俞建民，上海三菱电梯有限公司安装人员，从事电梯安装工作42年。他主持或参与完成了上海中心、金茂大厦等多地超高层建筑与重点工程的电梯安装工作。在电梯安装领域不断钻研，创新多项超高速电梯及大跨度扶梯安装工艺，主持编制国内首个超高层建筑电梯无脚手架安装工艺，解决技术难题并填补领域空白。作为公司安装部重大项目主管，带领团队攻克技术难关，提升项目推进效率。2014年被评为首席技师并成立工作室，同年获"上海市工人先锋号"称号，2016年获上海市五一劳动奖章。', 'val49': '顾黄晶，高级技师、高级工程师，硕士毕业于上海交通大学。作为国家电网公司首届青年创新创意大赛金奖获得者，她自主研发电缆检测装备，在电缆运维领域取得多项突破。她创立"满天星"女子电缆团队，五获全国优秀质量小组称号，并获"上海市三八红旗集体"等荣誉。她主持完成多项国家级项目，打造全国首条智慧电缆线路，推动电缆运维数字化转型，累计获创新成果奖46项，主持编写电缆案例集，主编电缆专业书籍4本。她个人获国家发明专利19项，获评上海市电力工匠、国家电网公司青年五四奖章、全国巾帼文明岗等荣誉称号。' ... 19 parameters truncated ... 'val69': '周纪东，荣获全国“五·一”劳动奖章、上海市劳动模范等荣誉。他带领创新团队，运用“互联网+”及IT技术，推动企业高质量发展。主持《SC快速连接器断纤原因分析与光纤接续操作法》等项目，获中国电信员工岗位创新成果优秀奖等。发明《蝶形光缆热熔弓型取纤架》，解决光纤熔接难题，已申请专利。自主研发“一箱十线管控平台”等，提升工作效率并被推广。作为装维技术劳模创新工作室带头人，培训千余人次，推动宽带业务、光纤熔接及智慧家庭技术发展。', 'val70': '康乐，师承多位业内前辈，精通官府菜、淮扬菜和本帮菜，现任上海新锦江大酒店蓝天旋转餐厅厨师长。他创新研发了板蓝根烤菜、蓝天手打面、金鱼戏燕等特色海派菜肴，并成功完成进博会、建党一百周年观光团等多项重大政治接待任务，荣获"三星级酒店星厨"称号。他将传统食材与现代烹饪手法结合，推出高端鲍鱼大肉粽、上海酥 ... (2 characters truncated) ... 外带美食，获"环球美味卓越大师优秀大厨"称号。其代表作蓝天手打面获"淮海杯"金奖，上海酥饼制作技艺被列为非遗项目。康乐积极履行社会责任，担任连锁餐饮企业总厨顾问，推广二十四节气菜品，并多次组织社区公益厨艺活动，培养数十名优秀厨师，荣获上海市五一劳动奖章。他以"执着、专注、务实、创新"的工匠精...', 'val71': '宋明辉，博士，长期奋战在医药行业微生物检测与风险识别技术创新一线，兼任中国分析测试协会华东专家工作组成员、上海市生物信息学会委员。他创新构建了药品微生物鉴定多维关键技术体系，推动我国从国际"跟跑者"向"领跑者"转变，并于2022年荣获上海市科技进步二等奖。他国际首创非无菌药品不可接受微生物风险研判 ... (2 characters truncated) ... 制技术体系，起草完成首个不可接受微生物药典标准，服务企业50余家，助力提升我国医药产品的国际竞争力。他还主持制修订国家药品标准13项和行业标准1项，发表论文30余篇，申请国家专利15项，获得软件著作权3项。凭借突出贡献，宋明辉荣获上海市五一劳动奖章、上海市科技进步奖二等奖、上海市市场监管创新...', 'val72': '朱开荣，作为资深服装设计师和制作工艺专家，从业以来在服装设计与定制领域取得了卓越成就。他曾荣获"全国技术能手"称号，并被评为"上海市五一劳动奖章"、"黄浦工匠"。朱开荣先生自1994年起致力于服装版型研究与创新，早期在上海滩以创业身份专注量身定制服装。2001年加入日本芙莱克斯服饰（上海）有限公司 ... (2 characters truncated) ... 打板师逐步成长为生产部经理。2015年加入上海吾衫科技有限公司，成功开发量身定制服装CAD自动打版系统，并实现裤装、衬衫类及西装外套类常规定制样版制作的智能化与自动化。朱开荣先生还积极参与行业技术标准制定，担任国家职业技能培训创意设计类（服装）上海专家组成员及上海市职业技能鉴定中心考评员。他...', 'val73': '门光德,自2005年加入中国海洋石油系统以来，长期坚守海上一线岗位，为东海海域油气田勘探、开发和测井作业作出重要贡献。作为技术骨干，他积极参与跨平台抢险和技术支持，展现突出专业能力。他主持编写技术公报并开发电缆卡点深度分析程序，显著提升事故处理效率。他还设计测井拖撬指向器，解决多项技术难题，为公司降本增效作出突出贡献。他先后两次代表公司参加油气井测试工技能大赛并均获冠军，2013年获"中国海油技术能手"、"中国海油青年岗位能手"等称号；2015年获"全国五一劳动奖章"、"全国技术能手"等多项殊荣。作为技术带头人，他积极培养测井队伍人才，充分发挥领军示范作用。', 'val74': '曾红林，作为中芯国际的资深研发人员，自2001年起参与并推动了从0.35um至0.11um等多个技术节点的工艺研发。他现担任中芯南方运营特殊工艺技术研发处处长，并倡导"创新是核心竞争力"的理念。曾红林带领团队成功研发了多晶硅互联技术等特种工艺，该技术在2018年中国半导体技术大会CSTIC上获得广 ... (2 characters truncated) ... 注，他本人荣获2016年上海市职工科技创新英才入围奖、2018年度浦东工匠称号以及2019年度上海市五一劳动奖章。他带领的团队在2017年获得上海市第二十九届优秀发明选拔赛金奖，并在中国（上海）国际发明创新展览会上摘得银奖，累计申请并获得国家专利超过160项，在浦东新区科技创新评比中屡获佳绩...', 'val75': '黄轶，中国冶金设备安装技术领域的资深专家，累计完成18万吨设备安装与调试。他获上海市科学技术奖1项、中冶集团科学技术奖2项、中国五矿集团科学技术奖1项、中国安装协会科学技术奖2项、省部级科技成果5项、冶金建设行业部级工法10篇；取得授权发明专利26件、实用新型专利15件，并两次荣获上海市职工先进操作法优秀成果。他创新研发新能源高品质硅钢连退机组核心设备新型安装工艺，在国内首条大型立式连铸机安装中取得重要突破，巩固了中国二十冶行业地位。黄轶同志在国内首创大型烧结机弹性密封滑道直观检测安装法等节能技术，为冶金钢铁行业的可持续发展做出积极贡献。', 'val76': '李强涛，毕业于四川大学核工程与核技术专业，长期投身于核能领域的工程技术研发与系统调试工作。他提出了9项合理化建议，其中5项涉及节能减排，为公司创造经济效益2588.6万元，并总结出12项先进操作法。此外，他拥有3项国家发明专利和5项实用新型专利，参与了9项科研课题，并发表8篇科技创新论文，其中1篇 ... (2 characters truncated) ... 26届太平洋地区核能大会上宣读，另有2篇发表于核心期刊。&#10;&#10;李强涛先后获得上海市闵行区李强涛劳模（职工）创新工作室、首届中国（上海）国际发明创新博览会铜奖、闵行区职工科技创新英才及闵行区职工科技创新英才项目二等奖等多项荣誉。其QC成果分别获得国家工程建设优秀QC成果一等奖和二...', 'val77': '何启超，作为上海航天八院总装精密零件生产制造部门的核心成员及集团高级工程师、特级技师，长期致力于超精密制造领域，参与了载人飞船、空间站建设和月球探测等多项国家重大工程的精密零件研制工作。他成功交付了多种复杂薄壁弱刚性结构产品，并保障了数十次航天发射任务的圆满成功。在实践中，他总结形成了多项先进的数 ... (2 characters truncated) ... 工工艺方法，撰写了10余篇专业论文，并主持编写了企业SOP作业指导书和集团标准与规范。他还创新性地提出了多种基于国产数控机床的加工技术，形成了8项专利成果。作为航天精密加工技能大师工作室的领衔人，他培养了2名全国技术能手和1名世赛特别赛金牌获得者，充分发挥了技能创新和人才培养的引领作用。何启...', 'val78': '徐小平，现任上汽大众汽车有限公司发动机厂维修部门高级经理、党支部书记，是杰出的产业工人代表。他荣获“上海市劳动模范”、“上海市十大工人发明家”、“全国五一劳动奖章”、“中国机械工业技能大师”等称号，并连续三届获得“全国劳动模范”称号，同时是“全国创先争优优秀共产党员”。徐小平以其勤奋好学、善于思考、敬业钻研和勇于创新的精神，带领团队突破技术垄断，推动设备精细化自主维修，创造数以亿计的经济效益，并为企业贡献十几项发明专利。作为新时代产业工人的杰出代表，他在平凡岗位上创造了不凡业绩，为企业发展和社会进步作出重要贡献。', 'val79': '张卫东，1979年进入上海老凤祥有限公司工业中学学习，后成为该公司员工。他是“上海市技术能手”“老凤祥有限公司首席技师”“上海市工艺美术大师”和“黄浦工匠”等多项荣誉称号的获得者。其代表作品《申城庆归》为庆祝澳门回归而创作，制作过程复杂精细。在2010年上海世博会上，他创作的《东方明珠》摆件以精湛的镶嵌工艺展出。作品《中国红》《日月同辉》《旋》《蓝色多瑙河》均获得金奖。他还领衔成立了“海派首饰手工制作工作室”，培养了二十余位专业技术人才，其中包括高级技师和技师，并有多名徒弟在专业领域取得荣誉。', 'val80': '杨颖华，飞机装配特级技师，现任上飞公司ARJ21事业部212工位工段长，被誉为"结构第一枪"。曾服役期间获三等功，退役后扎根生产一线25年，参与ARJ21飞机总装制造，从普通工人成长为特级技师。他全面掌握翼身对接铆装技能，在新支线飞机批产提速中发挥关键作用，成功完成多架试验机中央翼壁板改装等高风险 ... (2 characters truncated) ... 。创新设计制孔定位工装，优化高锁螺母拆除工具，研制大部件自动调姿设备，解决中机身机翼对接难题。带领团队解决改装难题5项，完成急难险重任务10余项。先后荣获2023年上海市五一劳动奖章、2021年全国技术能手、2018年大飞机工匠等称号，并于2022年入选第二批中央企业"大国工匠"培养支持计划...', 'val81': '任建新，作为资深技术专家，自1987年起投身工作，师从全国劳模陈祖权后，技术水平显著提升，成长为高级技师。他累计完成25项技术攻关和创新，其中11项获国家专利，创造1200多万元经济效益。2011年入选上海市首批"首席技师"，2014年荣获"上海市技能大师"称号。他精通车、铣、刨、磨、数控设备操作 ... (2 characters truncated) ... 长工装刀具设计与制造工艺制定，在进口刀具国产化、工装优化等领域成果显著。齿形组合拉刀研制尤其突出，解决了±0.007mm公差难题，获上海市优秀发明选拔赛金奖。他推广技术成果，总结三项先进操作方法，论文荣获机械工业高技能人才优秀论文二等奖。培养3名徒弟晋升技师、2名晋升高级技师，任上海市技师协...', 'val82': '陈斌，国家高级技师，拥有"中国烹饪大师"、"上海名厨"、"上海市技术能手"等多项荣誉称号，并荣获"上海市五一劳动奖章"。他主编出版《四季口福崇明菜》，擅长艺术雕刻，掌握羊、虾、鸟等雕刻绝活。作为中式烹调师考评员，他参与中式烹调师教材修订，培养300多名初级、中级、高级厨师。他创新研发"东坡山羊肉"和"泰式酥仔鱼"，获"第十三届中国厨师节"金奖，主持制定多项管理制度，推动菜肴标准化管理。2018年，他被认定为崇明白山羊菜肴制作非遗传承人。', 'val83': '陈志农，是江南造船集团总装部的一名船舶钳工高级技师，从事船舶轮机安装及设备调试工作已有38年。他荣获了中国船舶公司劳动模范、上海市劳动模范、全国技术能手、上海市首席技师、上海市十大工人发明家等多项荣誉称号。近十年来，他以"努力奉献，不断创新"为座右铭，在创新和发明方面取得了显著成就，先后获得10项国家专利，填补了多项国内技术空白，并撰写了多篇中国海军科技报告。2012年，以他名字命名的国家级技能大师工作室正式成立，为培养更多优秀技术人才做出了贡献。', 'val84': '朱敏明，作为资深大件运输专家，长期服务于上海交运大件运输有限公司，专注于特种货物运输与操作。他熟练掌握特种车辆"格拉夫霍尔全转向车辆"的操作技术，牵头编写培训教材，提升设备使用效率和作业安全水平。自主研发设计多项专用工装设备，解决企业生产难题，创造显著效益。曾参与2019年国庆上海彩车运输任务，设计滚装装卸方案，确保彩车安全运输。近年来主导振华重工项目技术支撑与组织工作，为企业重点业务发展提供保障。他先后获得上海市劳动模范、全国优秀农民工、全国五一劳动奖章等荣誉，展现了卓越的职业素养和专业精神。', 'val85': '张冬伟，作为中国船舶工业的杰出代表，参与了74500吨散货船、110000吨成品油轮、10000箱集装箱船等船舶的建造，并作为首批LNG船殷瓦焊工参与了中国20多条LNG船的建造，创造了多个中国第一、世界第一。他编写了多项实船焊接工艺，参与调试LNG船用TIG焊国产化焊机等设备，并培养了100余名复合型殷瓦焊工，其中多人成为技术骨干或班组长。张冬伟在焊接领域屡获殊荣，包括2006年第二十届中国焊接博览会优秀焊工表演赛一等奖、2012年全国技术能手、2015年享受国务院政府特殊津贴、2017年全国五一劳动奖章等多项荣誉。他以精湛技艺和无私奉献精神，为中国船舶工业高质量发展作出了重要贡献。', 'val86': '张淑平，博士，三级教授，博导，上海领军人才，上海市劳模，校化学学科带头人，建国70周年纪念章获得者。长期专注于海藻研究，主持完成多项国家级和省部级项目，推动海藻生物技术创新，获批国家级产业示范基地，率先提出海藻生物制造理论并成立创新工作室，致力于全绿色海藻生物制造项目。荣获上海市三八红旗手标兵、国务院民族团结进步模范等多项奖项，发表论文百余篇，拥有国家发明专利十余件，主编教材专著3部，为海藻及化工医药领域作出重要贡献。', 'val87': '李文标，作为长期奋战在施工一线的技术专家，他以"钉钉子精神"面对急难险重任务，潜心钻研技术，并在实践中不断总结经验、创新优化。他成功发明了"DWG－4D电动液压弯管机改装成多功能液压弯管机"，实现了360度旋转功能，有效保护了设备核心部件，并将工作效率提升数倍。同时，他还开发了管道艺术化铺设安装技 ... (2 characters truncated) ... 自制循环酸洗带酸检测管、液压管道酸洗及油冲洗新配方等多项工艺改进成果。这些创新成果在宝钢、湛钢、乐山福华等多个重点工程项目中得到广泛应用，并被中冶集团及中国安装行业推广应用，产生了重要影响。李文标同志还通过传帮带的方式培养了多名技术骨干，这些徒弟现已成长为项目施工一线的中坚力量。在28年职业...', 'val88': '钱文昊，作为徐汇区优秀共产党员，长期致力于口腔医学领域，累计获得上海市先进工作者、上海市五一劳动奖章等三十余项荣誉称号。他首创显微根管诊疗技术，填补国内空白，并牵头完成四项技术创新，使疑难病例治愈率提升至95.2%。科研方面，他联合中科院开展研究，以第一作者身份发表高影响因子论文，并获上海市科技进步二等奖等多项荣誉。钱文昊主持上海市自然科学基金等课题，主编专著3本，担任中华口腔医学会委员等职务。其创新技术为患者节省医疗费用超5000万元，获院士联名表扬。', 'val89': '周胜勇，作为机电一体化技术领域的专家，从一线技术人员成长为工程师和管理者，涉及热电、纺织、石油、不锈钢加工等多个行业。他带领团队研发23条不锈钢加工自动化生产线，完成30余项技术攻关，申请国家发明专利3项，实用新型专利13项，并荣获2020年和2021年“上海市崇明区职工先进操作法优秀成果奖”。& ... (2 characters truncated) ... 0;&#10;周胜勇积极投身绿色低碳能源建设，主持光伏发电项目，年发电1048万千瓦时，年减碳约260吨CO₂。他还负责分散式风力发电项目，预计年发电4078万千瓦时，年减碳约17043.64吨CO₂。2020年以来，其团队累计节约电能647万度，减碳约2700吨。&#10;&#10;作为一...', 'val90': '张彦，作为一名共产党员和集装箱桥吊操作者，凭借精湛技术和团队协作，七次刷新桥吊单机和船时量作业效率的世界纪录。他创造的每小时196.64自然箱的单机效率至今未被超越。张彦带领团队攻克12项技术难题，其中“新型桥吊节能操作方法”每年为公司节省128万元能源消耗。他总结经验形成“张彦操作法”，并培养了150余名优秀司机。作为上海市劳模创新工作室带头人，张彦在“双吊具边卸边装”新工艺推广中做出重要贡献，提升效率49.25%，显著减少资源投入。他荣获上海市劳动模范、全国五一劳动奖章等多项荣誉，为洋山深水港建设做出突出贡献。', 'val91': '李湛，曾获上海市机械制图竞赛一等奖、行业技能竞赛第一名，先后荣获全国技术能手、上海市劳动模范等称号。作为高级技师，他参与制定烟草行业技术工人职业标准，主持多项专利和40余项技术改进，成功解决德国工程师未果的技术难题。他累计授课500余课时，培养行业高技能人才，策划实施141项现场改善项目，节约成本显著。疫情期间，他逆行驻厂38天，保障制丝设备运行。李湛以"小改动、显成效"理念推动技术革新，为行业发展作出突出贡献。', 'val92': '姜峰，现任中建五局安装工程有限公司华东分公司技术总工，累计参与10余项重点工程建设，获鲁班奖1项、上海市用户满意工程等奖项20余项。他主持编制《全置换新风加辐射智能空调系统施工工法》，推动企业业务拓展，累计实现合同额5亿元。姜峰在暖通工程设计领域潜心钻研，获3项中国安装协会科技进步奖及20余项专利 ... (2 characters truncated) ... 法和QC成果。他创新研发的《双叉车顶升组对大口径管道安装技术》工法，解决施工难题，荣获第二届上海职工优秀创新成果三等奖。姜峰注重技艺传承，培养出静安能手3人、大宁街道工匠之星3人，孵化区级创新工作室3个，多人成长为项目经理或工程师。他积极参与社会服务，入选静安区劳模工匠助企行试点，并成功签约...', 'val93': '吴毅，复旦大学附属华山医院康复医学科主任、教授、主任医师、博士生导师，上海市“五一”劳动奖章获得者，上海医务工匠，上海市康复医学会“临床康复领军人才”。他提出“精准定位、精准诊断、精准康复”理论体系，建立“非侵入性脑功能检查和刺激技术”平台，推动康复医学发展。吴毅教授主持国家自然科学基金等16项科研项目，发表SCI论文36篇，获省部级以上科技奖励10余项，授权专利15项。他带领团队连续三年获复旦版中国医院专科声誉榜榜首。', 'val94': '纵波，普陀区总工会网约配送员，凭借扎实的工作态度和不懈努力，在网约配送行业书写了的成长与奉献故事。他从普通外卖配送员做起，以准时送达和微笑服务践行"工匠精神"，逐步晋升为片区经理。在管理岗位上，他引入精益管理理念，利用数据分析优化配送效率，展现了卓越的团队领导能力和创新思维。2024年，他在全国第八届职工职业技能大赛中荣获网约配送员工种第九名，体现出对"工匠精神"的深刻理解和躬身力行。他的故事激励着更多人将专业精神融入工作，追求卓越。', 'val95': '黄红雄，全国劳动模范、全国五一劳动奖章、全国技术能手、上海市杰出技术能手、上海市劳动模范、华谊集团公司首席技师，享受国务院政府特殊津贴。作为轮胎行业核心设备电气检修调试专家，他将钢丝压延机停机率控制在2%以下，设备运行水平国际领先。黄红雄通过技术革新提升设备产能，为企业节约数千万元。他主持的技术改造项目提升了设备生产能力及维修效率。2012年，他革新内衬层压延机卷取方式，贴合精度达98%，获上海市劳动保护绿十字奖优胜奖。他创建国家级技能大师工作室，完成技术攻关课题16项，培养了大批技能人才。黄红雄带领团队为轮胎民族品牌的振兴贡献智慧，践行创新驱动发展战略。', 'val96': '姚启明，作为国际汽联IWG组织中唯一的亚洲面孔和全球赛道设计师中唯一的亚洲女性，凭借赛道速度仿真等国际领先技术，助力中国赛车场建设实现跨越式发展，获国际汽联主席让·托德高度评价。作为全国劳模和工匠人才创新工作室带头人，她取得了60余项创新成果，创造了30多项“中国第一”或“世界第一”，并完成20余项公益援助项目。她还起草我国首部赛道设计行业标准，参与撰写“十三五”国家重点图书《中国汽车运动发展史》，长期开展科普知识讲座。她的事迹被《人民日报》报道，并多次在央视网《中国梦实践者》栏目分享奋斗故事，展现了基层工匠的卓越贡献。', 'val97': '花荣同志，自1990年起奋战在海军舰船动力系统修理一线，熟练掌握多种修理技能，多次解决重难点工程问题，成长为海军舰艇动力系统维修保障领域的领军人物，被誉为海军舰艇“心脏”保护神。他曾获得“海军企业青年岗位能手”、“上海市技术能手”等多项荣誉。他带领团队攻克技术难点60余项，设计制作工装夹具80余套，累计节约维修经费300余万元，并通过培训培养技能骨干650人次。他还多次参加国产航母专家组评审工作，为海军装备保障事业发展作出了重要贡献。', 'val98': '房敏，全国首位中医推拿学博士，教授，主任医师，博士生导师，岐黄学者，国家“万人计划”教学名师，国家杰出青年科学基金获得者，科技部“973计划”首席科学家，第七批全国老中医药专家学术经验继承指导教师，上海市名中医。他坚守中医推拿临床35年，创新提出"手摸心会"客观化评估方法，创立筋骨病"筋骨失衡，以筋为先"病机学说。主持完成国家杰青项目、行业专项、科技部"973"计划等国家级科研项目，牵头组建长三角推拿专科联盟，荣获国家教学成果一等奖、上海市科技进步一等奖等多项荣誉。', 'val99': '王康健，是我国轧钢领域的高级技师与技能专家，宝钢第一代主操作工。他从宝钢冷轧一期建设起，参与了各期发展，成长为分厂副厂长并担任多家机构要职。他享有国务院特殊津贴，曾获全国"五一"劳动奖章、中华技能大奖等多项荣誉。扎根一线40余年，他解决设备疑难杂症350余项，改进操作工艺150余项，主导科研项目25项，拥有121项专利，并多次获得国家科技进步奖等重要奖项。以他命名的技能大师工作室在推动创新方面发挥了重要作用，培养了多名优秀人才，为宝钢冷轧领域达到行业领先地位作出重要贡献。', 'val100': '黄卫国，市劳动模范，资深水电工。从业三十余年，秉持"把平凡的事做好就不平凡"的理念，在水电维修领域深耕细作。他通过结对拜师学艺活动，将丰富实践经验传授给年轻员工，发挥劳模示范引领作用。在工作中，他善于解决实际问题，展现精湛技术。例如，他用其他材料制作销子成功修复老式虹吸水箱，解决装修施工遗留问题，保障业主利益。他定期组织技术培训，培养技能过硬的维修队伍，传承徐虎精神，为企业培养大批技术骨干。黄卫国以实际行动诠释劳模责任，用精湛技术和无私奉献赢得广泛认可。', 'val101': '翟军斌，2008年加入汽修三厂，凭借刻苦钻研从普通工人成长为车间主任，荣获劳动模范称号。他在实践中总结出传统与新能源结合的维修方法，成功修复周公馆"别克"车及陈云纪念馆"红旗"车，获文管会认可。他带领团队攻克技术难题，培养8名中级和高级工，提升企业竞争力。自2020年起，参与交通广播节目，展现专业素养，助力企业社会影响力提升。', 'val102': '金燕卿，扎根上海港装卸生产一线23年，成为桥吊本地操作员中的佼佼者，在中国技能大赛中获得全国三等奖。他创新桥吊智能远程装卸流程，助力上海"五个中心"建设，参与全球单体规模最大、百分百"中国芯"的洋山四期自动化码头建设，填补业界空白，使码头开港即创全球纪录。金燕卿首创特殊装卸工艺，总结《自动化码头桥吊远程操作法》等，获"上海市职工先进操作法创新奖"。他培养洋山四期50%以上桥吊远程操作员，支援国内外码头建设，推进"超远程智慧指挥控制中心"项目，开创港口机械超远程控制先河。金燕卿为上海港连续14年蝉联全球第一作出突出贡献。', 'val103': '李鹃伟，现任上海地铁维护保障有限公司车辆分公司钳工、高级技师、大修厂制动班组长，是全国技能大师工作室带头人。他秉持"干一行、爱一行"的精神，在列车制动系统研究领域不断创新突破，为企业创造显著效益。李鹃伟先后获得上海市劳动模范称号、国务院津贴等多项荣誉，其工作室被评为全国技能大师工作室。他主导的两项先进操作法和八项技术专利累计为企业节约维修成本2248万元，其中"多车型空气弹簧试验设备操作法"被评为上海市先进操作法。李鹃伟始终活跃在车辆检修一线，致力于提升列车行驶安全性和平稳性，展现了新时代工匠的使命担当。', 'val104': '王海斌，现任上海徐房房屋维急修中心党支部书记、主任，并兼任徐汇区劳模协会会长。作为资深工匠，他从基层水电维修工做起，成长为行业领军人才，并入选上海首批房管行业领军人才培养计划。他带领团队承担徐汇区3040万平方米居住物业的应急维修任务，2010年被授予"全国劳动模范"称号。他依托"王海斌劳模创新工 ... (2 characters truncated) ... "，研究房屋水电设备疑难杂症，总结"判、听、看、探、定"五步工作法，荣获"上海市职工先进操作法优秀成果奖"。他还创新节水型屋顶水箱清洗操作方法，获上海市物业管理行业"金点子"创新成果入围奖，并推动"互联网+"技术应用，研发"宅维修"APP，提升维修效率75%。他培养了1名上海市劳动模范、2名...', 'val105': '罗清篮，漏洞银行（上海谋乐网络科技有限公司）创始人、董事长，系2019年上海市领军人才、2020年上海市科学技术发明一等奖获得者。自幼展现计算机网络安全天赋，18岁成为四川某安全公司首席技术顾问，后保送至东华大学信息安全专业。在校期间创办网络协会，组建创业团队，积累大量技术与实践经验。其主导研发的科技创新项目多次获省级、国家级奖项，曾受邀与多位政府领导会面，并接受中央电视台等权威媒体专题报道。现专注于信息安全领域科技创新，其创立的"漏洞银行"全球漏洞悬赏平台服务上海市上千家重要企事业单位，赢得众多知名企业信赖。', 'val106': '胡振球，长期从事机械设计加工及钣金工等工作，专业能力突出，技术成果丰硕。他取得高级技师职称，并多次荣获上海市农民工先进个人、闵行区工人发明家、全国劳动模范等称号。胡振球在技术革新方面表现卓越，完成技术革新50余项，获得发明专利14项，其中"吸尘车整车预装工装"改进使装配工期缩短至1天，整车装配合格 ... (2 characters truncated) ... 98%以上，每年为企业节约成本560多万元。他研发的纯吸式道路吸尘车大幅提升了清洁效率，首创的"卸料抑尘装置技术"和"吸尘车树叶粉碎技术"解决二次扬尘及树叶处理难题。其创新成果在环保、节能及资源循环利用方面取得显著社会效益。胡振球同志屡获殊荣，包括第七届国际发明展览会"金奖"、闵行区五一劳动...', 'val107': '毕道伟，清华大学毕业后投身核电事业，致力于智慧核电领域创新研究，主持国家科技重大专项课题2项，掌握多项关键技术。他主持制定我国首个核电IEC国际标准及世界首个核电人工智能应用国际标准，在国际标准化领域取得历史性突破，创造"中国速度"。在"绽放杯"大赛中获全国三等奖，荣获"上海核电"品牌贡献奖，获2021上海城市数字化转型"智慧工匠"称号。参与制定2项能源行业标准，主持完成2项国家标准，获发明专利授权7项。他推动智慧核电国际化发展，受邀参加ITU、IAEA等重要会议并作报告，为提升我国国际影响力作出突出贡献。', 'val108': '杨铁毅，杰出外科医生，深耕医疗领域近30年，秉持"精益求精、追求卓越"的工匠精神，在医疗器械研发和手术技术改良方面成就显著。他成功研发多项医疗设备，获3项国家发明专利和4项实用新型专利，其中"骶髂螺钉导向器"获"十佳最具价值创新设计大奖"并实现成果转化。他优化改良多项手术技术，"四肢微创手术"获浦东新区科技进步一等奖。他还参与公益事业，发起"青苗行动"，完成多例慈善手术，参与颈椎保健活动，普及健康知识。他先后获得浦东新区职工科技创新英才二等奖、"浦东工匠"称号、"浦东工匠创新工作室"和上海市五一劳动奖章等多项荣誉。', 'val109': '王浩，现任上海王宝和大酒店有限公司行政总厨，中国烹饪大师、上海市非物质文化遗产项目王宝和蟹宴烹饪技艺代表性传承人。自1981年起师从蟹宴创始人戴建葆，潜心钻研传统蟹菜制作工艺，获"中国名厨白金奖"、"中华金厨奖"、"上海市五一劳动奖章"等多项殊荣。他创新研发 crab dishes，使王宝和蟹菜品种达七十多种。通过"王浩烹饪技艺创新工作室"培养骨干人才，建立创新菜评审机制，推动企业菜品创新。多次率队赴日本、香港、台湾等地推广蟹文化，提升品牌影响力。致力于中华美食文化的传承与发展。', 'val110': '朱道义，师承插花花艺大师梁胜芳，深耕插花领域二十余年，擅长将自然与艺术结合，创作主题鲜明的作品。他立足传统，研究插花六大法则与空间布局，融合东西方技法，形成独特风格。他曾参与APEC会议、上海静安区花街设计及北京奥运会礼仪用花创作，荣获两项银奖。近期，他被授予全国五一劳动奖章，以表彰其在插花花艺领域的卓越贡献。', 'val111': '朱建华，沪东中华造船（集团）有限公司首席技师，从事船台总装电焊工作二十余年，荣获全国五一劳动奖章、享受政府特殊津贴等荣誉。他担任高级技校首席实习教师，获"金牌教练"称号，编著《船舶电焊工基础工艺学》并通过专家审核，主持研发"CO2自动焊接设备教学模拟机"并申报科研成果。朱建华在学术研究与技术创新方 ... (2 characters truncated) ... 得多项成果，包括校译技术开发、编撰操作手册、获优秀论文奖及发明专利。他创新多项焊接技术，成功锁定双相不锈钢焊接工艺参数，为提升焊接质量提供依据。朱建华积极推动特殊材料焊工培训，培养多名优秀焊工，含高级技师魏凤云、李占友等，指导刘鹏鹏等年轻选手屡获焊工技能竞赛佳绩。此外，他参与制定焊接技师评审...', 'val112': '周向争，作为国内最早从事轨道交通自动售检票系统研发的技术人员之一，长期奋战在科研和项目工程一线，主持和参与的多个项目取得了显著的社会效益和经济效益，先后荣获上海市劳动模范、全国五一劳动奖章、上海市科技进步一等奖等多项荣誉。他通过大量工程实践，不断改进自动售检票系统核心设备，创造性地对原有进口设备进 ... (2 characters truncated) ... 术改造，保护了国家上亿元的资产投入，满足上海轨道交通营运需求的变化。同时，他还参与了国内多个城市自动售检票系统的建设工作，并在业内树立了权威地位。周向争自主研发了具有自主嵌入式实时操作系统的自动检票机设备，提升了设备的结构性能，并在人体识别智能识别技术和关键模块研发方面取得突破性进展，打破了...', 'val113': '周彩存教授，从事医疗工作三十余年，专注于肺癌早期诊断及晚期精准治疗领域，是我国肺癌研究领域的杰出代表。在他的带领下，团队建立了全面、精准、快速的肺癌诊疗体系，研究成果发表于国际顶级期刊并被十多项国内外权威临床指南采纳，显著提升了我国肺癌患者的生存率。该诊疗体系在全国150多家医疗机构推广应用，惠及 ... (2 characters truncated) ... 患者。周教授担任《CSCO非小细胞肺癌诊疗指南》编写组组长，积极推动我国肺癌规范化诊疗工作。&#10;&#10;凭借突出贡献，周彩存教授获得国家科技进步二等奖、上海市科技进步一等奖等多项国家及省部级奖励，并荣获国务院特殊津贴、上海市五一劳动奖章、“国之名医·卓越建树”称号、上海市首届“医德楷...', 'val114': '夏术阶，中国知名泌尿外科专家，国际首创铥激光前列腺切除术的主创人，技术已纳入中国及欧美泌尿外科诊疗指南，并被《坎贝尔-沃什泌尿外科学》收录。他解决多项前列腺微创难题，制定超大前列腺手术标准，创新术后功能保留，创建修复理论与并发症预防方法，获国际F1000高度评价。在全国范围内推广先进技术，培训医务人员3万余人次，建立多地泌尿外科中心。他培养大批医疗骨干，积极投身公益，推动国产设备研发，降低治疗成本。夏术阶以精湛技术、严谨态度与无私奉献，成为医疗卫生领域的标杆人物，获国家"万人计划"科技创新领军人才、全国卫生系统先进工作者、国之名医、五一劳动奖章等多项荣誉。', 'val115': '方焯，高级工程师，现任上海药明奥测医疗科技有限公司首席科学官兼首席技术官。她本科就读于华中科技大学少年班，师从骆清铭院士，23岁时获博士学位，研究成果发表于Nature等国际顶级期刊，单篇论文引用超4000次，主持国家及上海市科研项目，申请专利13项。&#10;&#10;在科研与产业化领域，方焯博士带领团队成功开发多项国际领先创新产品，为临床诊疗提供重要支持。她与复旦大学附属儿童医院合作研发全球首创整合诊断产品，建立"中国胆道闭锁协作网"，并在精准用药和神经疾病领域取得突破性成果。&#10;&#10;方焯博士荣获上海市五一劳动奖章、浦江人才、Eli...', 'val116': '刘颖斌，现任上海交通大学医学院附属新华医院副院长、普外科行政主任、上海市胆道疾病重点实验室主任，荣获教育部长江学者特聘教授、上海市五一劳动奖章、上海市科技精英、第十九届吴杨医学药学奖、药明康德生命化学研究奖学者奖、杨浦区第十批拔尖人才等多项荣誉，并担任美国外科医师学院外籍会员、上海市第八届抗癌协会 ... (2 characters truncated) ... 事长、上海市医学会外科分会胆道学组组长等职务。他在肝、胆、胰等恶性肿瘤及腹腔疑难疾病的外科治疗领域具有丰富经验，是国内率先提出“胰头癌全系膜切除”和“三步法胃癌淋巴结清扫策略”的专家，并在胆囊癌的基础及转化医学研究方面取得显著成就。作为学科带头人，他注重人才培养和梯队建设，积极参与公益活动，...', 'val117': '涂意辉，我国膝关节单髁置换术领域的开拓者之一，2006年在上海率先开展该技术，已完成4000余例手术，手术时间仅需45分钟，切口仅6厘米，保留交叉韧带，效果显著。其主持完成的单髁手术量全球最多，1026例手术零失败，优良率达98%。他发明了三项国际领先技术，发表SCI论文5篇，核心期刊文章28篇，获发明专利16项，主持国家级及市级课题6项。作为同济大学副教授、博士生导师，培养博士3名，举办10期全国微创单髁置换技术培训班，培训进修生280余名。涂意辉先后荣获上海市五一劳动奖章、上海市科学技术奖、上海市康复医学科技奖一等奖等荣誉，并被授予"杨浦工匠"称号。', 'val118': '谢邦鹏，清华大学博士毕业，现任国网上海浦东供电公司配电运检室副主任，长期扎根基层生产一线。在世博保电、核心区世界一流配电网建设、迪士尼保供电等重大任务中表现突出，获"全国五一劳动奖章""上海市劳动模范""国家电网公司劳动模范"等多项荣誉。&#10;&#10;谢邦鹏在继电保护和配电自动化领域具有深厚 ... (2 characters truncated) ... 功底，主持参与了线损管理、无功补偿等十余项创新性科技项目研究，获上海市科技进步三等奖等多项荣誉。他独立研发的"大电流试验万用组合短接工具"等创新成果获多项专利授权并推广应用。同时，他带领团队发表中英文科技论文十余篇，获得发明专利授权9项、实用新型专利授权32项。&#10;&#10;作为劳模宣...'}]
(Background on this error at: https://sqlalche.me/e/20/f405)
