2025-05-07 14:18:34,816 ChatBI->     INFO     开始
2025-05-07 14:18:35,049 ChatBI->     INFO     
2025-05-07 14:18:35,050 ChatBI->     INFO     你好
2025-05-07 14:18:35,066 ChatBI->     INFO     ！
2025-05-07 14:18:35,091 ChatBI->     INFO     我
2025-05-07 14:18:35,116 ChatBI->     INFO     是一个
2025-05-07 14:18:35,142 ChatBI->     INFO     由
2025-05-07 14:18:35,167 ChatBI->     INFO     阿里
2025-05-07 14:18:35,190 ChatBI->     INFO     云
2025-05-07 14:18:35,214 ChatBI->     INFO     开发
2025-05-07 14:18:35,245 ChatBI->     INFO     的人
2025-05-07 14:18:35,263 ChatBI->     INFO     工
2025-05-07 14:18:35,288 ChatBI->     INFO     智能
2025-05-07 14:18:35,312 ChatBI->     INFO     助手
2025-05-07 14:18:35,337 ChatBI->     INFO     ，
2025-05-07 14:18:35,362 ChatBI->     INFO     专门
2025-05-07 14:18:35,386 ChatBI->     INFO     设计
2025-05-07 14:18:35,410 ChatBI->     INFO     来
2025-05-07 14:18:35,435 ChatBI->     INFO     帮助
2025-05-07 14:18:35,460 ChatBI->     INFO     用户
2025-05-07 14:18:35,485 ChatBI->     INFO     解答
2025-05-07 14:18:35,508 ChatBI->     INFO     问题
2025-05-07 14:18:35,532 ChatBI->     INFO     、
2025-05-07 14:18:35,559 ChatBI->     INFO     提供
2025-05-07 14:18:35,581 ChatBI->     INFO     信息
2025-05-07 14:18:35,608 ChatBI->     INFO     和支持
2025-05-07 14:18:35,631 ChatBI->     INFO     各种
2025-05-07 14:18:35,655 ChatBI->     INFO     任务
2025-05-07 14:18:35,679 ChatBI->     INFO     。
2025-05-07 14:18:35,706 ChatBI->     INFO     我可以
2025-05-07 14:18:35,729 ChatBI->     INFO     处理
2025-05-07 14:18:35,753 ChatBI->     INFO     多种
2025-05-07 14:18:35,777 ChatBI->     INFO     语言
2025-05-07 14:18:35,802 ChatBI->     INFO     ，
2025-05-07 14:18:35,827 ChatBI->     INFO     涵盖
2025-05-07 14:18:35,850 ChatBI->     INFO     广泛
2025-05-07 14:18:35,876 ChatBI->     INFO     的主题
2025-05-07 14:18:35,899 ChatBI->     INFO     ，
2025-05-07 14:18:35,925 ChatBI->     INFO     包括
2025-05-07 14:18:35,949 ChatBI->     INFO     但不限于
2025-05-07 14:18:35,973 ChatBI->     INFO     科技
2025-05-07 14:18:35,999 ChatBI->     INFO     、
2025-05-07 14:18:36,022 ChatBI->     INFO     历史
2025-05-07 14:18:36,047 ChatBI->     INFO     、
2025-05-07 14:18:36,071 ChatBI->     INFO     文化
2025-05-07 14:18:36,096 ChatBI->     INFO     、
2025-05-07 14:18:36,120 ChatBI->     INFO     娱乐
2025-05-07 14:18:36,144 ChatBI->     INFO     和
2025-05-07 14:18:36,171 ChatBI->     INFO     日常生活
2025-05-07 14:18:36,193 ChatBI->     INFO     。
2025-05-07 14:18:36,218 ChatBI->     INFO     我的
2025-05-07 14:18:36,242 ChatBI->     INFO     目标
2025-05-07 14:18:36,267 ChatBI->     INFO     是
2025-05-07 14:18:36,292 ChatBI->     INFO     提供
2025-05-07 14:18:36,315 ChatBI->     INFO     准确
2025-05-07 14:18:36,339 ChatBI->     INFO     、
2025-05-07 14:18:36,364 ChatBI->     INFO     有用
2025-05-07 14:18:36,390 ChatBI->     INFO     和
2025-05-07 14:18:36,414 ChatBI->     INFO     及时
2025-05-07 14:18:36,448 ChatBI->     INFO     的信息
2025-05-07 14:18:36,464 ChatBI->     INFO     ，
2025-05-07 14:18:36,487 ChatBI->     INFO     以
2025-05-07 14:18:36,512 ChatBI->     INFO     帮助
2025-05-07 14:18:36,536 ChatBI->     INFO     用户
2025-05-07 14:18:36,561 ChatBI->     INFO     更好地
2025-05-07 14:18:36,585 ChatBI->     INFO     理解和
2025-05-07 14:18:36,610 ChatBI->     INFO     解决问题
2025-05-07 14:18:36,634 ChatBI->     INFO     。
2025-05-07 14:18:36,659 ChatBI->     INFO     如果你
2025-05-07 14:18:36,683 ChatBI->     INFO     有任何
2025-05-07 14:18:36,708 ChatBI->     INFO     问题
2025-05-07 14:18:36,732 ChatBI->     INFO     或
2025-05-07 14:18:36,757 ChatBI->     INFO     需要
2025-05-07 14:18:36,781 ChatBI->     INFO     帮助
2025-05-07 14:18:36,806 ChatBI->     INFO     ，请
2025-05-07 14:18:36,829 ChatBI->     INFO     随时
2025-05-07 14:18:36,854 ChatBI->     INFO     告诉我
2025-05-07 14:18:36,879 ChatBI->     INFO     ！
2025-05-07 14:18:36,904 ChatBI->     INFO     
