2025-05-07 22:14:40,250 ChatBI->     INFO     Found enum field: 事实认定 with 10 values
2025-05-07 22:14:40,329 ChatBI->     INFO     Found enum field: 事项大类 with 22 values
2025-05-07 22:14:40,393 ChatBI->     INFO     Found enum field: 事项类别 with 4 values
2025-05-07 22:14:40,486 ChatBI->     INFO     Found enum field: 协同部门 with 15 values
2025-05-07 22:14:40,698 ChatBI->     INFO     Found enum field: 工单类型 with 5 values
2025-05-07 22:14:40,729 ChatBI->     INFO     Found enum field: 市紧急程度 with 2 values
2025-05-07 22:14:40,836 ChatBI->     INFO     Found enum field: 所属片区 with 10 values
2025-05-07 22:14:40,880 ChatBI->     INFO     Found enum field: 所属街道 with 8 values
2025-05-07 22:14:40,942 ChatBI->     INFO     Found enum field: 是否满意区回访 with 5 values
2025-05-07 22:14:40,970 ChatBI->     INFO     Found enum field: 是否解决区回访 with 5 values
2025-05-07 22:14:40,975 ChatBI->     WARNING  Error processing column 案件描述/内容描述: (mysql.connector.errors.ProgrammingError) 1054 (42S22): Unknown column '案件描述' in 'field list'
[SQL: 
                SELECT DISTINCT 案件描述/内容描述 
                FROM hongkou 
                WHERE 案件描述/内容描述 IS NOT NULL 
                LIMIT 1000
            ]
(Background on this error at: https://sqlalche.me/e/20/f405)
2025-05-07 22:14:41,029 ChatBI->     INFO     Found enum field: 案件期限 with 12 values
2025-05-07 22:14:41,036 ChatBI->     WARNING  Error processing column 案件来源/信息来源: (mysql.connector.errors.ProgrammingError) 1054 (42S22): Unknown column '案件来源' in 'field list'
[SQL: 
                SELECT DISTINCT 案件来源/信息来源 
                FROM hongkou 
                WHERE 案件来源/信息来源 IS NOT NULL 
                LIMIT 1000
            ]
(Background on this error at: https://sqlalche.me/e/20/f405)
2025-05-07 22:14:41,128 ChatBI->     INFO     Found enum field: 状态 with 6 values
2025-05-07 22:14:41,156 ChatBI->     INFO     Found enum field: 紧急程度 with 2 values
2025-05-07 22:14:41,201 ChatBI->     WARNING  Error processing column 结案期限(是否超时): (mysql.connector.errors.ProgrammingError) 1305 (42000): FUNCTION 12345.结案期限 does not exist
[SQL: 
                SELECT DISTINCT 结案期限(是否超时) 
                FROM hongkou 
                WHERE 结案期限(是否超时) IS NOT NULL 
                LIMIT 1000
            ]
(Background on this error at: https://sqlalche.me/e/20/f405)
2025-05-07 22:14:41,229 ChatBI->     INFO     Found enum field: 诉求认定 with 4 values
2025-05-07 22:14:41,229 ChatBI->     INFO     enum_values: {'事实认定': ['不属实', '不采纳', '对政策解释不接受', '属实', '无政策依据', '有政策依据', '留作参考', '部分属实', '部分采纳', '采纳'], '事项大类': ['公共交通', '卫生计生', '发展改革', '商务', '国资', '城管执法', '安全生产', '市场监管', '市政建设', '应急救援', '房屋保障', '民生服务', '水务工作', '消防安全', '环境保护', '社会治安', '社区共治', '科教文卫体', '绿化市容', '行政服务', '规划管理', '金融'], '事项类别': ['公共安全', '公共服务', '公共管理', '经济发展'], '协同部门': ['公安局虹口分局', '公安局虹口分局,虹口区市场监督管理局', '北外滩街道办事处', '嘉兴路街道办事处', '四川北路街道办事处', '曲阳路街道办事处', '江湾镇街道办事处', '虹口区住房保障和房屋管理局', '虹口区卫生健康委员会', '虹口区市场监督管理局', '虹口区建设和管理委员会', '虹口区生态环境局,虹口区市场监督管理局', '虹口区绿化和市容管理局', '虹口区规划和自然资源局', '虹房集团'], '工单类型': ['其他类', '咨询类', '意见建议类', '投诉举报类', '求助类'], '市紧急程度': ['普通', '次紧急'], '所属片区': ['东片区', '中片区', '第一片区', '第三片区', '第二片区', '第五片区', '第六片区', '第四片区', '西片区', '？'], '所属街道': ['凉城新村街道', '北外滩街道', '嘉兴路街道', '四川北路街道', '广中路街道', '曲阳路街道', '欧阳路街道', '江湾镇街道'], '是否满意区回访': ['一般', '不满意', '基本满意', '未评价', '满意'], '是否解决区回访': ['实际解决', '未解决', '未评价', '解释说明', '诉求过高'], '案件期限': [1, 3, 4, 7, 8, 9, 10, 11, 12, 13, 14, 15], '状态': ['已结案', '已退单', '待区核查', '待接单处置', '待核查', '待结案归档'], '紧急程度': ['一般', '次紧急'], '诉求认定': ['其他', '无政策依据', '诉求合理', '诉求过高']}
2025-05-07 22:15:28,731 ChatBI->     INFO     Processing column: 事项大类
2025-05-07 22:15:28,743 ChatBI->     INFO     Found 22 distinct values for 事项大类
2025-05-07 22:15:28,744 ChatBI->     INFO     Processing column: 事项小类
2025-05-07 22:15:28,756 ChatBI->     INFO     Found 55 distinct values for 事项小类
2025-05-07 22:15:28,757 ChatBI->     INFO     Processing column: 事项名称
2025-05-07 22:15:28,770 ChatBI->     INFO     Found 204 distinct values for 事项名称
2025-05-07 22:15:28,771 ChatBI->     INFO     Processing column: 事项标签
2025-05-07 22:15:28,781 ChatBI->     INFO     Found 104 distinct values for 事项标签
