2025-06-14 02:01:20,616 ChatBI->     INFO     获取的表元数据: 
    CREATE TABLE shanghai (
        `工单编号` BIGINT; 含义: 表示工单的唯一编号。; 用途: 用于唯一标识每个工单，便于查询和管理。; 示例值: 20240101000072; 备注: 无;
        `工号` BIGINT; 含义: 表示工单的生成编号。; 用途: 用于记录工单的生成顺序，便于排序和统计。; 示例值: 3830; 备注: 无;
        `工单生成时间` DATETIME; 含义: 表示工单的生成时间。; 用途: 用于记录工单的生成时间，便于时间维度的管理和分析。; 示例值: 2024-01-01 00:37:39; 备注: 无;
        `诉求地址` TEXT; 含义: 表示工单所涉及的具体地点的详细地址。; 用途: 提供工单发生地点的详细信息，便于定位和处理。; 示例值: "闵行区东川路555弄"; 备注: 无;
        `诉求区域` TEXT; 含义: 表示工单所涉及的具体地点所属的行政区。; 用途: 用于快速定位工单发生的区域，便于区域级别的管理和调度。; 枚举类型，值包括： "黄浦区", "徐汇区", "长宁区", "静安区",  "普陀区", "虹口区", "杨浦区", "闵行区", "宝山区", "嘉定区", "浦东新区", "金山区",  "松江区", "青浦区","奉贤区", "崇明区"; 备注: 无;
        `内容描述` TEXT; 含义: 对工单所涉及的具体问题的详细描述。; 用途: 提供完整的信息，帮助处理人员全面了解问题背景和具体情况。; 示例值: "市民来电反映:未成年游戏充值要求退费，心动网络有限公司旗"; 备注: 无;
        `工单类别` TEXT; 含义: 表示工单紧急程度的类别。; 用途: 用于对工单紧急程度分级，便于管理和迅速响应。; 枚举类型，包含: "一般", "次紧急", "紧急"; 备注: 无;
        `处理描述` TEXT; 含义: 对工单处理结果的描述。; 用途: 记录工单的处理情况，便于后续查询和分析。; 示例值: "市民反复催单，已电子催单工单编号：20231224019374，故归档。"; 备注: 无;
        `客户类型` TEXT; 含义: 表示工单客户的类型。; 用途: 用于区分不同类型的客户，便于管理和服务。; 枚举类型，包含 "个人", "企业"; 备注: 无;
        `一级分类` TEXT; 含义: 表示工单所属的最高级别的分类。; 用途: 用于快速定位和分类工单，便于管理和统计。;枚举类型，包括： "科教文卫类", "社会管理类", "公安政法类", "其他类", "建设交通类",  "公用事业类", "安全监管类", "经济综合类", "社会团体类"; 备注: 无;
        `二级分类` TEXT; 含义: 在一级分类之下，更具体的分类。; 用途: 进一步细化工单分类，提高管理精度。; 示例值: "文广影视"; 备注: 无;
        `三级分类` TEXT; 含义: 在二级分类之下，更加具体的分类。; 用途: 提供更详细的分类信息，方便具体问题的处理和跟踪。; 示例值: "文化产业管理"; 备注: 无;
        `四级分类` TEXT; 含义: 在三级分类之下，更加具体的分类。; 用途: 提供更详细的分类信息，方便具体问题的处理和跟踪。; 示例值: "游戏动漫"; 备注: 无;
        `主办单位` TEXT; 含义: 表示工单的主办单位。; 用途: 用于记录工单的主办单位，便于管理和协调。; 示例值: "市文化旅游局", "市公安局", "普陀区人民政府"; 备注: 无;
        `是否匿名` TEXT; 含义: 表示工单是否为匿名工单。; 用途: 用于区分匿名工单和非匿名工单，便于管理和保护隐私。; 示例值: "是"; 备注: 无;
        `服务类型` TEXT; 含义: 表示工单的服务类型。; 用途: 用于分类工单的服务类型，便于管理和统计。; 枚举类型，包括: "综合服务", "一网通办"; 备注: 无;
        `通话编号` TEXT; 含义: 表示工单的通话编号。; 用途: 用于记录工单的通话记录，便于查询和分析。; 示例值: "1704040581-2297011"; 备注: 无;
        `工单类型` TEXT; 含义: 表示工单的类型。; 用途: 用于分类工单的类型，便于管理和统计。; 枚举类型，包括: "求助类", "投诉举报类", "咨询类", "意见建议类", "其他类"; 备注: 无;
        `新一级分类` TEXT; 含义: 表示工单的新一级分类。; 用途: 用于记录工单的新分类信息，便于管理和统计。; 示例值: "None"; 备注: 无;
        `新二级分类` TEXT; 含义: 表示工单的新二级分类。; 用途: 用于记录工单的新分类信息，便于管理和统计。; 示例值: "None"; 备注: 无;
        `新三级分类` TEXT; 含义: 表示工单的新三级分类。; 用途: 用于记录工单的新分类信息，便于管理和统计。; 示例值: "None"; 备注: 无;
        `新四级分类` TEXT; 含义: 表示工单的新四级分类。; 用途: 用于记录工单的新分类信息，便于管理和统计。; 示例值: "None"; 备注: 无;
        `新五级分类` TEXT; 含义: 表示工单的新五级分类。; 用途: 用于记录工单的新分类信息，便于管理和统计。; 示例值: "None"; 备注: 无;
    )DEFAULT CHARSET=utf8mb4 ENGINE=InnoDB COLLATE utf8mb4_0900_ai_ci
    
2025-06-14 02:01:20,617 ChatBI->     INFO     获取的缩写列: []
2025-06-14 02:01:20,617 ChatBI->     INFO     获取的关联列: ['一级分类', '二级分类', '三级分类', '四级分类']
2025-06-14 02:01:20,617 ChatBI->     INFO     获取的列映射: {'工单编号': 'id', '工号': 'employee_id', '工单生成时间': 'order_date', '诉求地址': 'address', '诉求区域': 'region', '内容描述': 'content_description', '工单类别': 'order_category', '处理描述': 'resolution_description', '客户类型': 'customer_type', '一级分类': 'primary_classification', '二级分类': 'secondary_classification', '三级分类': 'tertiary_classification', '四级分类': 'quaternary_classification', '主办单位': 'responsible_department', '是否匿名': 'is_anonymous', '服务类型': 'service_type', '通话编号': 'call_id', '工单类型': 'order_type', '新一级分类': 'new_primary_classification', '新二级分类': 'new_secondary_classification', '新三级分类': 'new_tertiary_classification', '新四级分类': 'new_quaternary_classification', '新五级分类': 'new_period_classification'}
2025-06-14 02:01:21,997 ChatBI->     INFO     关联字段的枚举值:  {'一级分类': ['科教文卫类', '社会管理类', '公安政法类', '其他类', '建设交通类', '公用事业类', '安全监管类', '经济综合类', '社会团体类'], '二级分类': ['文广影视', '旅游', '公安（治安、交通）', '其他', '工商(消保)', '交通港口', '绿化市容', '邮政通信', '司法行政', '教育', '住房保障', '机关事务管理', '人力保障', '纪检监察', '城乡建设', '食品药品安全', '卫生计生', '发展改革', '公安（出入境）', '金融', '电力', '商务', '燃气', '城管执法', '残联', '环境保护', '税务', '土地规划', '民政', '水务', '“12345”热线', '供水', '电子政务', '信访', '法院系统', '安全生产管理', '退役军人', '农业', '部队', '公安（消防）', '总工会', '体育', '涉港澳台', '国资', '新闻出版', '质量技术监督', '知识产权', '经济信息化', '出入境边检', '民族宗教', '档案', '统计', '民防', '科技', '侨务', '外事', '气象', '团市委', '财政', '检察院系统', '国家安全', '审计', '妇联', '防震减灾', '中央直属', '机构编制', '长航公安', '口岸', '合作交流'], '三级分类': ['文化产业管理', '服务质量', '其他', '无效电话', '商业服务', '出租车', '市容市貌', '通信', '法律服务', '学校管理', '社会治安', '物业服务管理', '机关事务管理', '纠纷仲裁', '邮政服务', '交通管理', '劳动保护', '医疗医保', '政风行风', '工程管理', '安全管理', '卫生信息', '违法建筑', '改革规划', '护照办理', '环境卫生', '金融', '社会保险', '道路管理', '社保信息', '故障报修', '城市管理', '广播影视', '公交巴士', '商务', '价格调控', '市场交易管理', '社会噪声', '物业相关执法', '医疗服务', '工商监管', '医院监管', '燃气计费', '驾驶培训', '犬类管理', '户籍管理', '停车管理', '残联', '工伤', '污染', '税收政策', '非城市建设用地管理', '婚姻管理', '排水排污管理', '房屋权属', '汽车维修', '供水报修', '一网通办', '禁烟控烟', '培训市场', '事项办理', '养老保障', '地铁客运', '违法经营', '劳动人事制度', '社区家政', '12345热线', '入学入托', '就业创业', '保障型住房', '征收管理', '法院信息', '批评承办部门', '职业健康', '燃气服务', '货物运输', '签证签注', '招生考试', '公证服务', '供水计费', '自来水水质', '航空客运', '投诉批评', '拥军优抚', '人口计生', '表扬感谢', '表扬承办部门', '安全生产', '消防管理', '公共交通用卡管理', '税收管理', '疾控防疫', '咨询信访渠道', '法院受理', '体育管理', '车牌拍卖', '绿地绿化', '工商信息', '意见建议', '旧房改造', '其他社团', '刊物市场监管', '夜间施工许可', '消防设备维护', '生活保障', '特种行业管理', '复查复核', '特种设备监察', '知识产权', '铁路客运', '申诉举报', '动植园林', '法人一证通', '旅游信息', '总工会', '津贴补助', '电力服务', '用电计费', '国资', '人员边检', '动植物防疫', '燃气报修', '河道流域管理', '纪检监查', '违规用水', '行政管理', '道路维护', '殡葬事业', '寺庙管理', '特定医疗机构', '审批许可', '个人档案', '科技管理', '移交安置', '外事工作', '供水服务', '气象预报', '汽车客运', '质量认证', '慈善福利', '经济信息化', '燃气行业监管', '社会组织', '出境咨询', '禽类饲养', '司法直属', '港船客运', '计量器具检测', '旅游纠纷', '团市委', '检察院受理', '学生负担', '违规用电', '广告审批', '查询办理进度', '城市建设用地管理', '财政工作', '烈士褒扬', '农民负担', '国有档案', '村队管理', '文化遗产保护', '水资源管理', '农业生产', '自主择业就业', '统计工作', '国家安全', '新闻报道', '住房病虫害', '部队', '民防工程', '妇联', '建设管理', '地震震情', '生产许可证管理', '网站信箱', '科技开发', '救灾赈灾', '审计工作', '宗教信仰', '机构类', '防灾抗灾', '安保工作', '土地资源管理', '气象预警', '限电管理', '合作交流', '组织机构代码证'], '四级分类': ['游戏动漫', '酒店质量', '其他', '无明确诉求', '网上购物', '服务规范', '广告牌景观灯', '通信线路', '无效来电', '法律援助', '校园设施', '居住证', '纠纷协调', '机关事务信息', '劳动争议', '快递服务', '限流限行', '用工规范', '医保报销', '不作为', '建筑工程欠薪', '医保政策咨询', '教师素质', '各类服务卡券', '食品安全', '外省市受理', '医院医疗信息', '违法建筑', '新能源汽车', '护照办理', '倾倒渣土', '银行监管', '工伤保险', '施工规范', 'ETC使用', '社保卡', '规模停电', '无证设摊', '网络视听', '线路咨询', '汽车销售', '物业管理收费', '住房公积金', '售后服务', '装修噪音', '损坏侵占公用设施', '治安维护', '用药规范', '立案侦查', '业务办理', '审验登记', '医疗纠纷', '排队挂号', '用量偏高', '教练服务、培训规范', '养犬登记', '交通设施', '外省市迁入', '故障报修', '物业安保', '物品遗失', '社区卫生服务', '物业维修添置', '物业管理不善', '公共停车场', '残疾鉴定', '工伤认定', '结构改建', '排堵保畅', '噪音污染', '绿化维护', '服务态度', '残疾补助', '独户停电', '交通违章', '房产交易税', '经济纠纷', '耕地管理', '离婚办理', '失业保险', '医疗保险', '市政道路积水', '宅基地', '结婚登记', '合同监管', '油烟扰民', '业委会', '律师服务', '驾驶员审验', '高速收费', '4s店服务', '身份证管理', '停水水小', '旅行社服务', '网站使用', '乱收停车费', '群租现象', '过户上牌', '服务质量', '禁烟控烟', '空气污染', '广告监督', '市场监管', '共享单车', '其他业务', '办理结果不满', '环境垃圾', '养老保险', '广告张贴', '房屋产权', '路状路况', '危房', '老年津贴', '地铁建设', '不正当经营', '城管执法', '退休离休', '社区服务网点', '信息咨询', '垃圾清理', '入学政策', '人才引进', '拖欠工资', '道路养护', '经济补偿', '公安信息查询', '租赁管理', '经适房', '车辆年检', '卫生配套设施', '合同纠纷', '公租房', '经营性停车场', '拆迁安置', '幼托管理', '路灯供电', '法院地址电话', '诉求未解决', '金融资讯', '职业健康', '景点服务质量', '合同履行', '燃气施工', '账户信息', '文化活动', '居住证办理', '集装箱运输', '签证签注', '户籍政策咨询', '中考', '居改非', '工时假期', '工程质量', '办理转学', '继承权公证', '水费量高', '水中杂质', '飞机票务', '线路设置', '遗嘱抚恤和优待', '司法鉴定', '商品质量', '机关事务工作', '优生优育', '医保定点', '房产信息变更', '保险监管', '账单抄表', '非法客运', '搬场公司', '道路建设', '无照经营', '个人所得税', '烟草酒类', '道路安全', '水管维修', '表扬感谢', '应急救援', '市内户口迁移', '烟花爆竹管理', '排水工程', '交通卡', '偷税漏税', '求医问药', '教育质量', '工资奖金', '咨询信访渠道', '家电维修', '问题解决', '诉讼立案', '办事效率', '假冒伪劣', '土地征收', '经济案件', '市政工程', '教育改革', '生育保险', '群众锻炼', '证券监管', '职业培训', '车牌拍卖', '占绿毁绿', '维权咨询', '网络安全', '其他税种', '商品销售信息', '企业征税', '道路扬尘', '办事流程', '交通事故', '职称评定', '学籍管理', '消防隐患', '其他疫苗', '平台系统', '房屋老化', '资质认证', '红十字会', '赛事管理', '廉租房', '黑车', '图书刊物出版', '慢作为', '夜间施工的现象', '业务熟练', '消防栓', '无证犬类', '房屋结构破坏', '社区帮困补助', '不明归属井盖', '行政许可', '跨门经营', '家政服务', '动迁政策', '商标包装管理', '其他公证', '催办', '独生子女补贴', '问题推脱', '交通法规', '移植修剪', '食品安全流通', '办事推诿', '僵尸车', '劳务派遣', '线路时间', '扶贫帮困', '职业技能考试', '安全监察', '东方有线', '再生育政策', '消防宣传', '侵权行为', '铁路票务', '光污染', '结论不满', '高考', '申诉举报', '流浪犬收治', '其他报修', '公园设施', '普法宣传', '法人一证通', '许可审批', '外地户口入学', '影视节目', '邮件邮递', '便民信息', '景点投诉', '场地设施', '人员管理', '维修基金', '职业资质许可', '工会工作', '就业补贴', '信息查询', '职工权益', '电费争议', '国企管理', '过境手续', '疫情防疫', '法院判决', '丧葬补助金', '燃气泄漏', '住院病床', '外置扩音装置', '私装地锁', '就业信息', '水上漂浮物', '安全生产监督', '徇私枉法', '文化场所信息', '孤寡空巢老人关怀', '农村建设用地管理', '私移水表', '管道维修', '便民服务', '人员资质', '最低生活保障', '设备添置', '其他补助', '殡葬服务', '绿化护栏', '居家养老', '道路救援', '缴费信息', '市场物价', '受理网点', '护工护理', '机构养老', '国有资产流失', '流浪人员管理', '残联工作', '助残信息', '流程指引', '报刊印刷发行', '医疗设备', '垃圾分类', '保健品管理', '采血机构', '审批许可', '景点资讯', '养老金调整', '老年卡', '公房管理', '灭火器', '菜场经营', '通信基站', '个人档案', '无障碍工程', '死亡登记', '商贸信息', '乱作为', '法院通知', '高新技术扶持', '退役士兵', '动物保护机构', '违规拆迁', '医保药品目录', '土地使用权', '领事馆', '房屋转让', '承办推诿', '商品维修网点', '消防通道', '阶梯电价', '河道养护', '排污许可证', '黄赌毒', '天气预报', '活禽交易', '劳动能力鉴定', '危险品管理', '无犯罪证明', '废气污染', '水表维修', '寺庙用品', '燃气火小', '失职渎职', '评残疾伤残抚恤', '违规运营', '消防安全咨询', '河道疏通', '药品安全', '水污染', '车次信息', '超市卖场', '申请专利', '质量认证', '工龄核算', '电线高压线', '慈善募捐', '循环再利用', '司法拆迁', '孤儿收养', '燃气行业', '医疗器械管理', '隧桥管理', '作风问题', '票务', '出境咨询', '电表维修', '无证夜间施工', '服务流程', '劳务中介', '人民调解', '旅行社信息', '变电设施', '社工管理', '其他许可', '电视购物', '特定污染物处治', '无答复意见', '退休证', '农村地区家禽饲养', '律师协会', '城区家禽饲养', '浦江轮渡', '流浪救助', '野生动植物', '计量器具检测', '旅游合同纠纷', '体检中心', '团委工作', '城市信息化', '检察院信息', '超时补课', '航空运输', '私排电线', '贪污贿赂', '广告审批', '离退休干部', '商业楼宇', '查询办理进度', '测绘管理', '广播', '水表失窃', '军转干部', '诉讼时限', '财会考证', '虚开发票', '烈士评定', '刑事案件', '邮政发行', '医疗服务', '收费标准', '业务范畴', '农业补贴', '隔离管控', '政府机构', '航班延误', '公务员管理', '土地承包', '成人教育', '刊社信息', '节能减排', '规划设计', '监狱管理', '颜色异变', '电视线路', '餐饮服务', '转业干部', '非物质文化遗产', '秩序维护', '临终关怀', '文物保护管理', '无证养鸽', '桥梁通行', '河道水质', '强制消费', '畜牧养殖', '士兵', '滥砍滥捕', '非法行医', '收费问题', '平改坡', '体育彩票', '环评公示', '培训补贴', '平均工资', '最低工资', '兽医药管理', '档案管理', '创业扶持', '国家机密', '新闻内容', '证照查验', '燃气配件', '省际轮渡', '福利企业扶持', '因公出国审批', '安全检查', '新冠疫苗', '工作调动', '档案公开', '研究生考试', '水务工程建设', '管理规范', '青少年保护', '二次收费', '生态保护', '社区就业援助', '墓园管理', '化妆品管理', '增添绿化', '白蚁', '鼠患', '管道改建', '能源发展', '娱乐场所管理', '旅游交通', '文化社团', '烈士纪念设施', '信鸽', '营业税改增值税', '核酸检测', '违法传销', '作业负担', '涉军问题', '地下室管理', '妇联工作', '无军籍职工', '公益彩票', '气象服务信息', '避孕节育', '窃电举报', '固废危废', '超生处罚', '科技改革', '妇婴保健', '企业解困', '建筑间距及日照', '地震震情', '高温津贴', '集体资产管理', '青少年锻炼', '农业水利', '电磁辐射污染', '单身证明', '生产许可证管理', '假发票', '国内安全事务', '马蜂窝', '网站信箱使用', '河上搭建', '三无居家船只', '发明建议', '市场供应', '参战参试人员优待', '故障牵引', '工作态度', '违规收费', '年检', '征地补偿', '古树名木', '社会捐献', '土地建设与保护', '反动', '历史建筑', '抵押拍卖', '妇女权益维护', '防疫补贴', '化工污染', '费用减免', '防汛抗灾', '网点查询', '资产评估', '安全生产宣传', '夜间施工证的审批', '吸劳养老', '特殊工种', '自来水异味', '导游服务', '违规鸣笛', '分时用电', '筑材光污染', '公共支付', '记者证管理', '审计工作', '情报搜集', '企业改革', '农产品安全', '防治检疫', '抵押贷款公证', '队伍建设', '上海旅游节', '宗教信仰', '婚前检查', '公交专用道', '转运消杀', '抗台防汛', '自主研发', '医药卫生知识', '公共事业', '码色申诉', '矫正办', '火灾报警系统', '日常管理', '记录查询', '黑网吧', '收养审批', '许可证管理', '火灾报警', '电子出版物', '易燃易爆物', '婚姻财产公证', '财政票据', '擅自设立机构', '审查批捕', '福利设施', '国有企业', '公务车', '投资决策', '防疫物资', '地面沉降', '资质证书', '转基因产品（有机食品）', '民防警报', '审读出版物', '新闻形式', '妇女健康', '农副业生产', '台风沙尘', '抗灾演习', '民间慈善', '私接自来水管', '工程规划', '进博会', '外宾来访', '经济状况审核', '事业单位共享费', '节能用电', '暴雨暴雪', '合作交流', '组织机构代码证', '矿产管理']}
2025-06-14 02:01:21,997 ChatBI->     INFO     缩写字段的枚举值： []
2025-06-14 02:06:11,184 ChatBI->     ERROR    Unexpected error occured:(<CloseCode.ABNORMAL_CLOSURE: 1006>, '')
Traceback (most recent call last):
  File "/data/yfzx/liucd/chatbi_deploy2/chatbi_DB2/apps/app_main_ws_router.py", line 65, in websocket_endpoint
    message = await websocket.receive_text()
              ^^^^^^^^^^^^^^^^^^^^^^^^^^^^^^
  File "/root/anaconda3/envs/chatbi/lib/python3.12/site-packages/starlette/websockets.py", line 119, in receive_text
    self._raise_on_disconnect(message)
  File "/root/anaconda3/envs/chatbi/lib/python3.12/site-packages/starlette/websockets.py", line 113, in _raise_on_disconnect
    raise WebSocketDisconnect(message["code"], message.get("reason"))
starlette.websockets.WebSocketDisconnect: (<CloseCode.ABNORMAL_CLOSURE: 1006>, '')
2025-06-14 02:07:15,043 ChatBI->     INFO     案例库查询
2025-06-14 02:07:15,088 ChatBI->     INFO     案例库查询结果: ["{'query': '近半年群众经常上报道路积水的路段有哪些?', '目标列': ['诉求地址'], '条件列': {'内容描述': '道路积水', '工单生成时间': '近半年'}}", "{'query': '近1个月台风造成的道路积水影响市民出现的事件有多少起', '目标列': ['内容描述'], '条件列': {'内容描述': '台风造成的道路积水影响市民出现', '工单生成时间': '近1个月'}}", "{'query': '去年台风造成的道路积水影响市民出现的事件分别涉及哪些地方', '目标列': ['诉求地址'], '条件列': {'内容描述': '台风造成的道路积水影响市民出现', '工单类型': '投诉举报类', '工单生成时间': '去年'}}"]
2025-06-14 02:07:16,168 ChatBI->     INFO     schema linking: {'target_columns': ['内容描述'], 'condition_columns': {'内容描述': '道路积水', '工单生成时间': '2024年10月份'}}
2025-06-14 02:07:17,839 ChatBI->     INFO     任务类型: SQL
2025-06-14 02:07:19,215 ChatBI->     INFO     stad sql: SELECT COUNT(*) AS `道路积水事件数量` FROM `shanghai` WHERE `内容描述` LIKE '%道路积水%' AND DATE_FORMAT(`工单生成时间`, '%Y-%m') = '2024-10';
2025-06-14 02:07:19,226 ChatBI->     INFO     非结构化信息为: {"`内容描述` LIKE '%道路积水%'": '道路积水'}
2025-06-14 02:07:19,226 ChatBI->     INFO     开始语义分析 ..  .. 
2025-06-14 02:07:19,524 ChatBI->     INFO     道路积水 的命名实体判别： no
2025-06-14 02:07:19,525 ChatBI->     INFO     开始对非结构化文档【粗略】检索
2025-06-14 02:07:20,164 ChatBI->     INFO     检索到的文档总数量为：5000
2025-06-14 02:07:20,510 ChatBI->     INFO     开始对非结构化文档【深度】检索
2025-06-14 02:07:20,816 ChatBI->     INFO     step_scores: ['yes', 'yes', 'yes', 'yes', 'yes', 'yes', 'yes', 'no', 'yes', 'no']
2025-06-14 02:07:20,816 ChatBI->     INFO     层级抽取文档： 市民来电反映:上述地址道路积水严重，诉求：请管理部门尽快清理积水 ==> yes  
2025-06-14 02:07:20,816 ChatBI->     INFO     层级抽取文档： 市民来电反映: 上述地址的路面一直有积水，一到下雨天就会积水。平时会好一点，下雨天比较厉害。诉求：尽快清理积水。 ==> yes  
2025-06-14 02:07:20,816 ChatBI->     INFO     层级抽取文档： 【台风】市民来电反映:上述地址积水严重，影响出行，诉求：要求处理积水 ==> yes  
2025-06-14 02:07:20,817 ChatBI->     INFO     层级抽取文档： 市民来电反映:该小区内包括49栋 55栋60栋前的几条主要道路，都有 30cm到50cm高度的积水，所有下水口全部堵死，居民无法正常通行，无法联系上物业，诉求：请管理部门核实，尽快排水抽水（需回复） ==> yes  
2025-06-14 02:07:20,817 ChatBI->     INFO     层级抽取文档： 市民来电反映:2024年10月12日市民发现上述地面道路存在很多积水，怀疑可能地下水管爆裂。诉求：请处理部门核实，进行维修处理。（市民要求信息保密，需要回复） ==> yes  
2025-06-14 02:07:20,817 ChatBI->     INFO     层级抽取文档： 市民来电反映:上述地址路段双向最右侧的机动车道和非机动车道一到下雨天路面就会积水，且非常深，通行非常不便。诉求：请管理部门尽快核实修整。（需回复） ==> yes  
2025-06-14 02:07:20,817 ChatBI->     INFO     层级抽取文档： 市民来电反映；上述地址浦东新区台儿庄路3号口，马路上有积水，诉求；请有关单位进行排水。（市民要求无需回复）。 ==> yes  
2025-06-14 02:07:20,817 ChatBI->     INFO     层级抽取文档： 市民来电反映:上述地址小区门口道路及武宁南路（武定西路-新闸路）一段道路柏油没有铺好道路上坑坑洼洼的，非机动车通行不便。希望管理部门核实整修 ==> no  
2025-06-14 02:07:20,817 ChatBI->     INFO     层级抽取文档： 市民反映：板泉路1910弄3号底楼进口只要一下雨，不管大小必积水，老人小孩苦不堪言，必须在狭窄的花坛边缘行走，危险性大，问题几个月前反映过一直没有处理。诉求：请采取措施及时清理积水。 ==> yes  
2025-06-14 02:07:20,817 ChatBI->     INFO     层级抽取文档： 市民建议：沪太路至萧云路段道路已建，本来是十字路大半年不开通，道路不能正常使用，人为造成大小车辆的拥堵，安全隐患凸显。诉求：建议开通道路，解决拥堵问题。 ==> no  
2025-06-14 02:07:21,128 ChatBI->     INFO     step_scores: ['yes', 'yes', 'yes', 'yes', 'no', 'yes', 'no', 'yes', 'no', 'yes']
2025-06-14 02:07:21,128 ChatBI->     INFO     层级抽取文档： 市民反映：地道整修过后，自行车道一直有水漏出来，地上一直有积水，路面也不平整，骑车电动车容易打滑摔跤。诉求：希望可以修缮。 ==> yes  
2025-06-14 02:07:21,128 ChatBI->     INFO     层级抽取文档： 【重新交办,要求：按答复要点告知市民,市民表示答复要点不明确,现在又开始积水堵塞了，请管理部门再次处理。最近办结的工单编号:20231120002277，工单内容:市民来电反映:上述地址小区内近日积水非常严重，进小区都要搭桥，且该现象经常发生，其诉求：望管理部门核实并督促彻底解决此问题。（需回复）该情况再次死灰复燃。】 ==> yes  
2025-06-14 02:07:21,128 ChatBI->     INFO     层级抽取文档： 市民来电反映:上述地址长春村15组的出入口，从前几天开始一直有农田排出来的积水，已经好几天了。诉求：希望尽快排水。 ==> yes  
2025-06-14 02:07:21,128 ChatBI->     INFO     层级抽取文档： 重复来电：咨询处理进程。【最近派发的工单号：20240713026218，工单内容：市民来电反映:非机动车道有很多淤，容易堵塞排水口，其当时经过这条路时还在施工，路边堆了很多建筑垃圾，现在通车了，不知道建筑垃圾是否还在，诉求：请核实清理淤泥和建筑垃圾。（市民要求信息保密 无需回复）
】 ==> yes  
2025-06-14 02:07:21,128 ChatBI->     INFO     层级抽取文档： 市民反映：有一片道路损坏，容易绊倒老人，存在安全隐患。诉求：请及时修复。 ==> no  
2025-06-14 02:07:21,128 ChatBI->     INFO     层级抽取文档： 【台风】市民来电反映:其是上述地址居民，台风影响，积水严重，要灌倒店里了。希望管理部门尽快安排排水 ==> yes  
2025-06-14 02:07:21,128 ChatBI->     INFO     层级抽取文档： 市民来电反映:在联合三路往北大约30米有个建筑工地，每天晚上工地的车子会带出来大量的泥土，导致地面上全部都是块结的泥土，碰到下雨天地面就会倒滑。诉求：请管理部门核实进行路面清理。 ==> no  
2025-06-14 02:07:21,128 ChatBI->     INFO     层级抽取文档： 市民来电反映:  上述地址小区外污水管道堵塞，导致小区内的雨水无法出来，现在暂时有积水，诉求: 希望管理部门核实，并尽快派人疏通。 ==> yes  
2025-06-14 02:07:21,128 ChatBI->     INFO     层级抽取文档： 市民来电反映:黄浦区淮海东路45号-49号东淮海国际大厦门口有一条小路，市民称属于公共道路，道路环境很差，很臭还能看见老鼠，望市容部门在此道路上加强清扫，改善环境。（信息保密，无需回复） ==> no  
2025-06-14 02:07:21,128 ChatBI->     INFO     层级抽取文档： 市民来电反映: 上述地址的污水管堵塞，导致积水。诉求：请管理部门尽快上门维修。（需回复） ==> yes  
2025-06-14 02:07:21,429 ChatBI->     INFO     step_scores: ['yes', 'yes', 'no', 'no', 'no', 'no', 'no', 'no', 'no', 'yes']
2025-06-14 02:07:21,429 ChatBI->     INFO     层级抽取文档： 市民来电反映:市民是上述地址的门面店，因前段时间下雨漏水，市政对道路涂柏油修路。但是修路范围只有一段，没有包括到市民家7-8家门店。市民表示店铺的方位也容易受到下雨渗水的影响。诉求：希望修路范围延长2米左右，涵盖到市民家的门面房。 ==> yes  
2025-06-14 02:07:21,430 ChatBI->     INFO     层级抽取文档： 市民来电反映:上述地址河道因为雨水量太高，导致水位上涨过快，现在已经高处河道，现场地面已经积水10公分，且还在增加，市民表示周边有居民房屋，如果继续上涨，水将倒灌到家中。市民诉求：望相关部门核实请水务部门尽快开闸放水。（市民要求需要回复） ==> yes  
2025-06-14 02:07:21,430 ChatBI->     INFO     层级抽取文档： 市民来电反映:松江区叶榭镇徐姚村泖泾218号，门口的马路边上靠近河道，道路有不同程度的坑洼，并且存在塌陷风险，已经往河道倾斜，存在安全隐患。诉求：希望核查尽快修缮道路。 ==> no  
2025-06-14 02:07:21,430 ChatBI->     INFO     层级抽取文档： 市民来电反映:周一至周五，每天早上因路口早餐店，很多车辆违章停车，导致道路拥堵。

 ==> no  
2025-06-14 02:07:21,430 ChatBI->     INFO     层级抽取文档： 市民来电反映:上述地址厨房、小房间和南面房间渗水，家中目前有积水，对市民生活带来影响。诉求：要求部门协调尽快上门维修。 ==> no  
2025-06-14 02:07:21,430 ChatBI->     INFO     层级抽取文档： 市民反映：上述路段路面通行区域存在大量的坑洼、路面不平情况，导致大量车辆紧急变道避让、紧急刹车等情况，严重影响道路通行安全。同时高速路面大量坑漕、坍塌、隆起情况，容易对市民车辆的安全造成损害。参考道路交通安全法第三十条和第三十二条。诉求：要求管理部门做好路面常态化检查及时修理路面损坏和异物。 ==> no  
2025-06-14 02:07:21,430 ChatBI->     INFO     层级抽取文档： 市民来电反映:上述地址村里之前建造的食堂，食堂旁边进出的道路现在经常有车辆在该处乱停车，影响正常通行，诉求：希望管理部门对该处道路乱停车问题进行管理。 ==> no  
2025-06-14 02:07:21,430 ChatBI->     INFO     层级抽取文档： 市民来电反映:上述地址道路拥堵，请管理部门疏导交通 ==> no  
2025-06-14 02:07:21,430 ChatBI->     INFO     层级抽取文档： 市民来电咨询:咨询道路安全问题热线是否受理。 ==> no  
2025-06-14 02:07:21,430 ChatBI->     INFO     层级抽取文档： 市民来电反映:上述地址弄堂下水道堵塞，上个月反映后有来疏通过，但是没解决根本问题，现在2024年4月3日晚上又出现堵塞，已经出现积水到市民家中情况。诉求：请管理部门尽快疏通。 ==> yes  
2025-06-14 02:07:21,430 ChatBI->     INFO     阈值索引为：436, 窗口大小为: 100 
2025-06-14 02:07:21,430 ChatBI->     INFO     确定的文档: 337; 在次确认的文档: 199
2025-06-14 02:07:25,662 ChatBI->     INFO     从199个需再次确认的文档中筛选出的相关文档数量：57
2025-06-14 02:07:25,662 ChatBI->     INFO     示例文档：['市民来电表示撤销工单，撤销原因其表示已解决问题。【最近派发的工单编号：20240820009453，工单内容：市民来电反映:  其是上述地址的商户，其表示于8月19日期间因隔壁商户在进行污水排污工作，因当时排污不当，导致其的商铺内出现大量积水，目前严重影响其的正常营业。诉求：要求管理部门协助其解决店铺内积水问题。\n】', '市民来电反映:上述地址金地未未来小区因为暴雨整个小区地下停车库包括住房都被淹了，联系物业被告知是因为市政水管总管不排水导致小区积水。诉求：希望管理部门核实处理，尽快打开水管排水。', '市民反映：由于农村自建房原因，上述地址都是泥路，下雨天无法出行，存在安全隐患。（详见附件）诉求：建议管理部门铺设水泥路。', '市民来电反映:上述地址道路有坑塘破损。诉求：请管理部门尽快修缮。', '市民来电反映:市民来电反复催单。催单原因：市民称管理部门至今未给予任何回复，请管理部门尽快处理。【最近派发的工单编号：20240505007502，工单内容：市民来电反映:华泰药店门口下水道窨井盖堵住，路面有积水。诉求：管理部门帮助疏通（需回复）】']
2025-06-14 02:07:25,664 ChatBI->     INFO     没有找到<  >对应的视图
2025-06-14 02:07:25,664 ChatBI->     INFO     sql 语句：SELECT COUNT(*) AS `道路积水事件数量` FROM `shanghai` WHERE  `内容描述` IN (:val0, :val1, :val2, :val3, :val4, :val5, :val6, :val7, :val8, :val9, :val10, :val11, :val12, :val13, :val14, :val15, :val16, :val17, :val18, :val19, :val20, :val21, :val22, :val23, :val24, :val25, :val26, :val27, :val28, :val29, :val30, :val31, :val32, :val33, :val34, :val35, :val36, :val37, :val38, :val39, :val40, :val41, :val42, :val43, :val44, :val45, :val46, :val47, :val48, :val49, :val50, :val51, :val52, :val53, :val54, :val55, :val56, :val57, :val58, :val59, :val60, :val61, :val62, :val63, :val64, :val65, :val66, :val67, :val68, :val69, :val70, :val71, :val72, :val73, :val74, :val75, :val76, :val77, :val78, :val79, :val80, :val81, :val82, :val83, :val84, :val85, :val86, :val87, :val88, :val89, :val90, :val91, :val92, :val93, :val94, :val95, :val96, :val97, :val98, :val99, :val100, :val101, :val102, :val103, :val104, :val105, :val106, :val107, :val108, :val109, :val110, :val111, :val112, :val113, :val114, :val115, :val116, :val117, :val118, :val119, :val120, :val121, :val122, :val123, :val124, :val125, :val126, :val127, :val128, :val129, :val130, :val131, :val132, :val133, :val134, :val135, :val136, :val137, :val138, :val139, :val140, :val141, :val142, :val143, :val144, :val145, :val146, :val147, :val148, :val149, :val150, :val151, :val152, :val153, :val154, :val155, :val156, :val157, :val158, :val159, :val160, :val161, :val162, :val163, :val164, :val165, :val166, :val167, :val168, :val169, :val170, :val171, :val172, :val173, :val174, :val175, :val176, :val177, :val178, :val179, :val180, :val181, :val182, :val183, :val184, :val185, :val186, :val187, :val188, :val189, :val190, :val191, :val192, :val193, :val194, :val195, :val196, :val197, :val198, :val199, :val200, :val201, :val202, :val203, :val204, :val205, :val206, :val207, :val208, :val209, :val210, :val211, :val212, :val213, :val214, :val215, :val216, :val217, :val218, :val219, :val220, :val221, :val222, :val223, :val224, :val225, :val226, :val227, :val228, :val229, :val230, :val231, :val232, :val233, :val234, :val235, :val236, :val237, :val238, :val239, :val240, :val241, :val242, :val243, :val244, :val245, :val246, :val247, :val248, :val249, :val250, :val251, :val252, :val253, :val254, :val255, :val256, :val257, :val258, :val259, :val260, :val261, :val262, :val263, :val264, :val265, :val266, :val267, :val268, :val269, :val270, :val271, :val272, :val273, :val274, :val275, :val276, :val277, :val278, :val279, :val280, :val281, :val282, :val283, :val284, :val285, :val286, :val287, :val288, :val289, :val290, :val291, :val292, :val293, :val294, :val295, :val296, :val297, :val298, :val299, :val300, :val301, :val302, :val303, :val304, :val305, :val306, :val307, :val308, :val309, :val310, :val311, :val312, :val313, :val314, :val315, :val316, :val317, :val318, :val319, :val320, :val321, :val322, :val323, :val324, :val325, :val326, :val327, :val328, :val329, :val330, :val331, :val332, :val333, :val334, :val335, :val336, :val337, :val338, :val339, :val340, :val341, :val342, :val343, :val344, :val345, :val346, :val347, :val348, :val349, :val350, :val351, :val352, :val353, :val354, :val355, :val356, :val357, :val358, :val359, :val360, :val361, :val362, :val363, :val364, :val365, :val366, :val367, :val368, :val369, :val370, :val371, :val372, :val373, :val374, :val375, :val376, :val377, :val378, :val379, :val380, :val381, :val382, :val383, :val384, :val385, :val386, :val387, :val388, :val389, :val390, :val391, :val392, :val393) AND DATE_FORMAT(`工单生成时间`, '%Y-%m') = '2024-10';
2025-06-14 02:07:26,368 ChatBI->     INFO     sql 语句：SELECT * FROM `shanghai` WHERE  `内容描述` IN (:val0, :val1, :val2, :val3, :val4, :val5, :val6, :val7, :val8, :val9, :val10, :val11, :val12, :val13, :val14, :val15, :val16, :val17, :val18, :val19, :val20, :val21, :val22, :val23, :val24, :val25, :val26, :val27, :val28, :val29, :val30, :val31, :val32, :val33, :val34, :val35, :val36, :val37, :val38, :val39, :val40, :val41, :val42, :val43, :val44, :val45, :val46, :val47, :val48, :val49, :val50, :val51, :val52, :val53, :val54, :val55, :val56, :val57, :val58, :val59, :val60, :val61, :val62, :val63, :val64, :val65, :val66, :val67, :val68, :val69, :val70, :val71, :val72, :val73, :val74, :val75, :val76, :val77, :val78, :val79, :val80, :val81, :val82, :val83, :val84, :val85, :val86, :val87, :val88, :val89, :val90, :val91, :val92, :val93, :val94, :val95, :val96, :val97, :val98, :val99, :val100, :val101, :val102, :val103, :val104, :val105, :val106, :val107, :val108, :val109, :val110, :val111, :val112, :val113, :val114, :val115, :val116, :val117, :val118, :val119, :val120, :val121, :val122, :val123, :val124, :val125, :val126, :val127, :val128, :val129, :val130, :val131, :val132, :val133, :val134, :val135, :val136, :val137, :val138, :val139, :val140, :val141, :val142, :val143, :val144, :val145, :val146, :val147, :val148, :val149, :val150, :val151, :val152, :val153, :val154, :val155, :val156, :val157, :val158, :val159, :val160, :val161, :val162, :val163, :val164, :val165, :val166, :val167, :val168, :val169, :val170, :val171, :val172, :val173, :val174, :val175, :val176, :val177, :val178, :val179, :val180, :val181, :val182, :val183, :val184, :val185, :val186, :val187, :val188, :val189, :val190, :val191, :val192, :val193, :val194, :val195, :val196, :val197, :val198, :val199, :val200, :val201, :val202, :val203, :val204, :val205, :val206, :val207, :val208, :val209, :val210, :val211, :val212, :val213, :val214, :val215, :val216, :val217, :val218, :val219, :val220, :val221, :val222, :val223, :val224, :val225, :val226, :val227, :val228, :val229, :val230, :val231, :val232, :val233, :val234, :val235, :val236, :val237, :val238, :val239, :val240, :val241, :val242, :val243, :val244, :val245, :val246, :val247, :val248, :val249, :val250, :val251, :val252, :val253, :val254, :val255, :val256, :val257, :val258, :val259, :val260, :val261, :val262, :val263, :val264, :val265, :val266, :val267, :val268, :val269, :val270, :val271, :val272, :val273, :val274, :val275, :val276, :val277, :val278, :val279, :val280, :val281, :val282, :val283, :val284, :val285, :val286, :val287, :val288, :val289, :val290, :val291, :val292, :val293, :val294, :val295, :val296, :val297, :val298, :val299, :val300, :val301, :val302, :val303, :val304, :val305, :val306, :val307, :val308, :val309, :val310, :val311, :val312, :val313, :val314, :val315, :val316, :val317, :val318, :val319, :val320, :val321, :val322, :val323, :val324, :val325, :val326, :val327, :val328, :val329, :val330, :val331, :val332, :val333, :val334, :val335, :val336, :val337, :val338, :val339, :val340, :val341, :val342, :val343, :val344, :val345, :val346, :val347, :val348, :val349, :val350, :val351, :val352, :val353, :val354, :val355, :val356, :val357, :val358, :val359, :val360, :val361, :val362, :val363, :val364, :val365, :val366, :val367, :val368, :val369, :val370, :val371, :val372, :val373, :val374, :val375, :val376, :val377, :val378, :val379, :val380, :val381, :val382, :val383, :val384, :val385, :val386, :val387, :val388, :val389, :val390, :val391, :val392, :val393) AND DATE_FORMAT(`工单生成时间`, '%Y-%m') = '2024-10';
2025-06-14 02:07:29,142 ChatBI->     INFO     query: {query} 处理完毕
2025-06-14 02:10:06,307 ChatBI->     ERROR    Unexpected error occured:(1001, '')
Traceback (most recent call last):
  File "/data/yfzx/liucd/chatbi_deploy2/chatbi_DB2/apps/app_main_ws_router.py", line 65, in websocket_endpoint
    message = await websocket.receive_text()
              ^^^^^^^^^^^^^^^^^^^^^^^^^^^^^^
  File "/root/anaconda3/envs/chatbi/lib/python3.12/site-packages/starlette/websockets.py", line 119, in receive_text
    self._raise_on_disconnect(message)
  File "/root/anaconda3/envs/chatbi/lib/python3.12/site-packages/starlette/websockets.py", line 113, in _raise_on_disconnect
    raise WebSocketDisconnect(message["code"], message.get("reason"))
starlette.websockets.WebSocketDisconnect: (1001, '')
2025-06-14 02:10:29,775 ChatBI->     INFO     案例库查询
2025-06-14 02:10:29,810 ChatBI->     INFO     案例库查询结果: ["{'query': '上个月电瓶车充电相关的工单中，各类诉求、投诉、咨询、建议的比例是多少', '目标列': ['工单类型'], '条件列': {'内容描述': '电瓶车充电相关', '工单生成时间': '上个月'}}", "{'query': '今年市民咨询办理残疾证到期换证的事件有多少起', '目标列': ['内容描述'], '条件列': {'内容描述': '残疾证到期换证', '工单生成时间': '今年', '工单类型': '咨询类'}}", "{'query': '医保相关的咨询事件有那些', '目标列': ['内容描述'], '条件列': {'四级分类': '医保相关', '工单类型': '咨询类'}}"]
2025-06-14 02:10:30,290 ChatBI->     INFO     schema linking: {'target_columns': [], 'condition_columns': {}}
2025-06-14 02:10:31,370 ChatBI->     INFO     任务类型: SQL
2025-06-14 02:10:31,879 ChatBI->     INFO     stad sql: SELECT * FROM shanghai LIMIT 5000;
2025-06-14 02:10:31,880 ChatBI->     INFO     非结构化信息为: {}
2025-06-14 02:10:31,880 ChatBI->     INFO     sql查询命令中没有非结构化信息则不进行语义分析
2025-06-14 02:10:31,880 ChatBI->     INFO     没有找到<  >对应的视图
2025-06-14 02:10:38,042 ChatBI->     INFO     query: {query} 处理完毕
2025-06-14 02:10:40,468 ChatBI->     ERROR    Unexpected error occured:(1001, '')
Traceback (most recent call last):
  File "/data/yfzx/liucd/chatbi_deploy2/chatbi_DB2/apps/app_main_ws_router.py", line 65, in websocket_endpoint
    message = await websocket.receive_text()
              ^^^^^^^^^^^^^^^^^^^^^^^^^^^^^^
  File "/root/anaconda3/envs/chatbi/lib/python3.12/site-packages/starlette/websockets.py", line 119, in receive_text
    self._raise_on_disconnect(message)
  File "/root/anaconda3/envs/chatbi/lib/python3.12/site-packages/starlette/websockets.py", line 113, in _raise_on_disconnect
    raise WebSocketDisconnect(message["code"], message.get("reason"))
starlette.websockets.WebSocketDisconnect: (1001, '')
2025-06-14 02:12:24,162 ChatBI->     INFO     案例库查询
2025-06-14 02:12:24,200 ChatBI->     INFO     案例库查询结果: ["{'query': '近期收到的物业举报的事件有多少起', '目标列': ['内容描述'], '条件列': {'工单生成时间': '近期', '工单类型': '投诉举报类', '三级分类': '物业'}}", "{'query': '最近半年与台风相关的诉求工单有多少条', '目标列': ['内容描述'], '条件列': {'内容描述': '台风相关诉求', '工单生成时间': '最近半年'}}", "{'query': '最近十个月小区垃圾投诉的数量是多少', '目标列': ['内容描述'], '条件列': {'内容描述': '小区垃圾', '工单类型': '投诉举报类', '工单生成时间': '最近十个月'}}"]
2025-06-14 02:12:24,685 ChatBI->     INFO     schema linking: {'target_columns': ['工单编号'], 'condition_columns': {}}
2025-06-14 02:12:25,565 ChatBI->     INFO     任务类型: SQL
2025-06-14 02:12:26,291 ChatBI->     INFO     stad sql: SELECT COUNT(`工单编号`) AS `数据总数` FROM `shanghai` LIMIT 5000;
2025-06-14 02:12:26,292 ChatBI->     INFO     非结构化信息为: {}
2025-06-14 02:12:26,293 ChatBI->     INFO     sql查询命令中没有非结构化信息则不进行语义分析
2025-06-14 02:12:26,293 ChatBI->     INFO     没有找到<  >对应的视图
2025-06-14 02:12:29,218 ChatBI->     INFO     query: {query} 处理完毕
2025-06-14 02:14:04,705 ChatBI->     INFO     案例库查询
2025-06-14 02:14:04,747 ChatBI->     INFO     案例库查询结果: ["{'query': '去年投诉学校的事件有多少起', '目标列': ['内容描述'], '条件列': {'内容描述': '学校', '工单生成时间': '去年', '工单类型': '投诉举报类'}}", "{'query': '近半年内与物业管理相关的举报有那些', '目标列': ['内容描述'], '条件列': {'四级分类': '物业管理', '工单生成时间': '近半年内', '工单类型': '投诉举报类'}}", "{'query': '去年投诉学校的事件有那些类型', '目标列': ['内容描述'], '条件列': {'工单生成时间': '去年', '内容描述': '投诉学校', '工单类型': '投诉举报类'}}"]
2025-06-14 02:14:05,760 ChatBI->     INFO     schema linking: {'target_columns': ['内容描述'], 'condition_columns': {'内容描述': '东昌中学南校', '工单类型': '投诉举报类'}}
2025-06-14 02:14:07,538 ChatBI->     INFO     任务类型: 内容抽取
2025-06-14 02:14:07,797 ChatBI->     INFO     过滤表达式： content_description like '%东昌中学南校%'  and order_type like '%投诉举报类%' ; 查询问题： 
2025-06-14 02:14:07,798 ChatBI->     INFO     开始对非结构化文档【粗略】检索
2025-06-14 02:14:08,027 ChatBI->     INFO     检索到的文档总数量为：0
2025-06-14 02:14:08,028 ChatBI->     INFO     开始对非结构化文档【深度】检索
2025-06-14 02:14:08,030 ChatBI->     INFO     websocket发送的数据为：{"response": []}
2025-06-14 02:14:09,683 ChatBI->     INFO     query: {query} 处理完毕
2025-06-14 02:16:19,420 ChatBI->     ERROR    Unexpected error occured:(<CloseCode.NO_STATUS_RCVD: 1005>, '')
Traceback (most recent call last):
  File "/data/yfzx/liucd/chatbi_deploy2/chatbi_DB2/apps/app_main_ws_router.py", line 65, in websocket_endpoint
    message = await websocket.receive_text()
              ^^^^^^^^^^^^^^^^^^^^^^^^^^^^^^
  File "/root/anaconda3/envs/chatbi/lib/python3.12/site-packages/starlette/websockets.py", line 119, in receive_text
    self._raise_on_disconnect(message)
  File "/root/anaconda3/envs/chatbi/lib/python3.12/site-packages/starlette/websockets.py", line 113, in _raise_on_disconnect
    raise WebSocketDisconnect(message["code"], message.get("reason"))
starlette.websockets.WebSocketDisconnect: (<CloseCode.NO_STATUS_RCVD: 1005>, '')
2025-06-14 02:16:19,456 ChatBI->     INFO     案例库查询
2025-06-14 02:16:19,495 ChatBI->     INFO     案例库查询结果: ["{'query': '拖欠工资的主责部门是哪个', '目标列': ['主办单位'], '条件列': {'内容描述': '拖欠工资'}}", "{'query': '最近3个月反映的工单里哪些企业存在拖欠工资的行为', '目标列': ['内容描述'], '条件列': {'内容描述': '企业存在拖欠工资的行为', '工单生成时间': '最近3个月'}}", "{'query': '上半年哪些地方存在拖欠工资的现象', '目标列': ['诉求地址'], '条件列': {'工单生成时间': '上半年', '内容描述': '拖欠工资'}}"]
2025-06-14 02:16:20,260 ChatBI->     INFO     schema linking: {'target_columns': ['内容描述'], 'condition_columns': {'内容描述': '拖欠农民工工资的企业'}}
2025-06-14 02:16:21,432 ChatBI->     INFO     任务类型: 内容抽取
2025-06-14 02:16:21,730 ChatBI->     INFO     过滤表达式： ; 查询问题： 拖欠农民工工资的企业
2025-06-14 02:16:21,731 ChatBI->     INFO     开始对非结构化文档【粗略】检索
2025-06-14 02:16:22,449 ChatBI->     INFO     检索到的文档总数量为：5000
2025-06-14 02:16:22,749 ChatBI->     INFO     开始对非结构化文档【深度】检索
2025-06-14 02:16:23,120 ChatBI->     INFO     step_scores: ['yes', 'yes', 'yes', 'yes', 'yes', 'yes', 'yes', 'yes', 'yes', 'yes']
2025-06-14 02:16:23,121 ChatBI->     INFO     层级抽取文档： 市民来电反映:被拖欠农民工工资，所属：中建八局，实际用工地：浙江宁波。 ==> yes  
2025-06-14 02:16:23,121 ChatBI->     INFO     层级抽取文档： 市民来电反映:农民工被拖欠工资，总包单位：张江集团，人数：20-30人，金额：20-30万，工地地址：伟展路近洲德路。诉求：要求解决工资 拖欠。 ==> yes  
2025-06-14 02:16:23,121 ChatBI->     INFO     层级抽取文档： 市民来电反映:反映企业拖欠工资事宜，公司名称：德翊市场拓展客服服务部（物业外包公司），工作地址如上，市民负责物业电工工作，被拖欠2周的工资（一个月6000元），签过劳动合同，但是合同没有发给其。拖欠人数：1人，诉求：请管理部门核实并为市民追讨工资。 ==> yes  
2025-06-14 02:16:23,121 ChatBI->     INFO     层级抽取文档： 市民来电补充信息。市民补充信息内容市民得知工地已经将工钱打款给农民工老板：邵江华，联系电话：18817241800，市民表示该电话打不通。诉求：请管理部门核实并要求帮助追讨拖欠农民工工资。【最近派发的工单编号：20240208006882，工单内容：市民来电反映:施工单位：建工七建，工程名称：朝露苑，拖欠其农民工工资23000元左右，涉及20-30人左右，总金额涉及57万元，有订立劳务合同。诉求：请管理部门核实并要求帮助追讨拖欠农民工工资。（需回复）】 ==> yes  
2025-06-14 02:16:23,121 ChatBI->     INFO     层级抽取文档： 市民来电反映:其在江西省南昌市红谷滩新区建造的房子工程在2018年竣工完成，当地政府表示不归南昌管，让市民找上海的公司。该工程归属上述地址的公司，该公司拖欠农民工工资的人数涉及到13~14人，金额涉及：153700元，有签署过劳动合同，但是被公司收回。姓名：高治海，联系电话：15221243889。其表示农民工都纷纷往上海赶来讨要拖欠工资了。诉求：希望相关部门尽快协调该公司拖欠工资事宜。（需回复） ==> yes  
2025-06-14 02:16:23,121 ChatBI->     INFO     层级抽取文档： 市民来电反映:其在上述地址厂房建造工地工作被拖欠工资，有签订劳动合同，总包：中建四局，分包：上海屹洪建筑工程有限公司，拖欠金额：1万8千多元，拖欠人数：5个人左右。市民诉求：希望管理部门帮助市民讨要工资。 ==> yes  
2025-06-14 02:16:23,121 ChatBI->     INFO     层级抽取文档： 市民来电反映:其在上述地址建筑地址工作，拖欠工资。施工单位为中建八局，拖欠人数为50、60人，金额为70、80万元，未签署劳动合同。诉求：希望管理部门核实为其讨回被拖欠的工资。 ==> yes  
2025-06-14 02:16:23,121 ChatBI->     INFO     层级抽取文档： 市民来电反映：2024年4月至6月在上述地址中的建筑工地工作，拖欠工资人员30人左右 ，拖欠工作总数不清楚，市民个人拖欠工资有一万八千四百元，没有签署劳动协议。公司名称：东昌建设。诉求：要求管理部门尽快拿回工资。 ==> yes  
2025-06-14 02:16:23,121 ChatBI->     INFO     层级抽取文档： 市民来电反映: 上述地址公司拖欠市民和其爱人共18461元工资，双方都没有签署劳动合同，诉求: 希望管理部门核实为市民追讨工资.(需回复) ==> yes  
2025-06-14 02:16:23,121 ChatBI->     INFO     层级抽取文档： 【重新交办，要求：按答复市民要点告知市民，市民表示答复市民要点与实际情况明显不符，市民表示至今未收到工资，总包曾打过条子，如发放工资会需要工人签字，但至今没有人联系发钱签字，诉求：尽快发放拖欠的工资。最近办结的工单编号：20240531016271，工单内容：市民来电反映:2023年10月至今在上述地址韩国美妆企业园总部星奉项目建筑工地干活，承诺过年前付清。拖欠人数：11人，拖欠23.5万。签过劳动合同。诉求：请管理部门核实讨要工资。】 ==> yes  
2025-06-14 02:16:23,457 ChatBI->     INFO     step_scores: ['yes', 'yes', 'yes', 'yes', 'yes', 'yes', 'yes', 'yes', 'yes', 'no']
2025-06-14 02:16:23,458 ChatBI->     INFO     层级抽取文档： 市民来电反映:其在上述地址房屋建造工地工作被拖欠工资，没有签订劳动合同，总包：中铁十二局，分包：安素，拖欠金额：1400元，拖欠人数：两个人。市民诉求：希望管理部门帮助市民讨要工资。 ==> yes  
2025-06-14 02:16:23,458 ChatBI->     INFO     层级抽取文档： 市民来电反映相同问题。【最近派发的工单编号：20240131022379，工单内容：市民来电反映:上述建筑工地拖欠员工2023年11月-12月份工资，涉及人数：1人涉及金额：16000元，企业承诺最迟到2月5日发放，现在企业告知没有钱要到2024年3月3日之后才可以给，未签订劳动合同，有付款合同（非材料款，确实是工资），负责人电话：17312981666，王开风，诉求：要求有关部门核实后帮助市民拿回工资。】 ==> yes  
2025-06-14 02:16:23,458 ChatBI->     INFO     层级抽取文档： 市民来电反映:市民在上述地址的公司上海烛辉建设工程有限公司就职。1月份入职11月29日离职。公司拖欠了市民9月10月11月3个月工资总计18000多元市民和公司签过合同。诉求：请管理部门帮助追讨工资。 ==> yes  
2025-06-14 02:16:23,458 ChatBI->     INFO     层级抽取文档： 市民来电反映: 上述地址公司拖欠市民5670元工资，其有签署过劳动合同,诉求: 希望管理部门核实为市民追讨工资.(需回复) ==> yes  
2025-06-14 02:16:23,458 ChatBI->     INFO     层级抽取文档： 市民来电反映:市民表示其在一个建筑工地工作，被拖欠了工资。 ==> yes  
2025-06-14 02:16:23,458 ChatBI->     INFO     层级抽取文档： 市民来电反映: 市民在上述地址附近的工地工作, 上述公司拖欠市民工资30800元,有签署过劳动合同，诉求: 希望管理部门核实为市民追讨拖欠工资.(需回复) ==> yes  
2025-06-14 02:16:23,458 ChatBI->     INFO     层级抽取文档： 市民来电反映:公司拖欠工资2个月。 ==> yes  
2025-06-14 02:16:23,458 ChatBI->     INFO     层级抽取文档： 市民来电反映:其2023年10月-2024年3月底在上述地址企业上海承佑科技有限公司工作，未签订劳动合同，有工时表。拖欠工资人数：10人，拖欠工资总金额：100000元左右。诉求：请管理部门协助，帮助市民讨回工资。 ==> yes  
2025-06-14 02:16:23,458 ChatBI->     INFO     层级抽取文档： 市民来电反复催单。催单原因：市民来电反复催单。【最近派发的工单编号：20240201005765，工单内容：市民来电反映:上述地址装修装饰建筑工程欠薪（华为厂房装修装饰，承包总公司名称：薪都装饰，承包分公司：上海敏会机电公司，大老板：刘志国。公司电话：021-57619279），拖欠2023年12月和2024年1月工资，一共4人，共计4万多元，有签署劳动合同，告知2024年1月28日结清，一直拖延，截止2月1日没有发放，也没有给到明确答复什么时候结清。市民表示要过年回家了，要求尽快结清工资。诉求：请管理部协助讨要工资。】 ==> yes  
2025-06-14 02:16:23,458 ChatBI->     INFO     层级抽取文档： 市民来电咨询:企业拖欠其出差费的报销，咨询如何处理。 ==> no  
2025-06-14 02:16:23,803 ChatBI->     INFO     step_scores: ['yes', 'yes', 'yes', 'yes', 'yes', 'yes', 'yes', 'no', 'yes', 'yes']
2025-06-14 02:16:23,803 ChatBI->     INFO     层级抽取文档： 市民来电反映:上述地址的建筑工地拖欠其和工友共10人的工资，总计大约50万，市民表示有劳动合同。诉求：希望管理部门核实并协助市民讨回工资（需回复） ==> yes  
2025-06-14 02:16:23,803 ChatBI->     INFO     层级抽取文档： 市民来电反映:其是上述地址工地上的保安，工地项目结束以后，工资一直未发放，拖欠人数：5-6人，金额：6万元左右，公司名称：中建八局总承包建设有限公司。诉求：希望管理部门帮助讨要工资。（需回复） ==> yes  
2025-06-14 02:16:23,803 ChatBI->     INFO     层级抽取文档： 市民来电反映:公司拖欠其家人工资，姓名：徐文祥，联系方式：15855304854。 ==> yes  
2025-06-14 02:16:23,803 ChatBI->     INFO     层级抽取文档： 市民来电反映:XS7-0101单元0602地块，总包单位：宝冶集团，其是分包的劳务工，分包单位名称不知道。从事工种:钢筋工，拖欠20万元工资，拖欠人数：10人。未签过劳动合同。老板：王夏生。诉求：请管理部门核实讨要工资。 ==> yes  
2025-06-14 02:16:23,803 ChatBI->     INFO     层级抽取文档： 市民来电反映:其受个人雇佣。现对方拖欠其工资未给，故来电反映。 ==> yes  
2025-06-14 02:16:23,803 ChatBI->     INFO     层级抽取文档： 市民来电反映: 上海昊楷德装饰工程有限公司（南亭公路3258号）拖欠市民三个人12000元的工资没结清，人数3个人，没有劳动合同。涉及家庭装修工程，施工工程所在地在崇明区。希望帮忙讨要工资。 ==> yes  
2025-06-14 02:16:23,804 ChatBI->     INFO     层级抽取文档： 市民来电反映:其父亲是为一位叫李晓光的人员工作，李晓光承接了温州市乐清坤庆置业有限公司的工程，但是现在拖欠其5个人的工资尾款36000.00元，而且不接电话。乐清市劳动部门不处理。诉求：给予维权。 ==> yes  
2025-06-14 02:16:23,804 ChatBI->     INFO     层级抽取文档： 市民来电反映:其在上述公司是企业内退人员，其表示企业有无故以纳税的理由对市民的工资进行扣除，其告知每个月领取的是本市最低工资，外加每月8月份一次发放住房补贴3000元，其告知完全达不到纳税的资格。但是企业还是以纳税为名进行扣除。诉求：请管理部门核实，该企业以纳税的名义对市民的工资进行扣除是否合规合法。 ==> no  
2025-06-14 02:16:23,804 ChatBI->     INFO     层级抽取文档： 市民来电补充信息。市民补充信息内容为市民的父亲叫王兴辉，被拖欠工资的人是其父亲，市民表示当时来电人是市民，现在诉求联系人是要写王清清，要求尽快处理解决问题。（需回复）【最近派发的工单编号：20240313011245，工单内容：市民来电反映:用工地在上述地址，拖欠其个人工资5000元，未签署劳动合同，从事泥瓦工，公司名：上海莱隽建筑工程有限公司，对接人姓杨立平，手机号：13918602124。诉求：希望管理部门核实并追讨回其被拖欠的工资。】 ==> yes  
2025-06-14 02:16:23,804 ChatBI->     INFO     层级抽取文档： 市民来电反映:2023年6月份在上述地址的工地工作，没有劳动合同，2个月后离职公司拖欠了8000多元的工资没有发放，希望管理部门帮助市民追讨工资。 ==> yes  
2025-06-14 02:16:24,150 ChatBI->     INFO     step_scores: ['yes', 'yes', 'yes', 'yes', 'yes', 'yes', 'yes', 'yes', 'yes', 'yes']
2025-06-14 02:16:24,150 ChatBI->     INFO     层级抽取文档： 【重新交办，要求：按答复市民要点告知市民，市民表示答复市民要点与实际情况明显不符，市民称只有一个咨询确认电话，并没有任何答复，也没有沟通结算工资，现在老板也联系不上了，诉求：希望管理部门协调尽快结算发放工资。最近办结的工单编号：20240531008388，工单内容：市民来电反映:施工单位：中建一局，2023年7月-10月在上述地址建筑做瓦工，签过劳动合同，拖欠人数：17人，拖欠人数32万左右。老板姓冉：13220216078。诉求：请管理部门核实讨要工资。】 ==> yes  
2025-06-14 02:16:24,150 ChatBI->     INFO     层级抽取文档： 市民来电反映:其4人在该处工地干活，有劳动合同，被拖欠33500工资，该处周黎明电话：15190115550，现诉求：望管理部门尽快帮助拿到工资。 ==> yes  
2025-06-14 02:16:24,150 ChatBI->     INFO     层级抽取文档： 市民来电反映:上述地址公司有拖欠工资的现象，时间：2024年9月，没有签订劳动合同，拖欠工资金额：1个人是1700多，还有1个人是10000多元，人数：2人。诉求：希望管理部门帮市民讨回工资。（需回复） ==> yes  
2025-06-14 02:16:24,150 ChatBI->     INFO     层级抽取文档： 市民来电反映:其是美团骑手，签过劳动合同。拖欠人数：20人左右。拖欠金额：18万。诉求：请管理部门核实讨要工资。 ==> yes  
2025-06-14 02:16:24,150 ChatBI->     INFO     层级抽取文档： 市民来电反映:自己在上述公司工作被拖欠工资（上海合茂房地产发展有限公司，4月工资一直未发），签过劳动合同，拖欠1人，拖欠金额2690元，诉求：要求尽快支付工资 ==> yes  
2025-06-14 02:16:24,150 ChatBI->     INFO     层级抽取文档： 【重新交办，要求：按答复市民要点告知市民，市民表示前件答复不明确。至今拖欠的工资还没发放下来，原讨薪诉求不变。最近办结的工单编号：20240525005316，工单内容：重新交办，要求：答复要点不明确，施工单位至今都联系不上，要求尽快解决处理。最近办结工单编号20240410026574工单内容【重新交办，要求：答复要点不明确，企业本来说4月3日支付，但后续一直推诿需要和小老板对账，至今未收到拖欠的工资。诉求：请管理部门核实并协调催讨工资。（需回复）最近办结的工单编号：20240310009315，工单内容：重新交办,要求：按答复要点告知市民,市民表示答复要点不明确,市民反映还剩余130... ==> yes  
2025-06-14 02:16:24,151 ChatBI->     INFO     层级抽取文档： 市民来电反映:市民母亲：张美兰，之前在上述地址做外卖打包员，没有签过劳动合同，目前被拖欠了5000元的工资，商家已经关闭了。诉求：希望帮其讨要工资。 ==> yes  
2025-06-14 02:16:24,151 ChatBI->     INFO     层级抽取文档： 市民来电反映: 市民和朋友两人在张江帮一项水务工程干活，项目名称万江环境雨污混接普查。 2个人拖欠了7000元左右的工资没结，没有劳动合同。希望帮忙讨要工资。  ==> yes  
2025-06-14 02:16:24,151 ChatBI->     INFO     层级抽取文档： 市民来电反映:其是上述地址建造房屋的农民工，被拖欠工资人数10-20个人，被拖欠金额共计100多万元，没有签署过劳动合同，金地丰盛道项目曹经理电话为15205172064。诉求：请管理部门核实，协助讨薪。（需回复） ==> yes  
2025-06-14 02:16:24,151 ChatBI->     INFO     层级抽取文档： 市民来电反映:市民是上述企业员工、有签订劳动合同，被拖欠工资6400元左右。 诉求：请管理部门帮市民维权。（需回复） ==> yes  
2025-06-14 02:16:24,516 ChatBI->     INFO     step_scores: ['yes', 'yes', 'yes', 'yes', 'yes', 'yes', 'yes', 'yes', 'yes', 'no']
2025-06-14 02:16:24,516 ChatBI->     INFO     层级抽取文档： 市民来电反映:市民在上述地址的施工工地上当工地安全员，还有一个月工资没给市民发放。公司：深圳汇昌。市民和对方联系，但是联系不上对方。市民签署过劳动合同。拖欠金额：8000元（包括社会保险）。诉求：希望管理部门核实后帮助市民拿回工资。 ==> yes  
2025-06-14 02:16:24,516 ChatBI->     INFO     层级抽取文档： 市民来电反映:去年4月至今，其在网易科技园项目工地做空调保温相关工作，（总包：中建八局，分包：淮安定国），至今仍被拖欠8万余元的工资，请协助维权。 ==> yes  
2025-06-14 02:16:24,517 ChatBI->     INFO     层级抽取文档： 【长三角】市民来电反映:上述地址的公司：上海捷茹物流有限公司拖欠工资。市民签过劳动合同，实际在昆山上班。拖欠工资6600元（市民个人），拖欠人数2人，公司负责人：15800389111。目前市民已经联系不上公司负责人，诉求：将拖欠工资6600元给市民。 ==> yes  
2025-06-14 02:16:24,517 ChatBI->     INFO     层级抽取文档： 市民来电反映:其和上述公司签过劳动合同，被拖欠2023年5月-2023年12月底工资，金额：2万多元。公司联系电话：18252881577。诉求：请管理部门讨要工资。（需回复） ==> yes  
2025-06-14 02:16:24,517 ChatBI->     INFO     层级抽取文档： 市民来电反映:2023年6月14日到18日，其在上述地址做了四天LC板的工作，项目属于中建三局，老板叫方鑫，没有签过劳动合同，谁知老板不认帐，也跑路了，拖欠其6320元的工资没有给，请管理部门核实尽快给工资。 ==> yes  
2025-06-14 02:16:24,517 ChatBI->     INFO     层级抽取文档： 市民来电反映：上述地址公司拖欠工资，拖欠2-3个月工资（具体金额市民不知道），签过劳动合同。市民表示全厂员工的工资都未发放，诉求：请管理部门协助发放拖欠工资。（市民需要信息保密，无需回复） ==> yes  
2025-06-14 02:16:24,517 ChatBI->     INFO     层级抽取文档： 市民来电反映:上述地址正在旧房重建，即将完工，其工作了五个月，十天前工作已作完了，是做外墙图料的工作，但工资一直没有拿到，总共拖欠：23780，诉求：请管理部门为其追讨工资。 ==> yes  
2025-06-14 02:16:24,517 ChatBI->     INFO     层级抽取文档： 市民来电补充信息。市民补充信息内容为其收到企业财务的联系，告知市民不会结清其薪资，市民尝试联系承办部门联系不上。诉求：希望管理部门核实处理，市民希望承办部门与其联系。【最近派发的工单编号：20240831021014，工单内容：市民来电反映:市民在上述地址上班，公司（上海邦芒人力资源有限公司，嘉定区双单路1068号1103室）拖欠市民6月份工资200元。诉求:要求尽快支付工资，希望管理部门核实处理。（需回复）】 ==> yes  
2025-06-14 02:16:24,517 ChatBI->     INFO     层级抽取文档： 市民来电反复催单。催单原因：市民称管理部门至今未给予任何回复，请管理部门尽快处理。【最近派发的工单编号：20231201026978，工单内容：重新交办，要求：答复要点与实际情况不符，市民表示其12月1日仍未收到费用，原诉求不变。最近办结的工单内容：重新交办，要求：答复要点与实际情况不符，市民表示还剩余17150元工资没有发放，希望管理部门督促一下该公司尽快发放。（需回复）市民来电反映:2022年其在上述工地工作，施工单位：中海华环宇城，与龙翔劳务签订了劳动合同，工资至今未给，拖欠人数：1人，拖欠金额：27150元。诉求：要求给到拖欠的工资。】
 ==> yes  
2025-06-14 02:16:24,517 ChatBI->     INFO     层级抽取文档： 市民来电反映:市民和上述地址的上海淼鹏文化传媒有限公司签署过劳动合同，负责行政前台工作，被拖欠12月2日-12日11日工资1071元。诉求：请管理部门尽快帮助要回工资。  ==> no  
2025-06-14 02:16:24,971 ChatBI->     INFO     step_scores: ['yes', 'yes', 'yes', 'yes', 'yes', 'yes', 'yes', 'yes', 'yes', 'yes']
2025-06-14 02:16:24,972 ChatBI->     INFO     层级抽取文档： 【重新交办，要求：根据答复市民要点告知市民，市民表示答复要点不明确，市民表示工资至今没有拿到，市民称拖欠的是市民一人。市民表示强荣集团之前答应会在9月25日把钱给市民，但至今都没有拿到。请管理部门尽快处理。最近办结的工单编号:20240718026351，工单内容:市民来电反映:市民曾在上述地址建筑工地工作，该工地的开发商为强荣集团，2023年9月工资一直未支付给市民，双方未签订劳动协议，共拖欠19840元，人数8人。诉求：请管理部门核实尽快帮助讨还欠薪。】 ==> yes  
2025-06-14 02:16:24,972 ChatBI->     INFO     层级抽取文档： 【重新交办，要求：按答复要点告知市民，市民表示答复要点不明确。市民称于6月14日已有工友陆续到账被欠工资，其至今未到账，且先前被回复告知尽快会支付，并未给予明确期限。故对此不满，诉求不变，要求督促尽快支付被欠工资。（需回复）最近办结的工单编号：20240524003249，工单内容：市民来电反映:重新交办,要求：按答复要点告知市民,答复要点与实际情况不符，市民称反映到现在工资依旧一分没有收到，诉求：请管理部门核实，要求管理部门按照之前答复的动用农民工工资保证金支付市民工资。工单内容:【长三角】市民来电反映:2023年6月市民和妻子两人在上述地址建筑工地工作，承建单位名称：上海明棋建设工程... ==> yes  
2025-06-14 02:16:24,972 ChatBI->     INFO     层级抽取文档： 市民来电反复催单。催单原因：市民称管理部门至今未给予任何回复，请管理部门尽快处理。【最近派发的工单编号：20240620033418，工单内容：市民来电反映:2023年12月22日在上述地址的上海祥树欧茂机电设备有限公司入职，2024年5月31日离职。企业表示离职员工需要再等待一个月才能发放工资，公司需要一个月时间去评判是否存在订单风险。但是根据相关规定，离职的员工工资需要在次日15日前完成发放。企业拖欠其5月份一整个月工资，大概是税前7000元。诉求：希望管理部门协助其拿回工资。】 ==> yes  
2025-06-14 02:16:24,972 ChatBI->     INFO     层级抽取文档： 市民来电反映:施工方：上海建工，浦东新区，2号线创新中路站附近，浦东新区胸科医院建设中，拖欠市民4万元工资，有劳动合同，没有劳动仲裁过，诉求：希望管理部门帮助拿回工资。（需回复） ==> yes  
2025-06-14 02:16:24,972 ChatBI->     INFO     层级抽取文档： 市民来电反映:唐镇德淳路华侨城造房子的建筑工地，人数22人，35万工资被拖欠。涉及8月份的工资。用工单位：中铁八局和天芃建筑工程有限公司。已通过12345热线向住建委反映，承办答复施工单位反馈目前正在协调处理中，但至今差近5万元的工资没有支付。故来电望管理部门再次核实处理，尽快帮助讨回工资。（需要回复）   ==> yes  
2025-06-14 02:16:24,972 ChatBI->     INFO     层级抽取文档： 【重新交办，要求：答复要点与实际情况不符，市民表示至今未发放。诉求：希望管理部门再次核实处理。最近办结的工单编号：20240304004423，工单内容：市民来电反映:2023年3月至今市民在上述地址远大健康城建筑工地工作，签订劳动合同，施工单位中建科技，市民称施工方拖欠16人工资，共计44万元，诉求：希望管理部门核实，尽快发放拖欠的工资（需回复）。】 ==> yes  
2025-06-14 02:16:24,972 ChatBI->     INFO     层级抽取文档： 市民来电反映相同事项【最近办结的工单编号：20240820033080，工单内容：市民来电反映:上述建筑工地拖欠其2023年12月至2024年1月工资合约3000元，项目名称：云南白药上海国际中心项目，建设单位：天瑞锦地北京建筑工程有限公司，未签过劳动合同，负责人王永凯。诉求：请为其讨薪。】 ==> yes  
2025-06-14 02:16:24,972 ChatBI->     INFO     层级抽取文档： 市民来电反复催单。催单原因：市民来电反复催单。【最近派发的工单编号：20240703020413，工单内容：【重新交办，要求：答复要点与实际情况不符，市民表示工资至今没有发放，原诉求不变。最近办结的工单号：20240524020105，工单内容：市民来电反映:在上述地址工地工作被拖欠工资，市民称施工单位:中建四局项目部，单位：上海翔隽劳务，拖欠市民1人工资金额29000多元。诉求：希望尽快解决工资拖欠问题。（需回复）】】 ==> yes  
2025-06-14 02:16:24,973 ChatBI->     INFO     层级抽取文档： 市民来电反映:其2022年在上述地址造房子，有合同。市民称拖欠很多工人一共100万元工资。诉求：请管理部门协助讨薪。 ==> yes  
2025-06-14 02:16:24,973 ChatBI->     INFO     层级抽取文档： 市民来电反复催单。催单原因：市民称管理部门至今未给予任何回复，请管理部门尽快处理【最近派发的工单编号：20241016022906，工单内容：【重新交办，要求：按答复要点告知市民，市民表示管理部门答复要点与实际不符。管理部门称“项目部已与您协商解决，承诺10月15日前发放工资”，但是市民表示事实并非如此，现在已经10月16日了依旧没有发放工资，诉求：希望管理部门协助讨薪，（需回复）最近办结的工单编号:20240909017690，工单内容:市民来电反映:其在上述地址工地工作有拖欠工资，拖欠工资金额：24万，涉及人数：十几人，没有签劳动合同，市民称其是该处工地绿化工，诉求：请管理部门核实处... ==> yes  
2025-06-14 02:16:25,442 ChatBI->     INFO     step_scores: ['yes', 'yes', 'yes', 'yes', 'yes', 'yes', 'yes', 'yes', 'yes', 'yes']
2025-06-14 02:16:25,442 ChatBI->     INFO     层级抽取文档： 市民来电补充信息，承办部门称会给其打钱但一直没落实，已经问其索要其银行卡，希望尽快帮其讨薪。【最近派发的工单编号：20240430020026，工单内容：市民来电反映:市民和其儿子在上述地址的龙光天境（建筑装修一起的）总共被拖欠工资99000左右。除了市民和其儿子外，大概海有10多个人被拖欠工资，市民没有和该公司签订劳动合同。一开始该公司表示4月底打给市民，但是目前没有把钱给市民。诉求：希望有关部门协助市民讨回工资。】 ==> yes  
2025-06-14 02:16:25,443 ChatBI->     INFO     层级抽取文档： 【重交交办，要求，答复不明确，至今没有发放工资，但是短信却回复称问题已经被解决了，市民未接到任何电话反馈。诉求：希望给尽快解决工资拖欠，并给予市民电话反馈。最近派发的工单编号:20241020004950，工单内容:市民来电反映:工地地址徐汇区柳州路第六人民医院新建工程，总包上海四建或五建，市民4个人做弱电工作，2023年月工作至2024年6月，未签过劳动合同，拖欠大约40000元左右工资。负责人分包威豪医疗电话15901762798，诉求：要求尽快结清支付工资】 ==> yes  
2025-06-14 02:16:25,443 ChatBI->     INFO     层级抽取文档： 市民来电反映:2023年5月到9月10几日其在该处工地干活，没有劳动合同，签过协议，该处拖延拖欠其8500多元工资不给，该处胡姓管理人电话：13795450582，现诉求：望管理部门尽快帮助拿到工资。 ==> yes  
2025-06-14 02:16:25,443 ChatBI->     INFO     层级抽取文档： 市民来电反映:上述地址建筑工地，项目的名字，鹏闰云景湾二期，施工方：总包，华新建工，有劳动合同，拖欠市民2024年4月、5月生活费。金额：5000多元。诉求：希望管理部门核实，帮助讨要工资。 ==> yes  
2025-06-14 02:16:25,443 ChatBI->     INFO     层级抽取文档： 市民来电反复催单。催单原因：市民称管理部门至今未给予任何回复，请管理部门尽快处理。【最近派发的工单编号：20240328004427，工单内容：重新交办,要求：按答复要点告知市民,市民表示答复要点与实际情况不符，市民表示其并没有收到联系，并没有人和市民协商过，至今工资没有进行支付。诉求：希望管理部门重新核实处理。最近办结的工单编号:工单内容:市民来电反映:市民来电对办理结果不满,实际已经报过警了，总包承认是没有钱，没有支付工资，诉求：总包给到拖欠的工资。工单内容:重新交办，市民表示答复市民要点与实际情况明显不符，其表示只收到8万元工资，还剩余20万元工资未发。诉求：希望帮助继续讨薪。（需... ==> yes  
2025-06-14 02:16:25,443 ChatBI->     INFO     层级抽取文档： 【重新交办，要求：答复要点与实际情况不符，市民来电反映当时管理部门告知2023年会解决欠薪问题。实际市民多次向工地讨要，对方均不愿支付工资，现已经2024年了，市民仍然被欠薪。诉求：请管理部门帮助市民讨要工资。最近办结的工单编号:20230120002267工单内容：市民来电反映:2018年2月-2019年12月市民在上述建筑工地干活，施工单位海顺建筑下面的分包：上海东复建筑幕墙工程有限公司（法人姓名王吟），上海好质建筑装饰有限公司（法人姓名申太平），2个公司为同一个老板，都未与市民签署过劳动合同，一共拖欠市民工资4万多元。诉求：希望管理部门核实并协调尽快帮市民讨回拖欠工资。（需回复）】 ==> yes  
2025-06-14 02:16:25,443 ChatBI->     INFO     层级抽取文档： 市民补充信息内容为:父亲去世是否属于工伤，当时企业认定其父亲是工伤。【最近派发的工单编号：20240620005129，工单内容：市民来电反映：父亲被欠薪，是轨道交通嘉闵线工程，建设公司是上海普盛建设工程有限公司，施工过程中发生意外去世，建筑公司拖欠其父亲2023年2月-7月19日的工资，共计7万多元。诉求：请帮助讨薪。需回复。】 ==> yes  
2025-06-14 02:16:25,443 ChatBI->     INFO     层级抽取文档： 市民来电咨询处理进度。【最近办结的工单编号：20240308011590，工单内容：市民来电反映:2022年2月至2023年6月在上述地址进行土建工程工作，一直未发工资。市民表示以共有77个人欠薪，共计300多万工资。市民表示有签合同，但对应公司市民不记得了。诉求：请管理部门核实并安排发放工资。】 ==> yes  
2025-06-14 02:16:25,443 ChatBI->     INFO     层级抽取文档： 市民来电表示撤销工单【最近派发的工单编号：20240320026176，工单内容：市民来电反映：建筑地址：松江区沪松公路与长浜路交叉口往西180米左右，建筑单位：江苏建道邦城建设工程有限公司，建筑项目：厂房，拖欠人数：2人，金额：2000元，没有劳动合同，有安全教育，诉求：望管理部门帮助讨要工资。】 ==> yes  
2025-06-14 02:16:25,443 ChatBI->     INFO     层级抽取文档： 市民来电反映:8月16日其向12333反映其2个家人工资拖欠事宜，公司恒盛通劳务公司，共计拖欠：18000元，工作人员受理记录，至今没有给其任何信息，其联系12333，工作人员让其拨打市民热线进行催办。诉求:请管理部门核实并要求尽快处理其反映的欠薪事宜（需回复） ==> yes  
2025-06-14 02:16:25,894 ChatBI->     INFO     step_scores: ['yes', 'yes', 'yes', 'yes', 'yes', 'yes', 'yes', 'yes', 'yes', 'yes']
2025-06-14 02:16:25,895 ChatBI->     INFO     层级抽取文档： 市民反映：2023年5月26日—7月5日，在上述地址做G60.安徽科创园北区配套装修工程（详见附件），目前工资仍然拖欠。市民未提供具体拖欠金额，是否签署劳动合同等信息，请管理部门先行联系。诉求：请管理部门帮助讨薪。（市民要求信息保密，需要回复） ==> yes  
2025-06-14 02:16:25,895 ChatBI->     INFO     层级抽取文档： 市民来电反映:被个人拖欠工资。 ==> yes  
2025-06-14 02:16:25,895 ChatBI->     INFO     层级抽取文档： 市民来电反映:市民11月2日从上述地址的上海宜吾教育科技有限公司离职（注册地址：奉贤区望园南路1588弄1号1808、1809室），公司承诺会在一个月内结清工资，但是截至到12月10日来电时市民还未收到拖欠工资。拖欠人数2人，拖欠金额4000多元（市民个人），没有签劳动合同。市民只有负责人的微信，但是多次联系没有回复。诉求：请管理部门核实，将拖欠4000多元给市民。 ==> yes  
2025-06-14 02:16:25,895 ChatBI->     INFO     层级抽取文档： 市民来电反映:市民来电反复催单。催单原因：市民称管理部门至今未给予任何回复，经理吴先生已经将市民的电话拉黑，诉求：请管理部门尽快处理【最近派发的工单编号：20240207008392，工单内容：市民来电反映: 市民在上述地址附近的工地工作，该公司拖欠市民工资33150元，公司负责人联系方式是18800375710(吴先生), 未签署劳动合同，诉求: 希望管理部门核实为市民追讨拖欠工资.(需回复)】 ==> yes  
2025-06-14 02:16:25,895 ChatBI->     INFO     层级抽取文档： 市民来电反映:鹤国路599号一品蔬，8月3日开始在上述地址上了三天班，做洗菜工，没有劳动合同，拖欠了400元工资，诉求：解决拖欠工资问题。 ==> yes  
2025-06-14 02:16:25,895 ChatBI->     INFO     层级抽取文档： 市民来电反复催单。催单原因：现管理部门表示酒店没钱，市民不认可，要求执行支付工资，请管理部门尽快处理【最近派发的工单编号：20240412030504，工单内容：【长三角】市民来电反映:市民与宝燕酒店有签订劳动合同，酒店一直不发工资，市民于2024年3月7日离职，酒店拖欠2023年8月、9月，2024年1月2月3月的工资，拖欠工资金额3万元左右，2月29日其拨打12333反映过。市民表示该酒店还拖欠酒店内500人左右的工资，拖欠工资金额合计约400万元左右，诉求：希望尽快发放工资。（需回复）】 ==> yes  
2025-06-14 02:16:25,895 ChatBI->     INFO     层级抽取文档： 市民来电反映:上述施工地有拖欠工资现象。公司：上海一建东欣安防，签过劳动合同，2023年7月17日-2024年1月15日，金额：32800。诉求：请管理部门核实和尽快发放工资。（需回复） ==> yes  
2025-06-14 02:16:25,895 ChatBI->     INFO     层级抽取文档： 市民来电反映相同事项。市民称被扣押了劳务协议。【最近派发的工单编号:20240728005572，工单内容:市民来电反映:在上述公司工作，从6月3日到6月15日左右派往静安区会文路和虬江路西边的超市工作，有签订劳务协议，目前拖欠2000元工资没有发，报过警，但至今未处理，诉求：协助讨回工资。】 ==> yes  
2025-06-14 02:16:25,895 ChatBI->     INFO     层级抽取文档： 市民来电补充信息。市民补充信息内容为其2024年8月13日接到手机号码为18964583245的来电，对方自称是住建部门，告知要等到10月底，其不认可，希望管理部门尽快处理。【最近派发的工单编号：20240729006311，工单内容：市民来电反映:其父母去年在浦东新区安康路御桥路上海建工二建项目工地工作的工资还未发放，其表示没有签订劳动合同，拖欠2人共计6万元左右，其没有向其他管理部门反映过，诉求：请管理部门核实并要求督促尽快发放拖欠的工资（需回复）】 ==> yes  
2025-06-14 02:16:25,895 ChatBI->     INFO     层级抽取文档： 【重新交办，要求：按答复市民要点告知市民，市民表示前件答复市民要点不明确：请明确协调进行的如何，要何时给钱，诉求：请处理。最近办结的工单编号：20240227005973，工单内容：市民来电反映:其于2024年2月在上述造别墅的工地做水泥工和瓦工，有签劳动合同，合同方：无锡市华英建筑劳务有限公司，拖欠工资：5000多，涉及人数：2个，负责人：于海华，电话：13338749918，市民多次讨要工资无果，市民不清楚工地名称和总包。诉求：请管理部门核实为市民解决工资拖欠问题。】 ==> yes  
2025-06-14 02:16:26,352 ChatBI->     INFO     step_scores: ['yes', 'yes', 'yes', 'yes', 'no', 'yes', 'yes', 'yes', 'yes', 'yes']
2025-06-14 02:16:26,352 ChatBI->     INFO     层级抽取文档： 【重新交办，要求：按答复市民要点告知市民，市民表示前件答复市民要点不明确，市民称总包至今没有联系其，也没有收到拖欠的工资，总包一直在拖着说下个月。诉求：请管理部门核实并要求尽快与其结算工资并要求明确告知何时给其工资（需回复）最近办结的工单编号：20240923011434，工单内容：其和妻子两人2023年8-9月份在上述路段青浦徐泾镇老集镇城中村改造项目A6地块干活（具体负责单位市民无法提供），有劳动合同，两人共计2万元工资，对方承诺2024年5月结清至今没结算，希望管理部门核实后予以处理（需回复）】
 ==> yes  
2025-06-14 02:16:26,352 ChatBI->     INFO     层级抽取文档： 市民来电反复催单。催单原因：市民称管理部门至今未给予任何回复，请管理部门尽快处。【最近派发的工单编号：20240904009589，工单内容：重新交办，要求，答复告知市民与实际不符，市民表示项目部7月30日前根本没有发放工资，现在拖欠工资18000元。市民比较着急需要工资，孩子要上学付学费，母亲住院也需要费用。诉求：希望管理部门核实帮助要回拖欠工资。最近办结的工单编号:20240701030303，工单内容:市民来电反映:2024年3月17日起在上述地址工地打工，直到7月1日只发了1494元，拖欠工资15000元左右，施工单位：中建六局，签署过劳动合同，希望管理部门核实尽快发放工资。】 ==> yes  
2025-06-14 02:16:26,352 ChatBI->     INFO     层级抽取文档： 市民来电反映:上述地址拖欠工资：金额：11000元，人数：1人，未签劳动合同。 ==> yes  
2025-06-14 02:16:26,353 ChatBI->     INFO     层级抽取文档： 【重新交办,要求：答复要点与实际情况不符，市民称2月份接到管理部门电话告知6个月内解决此事，现在8月份了还是没能拿到拖欠工资，原诉求不变，需要回复。最近办结的工单编号:20240206012120，工单内容:市民来电反映：其在上述地址工作，被拖欠工资，从2023年9月至今，金额：15000多元，签署过劳动合同，但企业没有给个人，人数约200-300人，故市民来电反映。诉求：请管理部门核实，帮其索要被拖欠工资。  】 ==> yes  
2025-06-14 02:16:26,353 ChatBI->     INFO     层级抽取文档： 补充信息：宝山区人社局回复称不受理，市民对此不认可。诉求：请管理部门尽快核实处理。（需回复）【最近派发的工单编号：20241103029190，工单内容：市民来电反映: 市民是退休人员，市民在宝山体校做宿管老师，目前单位拖欠市民5月到10月份工资总计21000元， 诉求：市民要求拿到工资】 ==> no  
2025-06-14 02:16:26,353 ChatBI->     INFO     层级抽取文档： 市民来电反映:2022年6月1日到6月22日在上述地址青浦区方舱隔离点工作，被老板拖欠2个人工资，被拖欠人姓名：乌尼日古，达足阿各，没有签署过合同，拖欠两个人一共2万2000元，青浦区海棠P24停车场隔离点，招募人为个人，老板信息：电话18801951277，程增产，河南省永城市裴桥镇程庄村程庄西组090号，411481198905036918，目前联系不上该人员，诉求：请管理部门核实，为其讨薪（需回复） ==> yes  
2025-06-14 02:16:26,353 ChatBI->     INFO     层级抽取文档： 市民来电要求撤单。 【最近派发的工单编号：20231218027648，工单内容：市民来电反映：2023年8月-10月期间，其在松江南站工地上干活，建设项目为修建火车站，总包：中铁二局，劳务：苏州志强劳务，目前建筑工地拖欠工资，涉及几百个工人，拖欠金额六七十万。诉求：希望管理部门帮助工人追讨工资。（需回复）
】 ==> yes  
2025-06-14 02:16:26,353 ChatBI->     INFO     层级抽取文档： 市民来电反映:长宁区法华镇路150弄19号、新华路定西路百花村630弄18号，加装电梯工程，施工方：上海德浩，拖欠6人3.6万元，没有劳动合同，没有劳动仲裁过，诉求：希望管理部门核实帮助拿回工资。（需回复） ==> yes  
2025-06-14 02:16:26,353 ChatBI->     INFO     层级抽取文档： 市民来电补充信息。市民补充信息内容为装饰工程公司地址在嘉定区白银路327号盛都装饰公司。希望尽快帮忙讨要工资。【最近派发的工单编号：20240716015342，工单内容：市民来电反映:市民在上述地址工作，有拖欠工资的现象，市民是属于建筑领域，金额：13000元，人数：2人，没有劳动合同，诉求：请管理部门核实并协助市民追讨工资。】  ==> yes  
2025-06-14 02:16:26,353 ChatBI->     INFO     层级抽取文档： 市民来电反复催单。催单原因：市民称管理部门至今未给予任何回复，请管理部门尽快处理。【最近派发的工单编号：20240606024770，工单内容：市民来电反映:市民在上述地址建筑工地工作，施工方是中铁二局，市民被拖欠10100多元工资。市民签过劳动合同。有两个人拖欠工资。市民和李国志。老板名字叫盛良材，电话13501792807。之前联系过住建委，被告知该项目为高铁沪苏湖项目，不属于住建委管理范围 诉求：希望管理部门核实情况协调要回被拖欠工资。】 ==> yes  
2025-06-14 02:16:26,770 ChatBI->     INFO     step_scores: ['yes', 'yes', 'no', 'yes', 'no', 'yes', 'yes', 'yes', 'yes', 'yes']
2025-06-14 02:16:26,770 ChatBI->     INFO     层级抽取文档： 市民来电咨询:其是本市户籍居民，家庭收入等不满足低保和低收入家庭，其个人因为工资拖欠在劳动仲裁，现在没有收入想要去乞讨，问乞讨是否违反治安条例，具体什么规定 ==> yes  
2025-06-14 02:16:26,770 ChatBI->     INFO     层级抽取文档： 【重新交办,要求：按答复要点告知市民,市民表示答复要点与事实不符，项目部表示市民银行卡出问题，市民重新提供了建行的银行卡，项目部给该卡打了2万元后再也没有后续，并没有继续打款。诉求：请管理部门索要工资。最近办结的工单编号:20231208011883，工单内容:【重新交办，交办要求，已按答复市民要点答复市民，市民对办理结果不满，市民要求管理部门重新处理，市民没拿到一分钱。最近派发的工单编号:20231108014538，工单内容:市民来电反映:松江区华东大学校内的建筑工人，修教学楼的工程结束了，至今拿不到钱，施工单位：中铁四局，有签订过劳动合同，拖欠16人工资共计100多万元，诉求：请管... ==> yes  
2025-06-14 02:16:26,770 ChatBI->     INFO     层级抽取文档： 市民来电咨询:其通过上述企业劳务派遣工作，企业没有缴纳公积金是否违法，市民是农业户口。 ==> no  
2025-06-14 02:16:26,770 ChatBI->     INFO     层级抽取文档： 市民来电反映:虹口区嘉兴路街道HK271-01地块项目，建设单位为上海虹裕置业有限公司，施工总包单位为中国建筑第八工程局有限公司，该项目于2023年11月竣工。但施工单位没有进行相关农民工工资的公示工作，认为违法相关规定。诉求：请管理部门尽快核实查处。（需回复） ==> yes  
2025-06-14 02:16:26,770 ChatBI->     INFO     层级抽取文档： 市民来电反映:通过奉贤区北村路101号3幢上海自如企业管理有限公司签约租了上述地址房屋，续约时自如让其提交无犯罪证明及征信报告，又称市民拖欠金额。市民认为让其提交无犯罪证明征信报告存在过度采集用户信息侵犯其隐私行为，并且对方所称的拖欠金额事情也不存在，不满来电投诉，诉求：请管理部门核实，投诉上海自如企业管理有限公司（需回复） ==> no  
2025-06-14 02:16:26,770 ChatBI->     INFO     层级抽取文档： 【长三角】市民来电反映:2022年春节左右到2023年5月15日在去建发的工地工作，地址在：奉贤区钜庭路贤明路，工作被拖欠工资4000多元，当时老板说340元/天，老板的号码：13056803096，没有有劳动合同，几十人都未结清，现在说要减少发放的金额。诉求：解决拖欠工资问题 ==> yes  
2025-06-14 02:16:26,770 ChatBI->     INFO     层级抽取文档： 市民来电反映:2023年3月-2023年4月被装修公司拖欠工资，但公司地址不清楚 ==> yes  
2025-06-14 02:16:26,770 ChatBI->     INFO     层级抽取文档： 市民来电补充信息。市民补充信息内容为经过协商达成协议，对方支付150200元，其表示已经算解决。【最近派发的工单编号：20240726001371，工单内容：市民来电反映:2023年6月份到2024年6月在上述地址工作。项目名称：张江数字产业创新平台项目。总包上海四建，分包上报新紫茂公司。拖欠人数10几人，拖欠金额300000元左右。诉求：请管理部门核实帮助讨薪。（需回复）】 ==> yes  
2025-06-14 02:16:26,770 ChatBI->     INFO     层级抽取文档： 市民来电补充信息。市民补充信息内容为,市民表示事情已经解决，请管理部门无需再追究。【最近派发的工单编号：20240916001054，工单内容：市民来电反映:2024年8月，上述公司拖欠市民9天工资，金额：676元，工作内容：招聘家政阿姨，没签合同。身份证：340421199911154039。诉求：请管理部门帮助讨薪。

】 ==> yes  
2025-06-14 02:16:26,771 ChatBI->     INFO     层级抽取文档： 市民来电表示撤销工单。【最近派发的工单编号：20241031007937，工单内容：【重新交办，要求：答复要点与实际情况不符，市民联系施工单位，对方称需要核对账户，但是拖延至今没有完成核对，其向住建委反映，也没有及时解决问题，诉求：希望管理部门核实督促，尽快帮助市民讨要工资，也给予市民明确核对账目的时间。（需回复）最近办结的工单编号：20241011035440，工单内容：市民来电反映:自己家人在上述地址工地工作，总包：上海成寿建设发展有限公司，现在拖欠2-8月工资，金额：4万7千元左右，人数：4人，有合同，商业工程。现在拖延不给，市民打了12333未果。市民诉求：望相关部门核实讨薪。（... ==> yes  
2025-06-14 02:16:27,146 ChatBI->     INFO     step_scores: ['yes', 'yes', 'yes', 'no', 'yes', 'yes', 'yes', 'yes', 'yes', 'no']
2025-06-14 02:16:27,146 ChatBI->     INFO     层级抽取文档： 市民来电反映相同事项。【最近派发的工单编号:20240923028094，工单内容:【是否签订劳动合同:未签订劳动合同,实际劳动地址:上海市宝山区陈镇路239-1号联华超市(罗泾店),发生时间:2024-05-2007:00:00,欠薪人数:1,欠薪金额:115200,单位名称:新时代联华购物中心(罗泾店),单位地址:宝山区~上海市宝山区陈镇路239-1号联华超市(罗泾店)】尊敬的领导：您好！本人卢文超2023年7月通过朋友介绍结结识同乡周少伟，他说他承包了（上海市宝山区陈镇路239-号联华超市(罗泾店)联系人：刘立相，水产品和肉制品的销售摊位，让我跟着干。通过沟通后口头商定：一年租金为... ==> yes  
2025-06-14 02:16:27,146 ChatBI->     INFO     层级抽取文档： 市民来电咨询:公司拖欠工资，市民有与其签订协议，公司未按规定时间支付。12333让市民通过法院强制执行，市民需法院电话。 ==> yes  
2025-06-14 02:16:27,146 ChatBI->     INFO     层级抽取文档： 市民来电反映:中铁世纪尚城，玻机木墙装饰有限公司，拖欠工资2万元，一个人，签了劳动合同，姓名：陈卓。诉求：尽快发放工资。 ==> yes  
2025-06-14 02:16:27,146 ChatBI->     INFO     层级抽取文档： 市民来电反映:其是上述地址企业员工，杨浦区平凉路街道监察大队每月到企业调查用工情况并要求企业签字，市民认为影响企业运营，工作人员称只要在劳动争议名单内的企业均会查，市民称其单位之前是有一起劳动争议但还未走仲裁就解决问题了，诉求：请管理部门核实并要求协调街道监察大队少去其家单位（需回复） ==> no  
2025-06-14 02:16:27,146 ChatBI->     INFO     层级抽取文档： 市民来电反映: 其是在私人老板这里做开挖掘机的工作，没有签订过劳动协议，现在老板拖欠工资，市民询问如何追讨欠薪。 ==> yes  
2025-06-14 02:16:27,146 ChatBI->     INFO     层级抽取文档： 市民来电反映: 公司拖欠工资事项, 市民无法提供详细地址. ==> yes  
2025-06-14 02:16:27,147 ChatBI->     INFO     层级抽取文档： 市民来电补充信息。信息内容为公司回复市民这几天会打款，并表示如果反映给12345按照正常流程需要半个月，市民表示先等两天看看公司如果不发就再反映，诉求:请管理部门尽快核实处理。【最近派发的工单编号：20241121014366，工单内容：市民来电反映:上述地址是上海仅鑫制药设备工程有限公司，在上述地址上班被拖欠工资，时间是9月1日-11月20日，拖欠市民29000左右，请帮助追讨欠薪。需回复】 ==> yes  
2025-06-14 02:16:27,147 ChatBI->     INFO     层级抽取文档： 市民来电反映:10月1日市民于上述地址从事负责人，拖欠工资人数：1人，拖欠工资金额：4000元，没有签劳动合同。诉求：管理部门核实协助讨薪。 ==> yes  
2025-06-14 02:16:27,147 ChatBI->     INFO     层级抽取文档： 【重新交办,要求：按答复要点告知市民,市民表示答复要点不明确,去年管理部门与对方协调过，本来对方在协调后答应去年年底前支付所有欠薪，但到现在还差1万元未付清。诉求：请管理部门协助催讨薪资。最近办结的工单编号:20230927019691，工单内容:【重新交办，市民表示答复要点与实际情况不符，市民表示目前已经9月27日，但是9月中旬应该支付的50%并没有发放。诉求：请管理部门尽快帮助市民发放工资。最近办结的工单编号：20230801006112，工单内容：重新交办，要求：管理部门答复结果与实际不符，至今工资未发放，诉求：重新核实要求对方发放工资。】】 ==> yes  
2025-06-14 02:16:27,147 ChatBI->     INFO     层级抽取文档： 市民来电反映:其是商家，加盟力一家企业，企业提供给市民的烤炉等工具有安全隐患，市民要投诉该企业。 ==> no  
2025-06-14 02:16:27,431 ChatBI->     INFO     step_scores: ['no', 'no', 'yes', 'no', 'no', 'no', 'yes', 'no', 'yes', 'no']
2025-06-14 02:16:27,431 ChatBI->     INFO     层级抽取文档： 市民来电咨询:进入公司的时候告知税后8000元，但目前没有达到8000元，劳动合同上没有工资金额，咨询该情况是否属于变相降低工资。 ==> no  
2025-06-14 02:16:27,431 ChatBI->     INFO     层级抽取文档： 市民来电咨询处理进度或者市民来电反映相同事项。【最近派发的工单编号：20241023005679，工单内容：市民来电反映:  企业：麦风食品有限公司，其2021年此处在职，企业正常为其缴纳社保，但至今企业未与其签署合同，出工伤后导致无法申报，已向人社部门举报反映企业该问题，但一直未处理回复。诉求：请管理部门核实，整顿企业未签署合同违规行为，督促尽快为其签署合同。（市民要求信息保密，需回复）
】
 ==> no  
2025-06-14 02:16:27,431 ChatBI->     INFO     层级抽取文档： 市民来电反映:其在长宁区镇宁路9号东方雅苑做装修油漆工，有劳动合同，施工单位：中建十五局，被工资人数：20-30人，金额：其自己1万多，别人的金额他不知道。诉求：请帮助追讨工资。 ==> yes  
2025-06-14 02:16:27,432 ChatBI->     INFO     层级抽取文档： 市民来电咨询: 公司效益不好，通知员工在家等通知上班。也没有签合同。到手工资三千，交社保医保，咨询现在效益不好，工资是否按照规定要正常发放。 ==> no  
2025-06-14 02:16:27,432 ChatBI->     INFO     层级抽取文档： 市民来电咨询:其63岁，已经领取养老金，在一家企业工作，下班期间发生交通事故受伤，对方全责，该情况企业是否要承担工伤责任。 ==> no  
2025-06-14 02:16:27,432 ChatBI->     INFO     层级抽取文档： 市民来电反映:上述企业已经在企业登记在线提交了经营范围变更。因涉及企业业务合作。诉求：请管理部门尽快审核。（需回复） ==> no  
2025-06-14 02:16:27,432 ChatBI->     INFO     层级抽取文档： 【长三角】市民来电反映:江苏苏州工地干活没有拿到工资。 ==> yes  
2025-06-14 02:16:27,432 ChatBI->     INFO     层级抽取文档： 市民来电咨询:企业如破产了，企业名下在小区的房产能不能转卖给个人 ==> no  
2025-06-14 02:16:27,432 ChatBI->     INFO     层级抽取文档： 市民来电咨询:咨询拖欠工资问题 ==> yes  
2025-06-14 02:16:27,432 ChatBI->     INFO     层级抽取文档： 市民来电反映:其为上述地址企业员工，企业欠缴市民一个月社保，6月社保没有足额缴纳，诉求：请管理部门督促整改（市民要求信息保密 需回复） ==> no  
2025-06-14 02:16:27,432 ChatBI->     INFO     阈值索引为：2238, 窗口大小为: 100 
2025-06-14 02:16:27,432 ChatBI->     INFO     确定的文档: 2139; 在次确认的文档: 199
2025-06-14 02:16:33,123 ChatBI->     INFO     从199个需再次确认的文档中筛选出的相关文档数量：88
2025-06-14 02:16:33,123 ChatBI->     INFO     示例文档：['市民来电反复催单。催单原因：市民称管理部门至今未给予任何回复，请管理部门尽快处理。【最近派发的工单编号：20240621009477，工单内容：市民来电反映:市民在上述工地地址建办公楼安装中央空调，总包中铁十五局，欠薪50000多元，诉求：希望管理部门核实，并协调帮助讨薪。】', '【长三角】市民来电反映:该处地址有拖欠工资，人数：1，费用：59000元，有合同，诉求：要求发放工资。', '市民来电反映:其在上述地址餐饮店工作，现在被拖欠工资，拖欠金额10000元不到，没有签订劳动合同，望管理部门核实协助追讨。', '市民来电反映:其于5月20日左右在上述公司工作了5天，未签署劳动合同，公司目前未支付其700元工资， 诉求：希望管理部门核实处理协助拿回工资。', '市民来电反映:上述地址公司拖欠工资，劳动仲裁已经判决了还没有执行。']
2025-06-14 02:16:33,401 ChatBI->     INFO     抽取的关键词列表为：['企业']
2025-06-14 02:16:33,401 ChatBI->     INFO     关键词json输出格式 --> {"企业": "<抽取企业信息>"}
2025-06-14 02:18:59,605 ChatBI->     ERROR    Unexpected error occured:(1012, None)
Traceback (most recent call last):
  File "/data/yfzx/liucd/chatbi_deploy2/chatbi_DB2/apps/app_main_ws_router.py", line 65, in websocket_endpoint
    message = await websocket.receive_text()
              ^^^^^^^^^^^^^^^^^^^^^^^^^^^^^^
  File "/root/anaconda3/envs/chatbi/lib/python3.12/site-packages/starlette/websockets.py", line 119, in receive_text
    self._raise_on_disconnect(message)
  File "/root/anaconda3/envs/chatbi/lib/python3.12/site-packages/starlette/websockets.py", line 113, in _raise_on_disconnect
    raise WebSocketDisconnect(message["code"], message.get("reason"))
starlette.websockets.WebSocketDisconnect: (1012, None)
2025-06-14 02:20:12,164 ChatBI->     ERROR    response 发送失败: 
2025-06-14 02:20:12,164 ChatBI->     INFO     data_detail 发送失败: Cannot call "send" once a close message has been sent.
2025-06-14 02:20:13,027 ChatBI->     INFO     result_insight 发送失败: Cannot call "send" once a close message has been sent.
2025-06-14 02:20:14,832 ChatBI->     INFO     result_recommand 发送失败: Cannot call "send" once a close message has been sent.
2025-06-14 02:20:14,832 ChatBI->     INFO     query: {query} 处理完毕
2025-06-14 02:20:14,832 ChatBI->     ERROR    Unexpected error occured:WebSocket is not connected. Need to call "accept" first.
Traceback (most recent call last):
  File "/data/yfzx/liucd/chatbi_deploy2/chatbi_DB2/apps/app_main_ws_router.py", line 65, in websocket_endpoint
    message = await websocket.receive_text()
              ^^^^^^^^^^^^^^^^^^^^^^^^^^^^^^
  File "/root/anaconda3/envs/chatbi/lib/python3.12/site-packages/starlette/websockets.py", line 117, in receive_text
    raise RuntimeError('WebSocket is not connected. Need to call "accept" first.')
RuntimeError: WebSocket is not connected. Need to call "accept" first.
