2025-06-02 09:18:54,117 ChatBI->     INFO     获取的表元数据: 
    CREATE TABLE shanghai (
        `工单编号` BIGINT; 含义: 表示工单的唯一编号。; 用途: 用于唯一标识每个工单，便于查询和管理。; 示例值: 20240101000072; 备注: 无;
        `工号` BIGINT; 含义: 表示工单的生成编号。; 用途: 用于记录工单的生成顺序，便于排序和统计。; 示例值: 3830; 备注: 无;
        `工单生成时间` DATETIME; 含义: 表示工单的生成时间。; 用途: 用于记录工单的生成时间，便于时间维度的管理和分析。; 示例值: 2024-01-01 00:37:39; 备注: 无;
        `诉求地址` TEXT; 含义: 表示工单所涉及的具体地点的详细地址。; 用途: 提供工单发生地点的详细信息，便于定位和处理。; 示例值: "闵行区东川路555弄"; 备注: 无;
        `诉求区域` TEXT; 含义: 表示工单所涉及的具体地点所属的行政区。; 用途: 用于快速定位工单发生的区域，便于区域级别的管理和调度。; 枚举类型，值包括： "黄浦区", "徐汇区", "长宁区", "静安区",  "普陀区", "虹口区", "杨浦区", "闵行区", "宝山区", "嘉定区", "浦东新区", "金山区",  "松江区", "青浦区","奉贤区", "崇明区"; 备注: 无;
        `内容描述` TEXT; 含义: 对工单所涉及的具体问题的详细描述。; 用途: 提供完整的信息，帮助处理人员全面了解问题背景和具体情况。; 示例值: "市民来电反映:未成年游戏充值要求退费，心动网络有限公司旗"; 备注: 无;
        `工单类别` TEXT; 含义: 表示工单紧急程度的类别。; 用途: 用于对工单紧急程度分级，便于管理和迅速响应。; 枚举类型，包含: "一般", "次紧急", "紧急"; 备注: 无;
        `处理描述` TEXT; 含义: 对工单处理结果的描述。; 用途: 记录工单的处理情况，便于后续查询和分析。; 示例值: "市民反复催单，已电子催单工单编号：20231224019374，故归档。"; 备注: 无;
        `客户类型` TEXT; 含义: 表示工单客户的类型。; 用途: 用于区分不同类型的客户，便于管理和服务。; 枚举类型，包含 "个人", "企业"; 备注: 无;
        `一级分类` TEXT; 含义: 表示工单所属的最高级别的分类。; 用途: 用于快速定位和分类工单，便于管理和统计。;枚举类型，包括： "科教文卫类", "社会管理类", "公安政法类", "其他类", "建设交通类",  "公用事业类", "安全监管类", "经济综合类", "社会团体类"; 备注: 无;
        `二级分类` TEXT; 含义: 在一级分类之下，更具体的分类。; 用途: 进一步细化工单分类，提高管理精度。; 示例值: "文广影视"; 备注: 无;
        `三级分类` TEXT; 含义: 在二级分类之下，更加具体的分类。; 用途: 提供更详细的分类信息，方便具体问题的处理和跟踪。; 示例值: "文化产业管理"; 备注: 无;
        `四级分类` TEXT; 含义: 在三级分类之下，更加具体的分类。; 用途: 提供更详细的分类信息，方便具体问题的处理和跟踪。; 示例值: "游戏动漫"; 备注: 无;
        `主办单位` TEXT; 含义: 表示工单的主办单位。; 用途: 用于记录工单的主办单位，便于管理和协调。; 示例值: "市文化旅游局", "市公安局", "普陀区人民政府"; 备注: 无;
        `是否匿名` TEXT; 含义: 表示工单是否为匿名工单。; 用途: 用于区分匿名工单和非匿名工单，便于管理和保护隐私。; 示例值: "是"; 备注: 无;
        `服务类型` TEXT; 含义: 表示工单的服务类型。; 用途: 用于分类工单的服务类型，便于管理和统计。; 枚举类型，包括: "综合服务", "一网通办"; 备注: 无;
        `通话编号` TEXT; 含义: 表示工单的通话编号。; 用途: 用于记录工单的通话记录，便于查询和分析。; 示例值: "1704040581-2297011"; 备注: 无;
        `工单类型` TEXT; 含义: 表示工单的类型。; 用途: 用于分类工单的类型，便于管理和统计。; 枚举类型，包括: "求助类", "投诉举报类", "咨询类", "意见建议类", "其他类"; 备注: 无;
        `新一级分类` TEXT; 含义: 表示工单的新一级分类。; 用途: 用于记录工单的新分类信息，便于管理和统计。; 示例值: "None"; 备注: 无;
        `新二级分类` TEXT; 含义: 表示工单的新二级分类。; 用途: 用于记录工单的新分类信息，便于管理和统计。; 示例值: "None"; 备注: 无;
        `新三级分类` TEXT; 含义: 表示工单的新三级分类。; 用途: 用于记录工单的新分类信息，便于管理和统计。; 示例值: "None"; 备注: 无;
        `新四级分类` TEXT; 含义: 表示工单的新四级分类。; 用途: 用于记录工单的新分类信息，便于管理和统计。; 示例值: "None"; 备注: 无;
        `新五级分类` TEXT; 含义: 表示工单的新五级分类。; 用途: 用于记录工单的新分类信息，便于管理和统计。; 示例值: "None"; 备注: 无;
    )DEFAULT CHARSET=utf8mb4 ENGINE=InnoDB COLLATE utf8mb4_0900_ai_ci
    
2025-06-02 09:18:54,117 ChatBI->     INFO     获取的缩写列: []
2025-06-02 09:18:54,118 ChatBI->     INFO     获取的关联列: ['一级分类', '二级分类', '三级分类', '四级分类']
2025-06-02 09:18:54,118 ChatBI->     INFO     获取的列映射: {'工单编号': 'id', '工号': 'employee_id', '工单生成时间': 'order_date', '诉求地址': 'address', '诉求区域': 'region', '内容描述': 'content_description', '工单类别': 'order_category', '处理描述': 'resolution_description', '客户类型': 'customer_type', '一级分类': 'primary_classification', '二级分类': 'secondary_classification', '三级分类': 'tertiary_classification', '四级分类': 'quaternary_classification', '主办单位': 'responsible_department', '是否匿名': 'is_anonymous', '服务类型': 'service_type', '通话编号': 'call_id', '工单类型': 'order_type', '新一级分类': 'new_primary_classification', '新二级分类': 'new_secondary_classification', '新三级分类': 'new_tertiary_classification', '新四级分类': 'new_quaternary_classification', '新五级分类': 'new_period_classification'}
2025-06-02 09:18:55,517 ChatBI->     INFO     关联字段的枚举值:  {'一级分类': ['科教文卫类', '社会管理类', '公安政法类', '其他类', '建设交通类', '公用事业类', '安全监管类', '经济综合类', '社会团体类'], '二级分类': ['文广影视', '旅游', '公安（治安、交通）', '其他', '工商(消保)', '交通港口', '绿化市容', '邮政通信', '司法行政', '教育', '住房保障', '机关事务管理', '人力保障', '纪检监察', '城乡建设', '食品药品安全', '卫生计生', '发展改革', '公安（出入境）', '金融', '电力', '商务', '燃气', '城管执法', '残联', '环境保护', '税务', '土地规划', '民政', '水务', '“12345”热线', '供水', '电子政务', '信访', '法院系统', '安全生产管理', '退役军人', '农业', '部队', '公安（消防）', '总工会', '体育', '涉港澳台', '国资', '新闻出版', '质量技术监督', '知识产权', '经济信息化', '出入境边检', '民族宗教', '档案', '统计', '民防', '科技', '侨务', '外事', '气象', '团市委', '财政', '检察院系统', '国家安全', '审计', '妇联', '防震减灾', '中央直属', '机构编制', '长航公安', '口岸', '合作交流'], '三级分类': ['文化产业管理', '服务质量', '其他', '无效电话', '商业服务', '出租车', '市容市貌', '通信', '法律服务', '学校管理', '社会治安', '物业服务管理', '机关事务管理', '纠纷仲裁', '邮政服务', '交通管理', '劳动保护', '医疗医保', '政风行风', '工程管理', '安全管理', '卫生信息', '违法建筑', '改革规划', '护照办理', '环境卫生', '金融', '社会保险', '道路管理', '社保信息', '故障报修', '城市管理', '广播影视', '公交巴士', '商务', '价格调控', '市场交易管理', '社会噪声', '物业相关执法', '医疗服务', '工商监管', '医院监管', '燃气计费', '驾驶培训', '犬类管理', '户籍管理', '停车管理', '残联', '工伤', '污染', '税收政策', '非城市建设用地管理', '婚姻管理', '排水排污管理', '房屋权属', '汽车维修', '供水报修', '一网通办', '禁烟控烟', '培训市场', '事项办理', '养老保障', '地铁客运', '违法经营', '劳动人事制度', '社区家政', '12345热线', '入学入托', '就业创业', '保障型住房', '征收管理', '法院信息', '批评承办部门', '职业健康', '燃气服务', '货物运输', '签证签注', '招生考试', '公证服务', '供水计费', '自来水水质', '航空客运', '投诉批评', '拥军优抚', '人口计生', '表扬感谢', '表扬承办部门', '安全生产', '消防管理', '公共交通用卡管理', '税收管理', '疾控防疫', '咨询信访渠道', '法院受理', '体育管理', '车牌拍卖', '绿地绿化', '工商信息', '意见建议', '旧房改造', '其他社团', '刊物市场监管', '夜间施工许可', '消防设备维护', '生活保障', '特种行业管理', '复查复核', '特种设备监察', '知识产权', '铁路客运', '申诉举报', '动植园林', '法人一证通', '旅游信息', '总工会', '津贴补助', '电力服务', '用电计费', '国资', '人员边检', '动植物防疫', '燃气报修', '河道流域管理', '纪检监查', '违规用水', '行政管理', '道路维护', '殡葬事业', '寺庙管理', '特定医疗机构', '审批许可', '个人档案', '科技管理', '移交安置', '外事工作', '供水服务', '气象预报', '汽车客运', '质量认证', '慈善福利', '经济信息化', '燃气行业监管', '社会组织', '出境咨询', '禽类饲养', '司法直属', '港船客运', '计量器具检测', '旅游纠纷', '团市委', '检察院受理', '学生负担', '违规用电', '广告审批', '查询办理进度', '城市建设用地管理', '财政工作', '烈士褒扬', '农民负担', '国有档案', '村队管理', '文化遗产保护', '水资源管理', '农业生产', '自主择业就业', '统计工作', '国家安全', '新闻报道', '住房病虫害', '部队', '民防工程', '妇联', '建设管理', '地震震情', '生产许可证管理', '网站信箱', '科技开发', '救灾赈灾', '审计工作', '宗教信仰', '机构类', '防灾抗灾', '安保工作', '土地资源管理', '气象预警', '限电管理', '合作交流', '组织机构代码证'], '四级分类': ['游戏动漫', '酒店质量', '其他', '无明确诉求', '网上购物', '服务规范', '广告牌景观灯', '通信线路', '无效来电', '法律援助', '校园设施', '居住证', '纠纷协调', '机关事务信息', '劳动争议', '快递服务', '限流限行', '用工规范', '医保报销', '不作为', '建筑工程欠薪', '医保政策咨询', '教师素质', '各类服务卡券', '食品安全', '外省市受理', '医院医疗信息', '违法建筑', '新能源汽车', '护照办理', '倾倒渣土', '银行监管', '工伤保险', '施工规范', 'ETC使用', '社保卡', '规模停电', '无证设摊', '网络视听', '线路咨询', '汽车销售', '物业管理收费', '住房公积金', '售后服务', '装修噪音', '损坏侵占公用设施', '治安维护', '用药规范', '立案侦查', '业务办理', '审验登记', '医疗纠纷', '排队挂号', '用量偏高', '教练服务、培训规范', '养犬登记', '交通设施', '外省市迁入', '故障报修', '物业安保', '物品遗失', '社区卫生服务', '物业维修添置', '物业管理不善', '公共停车场', '残疾鉴定', '工伤认定', '结构改建', '排堵保畅', '噪音污染', '绿化维护', '服务态度', '残疾补助', '独户停电', '交通违章', '房产交易税', '经济纠纷', '耕地管理', '离婚办理', '失业保险', '医疗保险', '市政道路积水', '宅基地', '结婚登记', '合同监管', '油烟扰民', '业委会', '律师服务', '驾驶员审验', '高速收费', '4s店服务', '身份证管理', '停水水小', '旅行社服务', '网站使用', '乱收停车费', '群租现象', '过户上牌', '服务质量', '禁烟控烟', '空气污染', '广告监督', '市场监管', '共享单车', '其他业务', '办理结果不满', '环境垃圾', '养老保险', '广告张贴', '房屋产权', '路状路况', '危房', '老年津贴', '地铁建设', '不正当经营', '城管执法', '退休离休', '社区服务网点', '信息咨询', '垃圾清理', '入学政策', '人才引进', '拖欠工资', '道路养护', '经济补偿', '公安信息查询', '租赁管理', '经适房', '车辆年检', '卫生配套设施', '合同纠纷', '公租房', '经营性停车场', '拆迁安置', '幼托管理', '路灯供电', '法院地址电话', '诉求未解决', '金融资讯', '职业健康', '景点服务质量', '合同履行', '燃气施工', '账户信息', '文化活动', '居住证办理', '集装箱运输', '签证签注', '户籍政策咨询', '中考', '居改非', '工时假期', '工程质量', '办理转学', '继承权公证', '水费量高', '水中杂质', '飞机票务', '线路设置', '遗嘱抚恤和优待', '司法鉴定', '商品质量', '机关事务工作', '优生优育', '医保定点', '房产信息变更', '保险监管', '账单抄表', '非法客运', '搬场公司', '道路建设', '无照经营', '个人所得税', '烟草酒类', '道路安全', '水管维修', '表扬感谢', '应急救援', '市内户口迁移', '烟花爆竹管理', '排水工程', '交通卡', '偷税漏税', '求医问药', '教育质量', '工资奖金', '咨询信访渠道', '家电维修', '问题解决', '诉讼立案', '办事效率', '假冒伪劣', '土地征收', '经济案件', '市政工程', '教育改革', '生育保险', '群众锻炼', '证券监管', '职业培训', '车牌拍卖', '占绿毁绿', '维权咨询', '网络安全', '其他税种', '商品销售信息', '企业征税', '道路扬尘', '办事流程', '交通事故', '职称评定', '学籍管理', '消防隐患', '其他疫苗', '平台系统', '房屋老化', '资质认证', '红十字会', '赛事管理', '廉租房', '黑车', '图书刊物出版', '慢作为', '夜间施工的现象', '业务熟练', '消防栓', '无证犬类', '房屋结构破坏', '社区帮困补助', '不明归属井盖', '行政许可', '跨门经营', '家政服务', '动迁政策', '商标包装管理', '其他公证', '催办', '独生子女补贴', '问题推脱', '交通法规', '移植修剪', '食品安全流通', '办事推诿', '僵尸车', '劳务派遣', '线路时间', '扶贫帮困', '职业技能考试', '安全监察', '东方有线', '再生育政策', '消防宣传', '侵权行为', '铁路票务', '光污染', '结论不满', '高考', '申诉举报', '流浪犬收治', '其他报修', '公园设施', '普法宣传', '法人一证通', '许可审批', '外地户口入学', '影视节目', '邮件邮递', '便民信息', '景点投诉', '场地设施', '人员管理', '维修基金', '职业资质许可', '工会工作', '就业补贴', '信息查询', '职工权益', '电费争议', '国企管理', '过境手续', '疫情防疫', '法院判决', '丧葬补助金', '燃气泄漏', '住院病床', '外置扩音装置', '私装地锁', '就业信息', '水上漂浮物', '安全生产监督', '徇私枉法', '文化场所信息', '孤寡空巢老人关怀', '农村建设用地管理', '私移水表', '管道维修', '便民服务', '人员资质', '最低生活保障', '设备添置', '其他补助', '殡葬服务', '绿化护栏', '居家养老', '道路救援', '缴费信息', '市场物价', '受理网点', '护工护理', '机构养老', '国有资产流失', '流浪人员管理', '残联工作', '助残信息', '流程指引', '报刊印刷发行', '医疗设备', '垃圾分类', '保健品管理', '采血机构', '审批许可', '景点资讯', '养老金调整', '老年卡', '公房管理', '灭火器', '菜场经营', '通信基站', '个人档案', '无障碍工程', '死亡登记', '商贸信息', '乱作为', '法院通知', '高新技术扶持', '退役士兵', '动物保护机构', '违规拆迁', '医保药品目录', '土地使用权', '领事馆', '房屋转让', '承办推诿', '商品维修网点', '消防通道', '阶梯电价', '河道养护', '排污许可证', '黄赌毒', '天气预报', '活禽交易', '劳动能力鉴定', '危险品管理', '无犯罪证明', '废气污染', '水表维修', '寺庙用品', '燃气火小', '失职渎职', '评残疾伤残抚恤', '违规运营', '消防安全咨询', '河道疏通', '药品安全', '水污染', '车次信息', '超市卖场', '申请专利', '质量认证', '工龄核算', '电线高压线', '慈善募捐', '循环再利用', '司法拆迁', '孤儿收养', '燃气行业', '医疗器械管理', '隧桥管理', '作风问题', '票务', '出境咨询', '电表维修', '无证夜间施工', '服务流程', '劳务中介', '人民调解', '旅行社信息', '变电设施', '社工管理', '其他许可', '电视购物', '特定污染物处治', '无答复意见', '退休证', '农村地区家禽饲养', '律师协会', '城区家禽饲养', '浦江轮渡', '流浪救助', '野生动植物', '计量器具检测', '旅游合同纠纷', '体检中心', '团委工作', '城市信息化', '检察院信息', '超时补课', '航空运输', '私排电线', '贪污贿赂', '广告审批', '离退休干部', '商业楼宇', '查询办理进度', '测绘管理', '广播', '水表失窃', '军转干部', '诉讼时限', '财会考证', '虚开发票', '烈士评定', '刑事案件', '邮政发行', '医疗服务', '收费标准', '业务范畴', '农业补贴', '隔离管控', '政府机构', '航班延误', '公务员管理', '土地承包', '成人教育', '刊社信息', '节能减排', '规划设计', '监狱管理', '颜色异变', '电视线路', '餐饮服务', '转业干部', '非物质文化遗产', '秩序维护', '临终关怀', '文物保护管理', '无证养鸽', '桥梁通行', '河道水质', '强制消费', '畜牧养殖', '士兵', '滥砍滥捕', '非法行医', '收费问题', '平改坡', '体育彩票', '环评公示', '培训补贴', '平均工资', '最低工资', '兽医药管理', '档案管理', '创业扶持', '国家机密', '新闻内容', '证照查验', '燃气配件', '省际轮渡', '福利企业扶持', '因公出国审批', '安全检查', '新冠疫苗', '工作调动', '档案公开', '研究生考试', '水务工程建设', '管理规范', '青少年保护', '二次收费', '生态保护', '社区就业援助', '墓园管理', '化妆品管理', '增添绿化', '白蚁', '鼠患', '管道改建', '能源发展', '娱乐场所管理', '旅游交通', '文化社团', '烈士纪念设施', '信鸽', '营业税改增值税', '核酸检测', '违法传销', '作业负担', '涉军问题', '地下室管理', '妇联工作', '无军籍职工', '公益彩票', '气象服务信息', '避孕节育', '窃电举报', '固废危废', '超生处罚', '科技改革', '妇婴保健', '企业解困', '建筑间距及日照', '地震震情', '高温津贴', '集体资产管理', '青少年锻炼', '农业水利', '电磁辐射污染', '单身证明', '生产许可证管理', '假发票', '国内安全事务', '马蜂窝', '网站信箱使用', '河上搭建', '三无居家船只', '发明建议', '市场供应', '参战参试人员优待', '故障牵引', '工作态度', '违规收费', '年检', '征地补偿', '古树名木', '社会捐献', '土地建设与保护', '反动', '历史建筑', '抵押拍卖', '妇女权益维护', '防疫补贴', '化工污染', '费用减免', '防汛抗灾', '网点查询', '资产评估', '安全生产宣传', '夜间施工证的审批', '吸劳养老', '特殊工种', '自来水异味', '导游服务', '违规鸣笛', '分时用电', '筑材光污染', '公共支付', '记者证管理', '审计工作', '情报搜集', '企业改革', '农产品安全', '防治检疫', '抵押贷款公证', '队伍建设', '上海旅游节', '宗教信仰', '婚前检查', '公交专用道', '转运消杀', '抗台防汛', '自主研发', '医药卫生知识', '公共事业', '码色申诉', '矫正办', '火灾报警系统', '日常管理', '记录查询', '黑网吧', '收养审批', '许可证管理', '火灾报警', '电子出版物', '易燃易爆物', '婚姻财产公证', '财政票据', '擅自设立机构', '审查批捕', '福利设施', '国有企业', '公务车', '投资决策', '防疫物资', '地面沉降', '资质证书', '转基因产品（有机食品）', '民防警报', '审读出版物', '新闻形式', '妇女健康', '农副业生产', '台风沙尘', '抗灾演习', '民间慈善', '私接自来水管', '工程规划', '进博会', '外宾来访', '经济状况审核', '事业单位共享费', '节能用电', '暴雨暴雪', '合作交流', '组织机构代码证', '矿产管理']}
2025-06-02 09:18:55,517 ChatBI->     INFO     缩写字段的枚举值： []
2025-06-02 09:19:00,148 ChatBI->     INFO     案例库查询
2025-06-02 09:19:00,183 ChatBI->     INFO     案例库查询结果: ["{'query': '清明节期间大家都在关注哪些事件', '目标列': ['内容描述'], '条件列': {'工单生成时间': '清明节期间'}}", "{'query': '近半年医保相关的咨询事件有多少起', '目标列': ['工单类型'], '条件列': {'四级分类': '医保', '工单类型': '咨询类', '工单生成时间': '近半年'}}", "{'query': '医保相关的咨询事件有那些', '目标列': ['内容描述'], '条件列': {'四级分类': '医保相关', '工单类型': '咨询类'}}"]
2025-06-02 09:19:00,790 ChatBI->     INFO     schema linking: {'target_columns': ['内容描述'], 'condition_columns': {'客户类型': '养老人员'}}
2025-06-02 09:19:02,242 ChatBI->     INFO     任务类型: SQL
2025-06-02 09:19:02,987 ChatBI->     INFO     stad sql: SELECT `内容描述` FROM shanghai WHERE `客户类型` = '养老人员' LIMIT 5000;
2025-06-02 09:19:02,994 ChatBI->     INFO     非结构化信息为: {}
2025-06-02 09:19:02,994 ChatBI->     INFO     sql查询命令中没有非结构化信息则不进行语义分析
2025-06-02 09:19:02,994 ChatBI->     INFO     没有找到<  >对应的视图
2025-06-02 09:19:04,926 ChatBI->     INFO     query: {query} 处理完毕
2025-06-02 09:22:01,076 ChatBI->     INFO     案例库查询
2025-06-02 09:22:01,117 ChatBI->     INFO     案例库查询结果: ["{'query': '去年有多少起社保业务办理的咨询事件', '目标列': ['内容描述'], '条件列': {'工单生成时间': '去年', '四级分类': '社保业务办理', '工单类型': '咨询类'}}", "{'query': '去年上季度入学政策相关咨询工单有多少起', '目标列': ['内容描述'], '条件列': {'四级分类': '入学政策', '工单类型': '咨询类', '工单生成时间': '去年上季度'}}", "{'query': '近20个月有多少咨询人才引进政策的工单', '目标列': ['内容描述'], '条件列': {'四级分类': '人才引进政策', '工单生成时间': '近20个月', '工单类型': '咨询类'}}"]
2025-06-02 09:22:02,090 ChatBI->     INFO     schema linking: {'target_columns': ['通话编号'], 'condition_columns': {'工单类型': '咨询类', '内容描述': '劳动合同订立政策'}}
2025-06-02 09:22:03,764 ChatBI->     INFO     任务类型: SQL
2025-06-02 09:22:04,936 ChatBI->     INFO     stad sql: SELECT COUNT(`通话编号`) AS `咨询电话数量` FROM `shanghai` WHERE `工单类型` = '咨询类' AND `内容描述` LIKE '%劳动合同订立政策%' LIMIT 5000;
2025-06-02 09:22:04,938 ChatBI->     INFO     非结构化信息为: {"`内容描述` LIKE '%劳动合同订立政策%'": '劳动合同订立政策'}
2025-06-02 09:22:04,938 ChatBI->     INFO     开始语义分析 ..  .. 
2025-06-02 09:22:05,234 ChatBI->     INFO     劳动合同订立政策 的命名实体判别： no
2025-06-02 09:22:05,236 ChatBI->     INFO     开始对非结构化文档【粗略】检索
2025-06-02 09:22:05,892 ChatBI->     INFO     检索到的文档总数量为：5000
2025-06-02 09:22:06,203 ChatBI->     INFO     开始对非结构化文档【深度】检索
2025-06-02 09:22:06,575 ChatBI->     INFO     step_scores: ['yes', 'yes', 'no', 'no', 'yes', 'no', 'no', 'no', 'no', 'no']
2025-06-02 09:22:06,575 ChatBI->     INFO     层级抽取文档： 市民来电反映:劳动合同订立有问题。 ==> yes  
2025-06-02 09:22:06,575 ChatBI->     INFO     层级抽取文档： 市民来电反映:其在一家保安公司工作，有签订劳动合同，但公司没有把劳动合同给市民，市民被投诉，公司要把市民调岗，市民不同意，公司已劳务合同规定要开除市民，市民表示签订劳动合同不合规，公司名称：上海三新保安有限公司。 ==> yes  
2025-06-02 09:22:06,575 ChatBI->     INFO     层级抽取文档： 【重新交办，按照答复要点告知市民，市民表示：其地址忘记了，合同在管理部门处，通知其过去拿，诉求：告知对方的联系电话。最近办结的工单编号：20230920004621，工单内容：重新交办，要求：按答复市民要点告知市民，市民表示答复市民要点与实际情况明显不符，不符内容：2023年9月19日劳动监察大队回复市民，告知公司会提供劳动合同给市民的，市民联系了公司负责人询问何时提供劳动合同，被告知无法提供具体时间，诉求：管理部门核实要求再次核实处理。（需要回复），工单内容：重新交办，告知市民答复要点，市民表示答复不明确，管理部门至今未联系，请管理部门告知处理进度。单内容：重新交办。市民表示当时自述协... ==> no  
2025-06-02 09:22:06,575 ChatBI->     INFO     层级抽取文档： 市民来电咨询:本市针对货车限行政策，外环是否可以通行，如何查询限行政策 ==> no  
2025-06-02 09:22:06,575 ChatBI->     INFO     层级抽取文档： 市民来电反映:5月11日于田路附近的上海大众汽车有限公司的工厂的食堂内上班，管理方是上海信膳餐饮管理有限公司，给市民的劳动合同是空白合同，等了一个月后也没有给市民合同，后续到了6月18日写了辞职书，重新签合同，新的合同是德宏嘉威尔企业管理有限公司，市民没有签，公司威胁不给市民交社保。诉求：请管理部门核实处理企业用工规范问题，解决三倍工资和赔偿问题。 ==> yes  
2025-06-02 09:22:06,575 ChatBI->     INFO     层级抽取文档： 市民反映：【是否签订劳动合同:未签订劳动合同,实际劳动地址:蟠龙天地Seesaw咖啡,发生时间:2024/05/31... ==> no  
2025-06-02 09:22:06,576 ChatBI->     INFO     层级抽取文档： 市民来电反映:市民了解到新发布的延迟退休的政策，男性延迟到63岁，女延迟到55岁退休，市民认为国人的体质没外国人好，该政策将导致新退休人员将少领养老金，且中老年期间就业困难，该政策将对国民生存有很恶劣影响。诉求：建议管理部门重新审议该政策。 ==> no  
2025-06-02 09:22:06,576 ChatBI->     INFO     层级抽取文档： 市民反映：【是否签订劳动合同:未签订劳动合同,实际劳动地址:川周公路3278周圆速递有限公司,发生时间:2022/09/26... ==> no  
2025-06-02 09:22:06,576 ChatBI->     INFO     层级抽取文档： 市民来电表示撤销工单，撤销原因：其表示暂不反映了，先跟单位协商。【最近派发的工单编号：20240413017538，工单内容：市民反映：其于2024年3月20日应聘入职上海芮迷服饰有限公司，担任服装工艺师一职。试用期为三个月，入职当天有签订劳动合同。人事说公章由老板存放无法盖章，需待盖章后劳动合同生效为由至解除日也未给到合同。在2024年4月11日以不符合录用条件为由解除劳动关系，并以当天结清工资（税前工资÷21.75×上班实际天数）。诉求：要求管理部门维护劳动者正当权益，责令公司补缴社保。（市民要求信息保密，需要回复）】 ==> no  
2025-06-02 09:22:06,576 ChatBI->     INFO     层级抽取文档： 市民反映：用人单位招聘劳动者于2024年2月28日入职，在3月15日通知做了明后天不要做了离职，请问单位没有签订合同，没有缴纳社保这个事情应该怎么解决。诉求：请管理部门告知相关信息。 ==> no  
2025-06-02 09:22:06,576 ChatBI->     INFO     阈值索引为：100, 窗口大小为: 100 
2025-06-02 09:22:06,576 ChatBI->     INFO     确定的文档: 1; 在次确认的文档: 199
2025-06-02 09:22:11,217 ChatBI->     INFO     从199个需再次确认的文档中筛选出的相关文档数量：49
2025-06-02 09:22:11,217 ChatBI->     INFO     示例文档：['市民来电反映:3月1日到3月21日期间在上述地址上海天马微电子有限公司工作，通过报纸上的招聘信息添加了工作人员微信，签订过劳动合同，根据电子合同工资按照30元/小时，但是实际结算时称工作不满一个月按照18元/小时，合同上没有这样描述过，诉求：解决工资不合理的问题。', '市民来电反映:单位给员工申报起重机指挥的考试申请，一直被崇明区市场监管局退回，一开始是说缺劳动合同，第二次退回说缺少劳动合同上没有完全体现公司是在崇明的，实际劳动合同上是有体现在崇明区的。公司名称：上海丽凌船舶修理工程有限公司。诉求：要求管理部门针对一直退回市民的申请，尽快审核通过。', '市民来电。【最近派发的工单编号：20240913015936，工单内容：市民来电反映:上述地址用工，都与员工不签订劳动合同的。诉求：希望管理部门核实调查处理此处公司用工规范。（市民要求信息保密 无需回复）】', '【重新交办，要求：按答复市民要点告知市民，市民表示答复市民要点与实际情况明显不符，根据中华人民共和国劳动法第94条规定，虚假的方式招用工人，应当责令改正，赔偿工人因此受到的损失并可以处以罚款，如果情节严重，劳动监察部门可以吊销违法用工单位的营业执照。根据2022年3月18日实施的中华人民共和国社会保险基金行政监督办法，规定用人单位个人有通过虚构个人信息提供虚假证明材料等手段，虚构社会保险参保条件，违规补缴骗取社会保险待遇的，按照社会保险法第88条的规定处理，由社会保险行政部门责令退回骗取的社保保险金，处骗取金额两倍以上，五倍以下的罚款，对于虚构劳动关系违规参保骗保的，除了高额罚款构成违法...', '市民来电反映:市民干了50天，开大卡车运输，上述公司没和市民签署劳动合同，没帮市民缴纳社保，现在解雇市民，也没有提前告知，诉求：核实是否存在违规行为，若存在，请处理']
2025-06-02 09:22:11,219 ChatBI->     INFO     没有找到<  >对应的视图
2025-06-02 09:22:11,219 ChatBI->     INFO     sql 语句：SELECT COUNT(`通话编号`) AS `咨询电话数量` FROM `shanghai` WHERE `工单类型` = '咨询类' AND  `内容描述` IN (:val0, :val1, :val2, :val3, :val4, :val5, :val6, :val7, :val8, :val9, :val10, :val11, :val12, :val13, :val14, :val15, :val16, :val17, :val18, :val19, :val20, :val21, :val22, :val23, :val24, :val25, :val26, :val27, :val28, :val29, :val30, :val31, :val32, :val33, :val34, :val35, :val36, :val37, :val38, :val39, :val40, :val41, :val42, :val43, :val44, :val45, :val46, :val47, :val48, :val49) LIMIT 5000;
2025-06-02 09:22:11,596 ChatBI->     INFO     sql 语句：SELECT * FROM `shanghai` WHERE `工单类型` = '咨询类' AND  `内容描述` IN (:val0, :val1, :val2, :val3, :val4, :val5, :val6, :val7, :val8, :val9, :val10, :val11, :val12, :val13, :val14, :val15, :val16, :val17, :val18, :val19, :val20, :val21, :val22, :val23, :val24, :val25, :val26, :val27, :val28, :val29, :val30, :val31, :val32, :val33, :val34, :val35, :val36, :val37, :val38, :val39, :val40, :val41, :val42, :val43, :val44, :val45, :val46, :val47, :val48, :val49) LIMIT 5000;
2025-06-02 09:22:13,723 ChatBI->     INFO     query: {query} 处理完毕
2025-06-02 09:23:18,477 ChatBI->     INFO     案例库查询
2025-06-02 09:23:18,510 ChatBI->     INFO     案例库查询结果: ["{'query': '去年上季度入学政策相关咨询工单有多少起', '目标列': ['内容描述'], '条件列': {'四级分类': '入学政策', '工单类型': '咨询类', '工单生成时间': '去年上季度'}}", "{'query': '近20个月有多少咨询人才引进政策的工单', '目标列': ['内容描述'], '条件列': {'四级分类': '人才引进政策', '工单生成时间': '近20个月', '工单类型': '咨询类'}}", "{'query': '去年10月入学政策咨询的工单涉及哪些学校', '目标列': ['内容描述'], '条件列': {'工单生成时间': '去年10月', '工单类型': '咨询类', '内容描述': '入学政策咨询'}}"]
2025-06-02 09:23:19,805 ChatBI->     INFO     schema linking: {'target_columns': ['内容描述'], 'condition_columns': {'工单类型': '咨询类', '工单生成时间': '2024年10月', '内容描述': '劳动合同订立政策'}}
2025-06-02 09:23:22,448 ChatBI->     INFO     任务类型: SQL
2025-06-02 09:23:24,587 ChatBI->     INFO     stad sql: SELECT COUNT(*) AS `咨询电话数量` FROM `shanghai` WHERE `工单类型` = '咨询类' AND `工单生成时间` >= '2024-10-01 00:00:00' AND `工单生成时间` < '2024-11-01 00:00:00' AND `内容描述` LIKE '%劳动合同订立政策%';
2025-06-02 09:23:24,589 ChatBI->     INFO     非结构化信息为: {"`内容描述` LIKE '%劳动合同订立政策%';": '劳动合同订立政策'}
2025-06-02 09:23:24,589 ChatBI->     INFO     开始语义分析 ..  .. 
2025-06-02 09:23:24,841 ChatBI->     INFO     劳动合同订立政策 的命名实体判别： no
2025-06-02 09:23:24,842 ChatBI->     INFO     开始对非结构化文档【粗略】检索
2025-06-02 09:23:25,393 ChatBI->     INFO     检索到的文档总数量为：5000
2025-06-02 09:23:25,701 ChatBI->     INFO     开始对非结构化文档【深度】检索
2025-06-02 09:23:25,886 ChatBI->     INFO     step_scores: ['yes', 'yes', 'no', 'no', 'yes', 'no', 'no', 'no', 'no', 'no']
2025-06-02 09:23:25,886 ChatBI->     INFO     层级抽取文档： 市民来电反映:劳动合同订立有问题。 ==> yes  
2025-06-02 09:23:25,886 ChatBI->     INFO     层级抽取文档： 市民来电反映:其在一家保安公司工作，有签订劳动合同，但公司没有把劳动合同给市民，市民被投诉，公司要把市民调岗，市民不同意，公司已劳务合同规定要开除市民，市民表示签订劳动合同不合规，公司名称：上海三新保安有限公司。 ==> yes  
2025-06-02 09:23:25,886 ChatBI->     INFO     层级抽取文档： 【重新交办，按照答复要点告知市民，市民表示：其地址忘记了，合同在管理部门处，通知其过去拿，诉求：告知对方的联系电话。最近办结的工单编号：20230920004621，工单内容：重新交办，要求：按答复市民要点告知市民，市民表示答复市民要点与实际情况明显不符，不符内容：2023年9月19日劳动监察大队回复市民，告知公司会提供劳动合同给市民的，市民联系了公司负责人询问何时提供劳动合同，被告知无法提供具体时间，诉求：管理部门核实要求再次核实处理。（需要回复），工单内容：重新交办，告知市民答复要点，市民表示答复不明确，管理部门至今未联系，请管理部门告知处理进度。单内容：重新交办。市民表示当时自述协... ==> no  
2025-06-02 09:23:25,886 ChatBI->     INFO     层级抽取文档： 市民来电咨询:本市针对货车限行政策，外环是否可以通行，如何查询限行政策 ==> no  
2025-06-02 09:23:25,886 ChatBI->     INFO     层级抽取文档： 市民来电反映:5月11日于田路附近的上海大众汽车有限公司的工厂的食堂内上班，管理方是上海信膳餐饮管理有限公司，给市民的劳动合同是空白合同，等了一个月后也没有给市民合同，后续到了6月18日写了辞职书，重新签合同，新的合同是德宏嘉威尔企业管理有限公司，市民没有签，公司威胁不给市民交社保。诉求：请管理部门核实处理企业用工规范问题，解决三倍工资和赔偿问题。 ==> yes  
2025-06-02 09:23:25,886 ChatBI->     INFO     层级抽取文档： 市民反映：【是否签订劳动合同:未签订劳动合同,实际劳动地址:蟠龙天地Seesaw咖啡,发生时间:2024/05/31... ==> no  
2025-06-02 09:23:25,886 ChatBI->     INFO     层级抽取文档： 市民来电反映:市民了解到新发布的延迟退休的政策，男性延迟到63岁，女延迟到55岁退休，市民认为国人的体质没外国人好，该政策将导致新退休人员将少领养老金，且中老年期间就业困难，该政策将对国民生存有很恶劣影响。诉求：建议管理部门重新审议该政策。 ==> no  
2025-06-02 09:23:25,886 ChatBI->     INFO     层级抽取文档： 市民反映：【是否签订劳动合同:未签订劳动合同,实际劳动地址:川周公路3278周圆速递有限公司,发生时间:2022/09/26... ==> no  
2025-06-02 09:23:25,886 ChatBI->     INFO     层级抽取文档： 市民来电表示撤销工单，撤销原因：其表示暂不反映了，先跟单位协商。【最近派发的工单编号：20240413017538，工单内容：市民反映：其于2024年3月20日应聘入职上海芮迷服饰有限公司，担任服装工艺师一职。试用期为三个月，入职当天有签订劳动合同。人事说公章由老板存放无法盖章，需待盖章后劳动合同生效为由至解除日也未给到合同。在2024年4月11日以不符合录用条件为由解除劳动关系，并以当天结清工资（税前工资÷21.75×上班实际天数）。诉求：要求管理部门维护劳动者正当权益，责令公司补缴社保。（市民要求信息保密，需要回复）】 ==> no  
2025-06-02 09:23:25,886 ChatBI->     INFO     层级抽取文档： 市民反映：用人单位招聘劳动者于2024年2月28日入职，在3月15日通知做了明后天不要做了离职，请问单位没有签订合同，没有缴纳社保这个事情应该怎么解决。诉求：请管理部门告知相关信息。 ==> no  
2025-06-02 09:23:25,886 ChatBI->     INFO     阈值索引为：100, 窗口大小为: 100 
2025-06-02 09:23:25,886 ChatBI->     INFO     确定的文档: 1; 在次确认的文档: 199
2025-06-02 09:23:27,969 ChatBI->     INFO     从199个需再次确认的文档中筛选出的相关文档数量：49
2025-06-02 09:23:27,969 ChatBI->     INFO     示例文档：['市民来电反映:3月1日到3月21日期间在上述地址上海天马微电子有限公司工作，通过报纸上的招聘信息添加了工作人员微信，签订过劳动合同，根据电子合同工资按照30元/小时，但是实际结算时称工作不满一个月按照18元/小时，合同上没有这样描述过，诉求：解决工资不合理的问题。', '市民来电反映:单位给员工申报起重机指挥的考试申请，一直被崇明区市场监管局退回，一开始是说缺劳动合同，第二次退回说缺少劳动合同上没有完全体现公司是在崇明的，实际劳动合同上是有体现在崇明区的。公司名称：上海丽凌船舶修理工程有限公司。诉求：要求管理部门针对一直退回市民的申请，尽快审核通过。', '市民来电。【最近派发的工单编号：20240913015936，工单内容：市民来电反映:上述地址用工，都与员工不签订劳动合同的。诉求：希望管理部门核实调查处理此处公司用工规范。（市民要求信息保密 无需回复）】', '【重新交办，要求：按答复市民要点告知市民，市民表示答复市民要点与实际情况明显不符，根据中华人民共和国劳动法第94条规定，虚假的方式招用工人，应当责令改正，赔偿工人因此受到的损失并可以处以罚款，如果情节严重，劳动监察部门可以吊销违法用工单位的营业执照。根据2022年3月18日实施的中华人民共和国社会保险基金行政监督办法，规定用人单位个人有通过虚构个人信息提供虚假证明材料等手段，虚构社会保险参保条件，违规补缴骗取社会保险待遇的，按照社会保险法第88条的规定处理，由社会保险行政部门责令退回骗取的社保保险金，处骗取金额两倍以上，五倍以下的罚款，对于虚构劳动关系违规参保骗保的，除了高额罚款构成违法...', '市民来电反映:市民干了50天，开大卡车运输，上述公司没和市民签署劳动合同，没帮市民缴纳社保，现在解雇市民，也没有提前告知，诉求：核实是否存在违规行为，若存在，请处理']
2025-06-02 09:23:27,971 ChatBI->     INFO     没有找到<  >对应的视图
2025-06-02 09:23:27,972 ChatBI->     INFO     sql 语句：SELECT COUNT(*) AS `咨询电话数量` FROM `shanghai` WHERE `工单类型` = '咨询类' AND `工单生成时间` >= '2024-10-01 00:00:00' AND `工单生成时间` < '2024-11-01 00:00:00' AND  `内容描述` IN (:val0, :val1, :val2, :val3, :val4, :val5, :val6, :val7, :val8, :val9, :val10, :val11, :val12, :val13, :val14, :val15, :val16, :val17, :val18, :val19, :val20, :val21, :val22, :val23, :val24, :val25, :val26, :val27, :val28, :val29, :val30, :val31, :val32, :val33, :val34, :val35, :val36, :val37, :val38, :val39, :val40, :val41, :val42, :val43, :val44, :val45, :val46, :val47, :val48, :val49)
2025-06-02 09:23:28,240 ChatBI->     INFO     sql 语句：SELECT * FROM `shanghai` WHERE `工单类型` = '咨询类' AND `工单生成时间` >= '2024-10-01 00:00:00' AND `工单生成时间` < '2024-11-01 00:00:00' AND  `内容描述` IN (:val0, :val1, :val2, :val3, :val4, :val5, :val6, :val7, :val8, :val9, :val10, :val11, :val12, :val13, :val14, :val15, :val16, :val17, :val18, :val19, :val20, :val21, :val22, :val23, :val24, :val25, :val26, :val27, :val28, :val29, :val30, :val31, :val32, :val33, :val34, :val35, :val36, :val37, :val38, :val39, :val40, :val41, :val42, :val43, :val44, :val45, :val46, :val47, :val48, :val49)
2025-06-02 09:23:31,129 ChatBI->     INFO     query: {query} 处理完毕
2025-06-02 09:24:21,082 ChatBI->     INFO     案例库查询
2025-06-02 09:24:21,119 ChatBI->     INFO     案例库查询结果: ["{'query': '去年上季度入学政策相关咨询工单有多少起', '目标列': ['内容描述'], '条件列': {'四级分类': '入学政策', '工单类型': '咨询类', '工单生成时间': '去年上季度'}}", "{'query': '近20个月有多少咨询人才引进政策的工单', '目标列': ['内容描述'], '条件列': {'四级分类': '人才引进政策', '工单生成时间': '近20个月', '工单类型': '咨询类'}}", "{'query': '去年10月入学政策咨询的工单涉及哪些学校', '目标列': ['内容描述'], '条件列': {'工单生成时间': '去年10月', '工单类型': '咨询类', '内容描述': '入学政策咨询'}}"]
2025-06-02 09:24:22,378 ChatBI->     INFO     schema linking: {'target_columns': ['内容描述'], 'condition_columns': {'工单类型': '咨询类', '工单生成时间': '2024年10月', '内容描述': '劳动合同订立政策'}}
2025-06-02 09:24:25,841 ChatBI->     INFO     任务类型: SQL
2025-06-02 09:24:27,974 ChatBI->     INFO     stad sql: SELECT COUNT(*) AS `咨询电话数量` FROM `shanghai` WHERE `工单类型` = '咨询类' AND `工单生成时间` >= '2024-10-01 00:00:00' AND `工单生成时间` < '2024-11-01 00:00:00' AND `内容描述` LIKE '%劳动合同订立政策%';
2025-06-02 09:24:27,978 ChatBI->     INFO     非结构化信息为: {"`内容描述` LIKE '%劳动合同订立政策%';": '劳动合同订立政策'}
2025-06-02 09:24:27,979 ChatBI->     INFO     开始语义分析 ..  .. 
2025-06-02 09:24:28,284 ChatBI->     INFO     劳动合同订立政策 的命名实体判别： no
2025-06-02 09:24:28,286 ChatBI->     INFO     开始对非结构化文档【粗略】检索
2025-06-02 09:24:29,146 ChatBI->     INFO     检索到的文档总数量为：5000
2025-06-02 09:24:29,454 ChatBI->     INFO     开始对非结构化文档【深度】检索
2025-06-02 09:24:29,641 ChatBI->     INFO     step_scores: ['yes', 'yes', 'no', 'no', 'yes', 'no', 'no', 'no', 'no', 'no']
2025-06-02 09:24:29,641 ChatBI->     INFO     层级抽取文档： 市民来电反映:劳动合同订立有问题。 ==> yes  
2025-06-02 09:24:29,641 ChatBI->     INFO     层级抽取文档： 市民来电反映:其在一家保安公司工作，有签订劳动合同，但公司没有把劳动合同给市民，市民被投诉，公司要把市民调岗，市民不同意，公司已劳务合同规定要开除市民，市民表示签订劳动合同不合规，公司名称：上海三新保安有限公司。 ==> yes  
2025-06-02 09:24:29,641 ChatBI->     INFO     层级抽取文档： 【重新交办，按照答复要点告知市民，市民表示：其地址忘记了，合同在管理部门处，通知其过去拿，诉求：告知对方的联系电话。最近办结的工单编号：20230920004621，工单内容：重新交办，要求：按答复市民要点告知市民，市民表示答复市民要点与实际情况明显不符，不符内容：2023年9月19日劳动监察大队回复市民，告知公司会提供劳动合同给市民的，市民联系了公司负责人询问何时提供劳动合同，被告知无法提供具体时间，诉求：管理部门核实要求再次核实处理。（需要回复），工单内容：重新交办，告知市民答复要点，市民表示答复不明确，管理部门至今未联系，请管理部门告知处理进度。单内容：重新交办。市民表示当时自述协... ==> no  
2025-06-02 09:24:29,641 ChatBI->     INFO     层级抽取文档： 市民来电咨询:本市针对货车限行政策，外环是否可以通行，如何查询限行政策 ==> no  
2025-06-02 09:24:29,641 ChatBI->     INFO     层级抽取文档： 市民来电反映:5月11日于田路附近的上海大众汽车有限公司的工厂的食堂内上班，管理方是上海信膳餐饮管理有限公司，给市民的劳动合同是空白合同，等了一个月后也没有给市民合同，后续到了6月18日写了辞职书，重新签合同，新的合同是德宏嘉威尔企业管理有限公司，市民没有签，公司威胁不给市民交社保。诉求：请管理部门核实处理企业用工规范问题，解决三倍工资和赔偿问题。 ==> yes  
2025-06-02 09:24:29,642 ChatBI->     INFO     层级抽取文档： 市民反映：【是否签订劳动合同:未签订劳动合同,实际劳动地址:蟠龙天地Seesaw咖啡,发生时间:2024/05/31... ==> no  
2025-06-02 09:24:29,642 ChatBI->     INFO     层级抽取文档： 市民来电反映:市民了解到新发布的延迟退休的政策，男性延迟到63岁，女延迟到55岁退休，市民认为国人的体质没外国人好，该政策将导致新退休人员将少领养老金，且中老年期间就业困难，该政策将对国民生存有很恶劣影响。诉求：建议管理部门重新审议该政策。 ==> no  
2025-06-02 09:24:29,642 ChatBI->     INFO     层级抽取文档： 市民反映：【是否签订劳动合同:未签订劳动合同,实际劳动地址:川周公路3278周圆速递有限公司,发生时间:2022/09/26... ==> no  
2025-06-02 09:24:29,642 ChatBI->     INFO     层级抽取文档： 市民来电表示撤销工单，撤销原因：其表示暂不反映了，先跟单位协商。【最近派发的工单编号：20240413017538，工单内容：市民反映：其于2024年3月20日应聘入职上海芮迷服饰有限公司，担任服装工艺师一职。试用期为三个月，入职当天有签订劳动合同。人事说公章由老板存放无法盖章，需待盖章后劳动合同生效为由至解除日也未给到合同。在2024年4月11日以不符合录用条件为由解除劳动关系，并以当天结清工资（税前工资÷21.75×上班实际天数）。诉求：要求管理部门维护劳动者正当权益，责令公司补缴社保。（市民要求信息保密，需要回复）】 ==> no  
2025-06-02 09:24:29,642 ChatBI->     INFO     层级抽取文档： 市民反映：用人单位招聘劳动者于2024年2月28日入职，在3月15日通知做了明后天不要做了离职，请问单位没有签订合同，没有缴纳社保这个事情应该怎么解决。诉求：请管理部门告知相关信息。 ==> no  
2025-06-02 09:24:29,642 ChatBI->     INFO     阈值索引为：100, 窗口大小为: 100 
2025-06-02 09:24:29,642 ChatBI->     INFO     确定的文档: 1; 在次确认的文档: 199
2025-06-02 09:24:31,787 ChatBI->     INFO     从199个需再次确认的文档中筛选出的相关文档数量：49
2025-06-02 09:24:31,787 ChatBI->     INFO     示例文档：['市民来电反映:3月1日到3月21日期间在上述地址上海天马微电子有限公司工作，通过报纸上的招聘信息添加了工作人员微信，签订过劳动合同，根据电子合同工资按照30元/小时，但是实际结算时称工作不满一个月按照18元/小时，合同上没有这样描述过，诉求：解决工资不合理的问题。', '市民来电反映:单位给员工申报起重机指挥的考试申请，一直被崇明区市场监管局退回，一开始是说缺劳动合同，第二次退回说缺少劳动合同上没有完全体现公司是在崇明的，实际劳动合同上是有体现在崇明区的。公司名称：上海丽凌船舶修理工程有限公司。诉求：要求管理部门针对一直退回市民的申请，尽快审核通过。', '市民来电。【最近派发的工单编号：20240913015936，工单内容：市民来电反映:上述地址用工，都与员工不签订劳动合同的。诉求：希望管理部门核实调查处理此处公司用工规范。（市民要求信息保密 无需回复）】', '【重新交办，要求：按答复市民要点告知市民，市民表示答复市民要点与实际情况明显不符，根据中华人民共和国劳动法第94条规定，虚假的方式招用工人，应当责令改正，赔偿工人因此受到的损失并可以处以罚款，如果情节严重，劳动监察部门可以吊销违法用工单位的营业执照。根据2022年3月18日实施的中华人民共和国社会保险基金行政监督办法，规定用人单位个人有通过虚构个人信息提供虚假证明材料等手段，虚构社会保险参保条件，违规补缴骗取社会保险待遇的，按照社会保险法第88条的规定处理，由社会保险行政部门责令退回骗取的社保保险金，处骗取金额两倍以上，五倍以下的罚款，对于虚构劳动关系违规参保骗保的，除了高额罚款构成违法...', '市民来电反映:市民干了50天，开大卡车运输，上述公司没和市民签署劳动合同，没帮市民缴纳社保，现在解雇市民，也没有提前告知，诉求：核实是否存在违规行为，若存在，请处理']
2025-06-02 09:24:31,789 ChatBI->     INFO     没有找到<  >对应的视图
2025-06-02 09:24:31,789 ChatBI->     INFO     sql 语句：SELECT COUNT(*) AS `咨询电话数量` FROM `shanghai` WHERE `工单类型` = '咨询类' AND `工单生成时间` >= '2024-10-01 00:00:00' AND `工单生成时间` < '2024-11-01 00:00:00' AND  `内容描述` IN (:val0, :val1, :val2, :val3, :val4, :val5, :val6, :val7, :val8, :val9, :val10, :val11, :val12, :val13, :val14, :val15, :val16, :val17, :val18, :val19, :val20, :val21, :val22, :val23, :val24, :val25, :val26, :val27, :val28, :val29, :val30, :val31, :val32, :val33, :val34, :val35, :val36, :val37, :val38, :val39, :val40, :val41, :val42, :val43, :val44, :val45, :val46, :val47, :val48, :val49)
2025-06-02 09:24:32,074 ChatBI->     INFO     sql 语句：SELECT * FROM `shanghai` WHERE `工单类型` = '咨询类' AND `工单生成时间` >= '2024-10-01 00:00:00' AND `工单生成时间` < '2024-11-01 00:00:00' AND  `内容描述` IN (:val0, :val1, :val2, :val3, :val4, :val5, :val6, :val7, :val8, :val9, :val10, :val11, :val12, :val13, :val14, :val15, :val16, :val17, :val18, :val19, :val20, :val21, :val22, :val23, :val24, :val25, :val26, :val27, :val28, :val29, :val30, :val31, :val32, :val33, :val34, :val35, :val36, :val37, :val38, :val39, :val40, :val41, :val42, :val43, :val44, :val45, :val46, :val47, :val48, :val49)
2025-06-02 09:24:34,729 ChatBI->     INFO     query: {query} 处理完毕
2025-06-02 09:25:06,811 ChatBI->     INFO     案例库查询
2025-06-02 09:25:06,846 ChatBI->     INFO     案例库查询结果: ["{'query': '去年上季度入学政策相关咨询工单有多少起', '目标列': ['内容描述'], '条件列': {'四级分类': '入学政策', '工单类型': '咨询类', '工单生成时间': '去年上季度'}}", "{'query': '近半年医保相关的咨询事件有多少起', '目标列': ['工单类型'], '条件列': {'四级分类': '医保', '工单类型': '咨询类', '工单生成时间': '近半年'}}", "{'query': '上个月电瓶车充电相关的工单中，各类诉求、投诉、咨询、建议的比例是多少', '目标列': ['工单类型'], '条件列': {'内容描述': '电瓶车充电相关', '工单生成时间': '上个月'}}"]
2025-06-02 09:25:07,988 ChatBI->     INFO     schema linking: {'target_columns': ['工单类型'], 'condition_columns': {'工单类型': '咨询类', '工单生成时间': '趋势', '内容描述': '职业技能提升补贴政策'}}
2025-06-02 09:25:09,698 ChatBI->     INFO     任务类型: SQL
2025-06-02 09:25:11,256 ChatBI->     INFO     stad sql: SELECT DATE(`工单生成时间`) AS `日期`, COUNT(*) AS `咨询数量` FROM shanghai WHERE `工单类型` = '咨询类' AND `内容描述` LIKE '%职业技能提升补贴政策%' GROUP BY DATE(`工单生成时间`) ORDER BY `日期` DESC LIMIT 5000;
2025-06-02 09:25:11,260 ChatBI->     INFO     非结构化信息为: {"`内容描述` LIKE '%职业技能提升补贴政策%'": '职业技能提升补贴政策'}
2025-06-02 09:25:11,260 ChatBI->     INFO     开始语义分析 ..  .. 
2025-06-02 09:25:11,521 ChatBI->     INFO     职业技能提升补贴政策 的命名实体判别： no
2025-06-02 09:25:11,522 ChatBI->     INFO     开始对非结构化文档【粗略】检索
2025-06-02 09:25:12,042 ChatBI->     INFO     检索到的文档总数量为：5000
2025-06-02 09:25:12,350 ChatBI->     INFO     开始对非结构化文档【深度】检索
2025-06-02 09:25:12,625 ChatBI->     INFO     step_scores: ['yes', 'yes', 'yes', 'yes', 'no', 'no', 'no', 'no', 'no', 'no']
2025-06-02 09:25:12,626 ChatBI->     INFO     层级抽取文档： 市民来电咨询:技能提升补贴的政策 ==> yes  
2025-06-02 09:25:12,626 ChatBI->     INFO     层级抽取文档： 市民来电咨询:职业技能补贴当时初级有拿到一笔补贴，现其中级考出来了，询问可否再拿一次补贴。 ==> yes  
2025-06-02 09:25:12,626 ChatBI->     INFO     层级抽取文档： 市民来电反映:2023年参加职业培训师考试，取得相应证书，有职业技能补贴，姓名：王洋洋，身份证：310105197704260428，12月通过随申办申请，市民表示社保是在金山区的，是有社保缴纳的人才中心审核发放，显示已发放，但是其并没拿到相关补贴。诉求：希望管理部门核实，对此给予市民合理的解决方案 ==> yes  
2025-06-02 09:25:12,626 ChatBI->     INFO     层级抽取文档： 市民来电咨询:市民在上海考了一个中式烹调师高级工，于2024年8月29日的时候拿到证书，但是其通过国家人社官网上查询不到其高级工的信息，询问学校老师后，得到回复说是每3个月刷新一次的，要等到3个月后才能查询的到，且询问职业技能提升补贴也要等到3个月后，询问是否有此3个月刷新时间的规定。诉求：请管理部门核实回复。 ==> yes  
2025-06-02 09:25:12,626 ChatBI->     INFO     层级抽取文档： 市民来电咨询:上海是否有对于应届生就业方面是否有补贴政策。 ==> no  
2025-06-02 09:25:12,626 ChatBI->     INFO     层级抽取文档： 市民来电咨询:查询企业雇佣残疾人在社保、税收、交通上有哪些补贴政策。 ==> no  
2025-06-02 09:25:12,626 ChatBI->     INFO     层级抽取文档： 市民来电咨询:目前本市是否有二胎补贴政策。 ==> no  
2025-06-02 09:25:12,626 ChatBI->     INFO     层级抽取文档： 市民来电反映：市民在网上查询到上海市有毕业生面试补贴，不知道怎么申请，也不知道是否有这个补贴，诉求：要求管理部门核实是否有毕业生面试补贴并告知如何申请。 ==> no  
2025-06-02 09:25:12,626 ChatBI->     INFO     层级抽取文档： 市民来电咨询:电动自行车以旧换新补贴政策。 ==> no  
2025-06-02 09:25:12,626 ChatBI->     INFO     层级抽取文档： 市民来电咨询:松江区是否有人才租房补贴政策。诉求：希望管理部门核实并告知市民具体规定（需回复） ==> no  
2025-06-02 09:25:12,626 ChatBI->     INFO     阈值索引为：80, 窗口大小为: 100 
2025-06-02 09:25:12,626 ChatBI->     INFO     确定的文档: 0; 在次确认的文档: 180
2025-06-02 09:25:16,040 ChatBI->     INFO     从180个需再次确认的文档中筛选出的相关文档数量：78
2025-06-02 09:25:16,040 ChatBI->     INFO     示例文档：['市民来电咨询:2023年时参加保育员培训，2023年6月23日拿到证书，市民了解到本市对于保育员考证有补贴。诉求：希望管理部门告知如何申请补贴。', '市民反映：咨询如何申领创业初创期培训补贴。', '市民来电咨询:持有中级经济师(人力资源）证是否有相关的岗位补贴，诉求：希望管理部门核实告知。', '市民来电咨询: 中级经济师是否有补贴。', '市民来电咨询:考取了中级会计师职称，人社部门是否有补贴。']
2025-06-02 09:25:16,042 ChatBI->     INFO     没有找到<  >对应的视图
2025-06-02 09:25:16,042 ChatBI->     INFO     sql 语句：SELECT DATE(`工单生成时间`) AS `日期`, COUNT(*) AS `咨询数量` FROM shanghai WHERE `工单类型` = '咨询类' AND  `内容描述` IN (:val0, :val1, :val2, :val3, :val4, :val5, :val6, :val7, :val8, :val9, :val10, :val11, :val12, :val13, :val14, :val15, :val16, :val17, :val18, :val19, :val20, :val21, :val22, :val23, :val24, :val25, :val26, :val27, :val28, :val29, :val30, :val31, :val32, :val33, :val34, :val35, :val36, :val37, :val38, :val39, :val40, :val41, :val42, :val43, :val44, :val45, :val46, :val47, :val48, :val49, :val50, :val51, :val52, :val53, :val54, :val55, :val56, :val57, :val58, :val59, :val60, :val61, :val62, :val63, :val64, :val65, :val66, :val67, :val68, :val69, :val70, :val71, :val72, :val73, :val74, :val75, :val76, :val77) GROUP BY DATE(`工单生成时间`) ORDER BY `日期` DESC LIMIT 5000;
2025-06-02 09:25:16,377 ChatBI->     INFO     response 发送失败: isinstance() arg 2 must be a type, a tuple of types, or a union
2025-06-02 09:25:16,385 ChatBI->     INFO     sql 语句：SELECT * FROM shanghai WHERE `工单类型` = '咨询类' AND  `内容描述` IN (:val0, :val1, :val2, :val3, :val4, :val5, :val6, :val7, :val8, :val9, :val10, :val11, :val12, :val13, :val14, :val15, :val16, :val17, :val18, :val19, :val20, :val21, :val22, :val23, :val24, :val25, :val26, :val27, :val28, :val29, :val30, :val31, :val32, :val33, :val34, :val35, :val36, :val37, :val38, :val39, :val40, :val41, :val42, :val43, :val44, :val45, :val46, :val47, :val48, :val49, :val50, :val51, :val52, :val53, :val54, :val55, :val56, :val57, :val58, :val59, :val60, :val61, :val62, :val63, :val64, :val65, :val66, :val67, :val68, :val69, :val70, :val71, :val72, :val73, :val74, :val75, :val76, :val77)
2025-06-02 09:25:19,050 ChatBI->     INFO     query: {query} 处理完毕
2025-06-02 09:27:15,671 ChatBI->     ERROR    Unexpected error occured:(1012, None)
Traceback (most recent call last):
  File "/data/yfzx/liucd/chatbi_deploy2/chatbi_DB2/apps/app_main_ws.py", line 64, in websocket_endpoint
    message = await websocket.receive_text()
              ^^^^^^^^^^^^^^^^^^^^^^^^^^^^^^
  File "/root/anaconda3/envs/chatbi/lib/python3.12/site-packages/starlette/websockets.py", line 119, in receive_text
    self._raise_on_disconnect(message)
  File "/root/anaconda3/envs/chatbi/lib/python3.12/site-packages/starlette/websockets.py", line 113, in _raise_on_disconnect
    raise WebSocketDisconnect(message["code"], message.get("reason"))
starlette.websockets.WebSocketDisconnect: (1012, None)
2025-06-02 09:27:15,673 ChatBI->     ERROR    Unexpected error occured:(1012, None)
Traceback (most recent call last):
  File "/data/yfzx/liucd/chatbi_deploy2/chatbi_DB2/apps/app_main_ws.py", line 64, in websocket_endpoint
    message = await websocket.receive_text()
              ^^^^^^^^^^^^^^^^^^^^^^^^^^^^^^
  File "/root/anaconda3/envs/chatbi/lib/python3.12/site-packages/starlette/websockets.py", line 119, in receive_text
    self._raise_on_disconnect(message)
  File "/root/anaconda3/envs/chatbi/lib/python3.12/site-packages/starlette/websockets.py", line 113, in _raise_on_disconnect
    raise WebSocketDisconnect(message["code"], message.get("reason"))
starlette.websockets.WebSocketDisconnect: (1012, None)
2025-06-02 09:27:15,674 ChatBI->     ERROR    Unexpected error occured:(1012, None)
Traceback (most recent call last):
  File "/data/yfzx/liucd/chatbi_deploy2/chatbi_DB2/apps/app_main_ws.py", line 64, in websocket_endpoint
    message = await websocket.receive_text()
              ^^^^^^^^^^^^^^^^^^^^^^^^^^^^^^
  File "/root/anaconda3/envs/chatbi/lib/python3.12/site-packages/starlette/websockets.py", line 119, in receive_text
    self._raise_on_disconnect(message)
  File "/root/anaconda3/envs/chatbi/lib/python3.12/site-packages/starlette/websockets.py", line 113, in _raise_on_disconnect
    raise WebSocketDisconnect(message["code"], message.get("reason"))
starlette.websockets.WebSocketDisconnect: (1012, None)
2025-06-02 09:27:15,675 ChatBI->     ERROR    Unexpected error occured:(1012, None)
Traceback (most recent call last):
  File "/data/yfzx/liucd/chatbi_deploy2/chatbi_DB2/apps/app_main_ws.py", line 64, in websocket_endpoint
    message = await websocket.receive_text()
              ^^^^^^^^^^^^^^^^^^^^^^^^^^^^^^
  File "/root/anaconda3/envs/chatbi/lib/python3.12/site-packages/starlette/websockets.py", line 119, in receive_text
    self._raise_on_disconnect(message)
  File "/root/anaconda3/envs/chatbi/lib/python3.12/site-packages/starlette/websockets.py", line 113, in _raise_on_disconnect
    raise WebSocketDisconnect(message["code"], message.get("reason"))
starlette.websockets.WebSocketDisconnect: (1012, None)
2025-06-02 09:27:15,676 ChatBI->     ERROR    Unexpected error occured:(1012, None)
Traceback (most recent call last):
  File "/data/yfzx/liucd/chatbi_deploy2/chatbi_DB2/apps/app_main_ws.py", line 64, in websocket_endpoint
    message = await websocket.receive_text()
              ^^^^^^^^^^^^^^^^^^^^^^^^^^^^^^
  File "/root/anaconda3/envs/chatbi/lib/python3.12/site-packages/starlette/websockets.py", line 119, in receive_text
    self._raise_on_disconnect(message)
  File "/root/anaconda3/envs/chatbi/lib/python3.12/site-packages/starlette/websockets.py", line 113, in _raise_on_disconnect
    raise WebSocketDisconnect(message["code"], message.get("reason"))
starlette.websockets.WebSocketDisconnect: (1012, None)
