2025-06-14 02:29:03,874 ChatBI->     INFO     获取的表元数据: 
    CREATE TABLE shanghai (
        `工单编号` BIGINT; 含义: 表示工单的唯一编号。; 用途: 用于唯一标识每个工单，便于查询和管理。; 示例值: 20240101000072; 备注: 无;
        `工号` BIGINT; 含义: 表示工单的生成编号。; 用途: 用于记录工单的生成顺序，便于排序和统计。; 示例值: 3830; 备注: 无;
        `工单生成时间` DATETIME; 含义: 表示工单的生成时间。; 用途: 用于记录工单的生成时间，便于时间维度的管理和分析。; 示例值: 2024-01-01 00:37:39; 备注: 无;
        `诉求地址` TEXT; 含义: 表示工单所涉及的具体地点的详细地址。; 用途: 提供工单发生地点的详细信息，便于定位和处理。; 示例值: "闵行区东川路555弄"; 备注: 无;
        `诉求区域` TEXT; 含义: 表示工单所涉及的具体地点所属的行政区。; 用途: 用于快速定位工单发生的区域，便于区域级别的管理和调度。; 枚举类型，值包括： "黄浦区", "徐汇区", "长宁区", "静安区",  "普陀区", "虹口区", "杨浦区", "闵行区", "宝山区", "嘉定区", "浦东新区", "金山区",  "松江区", "青浦区","奉贤区", "崇明区"; 备注: 无;
        `内容描述` TEXT; 含义: 对工单所涉及的具体问题的详细描述。; 用途: 提供完整的信息，帮助处理人员全面了解问题背景和具体情况。; 示例值: "市民来电反映:未成年游戏充值要求退费，心动网络有限公司旗"; 备注: 无;
        `工单类别` TEXT; 含义: 表示工单紧急程度的类别。; 用途: 用于对工单紧急程度分级，便于管理和迅速响应。; 枚举类型，包含: "一般", "次紧急", "紧急"; 备注: 无;
        `处理描述` TEXT; 含义: 对工单处理结果的描述。; 用途: 记录工单的处理情况，便于后续查询和分析。; 示例值: "市民反复催单，已电子催单工单编号：20231224019374，故归档。"; 备注: 无;
        `客户类型` TEXT; 含义: 表示工单客户的类型。; 用途: 用于区分不同类型的客户，便于管理和服务。; 枚举类型，包含 "个人", "企业"; 备注: 无;
        `一级分类` TEXT; 含义: 表示工单所属的最高级别的分类。; 用途: 用于快速定位和分类工单，便于管理和统计。;枚举类型，包括： "科教文卫类", "社会管理类", "公安政法类", "其他类", "建设交通类",  "公用事业类", "安全监管类", "经济综合类", "社会团体类"; 备注: 无;
        `二级分类` TEXT; 含义: 在一级分类之下，更具体的分类。; 用途: 进一步细化工单分类，提高管理精度。; 示例值: "文广影视"; 备注: 无;
        `三级分类` TEXT; 含义: 在二级分类之下，更加具体的分类。; 用途: 提供更详细的分类信息，方便具体问题的处理和跟踪。; 示例值: "文化产业管理"; 备注: 无;
        `四级分类` TEXT; 含义: 在三级分类之下，更加具体的分类。; 用途: 提供更详细的分类信息，方便具体问题的处理和跟踪。; 示例值: "游戏动漫"; 备注: 无;
        `主办单位` TEXT; 含义: 表示工单的主办单位。; 用途: 用于记录工单的主办单位，便于管理和协调。; 示例值: "市文化旅游局", "市公安局", "普陀区人民政府"; 备注: 无;
        `是否匿名` TEXT; 含义: 表示工单是否为匿名工单。; 用途: 用于区分匿名工单和非匿名工单，便于管理和保护隐私。; 示例值: "是"; 备注: 无;
        `服务类型` TEXT; 含义: 表示工单的服务类型。; 用途: 用于分类工单的服务类型，便于管理和统计。; 枚举类型，包括: "综合服务", "一网通办"; 备注: 无;
        `通话编号` TEXT; 含义: 表示工单的通话编号。; 用途: 用于记录工单的通话记录，便于查询和分析。; 示例值: "1704040581-2297011"; 备注: 无;
        `工单类型` TEXT; 含义: 表示工单的类型。; 用途: 用于分类工单的类型，便于管理和统计。; 枚举类型，包括: "求助类", "投诉举报类", "咨询类", "意见建议类", "其他类"; 备注: 无;
        `新一级分类` TEXT; 含义: 表示工单的新一级分类。; 用途: 用于记录工单的新分类信息，便于管理和统计。; 示例值: "None"; 备注: 无;
        `新二级分类` TEXT; 含义: 表示工单的新二级分类。; 用途: 用于记录工单的新分类信息，便于管理和统计。; 示例值: "None"; 备注: 无;
        `新三级分类` TEXT; 含义: 表示工单的新三级分类。; 用途: 用于记录工单的新分类信息，便于管理和统计。; 示例值: "None"; 备注: 无;
        `新四级分类` TEXT; 含义: 表示工单的新四级分类。; 用途: 用于记录工单的新分类信息，便于管理和统计。; 示例值: "None"; 备注: 无;
        `新五级分类` TEXT; 含义: 表示工单的新五级分类。; 用途: 用于记录工单的新分类信息，便于管理和统计。; 示例值: "None"; 备注: 无;
    )DEFAULT CHARSET=utf8mb4 ENGINE=InnoDB COLLATE utf8mb4_0900_ai_ci
    
2025-06-14 02:29:03,874 ChatBI->     INFO     获取的缩写列: []
2025-06-14 02:29:03,874 ChatBI->     INFO     获取的关联列: ['一级分类', '二级分类', '三级分类', '四级分类']
2025-06-14 02:29:03,874 ChatBI->     INFO     获取的列映射: {'工单编号': 'id', '工号': 'employee_id', '工单生成时间': 'order_date', '诉求地址': 'address', '诉求区域': 'region', '内容描述': 'content_description', '工单类别': 'order_category', '处理描述': 'resolution_description', '客户类型': 'customer_type', '一级分类': 'primary_classification', '二级分类': 'secondary_classification', '三级分类': 'tertiary_classification', '四级分类': 'quaternary_classification', '主办单位': 'responsible_department', '是否匿名': 'is_anonymous', '服务类型': 'service_type', '通话编号': 'call_id', '工单类型': 'order_type', '新一级分类': 'new_primary_classification', '新二级分类': 'new_secondary_classification', '新三级分类': 'new_tertiary_classification', '新四级分类': 'new_quaternary_classification', '新五级分类': 'new_period_classification'}
2025-06-14 02:29:05,280 ChatBI->     INFO     关联字段的枚举值:  {'一级分类': ['科教文卫类', '社会管理类', '公安政法类', '其他类', '建设交通类', '公用事业类', '安全监管类', '经济综合类', '社会团体类'], '二级分类': ['文广影视', '旅游', '公安（治安、交通）', '其他', '工商(消保)', '交通港口', '绿化市容', '邮政通信', '司法行政', '教育', '住房保障', '机关事务管理', '人力保障', '纪检监察', '城乡建设', '食品药品安全', '卫生计生', '发展改革', '公安（出入境）', '金融', '电力', '商务', '燃气', '城管执法', '残联', '环境保护', '税务', '土地规划', '民政', '水务', '“12345”热线', '供水', '电子政务', '信访', '法院系统', '安全生产管理', '退役军人', '农业', '部队', '公安（消防）', '总工会', '体育', '涉港澳台', '国资', '新闻出版', '质量技术监督', '知识产权', '经济信息化', '出入境边检', '民族宗教', '档案', '统计', '民防', '科技', '侨务', '外事', '气象', '团市委', '财政', '检察院系统', '国家安全', '审计', '妇联', '防震减灾', '中央直属', '机构编制', '长航公安', '口岸', '合作交流'], '三级分类': ['文化产业管理', '服务质量', '其他', '无效电话', '商业服务', '出租车', '市容市貌', '通信', '法律服务', '学校管理', '社会治安', '物业服务管理', '机关事务管理', '纠纷仲裁', '邮政服务', '交通管理', '劳动保护', '医疗医保', '政风行风', '工程管理', '安全管理', '卫生信息', '违法建筑', '改革规划', '护照办理', '环境卫生', '金融', '社会保险', '道路管理', '社保信息', '故障报修', '城市管理', '广播影视', '公交巴士', '商务', '价格调控', '市场交易管理', '社会噪声', '物业相关执法', '医疗服务', '工商监管', '医院监管', '燃气计费', '驾驶培训', '犬类管理', '户籍管理', '停车管理', '残联', '工伤', '污染', '税收政策', '非城市建设用地管理', '婚姻管理', '排水排污管理', '房屋权属', '汽车维修', '供水报修', '一网通办', '禁烟控烟', '培训市场', '事项办理', '养老保障', '地铁客运', '违法经营', '劳动人事制度', '社区家政', '12345热线', '入学入托', '就业创业', '保障型住房', '征收管理', '法院信息', '批评承办部门', '职业健康', '燃气服务', '货物运输', '签证签注', '招生考试', '公证服务', '供水计费', '自来水水质', '航空客运', '投诉批评', '拥军优抚', '人口计生', '表扬感谢', '表扬承办部门', '安全生产', '消防管理', '公共交通用卡管理', '税收管理', '疾控防疫', '咨询信访渠道', '法院受理', '体育管理', '车牌拍卖', '绿地绿化', '工商信息', '意见建议', '旧房改造', '其他社团', '刊物市场监管', '夜间施工许可', '消防设备维护', '生活保障', '特种行业管理', '复查复核', '特种设备监察', '知识产权', '铁路客运', '申诉举报', '动植园林', '法人一证通', '旅游信息', '总工会', '津贴补助', '电力服务', '用电计费', '国资', '人员边检', '动植物防疫', '燃气报修', '河道流域管理', '纪检监查', '违规用水', '行政管理', '道路维护', '殡葬事业', '寺庙管理', '特定医疗机构', '审批许可', '个人档案', '科技管理', '移交安置', '外事工作', '供水服务', '气象预报', '汽车客运', '质量认证', '慈善福利', '经济信息化', '燃气行业监管', '社会组织', '出境咨询', '禽类饲养', '司法直属', '港船客运', '计量器具检测', '旅游纠纷', '团市委', '检察院受理', '学生负担', '违规用电', '广告审批', '查询办理进度', '城市建设用地管理', '财政工作', '烈士褒扬', '农民负担', '国有档案', '村队管理', '文化遗产保护', '水资源管理', '农业生产', '自主择业就业', '统计工作', '国家安全', '新闻报道', '住房病虫害', '部队', '民防工程', '妇联', '建设管理', '地震震情', '生产许可证管理', '网站信箱', '科技开发', '救灾赈灾', '审计工作', '宗教信仰', '机构类', '防灾抗灾', '安保工作', '土地资源管理', '气象预警', '限电管理', '合作交流', '组织机构代码证'], '四级分类': ['游戏动漫', '酒店质量', '其他', '无明确诉求', '网上购物', '服务规范', '广告牌景观灯', '通信线路', '无效来电', '法律援助', '校园设施', '居住证', '纠纷协调', '机关事务信息', '劳动争议', '快递服务', '限流限行', '用工规范', '医保报销', '不作为', '建筑工程欠薪', '医保政策咨询', '教师素质', '各类服务卡券', '食品安全', '外省市受理', '医院医疗信息', '违法建筑', '新能源汽车', '护照办理', '倾倒渣土', '银行监管', '工伤保险', '施工规范', 'ETC使用', '社保卡', '规模停电', '无证设摊', '网络视听', '线路咨询', '汽车销售', '物业管理收费', '住房公积金', '售后服务', '装修噪音', '损坏侵占公用设施', '治安维护', '用药规范', '立案侦查', '业务办理', '审验登记', '医疗纠纷', '排队挂号', '用量偏高', '教练服务、培训规范', '养犬登记', '交通设施', '外省市迁入', '故障报修', '物业安保', '物品遗失', '社区卫生服务', '物业维修添置', '物业管理不善', '公共停车场', '残疾鉴定', '工伤认定', '结构改建', '排堵保畅', '噪音污染', '绿化维护', '服务态度', '残疾补助', '独户停电', '交通违章', '房产交易税', '经济纠纷', '耕地管理', '离婚办理', '失业保险', '医疗保险', '市政道路积水', '宅基地', '结婚登记', '合同监管', '油烟扰民', '业委会', '律师服务', '驾驶员审验', '高速收费', '4s店服务', '身份证管理', '停水水小', '旅行社服务', '网站使用', '乱收停车费', '群租现象', '过户上牌', '服务质量', '禁烟控烟', '空气污染', '广告监督', '市场监管', '共享单车', '其他业务', '办理结果不满', '环境垃圾', '养老保险', '广告张贴', '房屋产权', '路状路况', '危房', '老年津贴', '地铁建设', '不正当经营', '城管执法', '退休离休', '社区服务网点', '信息咨询', '垃圾清理', '入学政策', '人才引进', '拖欠工资', '道路养护', '经济补偿', '公安信息查询', '租赁管理', '经适房', '车辆年检', '卫生配套设施', '合同纠纷', '公租房', '经营性停车场', '拆迁安置', '幼托管理', '路灯供电', '法院地址电话', '诉求未解决', '金融资讯', '职业健康', '景点服务质量', '合同履行', '燃气施工', '账户信息', '文化活动', '居住证办理', '集装箱运输', '签证签注', '户籍政策咨询', '中考', '居改非', '工时假期', '工程质量', '办理转学', '继承权公证', '水费量高', '水中杂质', '飞机票务', '线路设置', '遗嘱抚恤和优待', '司法鉴定', '商品质量', '机关事务工作', '优生优育', '医保定点', '房产信息变更', '保险监管', '账单抄表', '非法客运', '搬场公司', '道路建设', '无照经营', '个人所得税', '烟草酒类', '道路安全', '水管维修', '表扬感谢', '应急救援', '市内户口迁移', '烟花爆竹管理', '排水工程', '交通卡', '偷税漏税', '求医问药', '教育质量', '工资奖金', '咨询信访渠道', '家电维修', '问题解决', '诉讼立案', '办事效率', '假冒伪劣', '土地征收', '经济案件', '市政工程', '教育改革', '生育保险', '群众锻炼', '证券监管', '职业培训', '车牌拍卖', '占绿毁绿', '维权咨询', '网络安全', '其他税种', '商品销售信息', '企业征税', '道路扬尘', '办事流程', '交通事故', '职称评定', '学籍管理', '消防隐患', '其他疫苗', '平台系统', '房屋老化', '资质认证', '红十字会', '赛事管理', '廉租房', '黑车', '图书刊物出版', '慢作为', '夜间施工的现象', '业务熟练', '消防栓', '无证犬类', '房屋结构破坏', '社区帮困补助', '不明归属井盖', '行政许可', '跨门经营', '家政服务', '动迁政策', '商标包装管理', '其他公证', '催办', '独生子女补贴', '问题推脱', '交通法规', '移植修剪', '食品安全流通', '办事推诿', '僵尸车', '劳务派遣', '线路时间', '扶贫帮困', '职业技能考试', '安全监察', '东方有线', '再生育政策', '消防宣传', '侵权行为', '铁路票务', '光污染', '结论不满', '高考', '申诉举报', '流浪犬收治', '其他报修', '公园设施', '普法宣传', '法人一证通', '许可审批', '外地户口入学', '影视节目', '邮件邮递', '便民信息', '景点投诉', '场地设施', '人员管理', '维修基金', '职业资质许可', '工会工作', '就业补贴', '信息查询', '职工权益', '电费争议', '国企管理', '过境手续', '疫情防疫', '法院判决', '丧葬补助金', '燃气泄漏', '住院病床', '外置扩音装置', '私装地锁', '就业信息', '水上漂浮物', '安全生产监督', '徇私枉法', '文化场所信息', '孤寡空巢老人关怀', '农村建设用地管理', '私移水表', '管道维修', '便民服务', '人员资质', '最低生活保障', '设备添置', '其他补助', '殡葬服务', '绿化护栏', '居家养老', '道路救援', '缴费信息', '市场物价', '受理网点', '护工护理', '机构养老', '国有资产流失', '流浪人员管理', '残联工作', '助残信息', '流程指引', '报刊印刷发行', '医疗设备', '垃圾分类', '保健品管理', '采血机构', '审批许可', '景点资讯', '养老金调整', '老年卡', '公房管理', '灭火器', '菜场经营', '通信基站', '个人档案', '无障碍工程', '死亡登记', '商贸信息', '乱作为', '法院通知', '高新技术扶持', '退役士兵', '动物保护机构', '违规拆迁', '医保药品目录', '土地使用权', '领事馆', '房屋转让', '承办推诿', '商品维修网点', '消防通道', '阶梯电价', '河道养护', '排污许可证', '黄赌毒', '天气预报', '活禽交易', '劳动能力鉴定', '危险品管理', '无犯罪证明', '废气污染', '水表维修', '寺庙用品', '燃气火小', '失职渎职', '评残疾伤残抚恤', '违规运营', '消防安全咨询', '河道疏通', '药品安全', '水污染', '车次信息', '超市卖场', '申请专利', '质量认证', '工龄核算', '电线高压线', '慈善募捐', '循环再利用', '司法拆迁', '孤儿收养', '燃气行业', '医疗器械管理', '隧桥管理', '作风问题', '票务', '出境咨询', '电表维修', '无证夜间施工', '服务流程', '劳务中介', '人民调解', '旅行社信息', '变电设施', '社工管理', '其他许可', '电视购物', '特定污染物处治', '无答复意见', '退休证', '农村地区家禽饲养', '律师协会', '城区家禽饲养', '浦江轮渡', '流浪救助', '野生动植物', '计量器具检测', '旅游合同纠纷', '体检中心', '团委工作', '城市信息化', '检察院信息', '超时补课', '航空运输', '私排电线', '贪污贿赂', '广告审批', '离退休干部', '商业楼宇', '查询办理进度', '测绘管理', '广播', '水表失窃', '军转干部', '诉讼时限', '财会考证', '虚开发票', '烈士评定', '刑事案件', '邮政发行', '医疗服务', '收费标准', '业务范畴', '农业补贴', '隔离管控', '政府机构', '航班延误', '公务员管理', '土地承包', '成人教育', '刊社信息', '节能减排', '规划设计', '监狱管理', '颜色异变', '电视线路', '餐饮服务', '转业干部', '非物质文化遗产', '秩序维护', '临终关怀', '文物保护管理', '无证养鸽', '桥梁通行', '河道水质', '强制消费', '畜牧养殖', '士兵', '滥砍滥捕', '非法行医', '收费问题', '平改坡', '体育彩票', '环评公示', '培训补贴', '平均工资', '最低工资', '兽医药管理', '档案管理', '创业扶持', '国家机密', '新闻内容', '证照查验', '燃气配件', '省际轮渡', '福利企业扶持', '因公出国审批', '安全检查', '新冠疫苗', '工作调动', '档案公开', '研究生考试', '水务工程建设', '管理规范', '青少年保护', '二次收费', '生态保护', '社区就业援助', '墓园管理', '化妆品管理', '增添绿化', '白蚁', '鼠患', '管道改建', '能源发展', '娱乐场所管理', '旅游交通', '文化社团', '烈士纪念设施', '信鸽', '营业税改增值税', '核酸检测', '违法传销', '作业负担', '涉军问题', '地下室管理', '妇联工作', '无军籍职工', '公益彩票', '气象服务信息', '避孕节育', '窃电举报', '固废危废', '超生处罚', '科技改革', '妇婴保健', '企业解困', '建筑间距及日照', '地震震情', '高温津贴', '集体资产管理', '青少年锻炼', '农业水利', '电磁辐射污染', '单身证明', '生产许可证管理', '假发票', '国内安全事务', '马蜂窝', '网站信箱使用', '河上搭建', '三无居家船只', '发明建议', '市场供应', '参战参试人员优待', '故障牵引', '工作态度', '违规收费', '年检', '征地补偿', '古树名木', '社会捐献', '土地建设与保护', '反动', '历史建筑', '抵押拍卖', '妇女权益维护', '防疫补贴', '化工污染', '费用减免', '防汛抗灾', '网点查询', '资产评估', '安全生产宣传', '夜间施工证的审批', '吸劳养老', '特殊工种', '自来水异味', '导游服务', '违规鸣笛', '分时用电', '筑材光污染', '公共支付', '记者证管理', '审计工作', '情报搜集', '企业改革', '农产品安全', '防治检疫', '抵押贷款公证', '队伍建设', '上海旅游节', '宗教信仰', '婚前检查', '公交专用道', '转运消杀', '抗台防汛', '自主研发', '医药卫生知识', '公共事业', '码色申诉', '矫正办', '火灾报警系统', '日常管理', '记录查询', '黑网吧', '收养审批', '许可证管理', '火灾报警', '电子出版物', '易燃易爆物', '婚姻财产公证', '财政票据', '擅自设立机构', '审查批捕', '福利设施', '国有企业', '公务车', '投资决策', '防疫物资', '地面沉降', '资质证书', '转基因产品（有机食品）', '民防警报', '审读出版物', '新闻形式', '妇女健康', '农副业生产', '台风沙尘', '抗灾演习', '民间慈善', '私接自来水管', '工程规划', '进博会', '外宾来访', '经济状况审核', '事业单位共享费', '节能用电', '暴雨暴雪', '合作交流', '组织机构代码证', '矿产管理']}
2025-06-14 02:29:05,280 ChatBI->     INFO     缩写字段的枚举值： []
2025-06-14 02:29:46,089 ChatBI->     INFO     案例库查询
2025-06-14 02:29:46,126 ChatBI->     INFO     案例库查询结果: ["{'query': '最近3个月反映的工单里哪些企业存在拖欠工资的行为', '目标列': ['内容描述'], '条件列': {'内容描述': '企业存在拖欠工资的行为', '工单生成时间': '最近3个月'}}", "{'query': '上半年哪些地方存在拖欠工资的现象', '目标列': ['诉求地址'], '条件列': {'工单生成时间': '上半年', '内容描述': '拖欠工资'}}", "{'query': '今年投诉断缴社保的企业有哪些', '目标列': ['内容描述'], '条件列': {'工单类型': '投诉举报类', '内容描述': '断缴社保'}}"]
2025-06-14 02:29:47,474 ChatBI->     INFO     schema linking: {'target_columns': ['内容描述'], 'condition_columns': {'工单类型': '投诉举报类', '内容描述': '拖欠农民工工资'}}
2025-06-14 02:29:49,609 ChatBI->     INFO     任务类型: 内容抽取
2025-06-14 02:29:49,910 ChatBI->     INFO     过滤表达式： order_type like '%投诉举报类%' ; 查询问题： 拖欠农民工工资
2025-06-14 02:29:49,912 ChatBI->     INFO     开始对非结构化文档【粗略】检索
2025-06-14 02:29:50,526 ChatBI->     INFO     检索到的文档总数量为：4427
2025-06-14 02:29:50,810 ChatBI->     INFO     开始对非结构化文档【深度】检索
2025-06-14 02:29:51,188 ChatBI->     INFO     step_scores: ['yes', 'yes', 'yes', 'yes', 'yes', 'yes', 'yes', 'yes', 'yes', 'yes']
2025-06-14 02:29:51,189 ChatBI->     INFO     层级抽取文档： 市民来电反映:其父亲在建筑工地工作，拖欠其工资 ==> yes  
2025-06-14 02:29:51,189 ChatBI->     INFO     层级抽取文档： 市民来电反映:2024年7月至今，上述地址印刷公司尚未向市民支付工资，有签署劳动合同，目前公司已经拖欠了全部工作人员的工资。诉求；请处理部门核实，督促企业尽快发放工资给员工。（市民要求信息保密，无需回复） ==> yes  
2025-06-14 02:29:51,189 ChatBI->     INFO     层级抽取文档： 【重新交办，要求答复要点不明确，市民表示10月17日，12345工作人员表示协调成功，可以去拿钱，但是市民人在山西，要找一个委托人去上海四建集团拿钱，去了之后，该集团项目经理表示不给钱。最近工单编号：20240913008451，工单内容：市民来电反映:2021年12月底在工地做门窗更换，上海四建，拖欠6、7万元，没有劳动合同，诉求：希望管理部门讨要工资，需回复】 ==> yes  
2025-06-14 02:29:51,189 ChatBI->     INFO     层级抽取文档： 市民来电反映相同事项【最近办结的工单编号:20230825028193，工单内容：【重新交办，要求：按答复要点告知市民，市民表示答复要点与实际情况不符，市民告知承办单位歪曲事实，颠倒是非，一共8个人，只发了6个人的工资，朱顺秦、杨赛花的工资并未发放。诉求：希望管理部门核实并尽快发放工资及合理处置。需回复）最近派发的工单内容:重新交办，要求：答复要点不明确，市民表示朱顺秦、杨赛花的工资未发放，现诉求希望管理部门尽快核实，并督促尽快发放。（需回复），工单内容：补充信息：市民称6月12日住建委让其去信访协商，说起欠条不认，算下来应该有9万多欠款，公司只愿给5万。重新交办，要求：答复要点与事实不... ==> yes  
2025-06-14 02:29:51,189 ChatBI->     INFO     层级抽取文档： 市民来电反映：2022年市民在上述地址的建造学校的工地做木工，工程集团:中铁8局，被拖欠工资至今，人数：5-6人，总金额：12-13万，没有签合同。诉求：请管理部门帮忙追讨欠薪。 ==> yes  
2025-06-14 02:29:51,189 ChatBI->     INFO     层级抽取文档： 市民来电反映:18年到21年期间，在上述地址参加残疾人劳动，没有劳动合同，街道每三个月只给发400元，但是根据市民的产量每三个月应该有600元以上。市民怀疑这部分补助被私吞了。诉求：请管理部门核实处理，为市民讨回被欠的工资，（市民要求信息保密 需回复） ==> yes  
2025-06-14 02:29:51,189 ChatBI->     INFO     层级抽取文档： 市民来电反映:除了邮政、京东、顺丰外所有快递公司都拖欠工资。 ==> yes  
2025-06-14 02:29:51,189 ChatBI->     INFO     层级抽取文档： 市民来电反映:饿了么骑手企业扣其工资。 ==> yes  
2025-06-14 02:29:51,189 ChatBI->     INFO     层级抽取文档： 市民来电反复催单。催单原因：市民称管理部门至今未给予任何回复，请管理部门尽快处理。【最近派发的工单编号：20240306021992，工单内容：市民来电反映:上述地址公司虚列成本、支出，公司各项支出都存在异常，将其列为公司员工增加成本，本应发放工资与克扣个税都是没有的，姓名：赵海顺，身份证号：410511197308300013。诉求：请相关管部门尽快核实查处该公司，要求单位给予其说法回复。（需回复）】 ==> yes  
2025-06-14 02:29:51,189 ChatBI->     INFO     层级抽取文档： 【投诉】市民来电反映:市民反映保安拖欠工资问题，话务员告知需要提供公司名称和地址，但市民提供不了，还认为话务员一定能找到地址，故投诉工号4132 ==> yes  
2025-06-14 02:29:52,160 ChatBI->     INFO     step_scores: ['yes', 'no', 'no', 'no', 'no', 'no', 'no', 'no', 'no', 'no']
2025-06-14 02:29:52,160 ChatBI->     INFO     层级抽取文档： 【投诉】市民来电反映:其要投诉松江区相关部门不作为，不关心工人被拖欠工资的问题。诉求：请管理部门核实处理。相关工单号：20240124010785。 ==> yes  
2025-06-14 02:29:52,160 ChatBI->     INFO     层级抽取文档： 市民反映：身份证号421182199611120029。2022年1月通过校招进入翌圣，承诺有培训，但试用期内被违法解除，工资未达最低基数无法缴纳社保不缴纳社保，事后投诉为市民缴纳了社保，但未缴纳公积金。诉求：要求补充缴纳公积金。（市民要求信息保密，需要回复） ==> no  
2025-06-14 02:29:52,160 ChatBI->     INFO     层级抽取文档： 市民来电反复催单。催单原因：市民称管理部门至今未给予任何回复，请管理部门尽快处理【最近派发的工单编号：20240313029692，工单内容：市民来电反映:  上述地址小区旁边有个建筑工地，早上凌晨3:00多就开始施工，噪音扰民。希望管理部门制止违规夜间施工扰民。（市民要求信息保密 无需回复）】 ==> no  
2025-06-14 02:29:52,160 ChatBI->     INFO     层级抽取文档： 市民反映：12333咨询电话工号45556人员不履行工作职责、不解释劳动政策、限制市民咨询劳动政策内容范围。工号45556欺骗市民说病残津贴不属于社会保险法“养老保险”，不属咨询范围而不解答。市民认为工号45556不履行工作职责，更不遵守首接职任制规定和规章制度，在工作上班时间内不作为不工作，根据中华人民共和国最低工资规定及上海市最低工资规定和解解释；工号45556人员应当执行2690元最低标准工资。工号45556人员不让上海市丧劳职工享受病残津贴咨询行为属于骗保。市民电话号码13381817171。诉求：投诉上述工作人员，要求惩处，并将处理结果答复市民。 ==> no  
2025-06-14 02:29:52,160 ChatBI->     INFO     层级抽取文档： 市民来电补充信息，管理部门拿国家的工资要为国家办事，要为人民办事看，不允许收贿赂。【最近派发的工单编号：20241122020978，工单内容：市民来电反映：市民投诉拼多多平台质量管控问题差，且存在管理贪污腐败问题，诉求：市民需要相关部门进行处理和严加管控。（市民信息保密，需回复）】 ==> no  
2025-06-14 02:29:52,161 ChatBI->     INFO     层级抽取文档： 市民来电反映:市民称上述小区水表前的管道为什么让业主自行维修，按照正常情况下都是自来水公司负责，市民其他的房屋都是自来水公司负责的，而且小区水表前的设备迟迟没有移交掉，应该多年前整个上海都已经移交了表前的设备，都是由自来水工资直接负责清理水箱和日常维护，为什么这个小区迟迟没有移交，故来电要求自来水公司给予说法。 ==> no  
2025-06-14 02:29:52,161 ChatBI->     INFO     层级抽取文档： 市民来电补充信息。市民补充信息内容为社保部门联系市民表示，因市民与企业没有签订劳动合同无法处理，市民不认可，要求给予解决方案。【最近派发的工单编号：20240409033166，工单内容：市民来电反映:其上述地址公司利用市民的1级建造师证进行挂靠，并且已将其社保转入该公司，但公司告知市民无需前往公司上班，市民对此不认可。诉求：希望管理部门核实，并针对该企业的违规用工行为进行处理】 ==> no  
2025-06-14 02:29:52,161 ChatBI->     INFO     层级抽取文档： 【重新交办,要求：按答复要点告知市民,市民表示答复要点不明确,市民表示该企业答复要于25年7月补缴，市民不认可，担心企业不交，其表示应该让企业支付1万5000元抵押在市民这，等补缴后其再归还，市民表示管理部门再不及时处理会去市政府吆喝并要求补偿误工费了。诉求：请管理部门尽快核实催缴社保。最近办结的工单编号:20241022043108，工单内容:【重新交办，要求：按答复要点告知市民，市民表示答复要点与实际情况不符，市民来电反映：其表示管理部门称对方会在10月为其续交2个月的社保，并截止至12月，会将所有的社保交完，但目前没有做到，请再次核实。诉求不变。最近办结的工单编号：20240911... ==> no  
2025-06-14 02:29:52,161 ChatBI->     INFO     层级抽取文档： 市民来电反复催单。催单原因：市民称管理部门至今未给予任何回复，请管理部门尽快处理。【最近派发的工单编号：20240702005855，工单内容：市民来电反映:7月1日其去安亭镇劳动人事争议调解中心申请劳动仲裁，7月1日中午说过没有劳动鉴定结果，工作人员说可以受理，但是到了下午又说不能受理，故来电投诉。诉求：请管理部门核实整治，给到市民合理的解释。（需回复）
】 ==> no  
2025-06-14 02:29:52,161 ChatBI->     INFO     层级抽取文档： 市民来电反映:市民在上述地址公司工作已经一年半，有签订劳动合同，合同还剩两年多，市民称该公司2024年3月9日电话通知不让市民上班，要求市民调岗或协商赔付，之后又告知不调岗或赔付，让市民重新培训，支付最低工资，市民认为该公司存在违规，故来电投诉。诉求：希望管理部门核实处理。（市民要求信息保密 需回复） ==> no  
2025-06-14 02:29:52,161 ChatBI->     INFO     阈值索引为：218, 窗口大小为: 100 
2025-06-14 02:29:52,161 ChatBI->     INFO     确定的文档: 119; 在次确认的文档: 199
2025-06-14 02:30:34,835 ChatBI->     INFO     从199个需再次确认的文档中筛选出的相关文档数量：56
2025-06-14 02:30:34,835 ChatBI->     INFO     示例文档：['市民来电反映:上述地址小区是一个有30多栋楼的大型小区，大部分业主都有缴纳物业费和停车费，临时停车也有收费、电梯内的广告也有收益，现川迪物业安排的基层工作人员很少、工资给的非常低，10月1日只安排了两个人，精简到极致，减少了支出的成本，工作人员能力差平时假期也不按照劳动法依法支付工资。诉求:望管理部门核实，要求上级主管部门差所有的财务账目以及每年的公共收益，以及有没有依法纳税，并要求匹配相应比例的工作人员，保证依法缴纳相应费用的业主的合法权益，另查公司是不是有背景是否有官官相护的嫌疑 为什么对公司永远不监管。 （市民要求信息保密 无需回复）', '市民反映：2023年12月10如因讨薪申请的法律援助，2024年1月19日已经通过劳动仲裁，并且调解完毕，公章全部都盖好，走完所有流程。截止到2024年3月28日已经把劳动仲裁调解书原件邮寄到执行局，期间打过两回电话说已经收到文件和需要的所有材料，包裹原件，至今已有一个多月且调解仲裁书调解的两期全部都已经逾期，执法部门没有合理的立案通知和任何消息，所有符合该走的流程全部走完，一直迟迟不立案。诉求：希望执法部门尽快立案或者回复。', '市民来电反映:上述地址商家不给其工资，其仲裁后，企业在7月22日注销公司，营业执照过期，但商家却还在经营，企业名称：上海卡奇健康管理有限公司，诉求：请管理管理部门核实并要求查处正整治无证经营（需回复）', '市民来电反映:上述地址上海城建职业学院安排了一批现代物流管理专业的学生到虹桥火车站实习操作。工作时间是8：00至20:00，学校告知给每个学生每天100元，但实际现场工作人员告知学校是给学生每人每天100元，但实际支付给学校的工资要远比100元多，被学校拿走了。诉求：希望管理部门核实对学校的行为进行查处。（市民要求信息保密 需回复）', '市民反映：已签订劳动合同，实际劳动地址港茂路122号D库现场，发生时间2024年1月12日13:43，欠薪人数：1，欠薪金额30000元，单位地址青浦区华新镇华隆路1777号B座1302室，事发时间2022年9月至2024年1月。2022年9月初入职，负责该公司在临港保税区港茂路122号、汇港路388号以及区外的康祥路28号三个提货点的发货装货等工作，其中港茂路122号的工作是要周一至周五每晚加班和周六及国定假日加班的，而其他两个地点需要其人工装货，至此2024年1月公司结束了在这的项目，并未提前通知。其催问讨要加班费及人工装车费时，回复不需要给这两项费用之前装车事情是之前领导让其做的，...']
2025-06-14 02:30:42,296 ChatBI->     INFO     抽取的关键词列表为：['企业']
2025-06-14 02:30:42,296 ChatBI->     INFO     关键词json输出格式 --> {"企业": "<抽取企业信息>"}
2025-06-14 02:30:54,186 ChatBI->     INFO     query: {query} 处理完毕
2025-06-14 02:31:47,173 ChatBI->     ERROR    Unexpected error occured:(<CloseCode.NO_STATUS_RCVD: 1005>, '')
Traceback (most recent call last):
  File "/data/yfzx/liucd/chatbi_deploy2/chatbi_DB2/apps/app_main_ws_router.py", line 65, in websocket_endpoint
    message = await websocket.receive_text()
              ^^^^^^^^^^^^^^^^^^^^^^^^^^^^^^
  File "/root/anaconda3/envs/chatbi/lib/python3.12/site-packages/starlette/websockets.py", line 119, in receive_text
    self._raise_on_disconnect(message)
  File "/root/anaconda3/envs/chatbi/lib/python3.12/site-packages/starlette/websockets.py", line 113, in _raise_on_disconnect
    raise WebSocketDisconnect(message["code"], message.get("reason"))
starlette.websockets.WebSocketDisconnect: (<CloseCode.NO_STATUS_RCVD: 1005>, '')
2025-06-14 02:31:47,204 ChatBI->     INFO     案例库查询
2025-06-14 02:31:47,241 ChatBI->     INFO     案例库查询结果: ["{'query': '近3个月台风造成的学校该停课不停课的投诉有多少起', '目标列': ['内容描述'], '条件列': {'内容描述': '台风造成的学校该听课不停课', '工单类型': '投诉举报类', '工单生成时间': '近3个月'}}", "{'query': '去年投诉学校的事件有多少起', '目标列': ['内容描述'], '条件列': {'内容描述': '学校', '工单生成时间': '去年', '工单类型': '投诉举报类'}}", "{'query': '去年投诉学校的事件有那些类型', '目标列': ['内容描述'], '条件列': {'工单生成时间': '去年', '内容描述': '投诉学校', '工单类型': '投诉举报类'}}"]
2025-06-14 02:31:48,584 ChatBI->     INFO     schema linking: {'target_columns': ['内容描述'], 'condition_columns': {'内容描述': '体罚学生', '工单类型': '投诉举报类'}}
2025-06-14 02:31:50,398 ChatBI->     INFO     任务类型: 内容抽取
2025-06-14 02:31:50,693 ChatBI->     INFO     过滤表达式： order_type like '%投诉举报类%' ; 查询问题： 体罚学生
2025-06-14 02:31:50,694 ChatBI->     INFO     开始对非结构化文档【粗略】检索
2025-06-14 02:31:51,302 ChatBI->     INFO     检索到的文档总数量为：4766
2025-06-14 02:31:51,593 ChatBI->     INFO     开始对非结构化文档【深度】检索
2025-06-14 02:31:52,023 ChatBI->     INFO     step_scores: ['yes', 'no', 'no', 'yes', 'no', 'no', 'no', 'no', 'no', 'no']
2025-06-14 02:31:52,023 ChatBI->     INFO     层级抽取文档： 市民来电反映: 市民是上述学校九年级学生的家长，该校九年级的体育老师秦老师、余老师存在对学生进行体罚的情况。体罚行为包括：跑操场10圈、几百次深蹲、关在小教室内、面对太阳罚站不允许睁眼等。并且因个别同学的纪律问题，会安排全班一起受罚。还威胁学生不许投诉。诉求：请管理部门核实两名教师的教师资质，对体罚学生的情况进行核实并责令整改。（市民要求信息保密 无需回复） ==> yes  
2025-06-14 02:31:52,023 ChatBI->     INFO     层级抽取文档： 市民来电反映:  上海长阳实验学校教6年级和7年级的数学老师吴斌上课敷衍了事。有些学生没有发到数学练习册，家长自己打印出来的数学练习册作业。学生把作业交上去后，老师公开和学生们说他不收打印出来的数学作业，还说看到作业就来气，拒绝批改作业。学生找老师问问题，对学生态度还很差，拒绝给学生解答。家长要求投诉该老师的教师素质，希望校方给到个处理方案。（市民要求信息保密 无需回复） ==> no  
2025-06-14 02:31:52,023 ChatBI->     INFO     层级抽取文档： 市民反映：中国中学初三6班学生杨弋、滕梓涵，经常在各科老师授课时随意插嘴说脏话，严重影响其他同学认真听课，任课老师们为赶教学进度，基本无视该同学乱作为，只顾讲课，不管课堂纪律和班级风气，其认为上课吵闹影响他人学习的行为，违反校纪校规。诉求：投诉中国中学初三6班任课老师纵容学生上课吵闹，要求加强管理课堂纪律。（市民要求信息保密，无需回复） ==> no  
2025-06-14 02:31:52,023 ChatBI->     INFO     层级抽取文档： 【重新交办，要求：答复要点不明确，市民诉求需要管理部门给出准确答复并短信回复。（市民要求信息保密，需回复。）最近办结工单编号：20240919022872，工单内容；市民来电反映：投诉上述学校高三一班班主任沈雅茜。对学生公开场合训斥，造成了心理伤害，影响了其高考，其一度的不想去上学，高考成绩很差。诉求：请管理部门核实，对老师进行应有的处罚（市民要求信息保密，无需回复）】 ==> yes  
2025-06-14 02:31:52,023 ChatBI->     INFO     层级抽取文档： 市民来电反映:投诉明珠小学B校区。在放学以前，学校老师让学生排队在学校外站队等待放学，当天的天气是一直在下雨的。有学生没带雨伞的只能淋雨。诉求：希望管理部门核实后对学校安排放学的方式进行处理，整治。（市民要求信息保密 需回复） ==> no  
2025-06-14 02:31:52,024 ChatBI->     INFO     层级抽取文档： 市民来电反映:上述地址学校强制学生使用使用智慧笔用于监控孩子，笔发放不要钱，但损坏遗失需要支付费用，诉求：投诉学校乱作为（市民要求信息保密 需回复） ==> no  
2025-06-14 02:31:52,024 ChatBI->     INFO     层级抽取文档： 市民来电反映:上述地址班级的语文老师姓杭。由于作业问题，将市民的小孩单独留下来沟通，沟通中使用不妥当的言语，导致市民的小孩承受不了。市民在家长会时和该老师沟通过此事。根据该老师的表现市民认为其小孩说的都是真实情况。且该老师第一普通话不标准，第二布置的作业量大。学生周末要花9个小时完成作业。诉求：请管理部门核实该语文老师的普通话证书。对该教师素质进行投诉。 ==> no  
2025-06-14 02:31:52,024 ChatBI->     INFO     层级抽取文档： 市民来电反映:上述地址学校每年针对一二年级笔头期末考试现在改为课堂小练习，原来在群里通知老师去哪里监考，现在变为私下微信通知老师考试，学校并扩展学习，把智慧英语改为拓展课，澳数改为探究课，并要求一二年级需要考五门，一旦成绩有问题不理想校长还需要请老师到办公室喝茶，2：学校针对老师上班时间7:45，要求全部老师7:40到岗位并会在7:35到到办公室赶老师，学校11:40午饭，40分钟前就到。3：第一孩子在学校就读，二胎不来学校就读，校长就直接找第一孩子原班长人，对于转学学生需要班主任书面写明原意并时常拿出来讽刺，及带有有色眼睛看老师。5：对老师说要个人情绪和工作情绪，但是校长本人是会因为自... ==> no  
2025-06-14 02:31:52,024 ChatBI->     INFO     层级抽取文档： 市民来电反映:上述地址上海市浦东成才教育进修学院学校老师和部分学生都感染了甲流且学校都无任何防疫措施，导致学生还在不停被感染。诉求：要求管理部门核实处理并要求学校做好防疫措施。（市民要求信息保密 需回复） ==> no  
2025-06-14 02:31:52,024 ChatBI->     INFO     层级抽取文档： 市民来电反映:2024年8月27日市民买火车票从婺源到上海，是给学生买的。市民一直没有收到票，市民想退票，发现是买票成功的，市民怕遗漏，检查收到的信息没有查到，但无法退票了。12306说学生如果有自己APP，会推送。结果发现是凌晨5：00推送的。学生担心买不到票，自己也买了一张票，按道理不会离那么短时间再买一张票的，12306也没有核实。诉求：投诉12306。 ==> no  
2025-06-14 02:31:52,024 ChatBI->     INFO     阈值索引为：80, 窗口大小为: 100 
2025-06-14 02:31:52,024 ChatBI->     INFO     确定的文档: 0; 在次确认的文档: 180
2025-06-14 02:31:57,792 ChatBI->     INFO     从180个需再次确认的文档中筛选出的相关文档数量：34
2025-06-14 02:31:57,792 ChatBI->     INFO     示例文档：['市民来电反映:上述地址是上海黄浦区飞鱼青少年游泳俱乐部，市民表示该地址是归属体育局管辖的学校。幼儿园小朋友，在这边学游泳，被教练拿浮板无缘无故打头（2次），和校方教练反映没有处理结果的回复。诉求：需要校领导给家长道歉，教练给学生道歉。', '市民来电反映:其是卢湾少体校田径队的学员，教练吉志鹏有打人行为，心情不好就用脚踢，或者用计时器的绳子的抽人，打过好几个小朋友。诉求：投诉教练（市民要求信息保密 无需回复）', '市民来电反映:上述地址学校三年级2班的班主任曹旦煜在2024年5月9日下午3—4点要求该班级纪律委员王文琪对班中8位同学扇耳光，市民作为家长非常气愤，认为该教师违法已报警。诉求：希望管理部门核实并开除该班班主任。（市民要求信息保密 无需回复）', '市民来电反映:1月17日上午返校时平凉路第四小学一（1）班班主任周老师当着全班同学的面砸孩子的书本让市民孩子当着全班的面捡书，并且将孩子的垫板砸坏，对孩子的身心健康造成极大地上海。市民反映之前孩子多次被同学打，该老师也不闻不问，市民向学校反映过该老师的问题。校方也保证不会再发生孩子被欺负的事情了。结果近日上午就发生上述事情。市民要求投诉该老师。诉求：市民要求投诉该老师或安排市民孩子换学校。', '市民来电反映:  市民为其孩子在上述地址机构报名了补习班的托管, 其表示该机构的老师虐待孩子，诉求: 希望管理部门对其核查整顿并进行处罚.(需回复)  ']
2025-06-14 02:31:58,081 ChatBI->     INFO     抽取的关键词列表为：['老师名字']
2025-06-14 02:31:58,082 ChatBI->     INFO     关键词json输出格式 --> {"老师名字": "<抽取老师名字信息>"}
2025-06-14 02:32:02,595 ChatBI->     INFO     query: {query} 处理完毕
2025-06-14 02:35:26,007 ChatBI->     ERROR    Unexpected error occured:(<CloseCode.ABNORMAL_CLOSURE: 1006>, '')
Traceback (most recent call last):
  File "/data/yfzx/liucd/chatbi_deploy2/chatbi_DB2/apps/app_main_ws_router.py", line 65, in websocket_endpoint
    message = await websocket.receive_text()
              ^^^^^^^^^^^^^^^^^^^^^^^^^^^^^^
  File "/root/anaconda3/envs/chatbi/lib/python3.12/site-packages/starlette/websockets.py", line 119, in receive_text
    self._raise_on_disconnect(message)
  File "/root/anaconda3/envs/chatbi/lib/python3.12/site-packages/starlette/websockets.py", line 113, in _raise_on_disconnect
    raise WebSocketDisconnect(message["code"], message.get("reason"))
starlette.websockets.WebSocketDisconnect: (<CloseCode.ABNORMAL_CLOSURE: 1006>, '')
2025-06-14 02:37:00,852 ChatBI->     INFO     案例库查询
2025-06-14 02:37:00,892 ChatBI->     INFO     案例库查询结果: ["{'query': '近3个月台风造成的学校该停课不停课的投诉有多少起', '目标列': ['内容描述'], '条件列': {'内容描述': '台风造成的学校该听课不停课', '工单类型': '投诉举报类', '工单生成时间': '近3个月'}}", "{'query': '去年投诉学校的事件有多少起', '目标列': ['内容描述'], '条件列': {'内容描述': '学校', '工单生成时间': '去年', '工单类型': '投诉举报类'}}", "{'query': '去年投诉学校的事件有那些类型', '目标列': ['内容描述'], '条件列': {'工单生成时间': '去年', '内容描述': '投诉学校', '工单类型': '投诉举报类'}}"]
2025-06-14 02:37:01,832 ChatBI->     INFO     schema linking: {'target_columns': ['处理描述'], 'condition_columns': {'内容描述': '体罚行为', '工单类型': '投诉举报类'}}
2025-06-14 02:37:03,218 ChatBI->     INFO     任务类型: 内容抽取
2025-06-14 02:37:03,477 ChatBI->     INFO     过滤表达式： order_type like '%投诉举报类%' ; 查询问题： 体罚行为
2025-06-14 02:37:03,478 ChatBI->     INFO     开始对非结构化文档【粗略】检索
2025-06-14 02:37:04,108 ChatBI->     INFO     检索到的文档总数量为：5000
2025-06-14 02:37:04,411 ChatBI->     INFO     开始对非结构化文档【深度】检索
2025-06-14 02:37:04,831 ChatBI->     INFO     step_scores: ['yes', 'yes', 'yes', 'no', 'no', 'no', 'no', 'no', 'no', 'no']
2025-06-14 02:37:04,831 ChatBI->     INFO     层级抽取文档： 市民来电反映:上述地址6年级1班，道德和法制的老师，因为班里有几个孩子作业不做，称最近教育部门检查，会影响到自己绩效工资，就让所以孩子留下，如果有一个孩子没做好作业，就都不准回家，导致其他孩子一并饿肚子。市民诉求：投诉学校监管不力，投诉老师恶意体罚。（市民要求信息保密 无需回复） ==> yes  
2025-06-14 02:37:04,831 ChatBI->     INFO     层级抽取文档： 市民来电反复催单。催单原因：市民称管理部门至今未给予任何回复，请管理部门尽快处理。【最近派发的工单编号：20240221010150，工单内容：市民来电反映:其在上述公司上班，单位让其加班，但是没有给其报加班，导致其当天没有考勤记录。其找到单位要求补工时，单位给其记录的是旷工8小时，而且该公司存在体罚员工的行为。该公司这种行为属于违规。诉求；希望核实，对该公司违规进行查处。】 ==> yes  
2025-06-14 02:37:04,831 ChatBI->     INFO     层级抽取文档： 【重新交办：答复要点与实际情况不符，市民表示民警对市民的辱骂，已经被监控记录，且已经被市民的儿子使用手机设备进行了录音，可以提供给处理部门核实。请处理部门尽快核实，重新处理。最近派发的工单编号:20240517002996，工单内容:重新交办,要求：按答复要点告知市民,市民表示答复要点与事实不符。市民表示其收到承办部门联系，目前派出所告知的调查结果与之前告知的信息自相矛盾，否认派出所自己承认的事实。市民表示首先派出所说话不守信用（尤其是关于赔偿800元的部分），其次，派出所让其8-9个小时不吃不喝，是派出所之前承认且有录像录音记录的事实，但目前调查否认该情况，第三，市民不认可警官怀疑其有... ==> yes  
2025-06-14 02:37:04,831 ChatBI->     INFO     层级抽取文档： 市民来电反映:警号042919，8月28日10:00左右，市民没戴头盔，市民表示该警员态度差并且选择性执法，市民后面两三个人一起但是只罚一个人，罚单不知道是双人签名还是应该单人签名。诉求：投诉选择性执法。市民要求短信回复。（市民要求信息保密 需回复） ==> no  
2025-06-14 02:37:04,831 ChatBI->     INFO     层级抽取文档： 市民来电补充信息。市民补充信息内容为：市民希望管理部门能通过打电话的方式与其联系。请管理部门尽快处理。【最近派发的工单编号：20240506010339，工单内容：市民来电反映:上述地址由浦东新区总工会管理，为了给企业职工提供体育锻炼的课程进行了招标，选择派遣上课老师的公司。其中一家名为上海谷火文化传播有限公司的企业违标串标，一家公司制作了三分标书，，以三家公司的名义参加了招标。诉求：希望管理部门核实情况，对上述公司招投标项目违规招标的行为进行处罚，并核实招标流程是否合规。（市民要求信息保密 需回复）】
 ==> no  
2025-06-14 02:37:04,831 ChatBI->     INFO     层级抽取文档： 市民来电反映:其之前有一个被人殴打的案子由上述派出所立案处理，市民表示处理的民警顾春华服务态度恶劣，并一直拖延处理流程没有处理结果不作为，诉求：投诉该派出所不作为及民警服务态度，希望管理部门核实处理。 ==> no  
2025-06-14 02:37:04,831 ChatBI->     INFO     层级抽取文档： 市民来电反映:市民在小区内有人一直在辱骂市民，构成了诽谤。因此到上述地址的派出所报案，派出所人员给市民录了笔录，后续派出所告知市民不属于其管辖范围，没有给立案通知书，也不给结案通知书。市民认为派出所不作为。诉求：希望管理部门核实后处理该派出所情况。 ==> no  
2025-06-14 02:37:04,831 ChatBI->     INFO     层级抽取文档： 市民反映：王中元办理沪公徐行罚[2023]01002号案，强迫市民签署3月30日和4月14日伪证，恐吓其不签字不放行（见3月30日问询视频），在0转发0评论的行为轻微无危害后果、可不予行政处罚的情况下，刻意严重案情，误导审批，4月14日因市民拒签拘留决定书，剥夺申请复议延迟执行、联系律师权利，强制押送拘禁，4月15日在拘留所胁迫其倒签文件（见4月14日审讯视频），藐视中央3月28日保护企业家能不拘则不拘留行动，导致公司停顿直接损失48.7万元（1.48亿*12%*10÷365天）。诉求：要求对徐汇分局王中元、徐姓民警的违法行为，处以警告记过和罚没2023年总薪酬33.3%，撤销处罚决定，... ==> no  
2025-06-14 02:37:04,832 ChatBI->     INFO     层级抽取文档： 市民来电反映:上述地址为小学爱心暑托班，7月23日左右自己孩子在3班与其他孩子发生纠纷导致受伤，认为其老师监管不力，诉求：投诉暑托班监管不力 ==> no  
2025-06-14 02:37:04,832 ChatBI->     INFO     层级抽取文档： 市民来电补充信息。市民补充信息内容为万里派出所负责人推诿说学校的矛盾要找教育局，实际情况是家长微信群里有人名誉侵权歪曲事实，市民投诉的是这个。派出所没有起到公平公正的作用，来电的手机号：1801883768，只为后面一个陈警官做了解释，并没有对于17日的警官问题解释，一直在糊涂概念，忽略相关事实，推卸公安机关的责任，如果公安只负责维持秩序只要找一个保安就可以了。【最近派发的工单编号：20231212013119，工单内容：市民来电对办理结果不满,没有处理结果告知市民就办结工单，要求再次反映给到市民明确回复。【最近办结的工单编号:20231203017073，工单内容:重新交办，要求：按答... ==> no  
2025-06-14 02:37:04,832 ChatBI->     INFO     阈值索引为：60, 窗口大小为: 100 
2025-06-14 02:37:04,832 ChatBI->     INFO     确定的文档: 0; 在次确认的文档: 160
2025-06-14 02:37:09,385 ChatBI->     INFO     从160个需再次确认的文档中筛选出的相关文档数量：31
2025-06-14 02:37:09,385 ChatBI->     INFO     示例文档：['市民来电补充信息。市民补充信息内容为更正地址信息浦东新区金港路558号，请管理部门尽快处理【最近派发的工单编号：20240830035377，工单内容：市民来电反映:2024年8月30日去上述地址的怡明驾校云之驾考科目三，在模拟的时候被教练打了，教练的名字叫:周三姓用很大的力气捶市民的肩膀4至5下，打完还骂市民，该教练还威胁市民。市民来电投诉教练周三姓以及驾校服务态度的考核标准。诉求：望管理部门核实提高驾校的服务态度，针对该事件对于该事件给予合理解释。（需要驾校负责人给予处理答复）】', '市民补充信息内容为:市民表示其需要这些人换岗。【最近派发的工单编号：20240701021808，工单内容：市民来电反映:7月1号14:00多因为上述地址门口堆放了架子，有一群城管派来的工作人员上门辱骂并殴打市民。市民不认可，诉求：请管理部门核实整治工作人员不文明执法行为。（市民要求信息保密 需回复）】', '市民反映：2024年浦东新区大团镇开元大酒店，违法对员工进行罚款（详见附件），扣分即罚款，一分十元，并说以后一分50元。诉求：请管理部门查处用工规范。（市民要求信息保密，需要回复）', '市民来电反映:市民来电反复催单。催单原因：市民称管理部门至今未给予任何回复，请管理部门尽快处理。【最近派发的工单编号：20241009024854，工单内容：【重新交办，市民对管理部门答复不满，市民表示市民表示医生让市民动手术，市民不愿意。该医生就故意用力把市民脚按骨折，诉求：核实处理该问题。最近办结的工单号：20240925018674。内容：市民来电反映:之前其到上述医院骨科看门诊，吴鹏医生接诊交，什么也没有问，就按其脚，导致其脚骨折了，市民对此不认可。诉求：希望管理部门核实给其说法。(信息保密，需回复)】 】', '市民来电反映:其于2024年3月21日10:40-10:50驾车行驶在上述地址，其车辆停在直行道上，现场交警（市民未能提供警号）用警棍敲打其车右后侧油箱盖上部，导致其车受到损伤，市民认为这样的执法行为不合理，若其存在违章行为，执法人员可制止或告知其，但对其车造成损伤的行为不能接受。诉求：投诉该警察执法不规范。']
2025-06-14 02:37:09,805 ChatBI->     INFO     抽取的关键词列表为：['老师', '体罚行为', '纪律处分']
2025-06-14 02:37:09,805 ChatBI->     INFO     关键词json输出格式 --> {"老师": "<抽取老师信息>", "体罚行为": "<抽取体罚行为信息>", "纪律处分": "<抽取纪律处分信息>"}
2025-06-14 02:37:15,276 ChatBI->     INFO     query: {query} 处理完毕
2025-06-14 02:37:34,276 ChatBI->     INFO     案例库查询
2025-06-14 02:37:34,312 ChatBI->     INFO     案例库查询结果: ["{'query': '清明节期间大家都在关注哪些事件', '目标列': ['内容描述'], '条件列': {'工单生成时间': '清明节期间'}}", "{'query': '2024年10月医院排队现象比较严重的医院有那些', '目标列': ['内容描述'], '条件列': {'内容描述': '医院排队现象严重', '工单生成时间': '2024年10月'}}", "{'query': '去年国庆期间医院排队相关的投诉事件有那些', '目标列': ['内容描述'], '条件列': {'内容描述': '医院排队', '工单生成时间': '去年国庆期间', '工单类型': '投诉举报类'}}"]
2025-06-14 02:37:35,263 ChatBI->     INFO     schema linking: {'target_columns': ['内容描述'], 'condition_columns': {'工单生成时间': '2024年国庆期间'}}
2025-06-14 02:37:36,553 ChatBI->     INFO     任务类型: 内容总结
2025-06-14 02:37:36,553 ChatBI->     INFO     过滤表达式： order_date like '%2024年国庆期间%' ; 查询问题： 
2025-06-14 02:37:36,555 ChatBI->     INFO     开始对非结构化文档【粗略】检索
2025-06-14 02:37:36,618 ChatBI->     INFO     检索到的文档总数量为：0
2025-06-14 02:37:36,619 ChatBI->     INFO     开始对非结构化文档【深度】检索
2025-06-14 02:37:36,621 ChatBI->     INFO     开始对非结构化文档进行聚合总结
2025-06-14 02:37:36,622 ChatBI->     INFO     websocket发送的数据为：{"response": []}
2025-06-14 02:37:38,358 ChatBI->     INFO     query: {query} 处理完毕
2025-06-14 02:39:05,031 ChatBI->     ERROR    Unexpected error occured:(<CloseCode.NO_STATUS_RCVD: 1005>, '')
Traceback (most recent call last):
  File "/data/yfzx/liucd/chatbi_deploy2/chatbi_DB2/apps/app_main_ws_router.py", line 65, in websocket_endpoint
    message = await websocket.receive_text()
              ^^^^^^^^^^^^^^^^^^^^^^^^^^^^^^
  File "/root/anaconda3/envs/chatbi/lib/python3.12/site-packages/starlette/websockets.py", line 119, in receive_text
    self._raise_on_disconnect(message)
  File "/root/anaconda3/envs/chatbi/lib/python3.12/site-packages/starlette/websockets.py", line 113, in _raise_on_disconnect
    raise WebSocketDisconnect(message["code"], message.get("reason"))
starlette.websockets.WebSocketDisconnect: (<CloseCode.NO_STATUS_RCVD: 1005>, '')
2025-06-14 02:39:05,072 ChatBI->     INFO     案例库查询
2025-06-14 02:39:05,107 ChatBI->     INFO     案例库查询结果: ["{'query': '最近十个月哪些区域的居民有动迁需求', '目标列': ['诉求区域'], '条件列': {'内容描述': '动迁需求', '工单生成时间': '最近十个月'}}", "{'query': '今年市民来投诉被诈骗的工单有多少', '目标列': ['工单类型'], '条件列': {'工单类型': '投诉举报类', '工单生成时间': '今年', '内容描述': '被诈骗'}}", "{'query': '最近3个月反映的工单里哪些企业存在拖欠工资的行为', '目标列': ['内容描述'], '条件列': {'内容描述': '企业存在拖欠工资的行为', '工单生成时间': '最近3个月'}}"]
2025-06-14 02:39:05,982 ChatBI->     INFO     schema linking: {'target_columns': ['诉求区域'], 'condition_columns': {'工单生成时间': '2024年国庆期间'}}
2025-06-14 02:39:07,293 ChatBI->     INFO     任务类型: 内容总结
2025-06-14 02:39:07,293 ChatBI->     INFO     过滤表达式： order_date like '%2024年国庆期间%' ; 查询问题： 
2025-06-14 02:39:07,295 ChatBI->     INFO     开始对非结构化文档【粗略】检索
2025-06-14 02:39:07,355 ChatBI->     INFO     检索到的文档总数量为：0
2025-06-14 02:39:07,357 ChatBI->     INFO     开始对非结构化文档【深度】检索
2025-06-14 02:39:07,358 ChatBI->     INFO     开始对非结构化文档进行聚合总结
2025-06-14 02:39:07,359 ChatBI->     INFO     websocket发送的数据为：{"response": []}
2025-06-14 02:39:09,151 ChatBI->     INFO     query: {query} 处理完毕
2025-06-14 02:39:28,260 ChatBI->     INFO     案例库查询
2025-06-14 02:39:28,294 ChatBI->     INFO     案例库查询结果: ["{'query': '最近十个月哪些区域的居民有动迁需求', '目标列': ['诉求区域'], '条件列': {'内容描述': '动迁需求', '工单生成时间': '最近十个月'}}", "{'query': '今年市民来投诉被诈骗的工单有多少', '目标列': ['工单类型'], '条件列': {'工单类型': '投诉举报类', '工单生成时间': '今年', '内容描述': '被诈骗'}}", "{'query': '最近3个月反映的工单里哪些企业存在拖欠工资的行为', '目标列': ['内容描述'], '条件列': {'内容描述': '企业存在拖欠工资的行为', '工单生成时间': '最近3个月'}}"]
2025-06-14 02:39:29,111 ChatBI->     INFO     schema linking: {'target_columns': ['诉求区域'], 'condition_columns': {'工单生成时间': '2024年国庆期间'}}
2025-06-14 02:39:30,410 ChatBI->     INFO     任务类型: SQL
2025-06-14 02:39:33,005 ChatBI->     INFO     stad sql: SELECT `诉求区域`, COUNT(*) AS `工单数量` FROM shanghai WHERE `工单生成时间` >= '2024-10-01 00:00:00' AND `工单生成时间` < '2024-10-08 00:00:00' GROUP BY `诉求区域` ORDER BY `工单数量` DESC LIMIT 5000;
2025-06-14 02:39:33,012 ChatBI->     INFO     非结构化信息为: {}
2025-06-14 02:39:33,012 ChatBI->     INFO     sql查询命令中没有非结构化信息则不进行语义分析
2025-06-14 02:39:33,012 ChatBI->     INFO     没有找到<  >对应的视图
2025-06-14 02:39:36,938 ChatBI->     INFO     query: {query} 处理完毕
2025-06-14 02:41:47,872 ChatBI->     INFO     案例库查询
2025-06-14 02:41:47,912 ChatBI->     INFO     案例库查询结果: ["{'query': '清明节期间大家都在关注哪些事件', '目标列': ['内容描述'], '条件列': {'工单生成时间': '清明节期间'}}", "{'query': '2024年10月医院排队现象比较严重的医院有那些', '目标列': ['内容描述'], '条件列': {'内容描述': '医院排队现象严重', '工单生成时间': '2024年10月'}}", "{'query': '去年国庆期间医院排队相关的投诉事件有那些', '目标列': ['内容描述'], '条件列': {'内容描述': '医院排队', '工单生成时间': '去年国庆期间', '工单类型': '投诉举报类'}}"]
2025-06-14 02:41:48,749 ChatBI->     INFO     schema linking: {'target_columns': ['内容描述'], 'condition_columns': {'工单生成时间': '2024年国庆期间'}}
2025-06-14 02:41:50,121 ChatBI->     INFO     任务类型: 内容总结
2025-06-14 02:41:50,121 ChatBI->     INFO     过滤表达式： order_date like '%2024年国庆期间%' ; 查询问题： 
2025-06-14 02:41:50,122 ChatBI->     INFO     开始对非结构化文档【粗略】检索
2025-06-14 02:41:50,182 ChatBI->     INFO     检索到的文档总数量为：0
2025-06-14 02:41:50,183 ChatBI->     INFO     开始对非结构化文档【深度】检索
2025-06-14 02:41:50,184 ChatBI->     INFO     开始对非结构化文档进行聚合总结
2025-06-14 02:41:50,185 ChatBI->     INFO     websocket发送的数据为：{"response": []}
2025-06-14 02:41:52,032 ChatBI->     INFO     query: {query} 处理完毕
2025-06-14 02:51:26,098 ChatBI->     ERROR    Unexpected error occured:(<CloseCode.ABNORMAL_CLOSURE: 1006>, '')
Traceback (most recent call last):
  File "/data/yfzx/liucd/chatbi_deploy2/chatbi_DB2/apps/app_main_ws_router.py", line 65, in websocket_endpoint
    message = await websocket.receive_text()
              ^^^^^^^^^^^^^^^^^^^^^^^^^^^^^^
  File "/root/anaconda3/envs/chatbi/lib/python3.12/site-packages/starlette/websockets.py", line 119, in receive_text
    self._raise_on_disconnect(message)
  File "/root/anaconda3/envs/chatbi/lib/python3.12/site-packages/starlette/websockets.py", line 113, in _raise_on_disconnect
    raise WebSocketDisconnect(message["code"], message.get("reason"))
starlette.websockets.WebSocketDisconnect: (<CloseCode.ABNORMAL_CLOSURE: 1006>, '')
2025-06-14 02:51:26,105 ChatBI->     ERROR    Unexpected error occured:(<CloseCode.ABNORMAL_CLOSURE: 1006>, '')
Traceback (most recent call last):
  File "/data/yfzx/liucd/chatbi_deploy2/chatbi_DB2/apps/app_main_ws_router.py", line 65, in websocket_endpoint
    message = await websocket.receive_text()
              ^^^^^^^^^^^^^^^^^^^^^^^^^^^^^^
  File "/root/anaconda3/envs/chatbi/lib/python3.12/site-packages/starlette/websockets.py", line 119, in receive_text
    self._raise_on_disconnect(message)
  File "/root/anaconda3/envs/chatbi/lib/python3.12/site-packages/starlette/websockets.py", line 113, in _raise_on_disconnect
    raise WebSocketDisconnect(message["code"], message.get("reason"))
starlette.websockets.WebSocketDisconnect: (<CloseCode.ABNORMAL_CLOSURE: 1006>, '')
2025-06-14 02:51:26,105 ChatBI->     ERROR    Unexpected error occured:(<CloseCode.ABNORMAL_CLOSURE: 1006>, '')
Traceback (most recent call last):
  File "/data/yfzx/liucd/chatbi_deploy2/chatbi_DB2/apps/app_main_ws_router.py", line 65, in websocket_endpoint
    message = await websocket.receive_text()
              ^^^^^^^^^^^^^^^^^^^^^^^^^^^^^^
  File "/root/anaconda3/envs/chatbi/lib/python3.12/site-packages/starlette/websockets.py", line 119, in receive_text
    self._raise_on_disconnect(message)
  File "/root/anaconda3/envs/chatbi/lib/python3.12/site-packages/starlette/websockets.py", line 113, in _raise_on_disconnect
    raise WebSocketDisconnect(message["code"], message.get("reason"))
starlette.websockets.WebSocketDisconnect: (<CloseCode.ABNORMAL_CLOSURE: 1006>, '')
2025-06-14 02:51:26,106 ChatBI->     ERROR    Unexpected error occured:(<CloseCode.ABNORMAL_CLOSURE: 1006>, '')
Traceback (most recent call last):
  File "/data/yfzx/liucd/chatbi_deploy2/chatbi_DB2/apps/app_main_ws_router.py", line 65, in websocket_endpoint
    message = await websocket.receive_text()
              ^^^^^^^^^^^^^^^^^^^^^^^^^^^^^^
  File "/root/anaconda3/envs/chatbi/lib/python3.12/site-packages/starlette/websockets.py", line 119, in receive_text
    self._raise_on_disconnect(message)
  File "/root/anaconda3/envs/chatbi/lib/python3.12/site-packages/starlette/websockets.py", line 113, in _raise_on_disconnect
    raise WebSocketDisconnect(message["code"], message.get("reason"))
starlette.websockets.WebSocketDisconnect: (<CloseCode.ABNORMAL_CLOSURE: 1006>, '')
