2025-05-08 22:27:04,031 ChatBI->     INFO     query: 上海电信有多少工匠
2025-05-08 22:27:06,245 ChatBI->     INFO     schema linking: {'target_columns': ['姓名'], 'condition_columns': {'工作单位': '电信'}}
2025-05-08 22:27:07,718 ChatBI->     INFO     stad sql: SELECT COUNT(`姓名`) AS `工匠数量` FROM gjw WHERE `工作单位` LIKE '%电信%';
2025-05-08 22:29:23,046 ChatBI->     INFO     query: 电信有多少工匠
2025-05-08 22:29:24,265 ChatBI->     INFO     schema linking: {'target_columns': ['姓名'], 'condition_columns': {'所属行业': '电信'}}
2025-05-08 22:29:25,335 ChatBI->     INFO     stad sql: SELECT COUNT(`姓名`) AS `工匠数量` FROM gjw WHERE `所属行业` = '电信';
2025-05-08 22:30:00,253 ChatBI->     INFO     query: 船舶领域有哪几位工匠？
2025-05-08 22:30:01,102 ChatBI->     INFO     schema linking: {'target_columns': ['姓名'], 'condition_columns': {'工匠介绍（缩写）': '船舶'}}
2025-05-08 22:30:02,296 ChatBI->     INFO     stad sql: SELECT `姓名` FROM gjw WHERE `工匠介绍（缩写）` LIKE '%船舶%' LIMIT 10;
2025-05-08 22:31:28,234 ChatBI->     INFO     query: 浦东新区有多少工匠？
2025-05-08 22:31:29,090 ChatBI->     INFO     schema linking: {'target_columns': ['姓名'], 'condition_columns': {'区局': '浦东新区'}}
2025-05-08 22:31:30,303 ChatBI->     INFO     stad sql: SELECT COUNT(`姓名`) AS `工匠数量` FROM gjw WHERE `区局` = '浦东新区' LIMIT 10;
2025-05-08 22:31:50,590 ChatBI->     INFO     query: 有多少工匠是从事焊接工艺的？
2025-05-08 22:31:52,947 ChatBI->     INFO     schema linking: {'target_columns': ['姓名'], 'condition_columns': {'工匠介绍（缩写）': '焊接工艺'}}
2025-05-08 22:31:54,384 ChatBI->     INFO     stad sql: SELECT COUNT(`姓名`) AS `焊接工艺工匠数量` FROM gjw WHERE `工匠介绍（缩写）` LIKE '%焊接工艺%' LIMIT 10;
2025-05-08 22:35:51,429 ChatBI->     INFO     query: 有多少工匠是从事焊接工艺的？
2025-05-08 22:35:52,240 ChatBI->     INFO     schema linking: {'target_columns': ['姓名'], 'condition_columns': {'工匠介绍（缩写）': '焊接工艺'}}
2025-05-08 22:35:53,565 ChatBI->     INFO     stad sql: SELECT COUNT(`姓名`) AS `焊接工艺工匠数量` FROM gjw WHERE `工匠介绍（缩写）` LIKE '%焊接工艺%' LIMIT 10;
2025-05-08 22:35:56,964 ChatBI->     INFO     query: 船舶领域有哪几位工匠？
2025-05-08 22:35:57,894 ChatBI->     INFO     schema linking: {'target_columns': ['姓名'], 'condition_columns': {'工匠介绍（缩写）': '船舶'}}
2025-05-08 22:35:59,120 ChatBI->     INFO     stad sql: SELECT `姓名` FROM gjw WHERE `工匠介绍（缩写）` LIKE '%船舶%' LIMIT 10;
