2025-06-13 05:23:20,411 ChatBI->     INFO     获取的表元数据: 
    CREATE TABLE shanghai (
        `工单编号` BIGINT; 含义: 表示工单的唯一编号。; 用途: 用于唯一标识每个工单，便于查询和管理。; 示例值: 20240101000072; 备注: 无;
        `工号` BIGINT; 含义: 表示工单的生成编号。; 用途: 用于记录工单的生成顺序，便于排序和统计。; 示例值: 3830; 备注: 无;
        `工单生成时间` DATETIME; 含义: 表示工单的生成时间。; 用途: 用于记录工单的生成时间，便于时间维度的管理和分析。; 示例值: 2024-01-01 00:37:39; 备注: 无;
        `诉求地址` TEXT; 含义: 表示工单所涉及的具体地点的详细地址。; 用途: 提供工单发生地点的详细信息，便于定位和处理。; 示例值: "闵行区东川路555弄"; 备注: 无;
        `诉求区域` TEXT; 含义: 表示工单所涉及的具体地点所属的行政区。; 用途: 用于快速定位工单发生的区域，便于区域级别的管理和调度。; 枚举类型，值包括： "黄浦区", "徐汇区", "长宁区", "静安区",  "普陀区", "虹口区", "杨浦区", "闵行区", "宝山区", "嘉定区", "浦东新区", "金山区",  "松江区", "青浦区","奉贤区", "崇明区"; 备注: 无;
        `内容描述` TEXT; 含义: 对工单所涉及的具体问题的详细描述。; 用途: 提供完整的信息，帮助处理人员全面了解问题背景和具体情况。; 示例值: "市民来电反映:未成年游戏充值要求退费，心动网络有限公司旗"; 备注: 无;
        `工单类别` TEXT; 含义: 表示工单紧急程度的类别。; 用途: 用于对工单紧急程度分级，便于管理和迅速响应。; 枚举类型，包含: "一般", "次紧急", "紧急"; 备注: 无;
        `处理描述` TEXT; 含义: 对工单处理结果的描述。; 用途: 记录工单的处理情况，便于后续查询和分析。; 示例值: "市民反复催单，已电子催单工单编号：20231224019374，故归档。"; 备注: 无;
        `客户类型` TEXT; 含义: 表示工单客户的类型。; 用途: 用于区分不同类型的客户，便于管理和服务。; 枚举类型，包含 "个人", "企业"; 备注: 无;
        `一级分类` TEXT; 含义: 表示工单所属的最高级别的分类。; 用途: 用于快速定位和分类工单，便于管理和统计。;枚举类型，包括： "科教文卫类", "社会管理类", "公安政法类", "其他类", "建设交通类",  "公用事业类", "安全监管类", "经济综合类", "社会团体类"; 备注: 无;
        `二级分类` TEXT; 含义: 在一级分类之下，更具体的分类。; 用途: 进一步细化工单分类，提高管理精度。; 示例值: "文广影视"; 备注: 无;
        `三级分类` TEXT; 含义: 在二级分类之下，更加具体的分类。; 用途: 提供更详细的分类信息，方便具体问题的处理和跟踪。; 示例值: "文化产业管理"; 备注: 无;
        `四级分类` TEXT; 含义: 在三级分类之下，更加具体的分类。; 用途: 提供更详细的分类信息，方便具体问题的处理和跟踪。; 示例值: "游戏动漫"; 备注: 无;
        `主办单位` TEXT; 含义: 表示工单的主办单位。; 用途: 用于记录工单的主办单位，便于管理和协调。; 示例值: "市文化旅游局", "市公安局", "普陀区人民政府"; 备注: 无;
        `是否匿名` TEXT; 含义: 表示工单是否为匿名工单。; 用途: 用于区分匿名工单和非匿名工单，便于管理和保护隐私。; 示例值: "是"; 备注: 无;
        `服务类型` TEXT; 含义: 表示工单的服务类型。; 用途: 用于分类工单的服务类型，便于管理和统计。; 枚举类型，包括: "综合服务", "一网通办"; 备注: 无;
        `通话编号` TEXT; 含义: 表示工单的通话编号。; 用途: 用于记录工单的通话记录，便于查询和分析。; 示例值: "1704040581-2297011"; 备注: 无;
        `工单类型` TEXT; 含义: 表示工单的类型。; 用途: 用于分类工单的类型，便于管理和统计。; 枚举类型，包括: "求助类", "投诉举报类", "咨询类", "意见建议类", "其他类"; 备注: 无;
        `新一级分类` TEXT; 含义: 表示工单的新一级分类。; 用途: 用于记录工单的新分类信息，便于管理和统计。; 示例值: "None"; 备注: 无;
        `新二级分类` TEXT; 含义: 表示工单的新二级分类。; 用途: 用于记录工单的新分类信息，便于管理和统计。; 示例值: "None"; 备注: 无;
        `新三级分类` TEXT; 含义: 表示工单的新三级分类。; 用途: 用于记录工单的新分类信息，便于管理和统计。; 示例值: "None"; 备注: 无;
        `新四级分类` TEXT; 含义: 表示工单的新四级分类。; 用途: 用于记录工单的新分类信息，便于管理和统计。; 示例值: "None"; 备注: 无;
        `新五级分类` TEXT; 含义: 表示工单的新五级分类。; 用途: 用于记录工单的新分类信息，便于管理和统计。; 示例值: "None"; 备注: 无;
    )DEFAULT CHARSET=utf8mb4 ENGINE=InnoDB COLLATE utf8mb4_0900_ai_ci
    
2025-06-13 05:23:20,411 ChatBI->     INFO     获取的缩写列: []
2025-06-13 05:23:20,411 ChatBI->     INFO     获取的关联列: ['一级分类', '二级分类', '三级分类', '四级分类']
2025-06-13 05:23:20,411 ChatBI->     INFO     获取的列映射: {'工单编号': 'id', '工号': 'employee_id', '工单生成时间': 'order_date', '诉求地址': 'address', '诉求区域': 'region', '内容描述': 'content_description', '工单类别': 'order_category', '处理描述': 'resolution_description', '客户类型': 'customer_type', '一级分类': 'primary_classification', '二级分类': 'secondary_classification', '三级分类': 'tertiary_classification', '四级分类': 'quaternary_classification', '主办单位': 'responsible_department', '是否匿名': 'is_anonymous', '服务类型': 'service_type', '通话编号': 'call_id', '工单类型': 'order_type', '新一级分类': 'new_primary_classification', '新二级分类': 'new_secondary_classification', '新三级分类': 'new_tertiary_classification', '新四级分类': 'new_quaternary_classification', '新五级分类': 'new_period_classification'}
2025-06-13 05:23:21,805 ChatBI->     INFO     关联字段的枚举值:  {'一级分类': ['科教文卫类', '社会管理类', '公安政法类', '其他类', '建设交通类', '公用事业类', '安全监管类', '经济综合类', '社会团体类'], '二级分类': ['文广影视', '旅游', '公安（治安、交通）', '其他', '工商(消保)', '交通港口', '绿化市容', '邮政通信', '司法行政', '教育', '住房保障', '机关事务管理', '人力保障', '纪检监察', '城乡建设', '食品药品安全', '卫生计生', '发展改革', '公安（出入境）', '金融', '电力', '商务', '燃气', '城管执法', '残联', '环境保护', '税务', '土地规划', '民政', '水务', '“12345”热线', '供水', '电子政务', '信访', '法院系统', '安全生产管理', '退役军人', '农业', '部队', '公安（消防）', '总工会', '体育', '涉港澳台', '国资', '新闻出版', '质量技术监督', '知识产权', '经济信息化', '出入境边检', '民族宗教', '档案', '统计', '民防', '科技', '侨务', '外事', '气象', '团市委', '财政', '检察院系统', '国家安全', '审计', '妇联', '防震减灾', '中央直属', '机构编制', '长航公安', '口岸', '合作交流'], '三级分类': ['文化产业管理', '服务质量', '其他', '无效电话', '商业服务', '出租车', '市容市貌', '通信', '法律服务', '学校管理', '社会治安', '物业服务管理', '机关事务管理', '纠纷仲裁', '邮政服务', '交通管理', '劳动保护', '医疗医保', '政风行风', '工程管理', '安全管理', '卫生信息', '违法建筑', '改革规划', '护照办理', '环境卫生', '金融', '社会保险', '道路管理', '社保信息', '故障报修', '城市管理', '广播影视', '公交巴士', '商务', '价格调控', '市场交易管理', '社会噪声', '物业相关执法', '医疗服务', '工商监管', '医院监管', '燃气计费', '驾驶培训', '犬类管理', '户籍管理', '停车管理', '残联', '工伤', '污染', '税收政策', '非城市建设用地管理', '婚姻管理', '排水排污管理', '房屋权属', '汽车维修', '供水报修', '一网通办', '禁烟控烟', '培训市场', '事项办理', '养老保障', '地铁客运', '违法经营', '劳动人事制度', '社区家政', '12345热线', '入学入托', '就业创业', '保障型住房', '征收管理', '法院信息', '批评承办部门', '职业健康', '燃气服务', '货物运输', '签证签注', '招生考试', '公证服务', '供水计费', '自来水水质', '航空客运', '投诉批评', '拥军优抚', '人口计生', '表扬感谢', '表扬承办部门', '安全生产', '消防管理', '公共交通用卡管理', '税收管理', '疾控防疫', '咨询信访渠道', '法院受理', '体育管理', '车牌拍卖', '绿地绿化', '工商信息', '意见建议', '旧房改造', '其他社团', '刊物市场监管', '夜间施工许可', '消防设备维护', '生活保障', '特种行业管理', '复查复核', '特种设备监察', '知识产权', '铁路客运', '申诉举报', '动植园林', '法人一证通', '旅游信息', '总工会', '津贴补助', '电力服务', '用电计费', '国资', '人员边检', '动植物防疫', '燃气报修', '河道流域管理', '纪检监查', '违规用水', '行政管理', '道路维护', '殡葬事业', '寺庙管理', '特定医疗机构', '审批许可', '个人档案', '科技管理', '移交安置', '外事工作', '供水服务', '气象预报', '汽车客运', '质量认证', '慈善福利', '经济信息化', '燃气行业监管', '社会组织', '出境咨询', '禽类饲养', '司法直属', '港船客运', '计量器具检测', '旅游纠纷', '团市委', '检察院受理', '学生负担', '违规用电', '广告审批', '查询办理进度', '城市建设用地管理', '财政工作', '烈士褒扬', '农民负担', '国有档案', '村队管理', '文化遗产保护', '水资源管理', '农业生产', '自主择业就业', '统计工作', '国家安全', '新闻报道', '住房病虫害', '部队', '民防工程', '妇联', '建设管理', '地震震情', '生产许可证管理', '网站信箱', '科技开发', '救灾赈灾', '审计工作', '宗教信仰', '机构类', '防灾抗灾', '安保工作', '土地资源管理', '气象预警', '限电管理', '合作交流', '组织机构代码证'], '四级分类': ['游戏动漫', '酒店质量', '其他', '无明确诉求', '网上购物', '服务规范', '广告牌景观灯', '通信线路', '无效来电', '法律援助', '校园设施', '居住证', '纠纷协调', '机关事务信息', '劳动争议', '快递服务', '限流限行', '用工规范', '医保报销', '不作为', '建筑工程欠薪', '医保政策咨询', '教师素质', '各类服务卡券', '食品安全', '外省市受理', '医院医疗信息', '违法建筑', '新能源汽车', '护照办理', '倾倒渣土', '银行监管', '工伤保险', '施工规范', 'ETC使用', '社保卡', '规模停电', '无证设摊', '网络视听', '线路咨询', '汽车销售', '物业管理收费', '住房公积金', '售后服务', '装修噪音', '损坏侵占公用设施', '治安维护', '用药规范', '立案侦查', '业务办理', '审验登记', '医疗纠纷', '排队挂号', '用量偏高', '教练服务、培训规范', '养犬登记', '交通设施', '外省市迁入', '故障报修', '物业安保', '物品遗失', '社区卫生服务', '物业维修添置', '物业管理不善', '公共停车场', '残疾鉴定', '工伤认定', '结构改建', '排堵保畅', '噪音污染', '绿化维护', '服务态度', '残疾补助', '独户停电', '交通违章', '房产交易税', '经济纠纷', '耕地管理', '离婚办理', '失业保险', '医疗保险', '市政道路积水', '宅基地', '结婚登记', '合同监管', '油烟扰民', '业委会', '律师服务', '驾驶员审验', '高速收费', '4s店服务', '身份证管理', '停水水小', '旅行社服务', '网站使用', '乱收停车费', '群租现象', '过户上牌', '服务质量', '禁烟控烟', '空气污染', '广告监督', '市场监管', '共享单车', '其他业务', '办理结果不满', '环境垃圾', '养老保险', '广告张贴', '房屋产权', '路状路况', '危房', '老年津贴', '地铁建设', '不正当经营', '城管执法', '退休离休', '社区服务网点', '信息咨询', '垃圾清理', '入学政策', '人才引进', '拖欠工资', '道路养护', '经济补偿', '公安信息查询', '租赁管理', '经适房', '车辆年检', '卫生配套设施', '合同纠纷', '公租房', '经营性停车场', '拆迁安置', '幼托管理', '路灯供电', '法院地址电话', '诉求未解决', '金融资讯', '职业健康', '景点服务质量', '合同履行', '燃气施工', '账户信息', '文化活动', '居住证办理', '集装箱运输', '签证签注', '户籍政策咨询', '中考', '居改非', '工时假期', '工程质量', '办理转学', '继承权公证', '水费量高', '水中杂质', '飞机票务', '线路设置', '遗嘱抚恤和优待', '司法鉴定', '商品质量', '机关事务工作', '优生优育', '医保定点', '房产信息变更', '保险监管', '账单抄表', '非法客运', '搬场公司', '道路建设', '无照经营', '个人所得税', '烟草酒类', '道路安全', '水管维修', '表扬感谢', '应急救援', '市内户口迁移', '烟花爆竹管理', '排水工程', '交通卡', '偷税漏税', '求医问药', '教育质量', '工资奖金', '咨询信访渠道', '家电维修', '问题解决', '诉讼立案', '办事效率', '假冒伪劣', '土地征收', '经济案件', '市政工程', '教育改革', '生育保险', '群众锻炼', '证券监管', '职业培训', '车牌拍卖', '占绿毁绿', '维权咨询', '网络安全', '其他税种', '商品销售信息', '企业征税', '道路扬尘', '办事流程', '交通事故', '职称评定', '学籍管理', '消防隐患', '其他疫苗', '平台系统', '房屋老化', '资质认证', '红十字会', '赛事管理', '廉租房', '黑车', '图书刊物出版', '慢作为', '夜间施工的现象', '业务熟练', '消防栓', '无证犬类', '房屋结构破坏', '社区帮困补助', '不明归属井盖', '行政许可', '跨门经营', '家政服务', '动迁政策', '商标包装管理', '其他公证', '催办', '独生子女补贴', '问题推脱', '交通法规', '移植修剪', '食品安全流通', '办事推诿', '僵尸车', '劳务派遣', '线路时间', '扶贫帮困', '职业技能考试', '安全监察', '东方有线', '再生育政策', '消防宣传', '侵权行为', '铁路票务', '光污染', '结论不满', '高考', '申诉举报', '流浪犬收治', '其他报修', '公园设施', '普法宣传', '法人一证通', '许可审批', '外地户口入学', '影视节目', '邮件邮递', '便民信息', '景点投诉', '场地设施', '人员管理', '维修基金', '职业资质许可', '工会工作', '就业补贴', '信息查询', '职工权益', '电费争议', '国企管理', '过境手续', '疫情防疫', '法院判决', '丧葬补助金', '燃气泄漏', '住院病床', '外置扩音装置', '私装地锁', '就业信息', '水上漂浮物', '安全生产监督', '徇私枉法', '文化场所信息', '孤寡空巢老人关怀', '农村建设用地管理', '私移水表', '管道维修', '便民服务', '人员资质', '最低生活保障', '设备添置', '其他补助', '殡葬服务', '绿化护栏', '居家养老', '道路救援', '缴费信息', '市场物价', '受理网点', '护工护理', '机构养老', '国有资产流失', '流浪人员管理', '残联工作', '助残信息', '流程指引', '报刊印刷发行', '医疗设备', '垃圾分类', '保健品管理', '采血机构', '审批许可', '景点资讯', '养老金调整', '老年卡', '公房管理', '灭火器', '菜场经营', '通信基站', '个人档案', '无障碍工程', '死亡登记', '商贸信息', '乱作为', '法院通知', '高新技术扶持', '退役士兵', '动物保护机构', '违规拆迁', '医保药品目录', '土地使用权', '领事馆', '房屋转让', '承办推诿', '商品维修网点', '消防通道', '阶梯电价', '河道养护', '排污许可证', '黄赌毒', '天气预报', '活禽交易', '劳动能力鉴定', '危险品管理', '无犯罪证明', '废气污染', '水表维修', '寺庙用品', '燃气火小', '失职渎职', '评残疾伤残抚恤', '违规运营', '消防安全咨询', '河道疏通', '药品安全', '水污染', '车次信息', '超市卖场', '申请专利', '质量认证', '工龄核算', '电线高压线', '慈善募捐', '循环再利用', '司法拆迁', '孤儿收养', '燃气行业', '医疗器械管理', '隧桥管理', '作风问题', '票务', '出境咨询', '电表维修', '无证夜间施工', '服务流程', '劳务中介', '人民调解', '旅行社信息', '变电设施', '社工管理', '其他许可', '电视购物', '特定污染物处治', '无答复意见', '退休证', '农村地区家禽饲养', '律师协会', '城区家禽饲养', '浦江轮渡', '流浪救助', '野生动植物', '计量器具检测', '旅游合同纠纷', '体检中心', '团委工作', '城市信息化', '检察院信息', '超时补课', '航空运输', '私排电线', '贪污贿赂', '广告审批', '离退休干部', '商业楼宇', '查询办理进度', '测绘管理', '广播', '水表失窃', '军转干部', '诉讼时限', '财会考证', '虚开发票', '烈士评定', '刑事案件', '邮政发行', '医疗服务', '收费标准', '业务范畴', '农业补贴', '隔离管控', '政府机构', '航班延误', '公务员管理', '土地承包', '成人教育', '刊社信息', '节能减排', '规划设计', '监狱管理', '颜色异变', '电视线路', '餐饮服务', '转业干部', '非物质文化遗产', '秩序维护', '临终关怀', '文物保护管理', '无证养鸽', '桥梁通行', '河道水质', '强制消费', '畜牧养殖', '士兵', '滥砍滥捕', '非法行医', '收费问题', '平改坡', '体育彩票', '环评公示', '培训补贴', '平均工资', '最低工资', '兽医药管理', '档案管理', '创业扶持', '国家机密', '新闻内容', '证照查验', '燃气配件', '省际轮渡', '福利企业扶持', '因公出国审批', '安全检查', '新冠疫苗', '工作调动', '档案公开', '研究生考试', '水务工程建设', '管理规范', '青少年保护', '二次收费', '生态保护', '社区就业援助', '墓园管理', '化妆品管理', '增添绿化', '白蚁', '鼠患', '管道改建', '能源发展', '娱乐场所管理', '旅游交通', '文化社团', '烈士纪念设施', '信鸽', '营业税改增值税', '核酸检测', '违法传销', '作业负担', '涉军问题', '地下室管理', '妇联工作', '无军籍职工', '公益彩票', '气象服务信息', '避孕节育', '窃电举报', '固废危废', '超生处罚', '科技改革', '妇婴保健', '企业解困', '建筑间距及日照', '地震震情', '高温津贴', '集体资产管理', '青少年锻炼', '农业水利', '电磁辐射污染', '单身证明', '生产许可证管理', '假发票', '国内安全事务', '马蜂窝', '网站信箱使用', '河上搭建', '三无居家船只', '发明建议', '市场供应', '参战参试人员优待', '故障牵引', '工作态度', '违规收费', '年检', '征地补偿', '古树名木', '社会捐献', '土地建设与保护', '反动', '历史建筑', '抵押拍卖', '妇女权益维护', '防疫补贴', '化工污染', '费用减免', '防汛抗灾', '网点查询', '资产评估', '安全生产宣传', '夜间施工证的审批', '吸劳养老', '特殊工种', '自来水异味', '导游服务', '违规鸣笛', '分时用电', '筑材光污染', '公共支付', '记者证管理', '审计工作', '情报搜集', '企业改革', '农产品安全', '防治检疫', '抵押贷款公证', '队伍建设', '上海旅游节', '宗教信仰', '婚前检查', '公交专用道', '转运消杀', '抗台防汛', '自主研发', '医药卫生知识', '公共事业', '码色申诉', '矫正办', '火灾报警系统', '日常管理', '记录查询', '黑网吧', '收养审批', '许可证管理', '火灾报警', '电子出版物', '易燃易爆物', '婚姻财产公证', '财政票据', '擅自设立机构', '审查批捕', '福利设施', '国有企业', '公务车', '投资决策', '防疫物资', '地面沉降', '资质证书', '转基因产品（有机食品）', '民防警报', '审读出版物', '新闻形式', '妇女健康', '农副业生产', '台风沙尘', '抗灾演习', '民间慈善', '私接自来水管', '工程规划', '进博会', '外宾来访', '经济状况审核', '事业单位共享费', '节能用电', '暴雨暴雪', '合作交流', '组织机构代码证', '矿产管理']}
2025-06-13 05:23:21,806 ChatBI->     INFO     缩写字段的枚举值： []
2025-06-13 05:24:55,286 ChatBI->     INFO     案例库查询
2025-06-13 05:24:55,323 ChatBI->     INFO     案例库查询结果: ["{'query': '近半年台风造成的事件有多少起', '目标列': ['内容描述'], '条件列': {'内容描述': '台风', '工单生成时间': '近半年'}}", "{'query': '去年台风造成的道路积水影响市民出现的事件分别涉及哪些地方', '目标列': ['诉求地址'], '条件列': {'内容描述': '台风造成的道路积水影响市民出现', '工单类型': '投诉举报类', '工单生成时间': '去年'}}", "{'query': '台风相关的工单主要诉求有哪些事件', '目标列': ['内容描述'], '条件列': {'内容描述': '台风相关'}}"]
2025-06-13 05:24:55,955 ChatBI->     INFO     schema linking: {'target_columns': ['内容描述'], 'condition_columns': {'内容描述': '台风造成的影响'}}
2025-06-13 05:24:57,000 ChatBI->     INFO     任务类型: 内容总结
2025-06-13 05:24:57,281 ChatBI->     INFO     过滤表达式： ; 查询问题： 台风造成的影响
2025-06-13 05:24:57,282 ChatBI->     INFO     开始对非结构化文档【粗略】检索
2025-06-13 05:24:57,888 ChatBI->     INFO     检索到的文档总数量为：5000
2025-06-13 05:24:58,195 ChatBI->     INFO     开始对非结构化文档【深度】检索
2025-06-13 05:24:58,383 ChatBI->     INFO     step_scores: ['yes', 'yes', 'yes', 'yes', 'yes', 'yes', 'yes', 'yes', 'yes', 'yes']
2025-06-13 05:24:58,383 ChatBI->     INFO     层级抽取文档： 【台风】市民来电反映:2024年9月20号上午，受到台风的影响导致其房屋渗水严重，无法正常生活，且物业也无人理会 ==> yes  
2025-06-13 05:24:58,383 ChatBI->     INFO     层级抽取文档： 市民反映：由于台风上述地址路边围墙，大树倒塌占道，影响车辆和行人通行（详见附件）。诉求：请管理部门尽快清理道路。 ==> yes  
2025-06-13 05:24:58,383 ChatBI->     INFO     层级抽取文档： 市民来电反映:上述地址电线被台风刮风断了，至今没有修复，严重影响生活使用。诉求：请管理部门核实尽快修复。（需回复） ==> yes  
2025-06-13 05:24:58,384 ChatBI->     INFO     层级抽取文档： 市民来电反映:上述地址因9月台风导致顶楼砖瓦破损，其家中墙内都是水，影响其正常使用家电。多次报喜管理部门却称工单没下来无法修。诉求：请管理部门维修。 ==> yes  
2025-06-13 05:24:58,384 ChatBI->     INFO     层级抽取文档： 【台风】市民来电咨询:其为上述地址村民，之前台风将房屋瓦片吹走，后续要重新铺设，想了解进行施工是否需要向当地报备，诉求：请管理部门告知 ==> yes  
2025-06-13 05:24:58,384 ChatBI->     INFO     层级抽取文档： 【台风】市民来电反映:上述地址小区内积水严重，污水粪便都已经反流到1楼的楼道中了，物业电话打不通，严重影响居民正常生活。诉求：请管理部门核实尽快彻底疏通修复。（需回复） ==> yes  
2025-06-13 05:24:58,384 ChatBI->     INFO     层级抽取文档： 【台风】市民来电反映:之前台风的时候家里客厅房梁，阳台外墙漏水严重，找物业，物业一直拖拉不处理。诉求：希望管理部门核实尽快为其维修。 ==> yes  
2025-06-13 05:24:58,384 ChatBI->     INFO     层级抽取文档： 【台风】市民来电反映:市民表示9月20日下了一天的大雨，上述地址的水闸没有防水，就只在9月20日18:00多放了一会儿水又不放了，全到田里面了。诉求：请管理部门尽快核实处理，是要求尽快开闸防水。 ==> yes  
2025-06-13 05:24:58,384 ChatBI->     INFO     层级抽取文档： 市民来电反映: 上述地址村里道路因为台风把一个很重的篮球架吹到路中间去了。希望能派人协助帮忙把篮球架移走。 ==> yes  
2025-06-13 05:24:58,384 ChatBI->     INFO     层级抽取文档： 市民来电反映:9月20日在嘉定区举行自行车比赛，小路均被封，只有一个路口可以通行，没有提前公告，遇上台风天下大雨，通勤严重受阻，市民堵车两个小时还未出嘉定，上绕城高速的路都封了，严重影响正常交通，市民认为不合理。诉求：投诉管理部门封路不合理，督促尽快整改。（市民要求信息保密 无需回复） ==> yes  
2025-06-13 05:24:58,598 ChatBI->     INFO     step_scores: ['no', 'yes', 'no', 'yes', 'yes', 'yes', 'no', 'no', 'yes', 'yes']
2025-06-13 05:24:58,598 ChatBI->     INFO     层级抽取文档： 【台风】市民来电反映:上述地址北面马路边上有一棵树，树干裂开倾斜马上就要倒了，市民表示如果倒下来会压到电线非常危险，诉求：希望管理部门尽快处理（需要回复） ==> no  
2025-06-13 05:24:58,598 ChatBI->     INFO     层级抽取文档： 市民来电反映:市民来电反复催单。催单原因：市民称管理部门至今未给予任何回复，请管理部门尽快处理。【最近派发的工单编号：20240917010871，工单内容：市民来电反映:受9月16日台风影响，上述地址花园以及花园外的小路上有很多断枝树叶，并且有一根很大的断枝横在路中间，影响小区居民的出行。市民告知该处养护单位分两家。诉求：请管理部门核实并尽快安排人员清理。（市民要求信息保密，无需回复）】 ==> yes  
2025-06-13 05:24:58,599 ChatBI->     INFO     层级抽取文档： 市民留言封路影响通行。 ==> no  
2025-06-13 05:24:58,599 ChatBI->     INFO     层级抽取文档： 市民来电反映:上述地址在新如村里面下盐路附近有一个高压线变电站，台风过后变电站就开始施工了。施工队没有早上6点左右就开始施工，贝碧佳台风期间将变电站的隔音板吹走了，最近施工队施工时候噪音扰民。诉求：望电力部门将隔音板防护做好再施工。（市民要求信息保密 需回复） ==> yes  
2025-06-13 05:24:58,599 ChatBI->     INFO     层级抽取文档： 市民来电反映:11月1日家里的房顶被台风刮走了，诉求：需要尽快派人来维修房顶 ==> yes  
2025-06-13 05:24:58,599 ChatBI->     INFO     层级抽取文档： 【台风】市民来电反映:其是上述地址的居民，于9月16日，其楼顶之前改造的平改坡屋顶被吹掉了，导致市民家产生漏水的情况，其联系物业报修没有前来处理，于9月20日台风下大雨，市民再次联系物业，物业表示不上门没法修，市民不认可，表示知晓屋顶一时间修不好，但其需要临时的措施处理其房屋漏水情况，其也联系过居委没有效果，诉求：请管理部门尽快提供方式处理其漏水情况。 ==> yes  
2025-06-13 05:24:58,599 ChatBI->     INFO     层级抽取文档： 市民来电反映:上述地址存在大量的违章停车，严重影响通行。 ==> no  
2025-06-13 05:24:58,599 ChatBI->     INFO     层级抽取文档： 市民来电反映:上述小区机动车停放在小区绿化带旁边，影响其他车辆正常通行，并且影响消防通道，向物业多次反映没有解决。诉求：希望管理部门督促物业加强执行，解决问题。（需回复） ==> no  
2025-06-13 05:24:58,599 ChatBI->     INFO     层级抽取文档： 市民反映：自从2022年美丽家园工程后，楼顶天花持续漏水（详见附件）。工程队来维修过多次，只是从楼板下向上打了防水材料，并没有将楼顶防水层渗水的问题彻底解决。这次台风过后问题变得更严重了，家里客厅曾经维修过的地方也开始漏水，导致屋里漏电跳闸，天花浸湿，严重影响正常生活。物业经理描述说没有制约工程队的方法，不清楚市政府和美丽家园工程队的对接方。诉求：请管理部门彻底解决渗水问题。 ==> yes  
2025-06-13 05:24:58,599 ChatBI->     INFO     层级抽取文档： 市民来电反映:上述地址的树被台风吹倒在屋顶上，之前工作人员只修剪了一小部分，诉求：要求将倒在屋顶上的部分砍掉，并修理杂草。 ==> yes  
2025-06-13 05:24:58,789 ChatBI->     INFO     step_scores: ['no', 'no', 'yes', 'yes', 'yes', 'yes', 'no', 'no', 'yes', 'no']
2025-06-13 05:24:58,789 ChatBI->     INFO     层级抽取文档： 【台风】市民来电反映:上述地址卧室屋顶漏水，联系物业表示是楼上问题无法修理，诉求：要求解决漏水问题 ==> no  
2025-06-13 05:24:58,789 ChatBI->     INFO     层级抽取文档： 市民来电咨询:居住签注过时间是否会有影响。 ==> no  
2025-06-13 05:24:58,789 ChatBI->     INFO     层级抽取文档： 市民来电反映:小区内250号楼门口有一颗树，因为台风原因树木断了，倒在绿化带内，要清理。 ==> yes  
2025-06-13 05:24:58,789 ChatBI->     INFO     层级抽取文档： 市民来电反映:上述地址步行道上之前因为台风有几棵树倒塌，诉求：要求管理部门清理倒塌树木 ==> yes  
2025-06-13 05:24:58,789 ChatBI->     INFO     层级抽取文档： 市民来电反映:上述地址前段时间台风导致树木倒塌，并未进行清理。诉求：希望管理部门核实，并针对该处树木倾倒问题进行清理 ==> yes  
2025-06-13 05:24:58,789 ChatBI->     INFO     层级抽取文档： 【台风】市民来电反映:雨天家里漏水严重，物业经理上门查看，表示没办法解决。诉求：希望管理部门尽快维修。 ==> yes  
2025-06-13 05:24:58,790 ChatBI->     INFO     层级抽取文档： 市民来电咨询:社保卡的金融功能被暂停了，对社保卡使用有什么影响。 ==> no  
2025-06-13 05:24:58,790 ChatBI->     INFO     层级抽取文档： 市民来电咨询:其表示有奉贤的房屋出租，租客的孩子需要就读幼儿园，会否影响其孩子以后在此处的学籍，对于将来自己孩子就读幼儿园小学初中是否会有影响。诉求：希望管理部门核实，告知相关政策。 ==> no  
2025-06-13 05:24:58,790 ChatBI->     INFO     层级抽取文档： 市民来电反映:其是上述地址的居民，其小区的物业因为台风天，在楼栋外搭建了防护网，其家里有一扇窗户，正好对着该防护网。市民表示，搭建了防护网后，任何人可以随意从该防护网处爬到其家里，存在安全隐患。向物业反映问题，物业也不处理。诉求：请管理部门尽快拆除该防护网。 ==> yes  
2025-06-13 05:24:58,790 ChatBI->     INFO     层级抽取文档： 市民来电咨询:公司目前社保欠缴，对居住证签注有没影响 ==> no  
2025-06-13 05:24:58,993 ChatBI->     INFO     step_scores: ['yes', 'no', 'yes', 'yes', 'yes', 'no', 'no', 'yes', 'yes', 'no']
2025-06-13 05:24:58,993 ChatBI->     INFO     层级抽取文档： 市民来电咨询:前段时间台风，防汛办没有通知奉贤区做撤出，让其车辆进水，诉求：要求派单问有没有相关的补助。 ==> yes  
2025-06-13 05:24:58,994 ChatBI->     INFO     层级抽取文档： 市民来电反映:其是船上的船民，其在此处避风，因为天气的问题，有7-8级大风， 无法出船，但此处不让其靠船避风，必须要让其过船闸，此处是政府相关部门管辖的，诉求：望管理部门协调处理，让其这边的船能够在此处避一下风。（需回复）事发时间是2024年3月12日12:58左右，其表示已经是第二次驱赶其了。市民表示是交通委管管辖的。 ==> no  
2025-06-13 05:24:58,994 ChatBI->     INFO     层级抽取文档： 市民来电反复催单。催单原因：市民称管理部门至今未给予任何回复，请管理部门尽快处理。【最近派发的工单编号：20241030016465，工单内容：市民来电反映:上述房屋是2022年12月交房的，还在保修期内，2024年9月贝贝佳台风时，屋顶的瓦片被台风掀起来掉下去，砸到其车辆，导致其车辆受损，市民表示周围的老小区都没有发生上述情况，其是新小区两年不到，为什么会这样，这不是房子质量问题吗。诉求：投诉开发商和物业，要求给到市民车辆的损失费用。（需回复）】 ==> yes  
2025-06-13 05:24:58,994 ChatBI->     INFO     层级抽取文档： 市民来电反映:其是上述地址居民。因台风，2024年8月开始其房屋北侧墙体逢下雨天发生渗水。其有联系物业，对方派人查看，后至今未采取措施处理。市民诉求：请管理部门核实后督促物业尽快采取措施进行维修。 ==> yes  
2025-06-13 05:24:58,994 ChatBI->     INFO     层级抽取文档： 市民来电反映:银城中路东昌路路口，绿化中一棵树，被台风挂断的树枝一直挂在线上；银城中路东昌路-东昌路渡口的绿化带内很多垃圾，树长得很矮，没人修剪，诉求：希望管理部门协调尽快解决。（需回复） ==> yes  
2025-06-13 05:24:58,994 ChatBI->     INFO     层级抽取文档： 市民来电咨询:因单位原因医保应缴欠缴，是否影响员工使用医保 ==> no  
2025-06-13 05:24:58,994 ChatBI->     INFO     层级抽取文档： 市民补充信息：近期发现小区在建商品房的新风的进出风口设计非常不合理，这一设计问题将直接影响业主的居住舒适度，并可能对健康造成不利影响。根据新风安装规范规定，新风的进出风口应放在室外，这样才能保证新风系统的高效、正常使用，保证室内空气可以被充分排出。然而现在御桥博翠的新风出风口是设计在室内阳台梁上的，没有直接通向室外，这一设计非常不合理。要求对不合理的新风出风口设计进行修改，将出风口位置调整到合适的室外位置，以确保新风系统的正常运行；对此次事件给予书面答复，并在规定时间内完成整改工作。【最近派发的工单编号：20240825019976，工单内容：上海海东房地产开发有限公司，浦东新区沪南公路... ==> no  
2025-06-13 05:24:58,994 ChatBI->     INFO     层级抽取文档： 市民来电反映:上述地址浦东新区周浦镇瓦南村613号，房屋外有一电线杆，所属公司不详。于9月16日因台风电线被刮断，存在安全隐患。诉求：望管理部门核实，尽快安排抢修。（需回复） ==> yes  
2025-06-13 05:24:58,994 ChatBI->     INFO     层级抽取文档： 【正在违章，农村】市民来电反映:该处地址有违章搭建棚，台风吹掉了，现在重新搭建棚，材料：铁皮，诉求：要求核实违章是否算存量。（市民要求信息保密 需回复） ==> yes  
2025-06-13 05:24:58,994 ChatBI->     INFO     层级抽取文档： 【重新交办，要求：按答复市民要点告知市民，市民表示答复市民要点与实际情况明显不符，市民表示该小区物业表示要城管局同意才能修树，他们不修树的。诉求：希望相关部门能尽快对树木进行修剪。最近办结的工单编号：20240127017669,工单内容：市民来电反映:市民是松江区九亭镇涞亭南路888弄335号302室的居民，小区内正在进行修剪树木工程，原计划是要对3米以上的树木都要修剪，因有人举报写信造成工程停下来了，但市民作为受影响的居民，是支持修剪树木的，此前还发生过风吹树木敲打屋顶影响到居民生活等情况，希望尽快对于超过3米以上的树枝做出复工处理，减少影响居民生活。】 ==> no  
2025-06-13 05:24:59,183 ChatBI->     INFO     step_scores: ['no', 'no', 'yes', 'no', 'no', 'no', 'yes', 'no', 'no', 'no']
2025-06-13 05:24:59,183 ChatBI->     INFO     层级抽取文档： 市民来电反映:上述幼儿园室外音响音量过大，导致周边市民的生活受到影响，该幼儿园每天07:30开始放音乐，最近一个礼拜因下雨没有室外活动，但是音响仍然在播放。诉求：请降低音量。（市民需要信息保密，无需回复） ==> no  
2025-06-13 05:24:59,183 ChatBI->     INFO     层级抽取文档： 市民来电咨询:其想要按照人才引进落户，但是有一个非婚生的小孩，咨询是否有影响。 ==> no  
2025-06-13 05:24:59,183 ChatBI->     INFO     层级抽取文档： 市民来电反映:上述地址住宅楼在销售时没有任何的光伏板的设计，不知道谁于2024年是在上述住宅楼屋顶搭建了光伏板，在9月16日台风时光伏板还被吹跑了，市民不认可，古来带你。现诉求:望管理部门查实，协调拆除该违规安装的光伏板 ==> yes  
2025-06-13 05:24:59,183 ChatBI->     INFO     层级抽取文档： 市民来电咨询:企业，停职停薪，保留岗位，后续不去公司，是否有什么影响。 ==> no  
2025-06-13 05:24:59,183 ChatBI->     INFO     层级抽取文档： 市民来电咨询:其是退伍应届生想落户，但其企业4月就要为市民缴纳社保了，按照往年规定6月才会出政策能够申报，其担心4月缴纳社保有影响，希望管理部门告知是否会有影响。 ==> no  
2025-06-13 05:24:59,183 ChatBI->     INFO     层级抽取文档： 市民来电反映：上述地址有个厨房风机对着一墙之隔的地杰国际城小区，每天5:30开始使用，但是该风机坏了，噪音扰民，诉求：请管理部门核实后对其风机噪音扰民整治。（市民要求信息保密，需回复） ==> no  
2025-06-13 05:24:59,184 ChatBI->     INFO     层级抽取文档： 市民来电反映:其上述地址万科红郡小区一期与二期间朱新路上马路两边的树木枝叶繁茂，台风期满地都是树枝甚至会砸到树下的机动车，向物业反馈要求修剪万科红郡小区一期与二期间朱新路上树木，但是物业没有处理。诉求：望管理部门核实尽快修剪万科红郡小区一期与二期间朱新路上树木枝叶。 ==> yes  
2025-06-13 05:24:59,184 ChatBI->     INFO     层级抽取文档： 市民来电反映:上述地址整幢楼停水，对市民生活带来影响。诉求：要求管理部门尽快上门处理。 ==> no  
2025-06-13 05:24:59,184 ChatBI->     INFO     层级抽取文档： 市民来电反映:上述地址非机动车上停满了非机动车，影响通行，已经很多年了。诉求：要求有关部门处理。 需要回复 ==> no  
2025-06-13 05:24:59,184 ChatBI->     INFO     层级抽取文档： 市民来电反映:其是上述小区居民，每次下大雨该小区都有积水情况，8月18日下雨又产生积水，严重影响小区居民生活。市民诉求：希望管理部门对于小区内积水问题进行处理。 ==> no  
2025-06-13 05:24:59,184 ChatBI->     INFO     阈值索引为：852, 窗口大小为: 100 
2025-06-13 05:24:59,184 ChatBI->     INFO     确定的文档: 753; 在次确认的文档: 199
2025-06-13 05:25:01,304 ChatBI->     INFO     从199个需再次确认的文档中筛选出的相关文档数量：57
2025-06-13 05:25:01,304 ChatBI->     INFO     示例文档：['市民来电补充信息。市民补充信息内容为市民表示9月23日报警三次，警察走了之后该户又在继续施工，现在墙体从外面看上去已经变形了。希望管理部门可以尽快处理要求他们停工。【最近派发的工单编号：20240920029569，工单内容：市民来电反映:上述房屋是六十年代老旧小区，280号是五层楼，304室野蛮施工，楼下多处漏水，墙壁只是有3公分，城管让物业联系三所联动，物业没有联系，墙体也没有恢复，物业图纸缺失，城管要求申请鉴定，但不让对方停工，按程序让对方停工先做监定，现在不让对方十几个小时加班施工，这次9月16日台风，同楼每家都漏水。物业根本来不及维修。9月20日台风天又漏水。诉求：要求住建委阻...', '市民来电咨询: 遇有台风等异常天气，轮渡取消，是否有过江桥隧允许非机动车通行。', '【重新交办，要求：答复要点与实际情况不符，市民表示物业至今未与其联系，也没来维修，诉求：不变。最近办结的工单编号：20241007006092，工单内容：市民来电反映:上述地址由于台风漏水，从9月16日反映至今一个月了漏水问题始终未解决，市民认为管理部门工作效率太低了，目前下小雨渗漏严重，屋内和楼梯间处都是水。诉求：尽快修缮，要求上级部门回电（需要回复）】', '【重新交办,要求：按答复要点告知市民,市民表示答复要点不明确，市民表示至今还未来修缮，诉求：请管理部门告知准确的计划维修时间。最近办结的工单编号:20241121009275，工单内容:市民来电反映:其是上述地址住户，从今年第一个台风（9月份）开始，一下雨客厅、卧室的屋顶就漏水，其爬上屋顶查看过，发现屋顶有瓦片掉了，南面外墙还有裂缝，向物业反映，物业称报给居委，居委和应急中心互相推脱，至今未解决，诉求：要求尽快解决房屋漏水问题。（需要回复） 】', '市民来电反映:上述居民楼是2梯4户的，1楼的4户是同一个业主，房间都被打通，怀疑破坏了承重墙，最近台风有大理石砖块掉落，市民担心有安全隐患。诉求：请核实整改。（市民要求信息保密，需回复）']
2025-06-13 05:25:01,306 ChatBI->     INFO     开始对非结构化文档进行聚合总结
2025-06-13 05:25:08,461 ChatBI->     INFO     query: {query} 处理完毕
2025-06-13 05:30:32,408 ChatBI->     ERROR    Unexpected error occured:(1012, None)
Traceback (most recent call last):
  File "/data/yfzx/liucd/chatbi_deploy2/chatbi_DB2/apps/app_main_ws_router.py", line 65, in websocket_endpoint
    message = await websocket.receive_text()
              ^^^^^^^^^^^^^^^^^^^^^^^^^^^^^^
  File "/root/anaconda3/envs/chatbi/lib/python3.12/site-packages/starlette/websockets.py", line 119, in receive_text
    self._raise_on_disconnect(message)
  File "/root/anaconda3/envs/chatbi/lib/python3.12/site-packages/starlette/websockets.py", line 113, in _raise_on_disconnect
    raise WebSocketDisconnect(message["code"], message.get("reason"))
starlette.websockets.WebSocketDisconnect: (1012, None)
