2025-05-26 13:58:24,700 ChatBI->     INFO     获取的表元数据: 
    CREATE TABLE shanghai (
        `工单编号` BIGINT; 含义: 表示工单的唯一编号。; 用途: 用于唯一标识每个工单，便于查询和管理。; 示例值: 20240101000072; 备注: 无;
        `工号` BIGINT; 含义: 表示工单的生成编号。; 用途: 用于记录工单的生成顺序，便于排序和统计。; 示例值: 3830; 备注: 无;
        `工单生成时间` DATETIME; 含义: 表示工单的生成时间。; 用途: 用于记录工单的生成时间，便于时间维度的管理和分析。; 示例值: 2024-01-01 00:37:39; 备注: 无;
        `诉求地址` TEXT; 含义: 表示工单所涉及的具体地点的详细地址。; 用途: 提供工单发生地点的详细信息，便于定位和处理。; 示例值: "闵行区东川路555弄"; 备注: 无;
        `诉求区域` TEXT; 含义: 表示工单所涉及的具体地点所属的行政区。; 用途: 用于快速定位工单发生的区域，便于区域级别的管理和调度。; 枚举类型，值包括： "黄浦区", "徐汇区", "长宁区", "静安区",  "普陀区", "虹口区", "杨浦区", "闵行区", "宝山区", "嘉定区", "浦东新区", "金山区",  "松江区", "青浦区","奉贤区", "崇明区"; 备注: 无;
        `内容描述` TEXT; 含义: 对工单所涉及的具体问题的详细描述。; 用途: 提供完整的信息，帮助处理人员全面了解问题背景和具体情况。; 示例值: "市民来电反映:未成年游戏充值要求退费，心动网络有限公司旗"; 备注: 无;
        `工单类别` TEXT; 含义: 表示工单紧急程度的类别。; 用途: 用于对工单紧急程度分级，便于管理和迅速响应。; 枚举类型，包含: "一般", "次紧急", "紧急"; 备注: 无;
        `处理描述` TEXT; 含义: 对工单处理结果的描述。; 用途: 记录工单的处理情况，便于后续查询和分析。; 示例值: "市民反复催单，已电子催单工单编号：20231224019374，故归档。"; 备注: 无;
        `客户类型` TEXT; 含义: 表示工单客户的类型。; 用途: 用于区分不同类型的客户，便于管理和服务。; 枚举类型，包含 "个人", "企业"; 备注: 无;
        `一级分类` TEXT; 含义: 表示工单所属的最高级别的分类。; 用途: 用于快速定位和分类工单，便于管理和统计。;枚举类型，包括： "科教文卫类", "社会管理类", "公安政法类", "其他类", "建设交通类",  "公用事业类", "安全监管类", "经济综合类", "社会团体类"; 备注: 无;
        `二级分类` TEXT; 含义: 在一级分类之下，更具体的分类。; 用途: 进一步细化工单分类，提高管理精度。; 示例值: "文广影视"; 备注: 无;
        `三级分类` TEXT; 含义: 在二级分类之下，更加具体的分类。; 用途: 提供更详细的分类信息，方便具体问题的处理和跟踪。; 示例值: "文化产业管理"; 备注: 无;
        `四级分类` TEXT; 含义: 在三级分类之下，更加具体的分类。; 用途: 提供更详细的分类信息，方便具体问题的处理和跟踪。; 示例值: "游戏动漫"; 备注: 无;
        `主办单位` TEXT; 含义: 表示工单的主办单位。; 用途: 用于记录工单的主办单位，便于管理和协调。; 示例值: "市文化旅游局", "市公安局", "普陀区人民政府"; 备注: 无;
        `是否匿名` TEXT; 含义: 表示工单是否为匿名工单。; 用途: 用于区分匿名工单和非匿名工单，便于管理和保护隐私。; 示例值: "是"; 备注: 无;
        `服务类型` TEXT; 含义: 表示工单的服务类型。; 用途: 用于分类工单的服务类型，便于管理和统计。; 枚举类型，包括: "综合服务", "一网通办"; 备注: 无;
        `通话编号` TEXT; 含义: 表示工单的通话编号。; 用途: 用于记录工单的通话记录，便于查询和分析。; 示例值: "1704040581-2297011"; 备注: 无;
        `工单类型` TEXT; 含义: 表示工单的类型。; 用途: 用于分类工单的类型，便于管理和统计。; 枚举类型，包括: "求助类", "投诉举报类", "咨询类", "意见建议类", "其他类"; 备注: 无;
        `新一级分类` TEXT; 含义: 表示工单的新一级分类。; 用途: 用于记录工单的新分类信息，便于管理和统计。; 示例值: "None"; 备注: 无;
        `新二级分类` TEXT; 含义: 表示工单的新二级分类。; 用途: 用于记录工单的新分类信息，便于管理和统计。; 示例值: "None"; 备注: 无;
        `新三级分类` TEXT; 含义: 表示工单的新三级分类。; 用途: 用于记录工单的新分类信息，便于管理和统计。; 示例值: "None"; 备注: 无;
        `新四级分类` TEXT; 含义: 表示工单的新四级分类。; 用途: 用于记录工单的新分类信息，便于管理和统计。; 示例值: "None"; 备注: 无;
        `新五级分类` TEXT; 含义: 表示工单的新五级分类。; 用途: 用于记录工单的新分类信息，便于管理和统计。; 示例值: "None"; 备注: 无;
    )DEFAULT CHARSET=utf8mb4 ENGINE=InnoDB COLLATE utf8mb4_0900_ai_ci
    
2025-05-26 13:58:24,700 ChatBI->     INFO     获取的缩写列: []
2025-05-26 13:58:24,700 ChatBI->     INFO     获取的关联列: ['一级分类', '二级分类', '三级分类', '四级分类']
2025-05-26 13:58:24,700 ChatBI->     INFO     获取的列映射: {'工单编号': 'id', '工号': 'employee_id', '工单生成时间': 'order_date', '诉求地址': 'address', '诉求区域': 'region', '内容描述': 'content_description', '工单类别': 'order_category', '处理描述': 'resolution_description', '客户类型': 'customer_type', '一级分类': 'primary_classification', '二级分类': 'secondary_classification', '三级分类': 'tertiary_classification', '四级分类': 'quaternary_classification', '主办单位': 'responsible_department', '是否匿名': 'is_anonymous', '服务类型': 'service_type', '通话编号': 'call_id', '工单类型': 'order_type', '新一级分类': 'new_primary_classification', '新二级分类': 'new_secondary_classification', '新三级分类': 'new_tertiary_classification', '新四级分类': 'new_quaternary_classification', '新五级分类': 'new_period_classification'}
2025-05-26 13:58:26,126 ChatBI->     INFO     关联字段的枚举值:  {'一级分类': ['科教文卫类', '社会管理类', '公安政法类', '其他类', '建设交通类', '公用事业类', '安全监管类', '经济综合类', '社会团体类'], '二级分类': ['文广影视', '旅游', '公安（治安、交通）', '其他', '工商(消保)', '交通港口', '绿化市容', '邮政通信', '司法行政', '教育', '住房保障', '机关事务管理', '人力保障', '纪检监察', '城乡建设', '食品药品安全', '卫生计生', '发展改革', '公安（出入境）', '金融', '电力', '商务', '燃气', '城管执法', '残联', '环境保护', '税务', '土地规划', '民政', '水务', '“12345”热线', '供水', '电子政务', '信访', '法院系统', '安全生产管理', '退役军人', '农业', '部队', '公安（消防）', '总工会', '体育', '涉港澳台', '国资', '新闻出版', '质量技术监督', '知识产权', '经济信息化', '出入境边检', '民族宗教', '档案', '统计', '民防', '科技', '侨务', '外事', '气象', '团市委', '财政', '检察院系统', '国家安全', '审计', '妇联', '防震减灾', '中央直属', '机构编制', '长航公安', '口岸', '合作交流'], '三级分类': ['文化产业管理', '服务质量', '其他', '无效电话', '商业服务', '出租车', '市容市貌', '通信', '法律服务', '学校管理', '社会治安', '物业服务管理', '机关事务管理', '纠纷仲裁', '邮政服务', '交通管理', '劳动保护', '医疗医保', '政风行风', '工程管理', '安全管理', '卫生信息', '违法建筑', '改革规划', '护照办理', '环境卫生', '金融', '社会保险', '道路管理', '社保信息', '故障报修', '城市管理', '广播影视', '公交巴士', '商务', '价格调控', '市场交易管理', '社会噪声', '物业相关执法', '医疗服务', '工商监管', '医院监管', '燃气计费', '驾驶培训', '犬类管理', '户籍管理', '停车管理', '残联', '工伤', '污染', '税收政策', '非城市建设用地管理', '婚姻管理', '排水排污管理', '房屋权属', '汽车维修', '供水报修', '一网通办', '禁烟控烟', '培训市场', '事项办理', '养老保障', '地铁客运', '违法经营', '劳动人事制度', '社区家政', '12345热线', '入学入托', '就业创业', '保障型住房', '征收管理', '法院信息', '批评承办部门', '职业健康', '燃气服务', '货物运输', '签证签注', '招生考试', '公证服务', '供水计费', '自来水水质', '航空客运', '投诉批评', '拥军优抚', '人口计生', '表扬感谢', '表扬承办部门', '安全生产', '消防管理', '公共交通用卡管理', '税收管理', '疾控防疫', '咨询信访渠道', '法院受理', '体育管理', '车牌拍卖', '绿地绿化', '工商信息', '意见建议', '旧房改造', '其他社团', '刊物市场监管', '夜间施工许可', '消防设备维护', '生活保障', '特种行业管理', '复查复核', '特种设备监察', '知识产权', '铁路客运', '申诉举报', '动植园林', '法人一证通', '旅游信息', '总工会', '津贴补助', '电力服务', '用电计费', '国资', '人员边检', '动植物防疫', '燃气报修', '河道流域管理', '纪检监查', '违规用水', '行政管理', '道路维护', '殡葬事业', '寺庙管理', '特定医疗机构', '审批许可', '个人档案', '科技管理', '移交安置', '外事工作', '供水服务', '气象预报', '汽车客运', '质量认证', '慈善福利', '经济信息化', '燃气行业监管', '社会组织', '出境咨询', '禽类饲养', '司法直属', '港船客运', '计量器具检测', '旅游纠纷', '团市委', '检察院受理', '学生负担', '违规用电', '广告审批', '查询办理进度', '城市建设用地管理', '财政工作', '烈士褒扬', '农民负担', '国有档案', '村队管理', '文化遗产保护', '水资源管理', '农业生产', '自主择业就业', '统计工作', '国家安全', '新闻报道', '住房病虫害', '部队', '民防工程', '妇联', '建设管理', '地震震情', '生产许可证管理', '网站信箱', '科技开发', '救灾赈灾', '审计工作', '宗教信仰', '机构类', '防灾抗灾', '安保工作', '土地资源管理', '气象预警', '限电管理', '合作交流', '组织机构代码证'], '四级分类': ['游戏动漫', '酒店质量', '其他', '无明确诉求', '网上购物', '服务规范', '广告牌景观灯', '通信线路', '无效来电', '法律援助', '校园设施', '居住证', '纠纷协调', '机关事务信息', '劳动争议', '快递服务', '限流限行', '用工规范', '医保报销', '不作为', '建筑工程欠薪', '医保政策咨询', '教师素质', '各类服务卡券', '食品安全', '外省市受理', '医院医疗信息', '违法建筑', '新能源汽车', '护照办理', '倾倒渣土', '银行监管', '工伤保险', '施工规范', 'ETC使用', '社保卡', '规模停电', '无证设摊', '网络视听', '线路咨询', '汽车销售', '物业管理收费', '住房公积金', '售后服务', '装修噪音', '损坏侵占公用设施', '治安维护', '用药规范', '立案侦查', '业务办理', '审验登记', '医疗纠纷', '排队挂号', '用量偏高', '教练服务、培训规范', '养犬登记', '交通设施', '外省市迁入', '故障报修', '物业安保', '物品遗失', '社区卫生服务', '物业维修添置', '物业管理不善', '公共停车场', '残疾鉴定', '工伤认定', '结构改建', '排堵保畅', '噪音污染', '绿化维护', '服务态度', '残疾补助', '独户停电', '交通违章', '房产交易税', '经济纠纷', '耕地管理', '离婚办理', '失业保险', '医疗保险', '市政道路积水', '宅基地', '结婚登记', '合同监管', '油烟扰民', '业委会', '律师服务', '驾驶员审验', '高速收费', '4s店服务', '身份证管理', '停水水小', '旅行社服务', '网站使用', '乱收停车费', '群租现象', '过户上牌', '服务质量', '禁烟控烟', '空气污染', '广告监督', '市场监管', '共享单车', '其他业务', '办理结果不满', '环境垃圾', '养老保险', '广告张贴', '房屋产权', '路状路况', '危房', '老年津贴', '地铁建设', '不正当经营', '城管执法', '退休离休', '社区服务网点', '信息咨询', '垃圾清理', '入学政策', '人才引进', '拖欠工资', '道路养护', '经济补偿', '公安信息查询', '租赁管理', '经适房', '车辆年检', '卫生配套设施', '合同纠纷', '公租房', '经营性停车场', '拆迁安置', '幼托管理', '路灯供电', '法院地址电话', '诉求未解决', '金融资讯', '职业健康', '景点服务质量', '合同履行', '燃气施工', '账户信息', '文化活动', '居住证办理', '集装箱运输', '签证签注', '户籍政策咨询', '中考', '居改非', '工时假期', '工程质量', '办理转学', '继承权公证', '水费量高', '水中杂质', '飞机票务', '线路设置', '遗嘱抚恤和优待', '司法鉴定', '商品质量', '机关事务工作', '优生优育', '医保定点', '房产信息变更', '保险监管', '账单抄表', '非法客运', '搬场公司', '道路建设', '无照经营', '个人所得税', '烟草酒类', '道路安全', '水管维修', '表扬感谢', '应急救援', '市内户口迁移', '烟花爆竹管理', '排水工程', '交通卡', '偷税漏税', '求医问药', '教育质量', '工资奖金', '咨询信访渠道', '家电维修', '问题解决', '诉讼立案', '办事效率', '假冒伪劣', '土地征收', '经济案件', '市政工程', '教育改革', '生育保险', '群众锻炼', '证券监管', '职业培训', '车牌拍卖', '占绿毁绿', '维权咨询', '网络安全', '其他税种', '商品销售信息', '企业征税', '道路扬尘', '办事流程', '交通事故', '职称评定', '学籍管理', '消防隐患', '其他疫苗', '平台系统', '房屋老化', '资质认证', '红十字会', '赛事管理', '廉租房', '黑车', '图书刊物出版', '慢作为', '夜间施工的现象', '业务熟练', '消防栓', '无证犬类', '房屋结构破坏', '社区帮困补助', '不明归属井盖', '行政许可', '跨门经营', '家政服务', '动迁政策', '商标包装管理', '其他公证', '催办', '独生子女补贴', '问题推脱', '交通法规', '移植修剪', '食品安全流通', '办事推诿', '僵尸车', '劳务派遣', '线路时间', '扶贫帮困', '职业技能考试', '安全监察', '东方有线', '再生育政策', '消防宣传', '侵权行为', '铁路票务', '光污染', '结论不满', '高考', '申诉举报', '流浪犬收治', '其他报修', '公园设施', '普法宣传', '法人一证通', '许可审批', '外地户口入学', '影视节目', '邮件邮递', '便民信息', '景点投诉', '场地设施', '人员管理', '维修基金', '职业资质许可', '工会工作', '就业补贴', '信息查询', '职工权益', '电费争议', '国企管理', '过境手续', '疫情防疫', '法院判决', '丧葬补助金', '燃气泄漏', '住院病床', '外置扩音装置', '私装地锁', '就业信息', '水上漂浮物', '安全生产监督', '徇私枉法', '文化场所信息', '孤寡空巢老人关怀', '农村建设用地管理', '私移水表', '管道维修', '便民服务', '人员资质', '最低生活保障', '设备添置', '其他补助', '殡葬服务', '绿化护栏', '居家养老', '道路救援', '缴费信息', '市场物价', '受理网点', '护工护理', '机构养老', '国有资产流失', '流浪人员管理', '残联工作', '助残信息', '流程指引', '报刊印刷发行', '医疗设备', '垃圾分类', '保健品管理', '采血机构', '审批许可', '景点资讯', '养老金调整', '老年卡', '公房管理', '灭火器', '菜场经营', '通信基站', '个人档案', '无障碍工程', '死亡登记', '商贸信息', '乱作为', '法院通知', '高新技术扶持', '退役士兵', '动物保护机构', '违规拆迁', '医保药品目录', '土地使用权', '领事馆', '房屋转让', '承办推诿', '商品维修网点', '消防通道', '阶梯电价', '河道养护', '排污许可证', '黄赌毒', '天气预报', '活禽交易', '劳动能力鉴定', '危险品管理', '无犯罪证明', '废气污染', '水表维修', '寺庙用品', '燃气火小', '失职渎职', '评残疾伤残抚恤', '违规运营', '消防安全咨询', '河道疏通', '药品安全', '水污染', '车次信息', '超市卖场', '申请专利', '质量认证', '工龄核算', '电线高压线', '慈善募捐', '循环再利用', '司法拆迁', '孤儿收养', '燃气行业', '医疗器械管理', '隧桥管理', '作风问题', '票务', '出境咨询', '电表维修', '无证夜间施工', '服务流程', '劳务中介', '人民调解', '旅行社信息', '变电设施', '社工管理', '其他许可', '电视购物', '特定污染物处治', '无答复意见', '退休证', '农村地区家禽饲养', '律师协会', '城区家禽饲养', '浦江轮渡', '流浪救助', '野生动植物', '计量器具检测', '旅游合同纠纷', '体检中心', '团委工作', '城市信息化', '检察院信息', '超时补课', '航空运输', '私排电线', '贪污贿赂', '广告审批', '离退休干部', '商业楼宇', '查询办理进度', '测绘管理', '广播', '水表失窃', '军转干部', '诉讼时限', '财会考证', '虚开发票', '烈士评定', '刑事案件', '邮政发行', '医疗服务', '收费标准', '业务范畴', '农业补贴', '隔离管控', '政府机构', '航班延误', '公务员管理', '土地承包', '成人教育', '刊社信息', '节能减排', '规划设计', '监狱管理', '颜色异变', '电视线路', '餐饮服务', '转业干部', '非物质文化遗产', '秩序维护', '临终关怀', '文物保护管理', '无证养鸽', '桥梁通行', '河道水质', '强制消费', '畜牧养殖', '士兵', '滥砍滥捕', '非法行医', '收费问题', '平改坡', '体育彩票', '环评公示', '培训补贴', '平均工资', '最低工资', '兽医药管理', '档案管理', '创业扶持', '国家机密', '新闻内容', '证照查验', '燃气配件', '省际轮渡', '福利企业扶持', '因公出国审批', '安全检查', '新冠疫苗', '工作调动', '档案公开', '研究生考试', '水务工程建设', '管理规范', '青少年保护', '二次收费', '生态保护', '社区就业援助', '墓园管理', '化妆品管理', '增添绿化', '白蚁', '鼠患', '管道改建', '能源发展', '娱乐场所管理', '旅游交通', '文化社团', '烈士纪念设施', '信鸽', '营业税改增值税', '核酸检测', '违法传销', '作业负担', '涉军问题', '地下室管理', '妇联工作', '无军籍职工', '公益彩票', '气象服务信息', '避孕节育', '窃电举报', '固废危废', '超生处罚', '科技改革', '妇婴保健', '企业解困', '建筑间距及日照', '地震震情', '高温津贴', '集体资产管理', '青少年锻炼', '农业水利', '电磁辐射污染', '单身证明', '生产许可证管理', '假发票', '国内安全事务', '马蜂窝', '网站信箱使用', '河上搭建', '三无居家船只', '发明建议', '市场供应', '参战参试人员优待', '故障牵引', '工作态度', '违规收费', '年检', '征地补偿', '古树名木', '社会捐献', '土地建设与保护', '反动', '历史建筑', '抵押拍卖', '妇女权益维护', '防疫补贴', '化工污染', '费用减免', '防汛抗灾', '网点查询', '资产评估', '安全生产宣传', '夜间施工证的审批', '吸劳养老', '特殊工种', '自来水异味', '导游服务', '违规鸣笛', '分时用电', '筑材光污染', '公共支付', '记者证管理', '审计工作', '情报搜集', '企业改革', '农产品安全', '防治检疫', '抵押贷款公证', '队伍建设', '上海旅游节', '宗教信仰', '婚前检查', '公交专用道', '转运消杀', '抗台防汛', '自主研发', '医药卫生知识', '公共事业', '码色申诉', '矫正办', '火灾报警系统', '日常管理', '记录查询', '黑网吧', '收养审批', '许可证管理', '火灾报警', '电子出版物', '易燃易爆物', '婚姻财产公证', '财政票据', '擅自设立机构', '审查批捕', '福利设施', '国有企业', '公务车', '投资决策', '防疫物资', '地面沉降', '资质证书', '转基因产品（有机食品）', '民防警报', '审读出版物', '新闻形式', '妇女健康', '农副业生产', '台风沙尘', '抗灾演习', '民间慈善', '私接自来水管', '工程规划', '进博会', '外宾来访', '经济状况审核', '事业单位共享费', '节能用电', '暴雨暴雪', '合作交流', '组织机构代码证', '矿产管理']}
2025-05-26 13:58:26,126 ChatBI->     INFO     缩写字段的枚举值： []
2025-05-26 13:59:17,084 ChatBI->     INFO     案例库查询
2025-05-26 13:59:17,121 ChatBI->     INFO     案例库查询结果: ["{'query': '近1年小区积水相关的求助工单有多少件', '目标列': ['内容描述'], '条件列': {'工单生成时间': '近1年', '内容描述': '小区积水', '工单类型': '求助类'}}", "{'query': '去年台风造成的道路积水影响市民出现的事件分别涉及哪些地方', '目标列': ['诉求地址'], '条件列': {'内容描述': '台风造成的道路积水影响市民出现', '工单类型': '投诉举报类', '工单生成时间': '去年'}}", "{'query': '浦东近半年有哪些物业管理有问题的小区', '目标列': ['内容描述'], '条件列': {'诉求区域': '浦东新区', '三级分类': '物业管理', '工单生成时间': '近半年'}}"]
2025-05-26 13:59:18,464 ChatBI->     INFO     schema linking: {'target_columns': ['诉求地址'], 'condition_columns': {'诉求区域': '浦东新区', '内容描述': '道路积水', '工单类型': '求助类', '工单生成时间': '去年3月份'}}
2025-05-26 13:59:20,734 ChatBI->     INFO     任务类型: SQL
2025-05-26 13:59:22,397 ChatBI->     INFO     stad sql: SELECT `诉求地址` FROM shanghai WHERE `诉求区域` = '浦东新区' AND `内容描述` LIKE '%道路积水%' AND `工单类型` = '求助类' AND YEAR(`工单生成时间`) = YEAR(CURDATE()) - 1 AND MONTH(`工单生成时间`) = 3 LIMIT 10;
2025-05-26 13:59:22,397 ChatBI->     INFO     开始语义分析 ... 
2025-05-26 13:59:22,405 ChatBI->     INFO     非结构化信息为: {"`内容描述` LIKE '%道路积水%'": '道路积水'}
2025-05-26 13:59:22,668 ChatBI->     INFO     道路积水 的命名实体判别： no
2025-05-26 13:59:22,670 ChatBI->     INFO     开始对非结构化文档【粗略】检索
2025-05-26 13:59:23,275 ChatBI->     INFO     检索到的文档总数量为：5000
2025-05-26 13:59:23,583 ChatBI->     INFO     开始对非结构化文档【深度】检索
2025-05-26 13:59:23,878 ChatBI->     INFO     step_scores: ['yes', 'yes', 'yes', 'yes', 'yes', 'yes', 'yes', 'no', 'no', 'no']
2025-05-26 13:59:23,878 ChatBI->     INFO     层级抽取文档： 市民来电反映:上述地址道路积水严重，诉求：请管理部门尽快清理积水 ==> yes  
2025-05-26 13:59:23,878 ChatBI->     INFO     层级抽取文档： 市民来电反映: 上述地址的路面一直有积水，一到下雨天就会积水。平时会好一点，下雨天比较厉害。诉求：尽快清理积水。 ==> yes  
2025-05-26 13:59:23,878 ChatBI->     INFO     层级抽取文档： 市民来电反映:上述地址一下雨机动车道积水。诉求：请管理部门核实进行整治，清理积水。 ==> yes  
2025-05-26 13:59:23,878 ChatBI->     INFO     层级抽取文档： 市民来电反映:上述地址大楼间道路上有污水管损坏，并有水冒出，导致地面有积水。市民诉求：请管理部门核实后尽快采取措施维修。
 ==> yes  
2025-05-26 13:59:23,879 ChatBI->     INFO     层级抽取文档： 市民来电反映:上述地址道路上多处路面积水，对市民通行带来影响。诉求：要求管理部门尽快上门处理。（市民要求信息保密 无需回复） ==> yes  
2025-05-26 13:59:23,879 ChatBI->     INFO     层级抽取文档： 市民来电反映:上述地址路段双向最右侧的机动车道和非机动车道一到下雨天路面就会积水，且非常深，通行非常不便。诉求：请管理部门尽快核实修整。（需回复） ==> yes  
2025-05-26 13:59:23,879 ChatBI->     INFO     层级抽取文档： 市民来电反映:上述地址门口入口街面下水道堵塞，路上有积水，对市民生活带来影响。诉求：要求管理部门尽快上门处理。 ==> yes  
2025-05-26 13:59:23,879 ChatBI->     INFO     层级抽取文档： 市民来电反映:上述道路全长只有100多米，但整个道路都有坑洼现象。上述现象对过往车辆存在安全隐患。市民诉求：请管理部门核实后尽快采取措施进行修复。 ==> no  
2025-05-26 13:59:23,879 ChatBI->     INFO     层级抽取文档： 市民来电反映:上述地址家里目前都是积水，市民表示只要下雨，家里都是会有积水的，雨水倒灌进家里。诉求：希望管理部门核实尽快帮其解决家里雨水倒灌的问题。 ==> no  
2025-05-26 13:59:23,879 ChatBI->     INFO     层级抽取文档： 市民来电反映:浦东新区周浦镇周秀路，青黛路，天雄路，道路规划不合理，造成道路拥堵严重。 ==> no  
2025-05-26 13:59:23,879 ChatBI->     INFO     阈值索引为：140, 窗口大小为: 100 
2025-05-26 13:59:23,879 ChatBI->     INFO     确定的文档: 41; 在次确认的文档: 199
2025-05-26 13:59:28,097 ChatBI->     INFO     从199个需再次确认的文档中筛选出的相关文档数量：136
2025-05-26 13:59:28,097 ChatBI->     INFO     示例文档：['市民来电反映: 上述地址村里之前污水改造后没有设置雨水管道，导致每次遇到下雨都存在严重积水，诉求: 希望管理部门核实增设雨水管道解决积水问题.(需回复)  ', '市民反映：下雨天气，上述地址停车场水漫金山，唯一的2个进站口全是水，深好几厘米，根本无法正常行走，也无人管理。诉求：希望管理部门尽快解决积水问题。（市民要求信息保密，需要回复）', '市民来电反映:上述地址附近路面有的抬高有的没有抬高造成了下雨就会有水坑。诉求：要求一起抬高路面。', '市民来电反复催单。催单原因：市民称管理部门至今未给予任何回复，请管理部门尽快处理。【最近派发的工单编号：20240630017172，工单内容：市民来电反映:上述地址是私房，旁边都是积水，已经进入家里，市民表示无法通行。诉求：希望尽快排水。（需回复）】', '【台风】市民来电反映: 因为台风，9月20日早上发现上述地址积水严重。诉求：请管理部门尽快来帮市民排水。']
2025-05-26 13:59:28,099 ChatBI->     INFO     没有找到<  >对应的视图
2025-05-26 13:59:28,099 ChatBI->     INFO     sql 语句：SELECT `诉求地址` FROM shanghai WHERE `诉求区域` = '浦东新区' AND  `内容描述` IN (:val0, :val1, :val2, :val3, :val4, :val5, :val6, :val7, :val8, :val9, :val10, :val11, :val12, :val13, :val14, :val15, :val16, :val17, :val18, :val19, :val20, :val21, :val22, :val23, :val24, :val25, :val26, :val27, :val28, :val29, :val30, :val31, :val32, :val33, :val34, :val35, :val36, :val37, :val38, :val39, :val40, :val41, :val42, :val43, :val44, :val45, :val46, :val47, :val48, :val49, :val50, :val51, :val52, :val53, :val54, :val55, :val56, :val57, :val58, :val59, :val60, :val61, :val62, :val63, :val64, :val65, :val66, :val67, :val68, :val69, :val70, :val71, :val72, :val73, :val74, :val75, :val76, :val77, :val78, :val79, :val80, :val81, :val82, :val83, :val84, :val85, :val86, :val87, :val88, :val89, :val90, :val91, :val92, :val93, :val94, :val95, :val96, :val97, :val98, :val99, :val100, :val101, :val102, :val103, :val104, :val105, :val106, :val107, :val108, :val109, :val110, :val111, :val112, :val113, :val114, :val115, :val116, :val117, :val118, :val119, :val120, :val121, :val122, :val123, :val124, :val125, :val126, :val127, :val128, :val129, :val130, :val131, :val132, :val133, :val134, :val135, :val136, :val137, :val138, :val139, :val140, :val141, :val142, :val143, :val144, :val145, :val146, :val147, :val148, :val149, :val150, :val151, :val152, :val153, :val154, :val155, :val156, :val157, :val158, :val159, :val160, :val161, :val162, :val163, :val164, :val165, :val166, :val167, :val168, :val169, :val170, :val171, :val172, :val173, :val174, :val175, :val176) AND `工单类型` = '求助类' AND YEAR(`工单生成时间`) = YEAR(CURDATE()) - 1 AND MONTH(`工单生成时间`) = 3 LIMIT 10;
2025-05-26 13:59:28,393 ChatBI->     INFO     websocket发送的数据为：{"sql_gen": "SELECT `诉求地址` FROM shanghai WHERE `诉求区域` = '浦东新区' AND `内容描述` LIKE '%道路积水%' AND `工单类型` = '求助类' AND YEAR(`工单生成时间`) = YEAR(CURDATE()) - 1 AND MONTH(`工单生成时间`) = 3 LIMIT 10;"}
2025-05-26 13:59:28,393 ChatBI->     INFO     websocket发送的数据为：{"response": [{"诉求地址": "浦东新区懿行路近浦星公路（士韵家园三期一侧）"}, {"诉求地址": "浦东新区上南路6932弄"}, {"诉求地址": "浦东新区周浦镇瑞阳路"}, {"诉求地址": "浦东新区高科东路与华东路交叉口"}]}
2025-05-26 13:59:28,415 ChatBI->     INFO     sql 语句：SELECT * FROM shanghai WHERE `诉求区域` = '浦东新区' AND  `内容描述` IN (:val0, :val1, :val2, :val3, :val4, :val5, :val6, :val7, :val8, :val9, :val10, :val11, :val12, :val13, :val14, :val15, :val16, :val17, :val18, :val19, :val20, :val21, :val22, :val23, :val24, :val25, :val26, :val27, :val28, :val29, :val30, :val31, :val32, :val33, :val34, :val35, :val36, :val37, :val38, :val39, :val40, :val41, :val42, :val43, :val44, :val45, :val46, :val47, :val48, :val49, :val50, :val51, :val52, :val53, :val54, :val55, :val56, :val57, :val58, :val59, :val60, :val61, :val62, :val63, :val64, :val65, :val66, :val67, :val68, :val69, :val70, :val71, :val72, :val73, :val74, :val75, :val76, :val77, :val78, :val79, :val80, :val81, :val82, :val83, :val84, :val85, :val86, :val87, :val88, :val89, :val90, :val91, :val92, :val93, :val94, :val95, :val96, :val97, :val98, :val99, :val100, :val101, :val102, :val103, :val104, :val105, :val106, :val107, :val108, :val109, :val110, :val111, :val112, :val113, :val114, :val115, :val116, :val117, :val118, :val119, :val120, :val121, :val122, :val123, :val124, :val125, :val126, :val127, :val128, :val129, :val130, :val131, :val132, :val133, :val134, :val135, :val136, :val137, :val138, :val139, :val140, :val141, :val142, :val143, :val144, :val145, :val146, :val147, :val148, :val149, :val150, :val151, :val152, :val153, :val154, :val155, :val156, :val157, :val158, :val159, :val160, :val161, :val162, :val163, :val164, :val165, :val166, :val167, :val168, :val169, :val170, :val171, :val172, :val173, :val174, :val175, :val176) AND `工单类型` = '求助类' AND YEAR(`工单生成时间`) = YEAR(CURDATE()) - 1 AND MONTH(`工单生成时间`) = 3 LIMIT 10;
2025-05-26 13:59:29,612 ChatBI->     INFO     websocket发送的数据为：{"result_insight": "去年3月，浦东新区有多起道路积水求助事件，主要集中在懿行路、上南路、周浦镇瑞阳路和高科东路与华东路交叉口附近。"}
2025-05-26 13:59:31,643 ChatBI->     INFO     websocket发送的数据为：{"result_recommand": {"new_query_1": "去年3月份浦东新区哪些道路积水的求助事件处理结果如何？", "new_query_2": "去年3月份浦东新区哪些道路积水的求助事件是由哪个主办单位负责处理的？", "new_query_3": "去年3月份浦东新区哪些道路积水的求助事件属于哪种工单类型？"}}
2025-05-26 14:02:36,904 ChatBI->     INFO     案例库查询
2025-05-26 14:02:36,943 ChatBI->     INFO     案例库查询结果: ["{'query': '总结去年上半年医院处理不当导致死人的投诉事件', '目标列': ['内容描述'], '条件列': {'工单生成时间': '去年上半年', '内容描述': '医院处理不当导致死人', '工单类型': '投诉举报类'}}", "{'query': '今年哪些地方存在上班猝死的事件', '目标列': ['内容描述'], '条件列': {'内容描述': '上班猝死', '工单生成时间': '今年'}}", "{'query': '去年市民投诉过哪些类型的殡葬相关的事件', '目标列': ['内容描述'], '条件列': {'内容描述': '殡葬', '工单类型': '投诉举报类', '工单生成时间': '去年'}}"]
2025-05-26 14:02:37,889 ChatBI->     INFO     schema linking: {'target_columns': ['内容描述'], 'condition_columns': {'内容描述': '扬言自杀', '工单生成时间': '去年'}}
2025-05-26 14:02:39,245 ChatBI->     INFO     任务类型: SQL
2025-05-26 14:02:40,298 ChatBI->     INFO     stad sql: SELECT `内容描述` FROM shanghai WHERE `内容描述` LIKE '%扬言自杀%' AND YEAR(`工单生成时间`) = YEAR(CURDATE()) - 1 LIMIT 10;
2025-05-26 14:02:40,298 ChatBI->     INFO     开始语义分析 ... 
2025-05-26 14:02:40,300 ChatBI->     INFO     非结构化信息为: {"`内容描述` LIKE '%扬言自杀%'": '扬言自杀'}
2025-05-26 14:02:40,553 ChatBI->     INFO     扬言自杀 的命名实体判别： no
2025-05-26 14:02:40,555 ChatBI->     INFO     开始对非结构化文档【粗略】检索
2025-05-26 14:02:41,089 ChatBI->     INFO     检索到的文档总数量为：5000
2025-05-26 14:02:41,394 ChatBI->     INFO     开始对非结构化文档【深度】检索
2025-05-26 14:02:41,684 ChatBI->     INFO     step_scores: ['no', 'yes', 'yes', 'no', 'yes', 'no', 'no', 'no', 'no', 'no']
2025-05-26 14:02:41,684 ChatBI->     INFO     层级抽取文档： 市民来电反映:嘉定公安局菊园派出所来电，7月9日派出所接到2通扬言称捅死相关领导的，派出所听不到录音，扬言人电话：15161991086。诉求：希望获取扬言的录音信息。预留的是警察信息，电话也是派出所的直线联系电话。 ==> no  
2025-05-26 14:02:41,684 ChatBI->     INFO     层级抽取文档： 市民来电反映:泉州市的城管把市民的东西拉走了，其表示这个钱是用来治病的，通话过程中扬言表示没法活了，询问其在什么地区，表示其在杀人的地区，告知其目前地址在福建省泉州市丰泽区津淮街路口，已安抚。诉求：请管理部门核实维稳。（02：43，工号4380拨打0595110，工号2037受理） ==> yes  
2025-05-26 14:02:41,684 ChatBI->     INFO     层级抽取文档： 市民来电咨询:2月3日22:00宜川六村派出所四个警察到其家里乱翻家中物品，对警察暴力执法非常气愤，市民现在想不通要在家里使用绳子上吊自杀。诉求：请管理部门维稳治安。 ==> yes  
2025-05-26 14:02:41,684 ChatBI->     INFO     层级抽取文档： 市民来电咨询:上虞110工作人员因18221060457扬言咨询有无该市民详细信息或者市民工作企业老板的信息。 ==> no  
2025-05-26 14:02:41,684 ChatBI->     INFO     层级抽取文档： 市民来电反映:其于5月30日11点被两位警察带去上述派出所做笔录，其表示由于其经常扬言的问题，需要写告知书，当时警察表示可以为其受理其2022年的案件，市民就写了告知书，市民表示其是盲人，不清楚警察的警号，市民表示至今都未有警察为其受理案件，诉求：市民投诉当时办案民警不作，请管理部门核实给予合理解释。 ==> yes  
2025-05-26 14:02:41,684 ChatBI->     INFO     层级抽取文档： 留言人表示其是精神三级残疾人，无明确诉求。 ==> no  
2025-05-26 14:02:41,684 ChatBI->     INFO     层级抽取文档： 市民来电咨询:其表示被他人诽谤。 ==> no  
2025-05-26 14:02:41,684 ChatBI->     INFO     层级抽取文档： 市民来电反映：其重复来电反映装修质量问题，按答复要点告知市民,市民不认可。住建委每次都敷衍其两句，然后就再也不联系其了。市民扬言要引爆煤气引来起警方注意。市民目前所在地址徐汇区梅陇三村34号601。请管理部门维稳（20:53分工号4382致电22022580，工号861知晓。） ==> no  
2025-05-26 14:02:41,684 ChatBI->     INFO     层级抽取文档： 泛泛而谈，诉求不清。 ==> no  
2025-05-26 14:02:41,684 ChatBI->     INFO     层级抽取文档： 闪断。 ==> no  
2025-05-26 14:02:41,684 ChatBI->     INFO     阈值索引为：100, 窗口大小为: 100 
2025-05-26 14:02:41,685 ChatBI->     INFO     确定的文档: 1; 在次确认的文档: 199
2025-05-26 14:02:47,029 ChatBI->     INFO     从199个需再次确认的文档中筛选出的相关文档数量：90
2025-05-26 14:02:47,029 ChatBI->     INFO     示例文档：['市民来电反映:市民自称是快递公司工作人员，其表示被拼多多商家进行投诉，导致市民被快递公司处罚。话务员已告知无法受理。市民不认可。市民扬言买药给商家一家老小，活不过明天。已安抚市民不认可，市民地址：广东肇庆市鼎湖区。诉求：希望公安部门做好维稳工作。20:10工号1252拨打0758-110，工号074知晓。', '市民来电反映:上述地址商铺跨门经营将烧烤和修理电瓶车的东西放在人行道上导致路过的行人无法正常通行，该情况存在2天，市民路过的时候和跨门经营的上午起了争执，市民扬言都出来拿刀砍了，要出人命了，要泼硫酸了，别让其做出过激行为，话务员已安抚，市民表示目前正在上述地址，诉求：要求管理部门核实整治跨门经营现象。工号4230于17:30拨打22022580，工号322表示知晓。', '市民来电反映:上述公司是加盟商，其和该公司签合同加盟开店，市民表示自己不会做生意，听该公司的意见在一处租金高人流量少的地方经营了1-2个月结果亏了30多万元。市民认为该加盟商骗其钱，找法律部门问过可法律部门说合同是正规的没有问题。市民扬言该公司是骗子公司，如不处理其就跳楼或者去该公司跳楼要说法。市民不愿提供自己所在位置只表示自己在上海，诉求：希望公安部门维稳。', '市民来电反映:市民在深圳，称其亲戚（姓名：陈文学）在青浦区白鹤镇派出所，关于陈文学的小儿子（姓名：陈向，身份证号码：511322199904072370，手机号码：18812284847）从2023年9月月底在上海被宿舍其他三人打断腿，因派出所民警收取了对方好处费而未受理案件，一直失联至今，找不到人（怀疑遭遇不测），10月15日陈文学的大儿子自杀，现陈文学至上述派出所报案寻人，上述派出所称属于隐私问题不予受理，故来电反映派出所不作为。', '市民来电反映:其租了徐汇区复兴中路1315弄1号地下车库，贴的两个对联和横批上海顺旭房地产，被城管拆了，通话中市民其表示要自杀又说要杀人，市民地址徐汇区复兴中路1315弄1号地下车库。诉求：要求管理部门核实解释他贴的两个对联和横批上海顺旭房地产是否符合规定，是否可以贴。（7：37分工号2100联系22022580，工号373 知晓）。']
2025-05-26 14:02:47,031 ChatBI->     INFO     没有找到<  >对应的视图
2025-05-26 14:02:47,031 ChatBI->     INFO     sql 语句：SELECT `内容描述` FROM shanghai WHERE  `内容描述` IN (:val0, :val1, :val2, :val3, :val4, :val5, :val6, :val7, :val8, :val9, :val10, :val11, :val12, :val13, :val14, :val15, :val16, :val17, :val18, :val19, :val20, :val21, :val22, :val23, :val24, :val25, :val26, :val27, :val28, :val29, :val30, :val31, :val32, :val33, :val34, :val35, :val36, :val37, :val38, :val39, :val40, :val41, :val42, :val43, :val44, :val45, :val46, :val47, :val48, :val49, :val50, :val51, :val52, :val53, :val54, :val55, :val56, :val57, :val58, :val59, :val60, :val61, :val62, :val63, :val64, :val65, :val66, :val67, :val68, :val69, :val70, :val71, :val72, :val73, :val74, :val75, :val76, :val77, :val78, :val79, :val80, :val81, :val82, :val83, :val84, :val85, :val86, :val87, :val88, :val89, :val90) AND YEAR(`工单生成时间`) = YEAR(CURDATE()) - 1 LIMIT 10;
2025-05-26 14:02:47,089 ChatBI->     INFO     websocket发送的数据为：{"sql_gen": "SELECT `内容描述` FROM shanghai WHERE `内容描述` LIKE '%扬言自杀%' AND YEAR(`工单生成时间`) = YEAR(CURDATE()) - 1 LIMIT 10;"}
2025-05-26 14:02:47,102 ChatBI->     INFO     sql 语句：SELECT * FROM shanghai WHERE  `内容描述` IN (:val0, :val1, :val2, :val3, :val4, :val5, :val6, :val7, :val8, :val9, :val10, :val11, :val12, :val13, :val14, :val15, :val16, :val17, :val18, :val19, :val20, :val21, :val22, :val23, :val24, :val25, :val26, :val27, :val28, :val29, :val30, :val31, :val32, :val33, :val34, :val35, :val36, :val37, :val38, :val39, :val40, :val41, :val42, :val43, :val44, :val45, :val46, :val47, :val48, :val49, :val50, :val51, :val52, :val53, :val54, :val55, :val56, :val57, :val58, :val59, :val60, :val61, :val62, :val63, :val64, :val65, :val66, :val67, :val68, :val69, :val70, :val71, :val72, :val73, :val74, :val75, :val76, :val77, :val78, :val79, :val80, :val81, :val82, :val83, :val84, :val85, :val86, :val87, :val88, :val89, :val90) AND YEAR(`工单生成时间`) = YEAR(CURDATE()) - 1 LIMIT 10;
2025-05-26 14:02:48,127 ChatBI->     INFO     websocket发送的数据为：{"result_insight": "去年有多起市民扬言自杀的事件，涉及多个地区和原因，包括家庭矛盾、工作压力、法律纠纷等，相关部门多次接到报警并进行处理。"}
2025-05-26 14:02:49,673 ChatBI->     INFO     websocket发送的数据为：{"result_recommand": {"new_query_1": "这些扬言自杀的事件中，哪些发生在浦东新区？", "new_query_2": "这些事件中，哪些涉及到公安机关或警察部门？", "new_query_3": "这些事件的处理结果如何？"}}
2025-05-26 14:04:55,389 ChatBI->     ERROR    Unexpected error occured:(1012, None)
Traceback (most recent call last):
  File "/data/yfzx/liucd/chatbi_deploy2/chatbi_DB2/apps/app_main_ws.py", line 64, in websocket_endpoint
    message = await websocket.receive_text()
              ^^^^^^^^^^^^^^^^^^^^^^^^^^^^^^
  File "/root/anaconda3/envs/chatbi/lib/python3.12/site-packages/starlette/websockets.py", line 119, in receive_text
    self._raise_on_disconnect(message)
  File "/root/anaconda3/envs/chatbi/lib/python3.12/site-packages/starlette/websockets.py", line 113, in _raise_on_disconnect
    raise WebSocketDisconnect(message["code"], message.get("reason"))
starlette.websockets.WebSocketDisconnect: (1012, None)
2025-05-26 14:04:55,392 ChatBI->     ERROR    Unexpected error occured:(1012, None)
Traceback (most recent call last):
  File "/data/yfzx/liucd/chatbi_deploy2/chatbi_DB2/apps/app_main_ws.py", line 64, in websocket_endpoint
    message = await websocket.receive_text()
              ^^^^^^^^^^^^^^^^^^^^^^^^^^^^^^
  File "/root/anaconda3/envs/chatbi/lib/python3.12/site-packages/starlette/websockets.py", line 119, in receive_text
    self._raise_on_disconnect(message)
  File "/root/anaconda3/envs/chatbi/lib/python3.12/site-packages/starlette/websockets.py", line 113, in _raise_on_disconnect
    raise WebSocketDisconnect(message["code"], message.get("reason"))
starlette.websockets.WebSocketDisconnect: (1012, None)
