2025-05-08 10:23:22,225 ChatBI->     INFO     Found enum field: 事实认定 with 10 values
2025-05-08 10:23:22,245 ChatBI->     INFO     Found enum field: 事项大类 with 22 values
2025-05-08 10:23:22,267 ChatBI->     INFO     Found enum field: 事项类别 with 4 values
2025-05-08 10:23:22,308 ChatBI->     INFO     Found enum field: 协同部门 with 15 values
2025-05-08 10:23:22,374 ChatBI->     INFO     Found enum field: 工单类型 with 5 values
2025-05-08 10:23:22,388 ChatBI->     INFO     Found enum field: 市紧急程度 with 2 values
2025-05-08 10:23:22,410 ChatBI->     INFO     Found enum field: 所属片区 with 10 values
2025-05-08 10:23:22,421 ChatBI->     INFO     Found enum field: 所属街道 with 8 values
2025-05-08 10:23:22,439 ChatBI->     INFO     Found enum field: 是否满意区回访 with 5 values
2025-05-08 10:23:22,444 ChatBI->     INFO     Found enum field: 是否解决区回访 with 5 values
2025-05-08 10:23:22,484 ChatBI->     INFO     Found enum field: 案件期限 with 12 values
2025-05-08 10:23:22,490 ChatBI->     INFO     Found enum field: 案件来源/信息来源 with 1 values
2025-05-08 10:23:22,528 ChatBI->     INFO     Found enum field: 状态 with 6 values
2025-05-08 10:23:22,533 ChatBI->     INFO     Found enum field: 紧急程度 with 2 values
2025-05-08 10:23:22,550 ChatBI->     INFO     Found enum field: 结案期限(是否超时) with 3 values
2025-05-08 10:23:22,557 ChatBI->     INFO     Found enum field: 诉求认定 with 4 values
2025-05-08 10:23:22,558 ChatBI->     INFO     enum_values: {'事实认定': ['不属实', '不采纳', '对政策解释不接受', '属实', '无政策依据', '有政策依据', '留作参考', '部分属实', '部分采纳', '采纳'], '事项大类': ['公共交通', '卫生计生', '发展改革', '商务', '国资', '城管执法', '安全生产', '市场监管', '市政建设', '应急救援', '房屋保障', '民生服务', '水务工作', '消防安全', '环境保护', '社会治安', '社区共治', '科教文卫体', '绿化市容', '行政服务', '规划管理', '金融'], '事项类别': ['公共安全', '公共服务', '公共管理', '经济发展'], '协同部门': ['公安局虹口分局', '公安局虹口分局,虹口区市场监督管理局', '北外滩街道办事处', '嘉兴路街道办事处', '四川北路街道办事处', '曲阳路街道办事处', '江湾镇街道办事处', '虹口区住房保障和房屋管理局', '虹口区卫生健康委员会', '虹口区市场监督管理局', '虹口区建设和管理委员会', '虹口区生态环境局,虹口区市场监督管理局', '虹口区绿化和市容管理局', '虹口区规划和自然资源局', '虹房集团'], '工单类型': ['其他类', '咨询类', '意见建议类', '投诉举报类', '求助类'], '市紧急程度': ['普通', '次紧急'], '所属片区': ['东片区', '中片区', '第一片区', '第三片区', '第二片区', '第五片区', '第六片区', '第四片区', '西片区', '？'], '所属街道': ['凉城新村街道', '北外滩街道', '嘉兴路街道', '四川北路街道', '广中路街道', '曲阳路街道', '欧阳路街道', '江湾镇街道'], '是否满意区回访': ['一般', '不满意', '基本满意', '未评价', '满意'], '是否解决区回访': ['实际解决', '未解决', '未评价', '解释说明', '诉求过高'], '案件期限': [1, 3, 4, 7, 8, 9, 10, 11, 12, 13, 14, 15], '案件来源/信息来源': ['12345热线'], '状态': ['已结案', '已退单', '待区核查', '待接单处置', '待核查', '待结案归档'], '紧急程度': ['一般', '次紧急'], '结案期限(是否超时)': ['正常', '超时', '过半'], '诉求认定': ['其他', '无政策依据', '诉求合理', '诉求过高']}
2025-05-08 10:24:12,466 ChatBI->     INFO     Processing column: 事项大类
2025-05-08 10:24:12,476 ChatBI->     INFO     Found 22 distinct values for 事项大类
2025-05-08 10:24:12,476 ChatBI->     INFO     Processing column: 事项小类
2025-05-08 10:24:12,485 ChatBI->     INFO     Found 55 distinct values for 事项小类
2025-05-08 10:24:12,485 ChatBI->     INFO     Processing column: 事项名称
2025-05-08 10:24:12,495 ChatBI->     INFO     Found 204 distinct values for 事项名称
2025-05-08 10:24:12,496 ChatBI->     INFO     Processing column: 事项标签
2025-05-08 10:24:12,502 ChatBI->     INFO     Found 104 distinct values for 事项标签
