2025-05-26 04:08:32,445 ChatBI->     INFO     关联字段的枚举值:  {'事项类别': ['公共管理', '公共服务', '公共安全', '经济发展'], '事项大类': ['环境保护', '民生服务', '科教文卫体', '公共交通', '房屋保障', '绿化市容', '城管执法', '社区共治', '市场监管', '行政服务', '市政建设', '消防安全', '规划管理', '社会治安', '安全生产', '金融', '商务', '水务工作', '卫生计生', '应急救援', '国资', '发展改革'], '事项小类': ['噪声污染', '帮困救助', '教育', '交通秩序', '物业服务', '市容环境', '非机动车管理', '物业相关执法', '居委会', '养老保障', '人力保障', '证照管理', '文化旅游', '机关事务', '设施场地管理', '房屋管理', '服务窗口', '房屋修缮', '市政道路', '消防隐患', '空气污染', '旧改征收', '绿地绿化', '规划设计', '体育', '景观', '基础设施', '环卫', '业委会', '消防管理', '犬类管理', '保障型住房', '机动车管理', '消费维权', '光污染', '特种设备监管', '金融', '街面秩序执法', '测绘管理', '档案', '建筑间距及日照', '商务', '公安信息', '历史建筑', '治安管控', '水系管理', '人口计生', '公交出行', '档案管理', '非居住用房', '医疗服务', '突发事件', '国资', '排水排污', '发展改革'], '事项名称': ['夜间施工扰民', '津贴补助', '教育质量', '排堵保畅', '维修服务', '生活娱乐扰民', '物业安保', '停车管理', '文明施工措施不落实', '共享单车停放管理', '非改居', '商业物业', '高空抛物', '居家养老', '工资奖金', '审验登记', '文化场所信息', '表扬办事人员', '小区公共区域维护', '公共停车场', '物业收费', '擅自改建占用共用部分', '校园设施', '事务中心', '装修噪音扰民', '美丽家园', '擅自占用道路堆物、施工', '助残服务', '作业负担', '群租', '垃圾清运', '施工扬尘', '动迁需求', '跨门营业', '占绿毁绿', '违法建筑', '房屋漏水', '规划设计', '经营噪声扰民', '拖欠工资', '小区绿化', '路状路况', '破坏房屋结构', '损坏房屋承重结构', '场地设施', '收费问题', '加装电梯', '餐饮油烟', '道路指示牌', '不文明养宠', '教育改革', '机动车安全隐患', '小区公共设施设备的新增或维修', '公园设施', '市政井盖', '道路保洁', '虫鼠害防治', '业委会改选组建', '控烟禁烟', '公共厕所', '成人教育', '投诉办事人员', '消防设施', '物业纠纷', '动迁矛盾', '流浪犬收治', '文化活动', '公租房', '学籍管理', '卫生城市配套设施', '经适房', '宣传栏（亭）', '廉租房', '入学政策', '景点投诉', '机动车停放管理', '维权咨询', '办理转学', '垃圾分类', '老旧小区改造', '公房管理', '邻里矛盾', '广告灯箱', '景观灯光', '非机动车安全隐患', '维修基金', '居改非', '楼道堆物', '电梯', '居住证', '其他补助', '暴露垃圾', '天桥', '非机动车停放管理', '花架花钵', '危房工程', '道路交通设施', '就业补贴', '道路改建', '广告牌景观灯', '助餐服务', '污水冒溢', '移植修剪', '中考', '助老服务', '乱张贴、乱涂写、乱刻画', '道路维护', '消防通道', '露天焚烧', '超时补课', '公厕导向牌', '测绘管理', '个人档案公开', '售后服务', '群众锻炼', '机构养老', '无证设摊', '隔离护栏', '教师素质', '最低生活保障', '信访接待', '建筑间距及日照', '园林管理', '商贸信息', '其它', '公共交通安全隐患', '户籍政策咨询', '路标路牌', '不文明执法', '房屋产权', '擅自改变房屋使用性质', '人才引进', '历史建筑', '限流限行', '土地征收', '垃圾桶/厢房', '医保报销', '设施破损', '油漆异味', '公共绿化', '孤寡空巢老人关怀', '架空线', '换届选举', '金融资讯', '支内知青补贴', '群体性事件', '路灯', '街头散发小广告', '河道治理', '人员非正常聚集', '违规饲养禽类\n（鸡、鸭、鸽子）', '强讨恶要', '交通噪音扰民', '桥梁', '房屋质量', '独生子女补贴', '私拉电线', '新增设施', '乱晾晒', '金融监管', '垃圾偷倒', '人员资质', '党建中心', '景点资讯', '两“室”建设', '房产信息变更', '无障碍设施', '交通违章', '矛盾纠纷', '地铁客运', '酒店质量', '外墙翻新', '档案管理', '出租车扬招牌', '占道设摊', '高考', '外地户口入学', '费用减免', '特种行业行政许可', '园区', '设施维护', '车容不洁', '社区卫生服务', '河道周边', '架空线坠落', '失独救助', '文化中心', '破墙开门（窗）', '企业改革', '各类消费服务点券卡', '无证照经营', '绿化护栏', '公共场所消防安全隐患', '工时假期', '信鸽', '体检中心', '雨污分流', '改革发展事务', '行道树', '商用房', '劳务中介', '市场供应', '综合中心', '工伤认定']}
2025-05-26 04:08:32,445 ChatBI->     INFO     缩写字段的枚举值： ['夜间施工扰民', '津贴补助', '教育质量', '排堵保畅', '维修服务', '生活娱乐扰民', '物业安保', '停车管理', '文明施工措施不落实', '共享单车停放管理', '非改居', '商业物业', '高空抛物', '居家养老', '工资奖金', '审验登记', '文化场所信息', '表扬办事人员', '小区公共区域维护', '公共停车场', '物业收费', '擅自改建占用共用部分', '校园设施', '事务中心', '装修噪音扰民', '美丽家园', '擅自占用道路堆物、施工', '助残服务', '作业负担', '群租', '垃圾清运', '施工扬尘', '动迁需求', '跨门营业', '占绿毁绿', '违法建筑', '房屋漏水', '规划设计', '经营噪声扰民', '拖欠工资', '小区绿化', '路状路况', '破坏房屋结构', '损坏房屋承重结构', '场地设施', '收费问题', '加装电梯', '餐饮油烟', '道路指示牌', '不文明养宠', '教育改革', '机动车安全隐患', '小区公共设施设备的新增或维修', '公园设施', '市政井盖', '道路保洁', '虫鼠害防治', '业委会改选组建', '控烟禁烟', '公共厕所', '成人教育', '投诉办事人员', '消防设施', '物业纠纷', '动迁矛盾', '流浪犬收治', '文化活动', '公租房', '学籍管理', '卫生城市配套设施', '经适房', '宣传栏（亭）', '廉租房', '入学政策', '景点投诉', '机动车停放管理', '维权咨询', '办理转学', '垃圾分类', '老旧小区改造', '公房管理', '邻里矛盾', '广告灯箱', '景观灯光', '非机动车安全隐患', '维修基金', '居改非', '楼道堆物', '电梯', '居住证', '其他补助', '暴露垃圾', '天桥', '非机动车停放管理', '花架花钵', '危房工程', '道路交通设施', '就业补贴', '道路改建', '广告牌景观灯', '助餐服务', '污水冒溢', '移植修剪', '中考', '助老服务', '乱张贴、乱涂写、乱刻画', '道路维护', '消防通道', '露天焚烧', '超时补课', '公厕导向牌', '测绘管理', '个人档案公开', '售后服务', '群众锻炼', '机构养老', '无证设摊', '隔离护栏', '教师素质', '最低生活保障', '信访接待', '建筑间距及日照', '园林管理', '商贸信息', '其它', '公共交通安全隐患', '户籍政策咨询', '路标路牌', '不文明执法', '房屋产权', '擅自改变房屋使用性质', '人才引进', '历史建筑', '限流限行', '土地征收', '垃圾桶/厢房', '医保报销', '设施破损', '油漆异味', '公共绿化', '孤寡空巢老人关怀', '架空线', '换届选举', '金融资讯', '支内知青补贴', '群体性事件', '路灯', '街头散发小广告', '河道治理', '人员非正常聚集', '违规饲养禽类\n（鸡、鸭、鸽子）', '强讨恶要', '交通噪音扰民', '桥梁', '房屋质量', '独生子女补贴', '私拉电线', '新增设施', '乱晾晒', '金融监管', '垃圾偷倒', '人员资质', '党建中心', '景点资讯', '两“室”建设', '房产信息变更', '无障碍设施', '交通违章', '矛盾纠纷', '地铁客运', '酒店质量', '外墙翻新', '档案管理', '出租车扬招牌', '占道设摊', '高考', '外地户口入学', '费用减免', '特种行业行政许可', '园区', '设施维护', '车容不洁', '社区卫生服务', '河道周边', '架空线坠落', '失独救助', '文化中心', '破墙开门（窗）', '企业改革', '各类消费服务点券卡', '无证照经营', '绿化护栏', '公共场所消防安全隐患', '工时假期', '信鸽', '体检中心', '雨污分流', '改革发展事务', '行道树', '商用房', '劳务中介', '市场供应', '综合中心', '工伤认定']
2025-05-26 05:33:03,578 ChatBI->     INFO     schema linking: {'target_columns': ['事项名称', '事项标签'], 'condition_columns': {}}
2025-05-26 05:33:04,880 ChatBI->     INFO     任务类型: SQL
2025-05-26 05:33:05,946 ChatBI->     INFO     stad sql: SELECT `事项名称`, `事项标签` FROM `HongKouDemo` WHERE `事项名称` LIKE '%公积金%' OR `事项标签` LIKE '%公积金%' LIMIT 10;
2025-05-26 05:33:05,946 ChatBI->     INFO     开始语义分析 ... 
2025-05-26 05:33:05,957 ChatBI->     INFO     非结构化信息为: {}
2025-05-26 05:33:05,957 ChatBI->     INFO     开始缩写分析 ... 
2025-05-26 05:33:05,959 ChatBI->     INFO     要被缩写的字段信息为: {"`事项名称` LIKE '%公积金%'": '公积金'}
2025-05-26 05:33:05,959 ChatBI->     INFO     没有找到<  >对应的视图
2025-05-26 05:33:05,963 ChatBI->     INFO     websocket发送的数据为：{"sql_gen": "SELECT `事项名称`, `事项标签` FROM `HongKouDemo` WHERE `事项名称` LIKE '%公积金%' OR `事项标签` LIKE '%公积金%' LIMIT 10;"}
2025-05-26 05:33:05,964 ChatBI->     INFO     websocket发送的数据为：{"response": [{}]}
2025-05-26 05:33:05,969 ChatBI->     INFO     websocket发送的数据为：{"data_detail": [{}]}
2025-05-26 05:33:06,446 ChatBI->     INFO     websocket发送的数据为：{"result_insight": "很抱歉，我无法找到关于公积金的相关信息。请提供更多的查询细节，以便我能更好地帮助您。"}
2025-05-26 05:33:07,628 ChatBI->     INFO     websocket发送的数据为：{"result_recommand": {"new_query_1": "公积金相关的案件有哪些？", "new_query_2": "公积金处理的主责部门是哪个？", "new_query_3": "公积金案件的平均处理时间是多少天？"}}
2025-05-26 05:40:42,035 ChatBI->     ERROR    Unexpected error occured:(1001, '')
Traceback (most recent call last):
  File "/data/yfzx/liucd/chatbi_deploy2/chatbi_DB/apps/app_main_ws.py", line 64, in websocket_endpoint
    message = await websocket.receive_text()
              ^^^^^^^^^^^^^^^^^^^^^^^^^^^^^^
  File "/root/anaconda3/envs/chatbi/lib/python3.12/site-packages/starlette/websockets.py", line 119, in receive_text
    self._raise_on_disconnect(message)
  File "/root/anaconda3/envs/chatbi/lib/python3.12/site-packages/starlette/websockets.py", line 113, in _raise_on_disconnect
    raise WebSocketDisconnect(message["code"], message.get("reason"))
starlette.websockets.WebSocketDisconnect: (1001, '')
2025-05-26 07:22:44,105 ChatBI->     INFO     schema linking: {'target_columns': ['案件编号'], 'condition_columns': {'发现时间': '2024', '案件描述/内容描述': '道路积水'}}
2025-05-26 07:22:45,877 ChatBI->     INFO     任务类型: SQL
2025-05-26 07:22:47,095 ChatBI->     INFO     stad sql: SELECT COUNT(`案件编号`) AS `道路积水事件数量` FROM `HongKouDemo` WHERE `发现时间` LIKE '2024%' AND `案件描述/内容描述` LIKE '%道路积水%';
2025-05-26 07:22:47,095 ChatBI->     INFO     开始语义分析 ... 
2025-05-26 07:22:47,099 ChatBI->     INFO     非结构化信息为: {"`案件描述/内容描述` LIKE '%道路积水%';": '道路积水'}
2025-05-26 07:22:47,365 ChatBI->     INFO     道路积水 的命名实体判别： no
2025-05-26 07:22:47,368 ChatBI->     INFO     开始对非结构化文档【粗略】检索
2025-05-26 07:22:47,497 ChatBI->     INFO     检索到的文档总数量为：600
2025-05-26 07:22:47,532 ChatBI->     INFO     开始对非结构化文档【深度】检索
2025-05-26 07:22:47,829 ChatBI->     INFO     step_scores: ['yes', 'yes', 'yes', 'yes', 'yes', 'no', 'yes', 'yes', 'no', 'yes', 'no', 'no', 'yes', 'yes', 'yes', 'no', 'no', 'no', 'no', 'yes']
2025-05-26 07:22:47,829 ChatBI->     INFO     层级抽取文档： 市民来电反映:上述地址汉阳路因暴雨道路严重积水，深度已经到了小腿处，市民表示路边停了几十辆机动车，泡水无法启用。诉求：希望管理部门尽快排出积水。 ==> yes  
2025-05-26 07:22:47,829 ChatBI->     INFO     层级抽取文档： 市民来电反映:市民是上述地址商家，可能因为道路上的下水道堵了，雨流不出去，现在积水已经漫到了市民的店里，诉求：请管理部门及时前往疏通下水管道排除积水。

 ==> yes  
2025-05-26 07:22:47,829 ChatBI->     INFO     层级抽取文档： 市民来电反映:8月18日12：50分下了暴雨，虹口区江湾镇新市北路丰镇路处有严重的积水，市民是此处的商铺，现商铺都进水了，之前也有积过水，还没有得到解决现又积水了，现诉求：请管理部门尽快落实解决积水问题。 ==> yes  
2025-05-26 07:22:47,830 ChatBI->     INFO     层级抽取文档： 市民来电反映:上述地址马路上积水严重，现在已经严重影响电瓶车和汽车通行。诉求：望管理部门核实并尽快处理。（市民要求信息保密 无需回复） ==> yes  
2025-05-26 07:22:47,830 ChatBI->     INFO     层级抽取文档： 市民来电反映:上述地址马路上和弄堂内，下雨积水约20几厘米，居民家中已经进水。诉求：希望管理部门尽快排水。 ==> yes  
2025-05-26 07:22:47,830 ChatBI->     INFO     层级抽取文档： 市民来电反映:其是上述地址的居民，近期道路施工，道路没有填平，影响了居民出行，沿街的1-4号的水管敲破了，没有挡板，会暴晒有爆管，诉求：要求规范施工填平道路方便出行。 ==> no  
2025-05-26 07:22:47,830 ChatBI->     INFO     层级抽取文档： 市民来电反映:其上述地址门口人行道道路路面过高比商铺高，8月18日雨水倒灌进入商铺。诉求：要求尽快前来整修处理。(要求回复) ==> yes  
2025-05-26 07:22:47,830 ChatBI->     INFO     层级抽取文档： 市民来电反映：其为松花江路2612弄小区居民，刚才一场暴雨，小区里的积水排不出去，1楼居民家里都要被水淹了，据了解，小区外面松花江路上已经被水淹没了，由于小区外围排水不畅，导致小区里的积水也无法排出。诉求：希望管理部门尽快派人排水。（需回复） ==> yes  
2025-05-26 07:22:47,830 ChatBI->     INFO     层级抽取文档： 市民来电反映:上述地址地址至广粤路路段，无名道路很窄，道路上各种机动车乱停放的现象，严重影响道路通行，属地派出所进行违法处理但未明显改善违法停车问题。诉求：请管理部门对道路有效设置调整，彻底解决违法停车问题（需回复） ==> no  
2025-05-26 07:22:47,830 ChatBI->     INFO     层级抽取文档： 市民来电反映:上述地址天井内下水道堵塞，导致雨水倒灌入上述地址，上述地址入户门口下水道也堵塞，导致雨水倒灌入上述地址，现在上述地址地面有积水，故来电诉求：请管理部门核实尽快派人上门疏通上述下水道。 ==> yes  
2025-05-26 07:22:47,830 ChatBI->     INFO     层级抽取文档： 市民来电反映:上述地址有4个物业都踢皮球，表示小区绿化长期无人养护，道路坑洼严重影响骑行。诉求：要求物业整改（绿化长期无人养护、道路坑洼严重）。 ==> no  
2025-05-26 07:22:47,830 ChatBI->     INFO     层级抽取文档： 市民来电反映:上述地址门口路面上有一个直径半米的坑，不深但上面盖了块布遮着看不见，道路是不分机动车道和非机动车道，对于通行存在安全隐患，诉求：请管理部门核实，要求尽快维修路面。 ==> no  
2025-05-26 07:22:47,830 ChatBI->     INFO     层级抽取文档： 市民来电反映:8月30日上述地址路边靠近公厕的1个消防栓漏水且伴有积水。诉求：请及时维修。 ==> yes  
2025-05-26 07:22:47,830 ChatBI->     INFO     层级抽取文档： 市民来电反映:上述地址在增设电梯，施工队在该处挖了沟，但是沟内有严重的积水，已经发臭，影响居民生活。诉求：请督促尽快施工，并抽水将沟填埋。 ==> yes  
2025-05-26 07:22:47,830 ChatBI->     INFO     层级抽取文档： 市民来电反映：其是上述地址居民，小区于2023年进行了“美丽家园”改造工程，将整个小区路面抬高了近15CM，由此导致下雨积水都溢进底楼市民家中。市民家中也因前两天的暴雨，导致家中很多物品和地板都浸泡在水中。诉求：市民表示当地政府在进行改造时一点也不顾原先小区地势，要求承办部门尽快整改。 ==> yes  
2025-05-26 07:22:47,831 ChatBI->     INFO     层级抽取文档： 市民来电反映:2024年5月左右，街道统一为门面房做门头。其表示安装后每逢下雨就会往门面房进水，渗透到墙体。施工队说是物业的问题，物业称安装门头前没发生过该问题。8月27日上述地址门面房内正在漏水积水。诉求：请予以修复。 ==> no  
2025-05-26 07:22:47,831 ChatBI->     INFO     层级抽取文档： 市民来电反映：市民发现上述地址东体育会路的机动车车道有明显沉降。现市民看到车辆经过会有跳跃。具体落差数值不清楚。市民诉求：希望管理部门尽快解决道路沉降问题。（市民要求信息保密，无需回复） ==> no  
2025-05-26 07:22:47,831 ChatBI->     INFO     层级抽取文档： 【时间:2024/08/1819:17:00,涉事车辆号牌沪G05889】小区道路上停车，阻碍小区其他车辆通行，妨碍小区道路通畅。 ==> no  
2025-05-26 07:22:47,831 ChatBI->     INFO     层级抽取文档： 市民来电反映:上述图书馆所属物业在施工，侵占了公共的人行道道路影响通行，诉求：核实处理不要影响市民通行。（市民要求信息保密 无需回复） ==> no  
2025-05-26 07:22:47,831 ChatBI->     INFO     层级抽取文档： 市民来电反映:其为上述地址居民，楼栋加装电梯导致其家中墙面产生裂缝，雨天会有漏水现象，目前有积水，诉求：希望管理部门核实，并尽快解决漏水问题。 ==> yes  
2025-05-26 07:22:47,831 ChatBI->     INFO     阈值索引为：75, 窗口大小为: 20 
2025-05-26 07:22:47,831 ChatBI->     INFO     确定的文档: 56; 在次确认的文档: 39
2025-05-26 07:22:48,367 ChatBI->     INFO     从39个需再次确认的文档中筛选出的相关文档数量：13
2025-05-26 07:22:48,367 ChatBI->     INFO     示例文档：['市民反映：2024年6月大雨导致积水后，小区物业已经来去处理过；对于后续结果只能继续观察，8月12日市区又降暴雨，其家再次进水，包括周围邻居的情况，比2024年6月要严重。这可能就不是本小区物业能解决的情况了。诉求：望上级部门能亲自出面协调解决。', '市民来电反映:该路段被水淹了，水都流到家里了。诉求：要求尽快疏通。', '市民来电反映:下雨天水位越来越高已经没过人行道一半了，店铺做过增高的，但是下一步就要流到店里了，已经有师傅在疏通了，因为人数不多，反而水位越来越高了。诉求：要求尽快处理不要淹到店里。', '市民反映：任泉根居住虹口区天宝西路248弄5号104室。从北京东路动迁2024年1月份刚入住。最近几月只要外面下大雨或暴雨，天井里就水漫金山到房间里面。只能与智障的孙子一起用脸盆往外排水。主要原因是整个6楼的楼面雨水。通过雨水管直泄天井里面下水道排水不畅。雨水管上面粗最底下细，大雨就是一片瀑布。找物业报修未解决问题。95岁患有严重的心脏病体力实在不行。老伴也95岁患有脑梗行动不便。儿子、孙子都残障人士持有残疾证。诉求：想求助解除天井积水问题。', '市民来电反映:小区靠近1号楼的边门这里，在2023年搞过美丽家园，但是这里一块没有处理，有一个陷下去的地面。导致每次下雨是，这里都会有一大片积水，现在2024年7月-8月经常下大雨，诉求：希望管理部门核实并整改这块地面 ']
2025-05-26 07:22:48,368 ChatBI->     INFO     开始缩写分析 ... 
2025-05-26 07:22:48,373 ChatBI->     INFO     要被缩写的字段信息为: {}
2025-05-26 07:22:48,373 ChatBI->     INFO     没有找到<  >对应的视图
2025-05-26 07:22:48,373 ChatBI->     INFO     sql 语句：SELECT COUNT(`案件编号`) AS `道路积水事件数量` FROM `HongKouDemo` WHERE `发现时间` LIKE '2024%' AND  `案件描述/内容描述` IN (:val0, :val1, :val2, :val3, :val4, :val5, :val6, :val7, :val8, :val9, :val10, :val11, :val12, :val13, :val14, :val15, :val16, :val17, :val18, :val19, :val20, :val21, :val22, :val23, :val24, :val25, :val26, :val27, :val28, :val29, :val30, :val31, :val32, :val33, :val34, :val35, :val36, :val37, :val38, :val39, :val40, :val41, :val42, :val43, :val44, :val45, :val46, :val47, :val48, :val49, :val50, :val51, :val52, :val53, :val54, :val55, :val56, :val57, :val58, :val59, :val60, :val61, :val62, :val63, :val64, :val65, :val66, :val67, :val68)
2025-05-26 07:22:48,394 ChatBI->     INFO     websocket发送的数据为：{"sql_gen": "SELECT COUNT(`案件编号`) AS `道路积水事件数量` FROM `HongKouDemo` WHERE `发现时间` LIKE '2024%' AND `案件描述/内容描述` LIKE '%道路积水%';"}
2025-05-26 07:22:48,394 ChatBI->     INFO     websocket发送的数据为：{"response": [{"道路积水事件数量": 69}]}
2025-05-26 07:22:48,404 ChatBI->     INFO     sql 语句：SELECT * FROM `HongKouDemo` WHERE `发现时间` LIKE '2024%' AND  `案件描述/内容描述` IN (:val0, :val1, :val2, :val3, :val4, :val5, :val6, :val7, :val8, :val9, :val10, :val11, :val12, :val13, :val14, :val15, :val16, :val17, :val18, :val19, :val20, :val21, :val22, :val23, :val24, :val25, :val26, :val27, :val28, :val29, :val30, :val31, :val32, :val33, :val34, :val35, :val36, :val37, :val38, :val39, :val40, :val41, :val42, :val43, :val44, :val45, :val46, :val47, :val48, :val49, :val50, :val51, :val52, :val53, :val54, :val55, :val56, :val57, :val58, :val59, :val60, :val61, :val62, :val63, :val64, :val65, :val66, :val67, :val68)
2025-05-26 07:22:48,736 ChatBI->     INFO     websocket发送的数据为：{"result_insight": "2024年发生了69起道路积水事件。"}
2025-05-26 07:22:50,202 ChatBI->     INFO     websocket发送的数据为：{"result_recommand": {"new_query_1": "2024年哪些街道的道路积水事件最多？", "new_query_2": "2024年道路积水事件的主要发生时间段是什么？", "new_query_3": "2024年道路积水事件的处理情况如何？"}}
2025-05-26 07:24:05,144 ChatBI->     INFO     schema linking: {'target_columns': ['案件编号'], 'condition_columns': {'所属街道': '虹口区', '案件描述/内容描述': '物业管理不善'}}
2025-05-26 07:24:06,445 ChatBI->     INFO     任务类型: SQL
2025-05-26 07:24:07,711 ChatBI->     INFO     stad sql: SELECT COUNT(`案件编号`) AS `投诉物业管理不善事件数量` FROM `HongKouDemo` WHERE `所属街道` = '虹口区' AND `案件描述/内容描述` LIKE '%物业管理不善%';
2025-05-26 07:24:07,711 ChatBI->     INFO     开始语义分析 ... 
2025-05-26 07:24:07,715 ChatBI->     INFO     非结构化信息为: {"`案件描述/内容描述` LIKE '%物业管理不善%';": '物业管理不善'}
2025-05-26 07:24:07,970 ChatBI->     INFO     物业管理不善 的命名实体判别： no
2025-05-26 07:24:07,971 ChatBI->     INFO     开始对非结构化文档【粗略】检索
2025-05-26 07:24:08,085 ChatBI->     INFO     检索到的文档总数量为：589
2025-05-26 07:24:08,129 ChatBI->     INFO     开始对非结构化文档【深度】检索
2025-05-26 07:24:08,775 ChatBI->     INFO     step_scores: ['yes', 'yes', 'yes', 'yes', 'yes', 'yes', 'yes', 'yes', 'yes', 'yes', 'yes', 'yes', 'yes', 'yes', 'yes', 'yes', 'yes', 'yes', 'no', 'yes']
2025-05-26 07:24:08,775 ChatBI->     INFO     层级抽取文档： 市民来电反映:其居住在上述地址小区，市民称小区物业管理混乱，市民表示物业经理从几年前开始患病后物业公司没有安排新的物业经理。导致小区内安全隐患严重，诉求：要求管理部门处理物业问题 ==> yes  
2025-05-26 07:24:08,775 ChatBI->     INFO     层级抽取文档： 市民来电反映:上述地址有噪音扰民的情况，市民联系物业反映，其还没有了解情况没有处理行为就告知市民无法处理。据不承认自己的行为。对业务进行推诿。诉求：投诉物业不作为，希望主管部门按照物业管理处罚法的相关规定处罚物业。（市民要求信息保密 需回复） ==> yes  
2025-05-26 07:24:08,775 ChatBI->     INFO     层级抽取文档： 市民来电反映:上述地址居民家排污管道漏水向物业公司反映但是物业公司不负责任现在又漏水了，诉求：告知物业公司名称并加强物业管理（需回复） ==> yes  
2025-05-26 07:24:08,775 ChatBI->     INFO     层级抽取文档： 市民来电反映:市民是上述地址居民，8月12日居委会联系市民说市民家被淹了。市民回家发现家中有很深的积水，漂浮着很多垃圾。市民表示是物业管理不善没有及时清理垃圾导致市民家被淹。诉求：希望管理部门核实情况对物业管理不善导致市民家被淹给予解决方案。 ==> yes  
2025-05-26 07:24:08,775 ChatBI->     INFO     层级抽取文档： 市民反映：弘久北外滩小区居民投票选举业委会筹备，在280票当选的情况下，北外滩街道分管科取消了业主的当选权。质疑北外滩街道在小区业主大会筹备工作中的区别对待、不透明、不专业。按照上海市物业管理规定，街道应在收到业主书面申请（6月6日），60日内（8月6日）组建筹备组，但原应由街道指派的筹备组组长至今仍未出面，也未与投票选出的业主代表进行过沟通，目前出面的均为居委代表。要求由街道官方说明筹备组公告延期的情况，依据的法规，后续的进度，而不是由居委代表微信转达。诉求：投诉业委会选举违规。 ==> yes  
2025-05-26 07:24:08,775 ChatBI->     INFO     层级抽取文档： 市民来电反映:上述地址小区物业管理混乱。现在整个小区都有居民在绿化带内种植蔬菜瓜果乱象。诉求：请管理部门核实查处整治。（市民要求信息保密 需回复） ==> yes  
2025-05-26 07:24:08,775 ChatBI->     INFO     层级抽取文档： 【重新交办，要求：答复要点和实际情况不符。反映至今清扫问题没有改善，楼道每天一次的清扫都扫不了，并且物业最近还请了一个80多岁的老人，对方在垃圾箱房旁边不知道干嘛。诉求：要求解决反映的问题。最近办结的工单编号:20240726030095 ,工单内容：市民来电反映:小区楼道没人清扫，清扫频率不够，楼道脏，物业不作为不管理，故来电投诉，要求提高楼道清扫频率，否则居民就拒付物业费。（市民要求信息保密 需回复）】 ==> yes  
2025-05-26 07:24:08,775 ChatBI->     INFO     层级抽取文档： 市民反映：自2021年由居委会主导的业委会改选失败，至今小区一直是没有业委会的状态。小区目前无人管理，脏乱差，小区业主无法办理正常停车，临时车辆可以停车，违规使用小区业主账户费用的情况，例如绿化修剪，70万用的是业主费用并未讨论通过。美丽家园施工后，很多摄像头未恢复功能。凉城路门头有安全隐患，一头立柱搭在小区门卫房子上方。诉求：请管理部门尽快帮助成立业委会。 ==> yes  
2025-05-26 07:24:08,775 ChatBI->     INFO     层级抽取文档： 【发生时间:2024/06/1112:14:00,持续时间:未提供】9号门口旧空调冰箱洗衣机堆放严重影响小区环境本来就是老小区开车不方便原本一根车道能行驶，现在不能开车了。反应好几次居委会不管，物业不管请求有关部门了解下 ==> yes  
2025-05-26 07:24:08,775 ChatBI->     INFO     层级抽取文档： 市民来电反映:市民称8月12日因为上述地址楼顶堵塞，下雨导致家里全是水，物业一开始表示是市民家里的责任，后来看了才知道不是市民家里问题，物业表示这个是街道责任，后面也没有人对接，希望管理部门尽快对接处理.     ==> yes  
2025-05-26 07:24:08,775 ChatBI->     INFO     层级抽取文档： 市民来电反映:上述地址大楼漏水至今已2年多但问题仍未解决，现市民表示整栋楼居民都拒缴物业费来抗议，故来电希望管理部门介入尽快解决大楼漏水问题。 ==> yes  
2025-05-26 07:24:08,775 ChatBI->     INFO     层级抽取文档： 市民来电反映:上述地址在进行美丽家园施工。施工有几个问题。第一：小区是有一个移动建筑垃圾垃圾厢占用了公共停车位。第二：6号7号8号楼的南面的外墙雨水管道都是排到2楼的平台，平台也没有做排水导致2楼平台存在积水。第三：6号楼和8号楼的1楼到2楼的楼梯地面都没有修复。诉求：请管理部门核实尽快处理。 ==> yes  
2025-05-26 07:24:08,775 ChatBI->     INFO     层级抽取文档： 市民来电反映:上述地址是商铺，已拿到街道装修许可，但所属物业故意刁难，还停水、电组织施工，请属地管理部门帮助协调。需回复    ==> yes  
2025-05-26 07:24:08,776 ChatBI->     INFO     层级抽取文档： 市民来电反映:8月28日下午向上述地址狮城物业咨询款项支出事宜，工作人员顾路晨态度极其不耐烦，并且与另一位顾主管交流时表示来电人不讲道理。诉求：投诉物业工作人员态度差。
 ==> yes  
2025-05-26 07:24:08,776 ChatBI->     INFO     层级抽取文档： 市民来电反映:称其是上述地址居民，市民表示家里阳台漏水严重，一个月前报修宏祥物业，至今都无人上门，始终无法给到明确答复何时来维修，后来又说包给了美丽家园，诉求：请管理部门核实并尽快上门解决阳台漏水问题。 ==> yes  
2025-05-26 07:24:08,776 ChatBI->     INFO     层级抽取文档： 【重新交办，关联工单：20240812017031】回访市民：【急次】市民称：承办部门已联系，物业只是告知不是他们的事情，没有办法，美丽家园还在保修期，让其再次反馈热线，无其他回复和措施，热线告知办结报告，市民表示答复和实际不符，排水系统美丽家园已换新，老百姓自己找寻沙袋挡水，并非物业居委处理的，该处地坪过低导致漫水，无任何处理措施，大雨天依然会出现问题，希望管理部门再次办理。诉求：请管理部门核实处理。【最近办结工单号：20240812017031，工单内容：市民来电反映:其是上述地址居民，其表示现在2024年8月12日由于下大雨其现在家中有水都漫到家中了，表示联系不到物业居委希望管理部... ==> yes  
2025-05-26 07:24:08,776 ChatBI->     INFO     层级抽取文档： 【重新交办，要求：答复要点与实际情况不符，市民表示虹口区人民政府下属城建中心没有根据市民提出房产交易中心开具证明是否属于权威给出答复，还有物业保安明明把自己机动车拦在外面，且有证据，还有之前多次报警也有记录的，还有未何居委跟保安说一声就能进来，而自己要进小区却不让进，诉求：请管理部门按照市民提出的问题回复处理结果。最近派发的工单编号:20240712006992，工单内容:重新交办,要求：前件办结报告与事实不符，要求：1市民质疑可以提供最新的房产交易中心出具的业主证明，物业有什么权利可以否定政府权威机构出具的最新的业主证明。2市民质疑物业强制要求提供30-40年前的房产证以证明是业主，否... ==> yes  
2025-05-26 07:24:08,776 ChatBI->     INFO     层级抽取文档： 市民来电反映:上述小区6楼水管因为物业没有及时疏通，导致水管爆了，导致其4楼天花板漏水。物业答应给其一个处理方案。到现在没有答复其。诉求：管理部门核实协调物业尽快给其解决方案 ==> yes  
2025-05-26 07:24:08,776 ChatBI->     INFO     层级抽取文档： 市民来电反映:市民来电反映虹口区东体育会路1091号在做美丽家园，施工方野蛮施工，屡次碰坏业主车辆，噪音扰民，工程偷工减料，原本有防水的，但施工后去不做防水，之后不做后续处理，垃圾灰尘严重。诉求：希望管理部门核实，对此给予市民合理的解决方案 ==> no  
2025-05-26 07:24:08,776 ChatBI->     INFO     层级抽取文档： 市民来电反映:市民是上述地址居民，小区进行美丽家园，但是美丽家园没有对落水管进行改造。诉求：建议管理部门对小区老化落水管进行改造 ==> yes  
2025-05-26 07:24:09,539 ChatBI->     INFO     step_scores: ['yes', 'no', 'yes', 'yes', 'yes', 'yes', 'yes', 'no', 'yes', 'yes', 'yes', 'no', 'yes', 'no', 'yes', 'yes', 'yes', 'yes', 'no', 'yes']
2025-05-26 07:24:09,539 ChatBI->     INFO     层级抽取文档： 市民来电反映:6月份上述地址居民将厨房搬到客厅，改变房屋结构，导致房屋漏水，影响楼下居民，物业对此不管，向街道房办反映，无果，诉求：要求尽快核实给到解决方案。
 ==> yes  
2025-05-26 07:24:09,539 ChatBI->     INFO     层级抽取文档： 市民来电反映:其购买该处房屋，开发商让市民预交物业费才能收房，之前反映后房屋管理部门告知没有政策规定要求预交物业费才能收房给钥匙，开发商才给市民房屋钥匙，8月20日收到通知让市民支付15000多元物业费和其他滞纳金，故市民对此不满，市民称不能拿钥匙是开发商设置障碍，诉求：请管理部门核实告知收费是否合规。 ==> no  
2025-05-26 07:24:09,539 ChatBI->     INFO     层级抽取文档： 【重新交办,要求：按答复要点告知市民,市民表示答复要点与实际不符，实际市民家门口旁边有2个工棚，并且表示邻居还将垃圾扔在工棚内，天气炎热，导致市民不敢开门，市民晾晒衣服时，504会将自己的衣物搭在其衣物上，并且居委会也不管。诉求：要求管理部门核实并再次处理。最近办结的工单编号:20240807034025，工单内容:市民来电反映: 上述地址居民一直往1楼花坛里仍垃圾，市民多次向小区居委和街道派出所举报过，但当事人并未整改，要求管理部门加强监管力度。】 ==> yes  
2025-05-26 07:24:09,539 ChatBI->     INFO     层级抽取文档： 【重新交办，要求：告知市民答复要点，市民表示答复与事实不符，物业至今还未前来检查漏水点，至今还未修复漏水问题，市民表示该处物业进行过加层，厨房都有放大，墙壁都有水的，美丽家园改造也表示该问题需要找物业的，故来电反映，诉求：请核实确认督促尽快查明漏水原因，进行修复漏水问题。（需回复）最近办结的工单编号：20240419024049，工单内容：市民来电反映:其是上述地址的居民，其家中房屋平时不下雨也会有渗水情况，已经存在几十年，市民表示按照规定是不能渗水的，目前小区也正好在进行美丽家园改造，诉求：希望管理部门核实处理，彻底解决其房屋渗水情况。】 ==> yes  
2025-05-26 07:24:09,539 ChatBI->     INFO     层级抽取文档： 【重新交办,要求：按答复要点告知市民,市民表示答复要点与实际不符，2号2002室从回复开始到现在一直频繁放处理，最近更是每天放出来，诉求：希望管理部门核实并居委会采取切实有效的措施彻底解决这个问题，由于这个问题没有解决，已经有多户人家效仿他，纷纷把垃圾放在门外的公共部位，请相关管理部门履行职责。（市民要求信息保密 无需回复）最近办结的工单编号:20240605002899，工单内容:市民来电反映:上述地址居民无数次将垃圾放在室外的公共走廊上，有其他居民指出这一问题，扔垃圾的居民就在近300个人的小区微信群内多次诽谤指出问题的人心理有问题，... ==> yes  
2025-05-26 07:24:09,539 ChatBI->     INFO     层级抽取文档： 【重新交办,要求：按答复要点告知市民,市民表示答复要点不明确,业主仍没有自行整改，告知书也没有写明期限时间。诉求：要求明确时间节点。最近办结的工单编号:20240719018753，工单内容:市民来电反映:上述地址居民在楼道公共部位堆放垃圾，物业劝阻也没有效果，现在垃圾依旧防止在楼道内。诉求：请管理部门核实并督促清理楼道内堆放的垃圾。】 ==> yes  
2025-05-26 07:24:09,539 ChatBI->     INFO     层级抽取文档： 市民来电反映：其为上述小区居民，目前家里在装修，产生了很多建筑垃圾，其找物业清运垃圾，物业拒绝为其提供服务，称其没有支付物业费，市民表示之前其对于小区维修基金存疑，的确没有支付物业费。诉求：希望街道介入，协调物业清运垃圾。（需回复） ==> yes  
2025-05-26 07:24:09,539 ChatBI->     INFO     层级抽取文档： 市民反映：新陆花苑小区的美丽家园工程是2023～2024年期间进行的，于2004年5月交付使用，目前出现问题较多，暂罗列三条紧要的：1、小区绿化：高大植株改矮小植株且存活率低。2、地库及电梯积水：地库偶有居民滑倒、电梯泡水直接导致安全隐患。3、楼道空心地砖：现在部分地砖出现了松动。诉求：望上级部门核实处理美丽家园工程问题。 ==> no  
2025-05-26 07:24:09,540 ChatBI->     INFO     层级抽取文档： 市民来电反映:上述地址8号楼2楼，有两户居民正在进行室内装修，同一家施工单位，前几天装修导致水管故障，8月23日施工导致燃气管道故障。诉求：希望核实施工部门是否与物业报备过，流程是否合理，希望物业对其加强监管。（市民要求信息保密 需回复） ==> yes  
2025-05-26 07:24:09,540 ChatBI->     INFO     层级抽取文档： 市民来电反映: 其是该处的居民，屋顶在下雨的时候漏水，联系物业多次，一直没有进行维修。诉求：希望管理部门督促物业尽快维修。 ==> yes  
2025-05-26 07:24:09,540 ChatBI->     INFO     层级抽取文档： 市民来电反映:上述地址小区内有一条林荫小路，原先都设置的非常好，但是居委会欺骗业主，让业主同意在该处修塑胶跑道进行改动，没有通过业委会投票处理，市民对此不认可，并且该处小区有两个小区合并，该处小路在新小区的位置，但是却让旧小区居民进行投票，市民表示非常不合理，该处目前已经开始施工，诉求：投诉居委会该行为，希望管理部门核实处理，让该处停止施工，改造希望通过业委会投票决定，不要居委会擅自决定。 ==> yes  
2025-05-26 07:24:09,540 ChatBI->     INFO     层级抽取文档： 市民来电咨询:公司目前在上址商业楼内装修，物业问其收物业管理费，且称是上海市的规定，市民咨询是否有相应的规定。诉求：请管理部门核实告知。 ==> no  
2025-05-26 07:24:09,540 ChatBI->     INFO     层级抽取文档： 市民来电反映:上述地址为假三层洋房，2楼的屋檐漏水了漏到市民家中，物业告知是树叶掉落导致下水堵塞。诉求：请管理部门核实情况要求重新规划下水设施。 ==> yes  
2025-05-26 07:24:09,540 ChatBI->     INFO     层级抽取文档： 市民来电咨询:不清楚房屋的物业公司是哪个公司，诉求：要求管理部门核实告知上述地址的所属物业公司名称。 ==> no  
2025-05-26 07:24:09,540 ChatBI->     INFO     层级抽取文档： 市民反映：虹口区相关部门在新弘逸品嘉苑小区业主大会筹备工作中不作为，慢作为，乱作为。北外滩街道应掌握本小区的集中交付时间2024年1月~2月，未指导和监督开发商按时提交成立业主大会申请，反而配合开发商不以交付率，而以入住率统计来愚弄广大业主。直到小区业主自发提出证据，发出书面要求，及12345投诉后，街道6月才开始启动工作。延误3个月。按住建委规定，街道应组织、指导成立筹备组工作，但街道从未书面公布本小区筹备流程、进度要求和街道负责人联系方式，也未指派、公示筹备组组长。在6月7日接到业主书面要求后，应按规定60天内（8月7日）组建筹备组，但街道未按规定，对筹备组成员名单（缺少组长，居委代... ==> yes  
2025-05-26 07:24:09,540 ChatBI->     INFO     层级抽取文档： 【重新交办，要求：按答复市民要点告知市民，答复市民要点与实际情况明显不符，市民表示回收箱子都是健身步道都浇上水泥后才放上公共健身步道，而且每天收物品回收的物流车每次开进来，都会占小区的通道，要等车子开走才能正常，市民对管理部门答复非常不认可，市民要求实事求是，不要胡编乱造，市民要求告知为何回收车可以挡住小区通道，而且市民表示管理部门也没有联系市民，诉求：希望管理部门核实问题，要求尽快回复。（市民要求信息保密，需回复）最近办结的工单编号：20240726025218，工单内容：市民反映：物业破坏公共健身步道，安装废品回收机，健身器材设施不维护，不完善还要破坏。诉求：投诉物业，要求整改。（市... ==> yes  
2025-05-26 07:24:09,540 ChatBI->     INFO     层级抽取文档： 市民来电反映:上述小区征询过业主确定垃圾堆放点在1号2号车位，现没有做过任何征询就放在道闸口，导致3幢楼的垃圾都有堆放在此，要求立即整改，此处堆放点建生活垃圾和建筑垃圾房都不符合相关规定  诉求：小区任何改造都要事先征询业主意见，做到公开 公正，透明，望管理部门核实整改（市民要求信息保密 无需回复） ==> yes  
2025-05-26 07:24:09,540 ChatBI->     INFO     层级抽取文档： 重新交办，要求：答复内容与实际不符，市民表示该区域堆放的并非是美丽家园工程产生的垃圾，而是居民家里装修产生的垃圾，其有照片为证，市民表示小区内原先各楼栋的建筑垃圾都是各自堆放在门口的，目前居委会和业委会却在小区外面的露天区域圈了一块地方，让各楼栋的垃圾都集中在一起堆放，说是临时堆放点，实际是永久堆放的，距离200号居民楼不足10米，08室的居民家里都无法开窗、晾晒，严重影响正常生活。现诉求：希望管理部门尽快介入，要求尽快清理该区域的垃圾，并取消该堆放点。（市民要求信息保密，无需回复）【最近办结的工单号：20240815033011，工单内容：市民来电反映:上述地址（玉四花苑）存在堆放建筑... ==> yes  
2025-05-26 07:24:09,540 ChatBI->     INFO     层级抽取文档： 市民来电反映:其是居住在上述地址的居民，8月15日9：50分左右放在门口的柜子被城管私自搬走了，事先没有任何通知，市民是通过家中监控才看到一群城管来拿的。诉求：市民希望管理部门就城管私自将其柜子搬走给予合理解释。（需回复） ==> no  
2025-05-26 07:24:09,540 ChatBI->     INFO     层级抽取文档： 市民来电反映:其住上述地址，该处2022年做了美丽家园工程，现在阳台那里下雨就漏水，物业找了美丽家园的人去处理但对方只去看了一下就走了，诉求：要求尽快维修外墙。  ==> yes  
2025-05-26 07:24:10,331 ChatBI->     INFO     step_scores: ['no', 'yes', 'no', 'yes', 'yes', 'yes', 'yes', 'no', 'no', 'yes', 'yes', 'yes', 'yes', 'yes', 'no', 'no', 'no', 'no', 'yes', 'yes']
2025-05-26 07:24:10,331 ChatBI->     INFO     层级抽取文档： 【重新交办，按答复市民要点告知市民，市民表示答复市民要点与实际情况明显不符，市民称内阳台漏水问题目前还未解决 。诉求：希望管理部门核实解决漏水问题。 最近办结的工单编号：20240809010260，工单内容：重新交办，要求：答复要点与实际情况不符，市民告知前些时间人不在家，反映的问题并没有解决，现在人已回家，请管理部门协调尽快解决。工单内容:市民来电反映:上述小区正在进行美丽家园改造，现下大雨时市民家的雨棚有漏水现象，同时之前刷墙的油漆掉在市民的窗户上，虽然清洗了一下但痕迹明显，上述两个问题都是改造后发生的。诉求：请管理部门为市民解决以上两个问题。】  ==> no  
2025-05-26 07:24:10,331 ChatBI->     INFO     层级抽取文档： 市民来电反映: 上述地址居住的老人是个拾荒的人，此人会在1楼铁门内的公共的停车棚边上堆放很多很多的杂物，有很多的纸箱子等易燃物，存在消防隐患，市民表示还有恶臭和蟑螂，要求尽快清理掉。 ==> yes  
2025-05-26 07:24:10,331 ChatBI->     INFO     层级抽取文档： 市民来电反映:之前由于美丽家园改造，在水电路386弄金属新村大门口临时放置了投放垃圾的装置，但目前改造工程已结束，仍未移走该装置，导致小区车辆进出困难，而且旁边有个加油站，车辆进出很多，常常堵住。诉求：请管理部门尽快移走上述垃圾投放装置（需回复）。 ==> no  
2025-05-26 07:24:10,331 ChatBI->     INFO     层级抽取文档： 市民反映：唐山路923号乐家渔坊饭店一直将泡沫箱、湿垃圾桶、废绿植、各类生活垃圾，堆放在唐山路921号居民区停车场及和光寓一楼（背侧）区域，导致居民环境脏乱差，并且杂物及垃圾堆放区域为高层住宅消防通道，诉求：请管理部门督促物业加强垃圾清理和杂物管理。（市民要求无需回复） ==> yes  
2025-05-26 07:24:10,331 ChatBI->     INFO     层级抽取文档： 市民反映：北外滩街道应掌握本小区的集中交付时间24年1-2月，未指导和监督开发商按时提交成立业主大会申请，反而配合开发商不以交付率，而以入住率统计来愚弄广大业主，直到小区业主自发提出证据，发出书面要求街道6月才开始启动工作，按住建委规定，街道应组织、指导成立筹备组工作，但街道从未书面公布本小区筹备流程、进度要求和街道负责人联系方式，也未指派、公示筹备组组长，在6月7日接到业主书面要求后，应按规定60天内（8月7日）组建筹备组，但街道未按规定，对筹备组成员名单（缺少组长，居委代表，开发商代表名单）进行公告，而是变成了仅针对业主代表名单的单独“公示”，或至8月底才能进行法规要求的“公告”，导... ==> yes  
2025-05-26 07:24:10,331 ChatBI->     INFO     层级抽取文档： 市民反映：北外滩街道应掌握上述小区的集中交付时间2024年1-2月，未指导和监督开发商按时提交成立业主大会申请，反而配合开发商不以交付率，而以入住率统计来愚弄业主，直到小区业主自发提出证据，发出书面要求，及12345投诉后，街道6月才开始启动工作，延误了3个月。按住建委规定，街道应组织、指导成立筹备组工作，但街道从未书面公布小区筹备流程、进度要求和街道负责人联系方式，也未指派、公示筹备组组长。在6月7日接到业主书面要求后，应按规定60天内（8月7日）组建筹备组，但街道未按规定，对筹备组成员名单（缺少组长，居委代表，开发商代表名单）进行公告，而是变成了仅针对业主代表名单的单独“公示”，或至... ==> yes  
2025-05-26 07:24:10,331 ChatBI->     INFO     层级抽取文档： 市民来电反映:其是上述地址居民，家中一直都漏水的情况，向物业报修，物业表示需要动用维修基金，需要通过嘉兴路街道让业委会签字通过，诉求：要求协调处理漏水的问题. ==> yes  
2025-05-26 07:24:10,331 ChatBI->     INFO     层级抽取文档： 市民来电反映:广中二村美丽家园工程，要在海虹苑和广中二村中间的小区消防通道装一个闸道，设门卫岗亭，广同物业和广二居委拿出60年代规划图，称这条路是他们小区，市民表示当时并没有海虹苑，所以他们拿的是虚假的文件来建设美丽家园，现已拆除了广二小区的铁门，广同物业在这条路上建了2个门岗，一个是海虹苑的，一个是广二的门岗，当初是为了方便管理，建了门岗，但是现在他们把那个墙也拆掉了，把这边变为了一条路，所有的车子都从这边进出，车辆可随意进入海虹苑。诉求：要求广中二村恢复2000年左右的小区大门，关于设置通道的问题，应该征得海虹苑小区居民的同意，要求与业主面对面沟通。（市民要求信息保密 需回复） ==> no  
2025-05-26 07:24:10,331 ChatBI->     INFO     层级抽取文档： 市民反映：2021年上述小区业委会选举失败后，至今小区没有业委会，业主诉求无门，居委，房办不作为，已经4年了。诉求：希望街道督促尽快成立业委会，尽快出时间流程节点方案。 ==> no  
2025-05-26 07:24:10,331 ChatBI->     INFO     层级抽取文档： 市民来电反映:上述小区业委会与物业公司签订服务合同中，市民认为部分条款对小区不公平，市民来电投诉小区业委会。诉求：希望管理部门核实处置 ==> yes  
2025-05-26 07:24:10,331 ChatBI->     INFO     层级抽取文档： 市民来电反映:其是上述地址房屋居民，该处是4、5年前房屋动迁至该处的，现在该处房屋外墙漏水，并且存在渗水到市民家中问题，家中地板翘起来了，市民联系过物业和开发商，都只看了一眼就结束了，没有进行相应处理，至今已经一个月了没有维修。诉求：希望管理部门核实并帮助维修家中房屋。 ==> yes  
2025-05-26 07:24:10,331 ChatBI->     INFO     层级抽取文档： 市民反映：虹口区相关部门在新弘逸品嘉苑小区业主大会筹备工作中不作为，北外滩街道应掌握新小区的集中交付时间2024年1-2月，未指导和监督开发商按时提交成立业主大会申请，反而配合开发商不以交付率，而以入住率统计来愚弄业主，直到小区业主自发提出证据，发出书面要求，北外滩街道6月才启动工作，延误3个月。按住建委规定，街道应组织、指导成立筹备组工作，但街道从未书面公布小区筹备流程、进度要求和街道负责人联系方式，也未指派、公示筹备组组长。6月7日接到业主书面要求后，应按规定60天内（8月7日）组建筹备组，但街道未按规定，对筹备组成员名单（缺少组长，居委代表，开发商代表名单）进行公告，而仅针对业主代... ==> yes  
2025-05-26 07:24:10,332 ChatBI->     INFO     层级抽取文档： 市民来电反映:上述地址，小区没有提供回收纸板箱类垃圾的服务，称应该是物业收的，但物业不收，反而是设置的建筑垃圾堆放点不合理，车辆驶过容易磕碰，诉求：要求物业提供回收垃圾的服务并调整建筑垃圾堆放点的位置。（信息保密 需回复） ==> yes  
2025-05-26 07:24:10,332 ChatBI->     INFO     层级抽取文档： 市民来电反映: 8月8日业委会通知8月7-8月15日投票，物业法里18条里规定，四分之三的人要参与，且没有任何事项，就要先进行投票。市民认为这样的投票非常不合理。诉求：请管理部门核实，整治不合规操作。市民不要街道回复，要求区里回复。（信息保密，需回复） ==> yes  
2025-05-26 07:24:10,332 ChatBI->     INFO     层级抽取文档： 市民来电反映:虹口区逸仙路158号7楼701-703室将办公楼改成住宅供人居住，现正施工，还将消防通道都堵了，诉求：举报上述情况，要求尽快去整治查处。（市民要求信息保密 需回复） ==> no  
2025-05-26 07:24:10,332 ChatBI->     INFO     层级抽取文档： 市民反映：北外滩街道应掌握本小区的集中交付时间2024年1-2月，未指导和监督开发商按时提交成立业主大会申请，反而配合开发商不以交付率，而以入住率统计来愚弄广大业主，按住建委规定，街道应组织、指导成立筹备组工作，但街道从未书面公布本小区筹备流程、进度要求和街道负责人联系方式，也未指派、公示筹备组组长，在6月7日接到业主书面要求后，应按规定60天内，即8月7日组建筹备组，但街道未按规定，对筹备组成员名单，缺少组长，居委代表，开发商代表名单进行公告，而是变成了仅针对业主代表名单的单独“公示”，或至8月底才能进行法规要求的“公告”，导致筹备组未在规定的60天内组建，街道违反公示规定，在公示期结... ==> no  
2025-05-26 07:24:10,332 ChatBI->     INFO     层级抽取文档： 市民来电反映:小区柏油地面之前美丽家园施工后没有铺好，地面已经起毛了，现在地面很粗糙，特别是17号附近，希望管理部门再次铺平。8/12 15：01首联市民。市民反映美丽家园施工已经4-5年了 ==> no  
2025-05-26 07:24:10,332 ChatBI->     INFO     层级抽取文档： 市民来电反映:上述地址小区做过美丽家园改造，居民装修由城管接管，对家家户户装修的都进行了多多少少的罚款，但是未出具任何的凭证，请相关部门核实并督促尽快给到凭证。（需回复） ==> no  
2025-05-26 07:24:10,332 ChatBI->     INFO     层级抽取文档： 【重新交办，已按答复要点告知市民，市民表示答复要点不明确，其的车原本是锁好的，是他们把车拿到绿化带的，且把锁弄掉了，导致自己没有找到车。诉求：要求付相应的责任。最近办结的工编号：20230611011702，工单内容：【投诉】市民来电反映:相关工单：20230307018680，承办单位不作为，至今已经反映3年，其当时车辆锁在门口，于2021年下半年施工导致其车辆不见，还告知放置在绿化带，其根本找不到，还要其提供照片，故市民来电反映。诉求：请管理部门核实，对于存在不作为、推诿给予说法。】 ==> yes  
2025-05-26 07:24:10,332 ChatBI->     INFO     层级抽取文档： 【重新交办，要求：答复要点与实际不符，管理人员承诺在使用这个垃圾箱时会洒水减少尘土的飞扬，和定时开放垃圾箱的使用，目前垃圾箱24小时开着，建筑垃圾倒入集装车时也没有进行洒水工作，导致洗好的衣服上都脏了。诉求：实行之前管理人员的承诺事项或使用前提前通知附近居民以免造成不必要的困扰。最近办结的工单编号:20240518003285，工单内容:市民来电反映:上述地址小区2023年5月开始美丽家园改造，小区18号楼栋西面的绿化竹林带被改造加建了一个垃圾箱房用来放建筑垃圾，市民表示该情况并未公示，且此处是小区的一个通道，后续的建筑垃圾清理处理的话会造成扬尘且不雅观，对于市民的生活有极大的影响。诉求... ==> yes  
2025-05-26 07:24:10,332 ChatBI->     INFO     阈值索引为：266, 窗口大小为: 20 
2025-05-26 07:24:10,332 ChatBI->     INFO     确定的文档: 247; 在次确认的文档: 39
2025-05-26 07:24:11,465 ChatBI->     INFO     从39个需再次确认的文档中筛选出的相关文档数量：24
2025-05-26 07:24:11,465 ChatBI->     INFO     示例文档：['【发生时间:2024/08/2306:47:00,持续时间:未提供】2024年8月23日，小区垃圾厢房依旧回到了原来脏乱差的原样，对居民造成了巨大的安全隐患以及困扰，要求整改，也一直整改不到位，保洁人员张某夫妇好多次辱骂小区业主，并且也未遵守江湾镇街道制定的三天一清空垃圾厢房的工作制度，导致垃圾厢房内堆积严重，有着易燃的风险！一号楼垃圾厢房内易燃物堆积如山，对居民安全造成了非常大的隐患有哪一个把垃圾厢房管理的如此糟糕？希望相关部门彻查三九大厦小区垃圾厢房问题！！！', '市民来电反映:上述小区的楼道内有屎尿的臭味，且异味非常大，物业已经好久没有来打扫了。诉求：请管理部门核实，要求尽快安排清理楼道。（市民要求信息保密 无需回复）', '市民来电反映:上述地址小区以前公建配套的门卫室，一直被他人占用开了一家店铺，物业调档查询到没有户主信息，询问店铺也拒绝告知是问哪个单位借的。诉求：希望核实并让其整改。', '市民来电反映:上述地址业主是一位独居的残疾老人，平时不方便打扫，房屋内已经散发出臭味，整个漏洞都能闻到，市民向小区居委好会反映，希望居委能安排志愿者上门帮其打扫房间，居委工作人员告知其没有相关服务，让上述业主自行申请长护险，市民认为居委会应该以居民困难为前提，帮助居民解决，并非推诿。诉求：请管理部门核实，并派人帮上述业主清理打扫房间。（市民要求信息保密 需回复）', '【重新交办,要求：按答复要点告知市民,市民表示答复要点不明确,是汉庭酒店和优族服务公寓，这2者的之间绿化地紧邻上述地址的绿化带，紧邻的绿化带中有未及时清理的泡沫塑料等垃圾，垃圾积水，重点区域在是汉庭酒店和优族服务公寓，这2者的之间绿化地。最近办结的工单编号:20240712019801，工单内容:市民来电反映:上述地址花江公寓（已与市民核对多次）旁边是汉庭酒店、优族服务公寓，上述连在一起的建筑和松花江路2612弄公寓之间的绿化带中有未及时清理的泡沫塑料等垃圾，垃圾积水，容易滋生蚊虫苍蝇。诉求：请管理部门尽快核实安排清理绿化带中的垃圾。（市民要求信息保密，无需回复）】']
2025-05-26 07:24:11,467 ChatBI->     INFO     开始缩写分析 ... 
2025-05-26 07:24:11,489 ChatBI->     INFO     要被缩写的字段信息为: {}
2025-05-26 07:24:11,489 ChatBI->     INFO     没有找到<  >对应的视图
2025-05-26 07:24:11,489 ChatBI->     INFO     sql 语句：SELECT COUNT(`案件编号`) AS `投诉物业管理不善事件数量` FROM `HongKouDemo` WHERE `所属街道` = '虹口区' AND  `案件描述/内容描述` IN (:val0, :val1, :val2, :val3, :val4, :val5, :val6, :val7, :val8, :val9, :val10, :val11, :val12, :val13, :val14, :val15, :val16, :val17, :val18, :val19, :val20, :val21, :val22, :val23, :val24, :val25, :val26, :val27, :val28, :val29, :val30, :val31, :val32, :val33, :val34, :val35, :val36, :val37, :val38, :val39, :val40, :val41, :val42, :val43, :val44, :val45, :val46, :val47, :val48, :val49, :val50, :val51, :val52, :val53, :val54, :val55, :val56, :val57, :val58, :val59, :val60, :val61, :val62, :val63, :val64, :val65, :val66, :val67, :val68, :val69, :val70, :val71, :val72, :val73, :val74, :val75, :val76, :val77, :val78, :val79, :val80, :val81, :val82, :val83, :val84, :val85, :val86, :val87, :val88, :val89, :val90, :val91, :val92, :val93, :val94, :val95, :val96, :val97, :val98, :val99, :val100, :val101, :val102, :val103, :val104, :val105, :val106, :val107, :val108, :val109, :val110, :val111, :val112, :val113, :val114, :val115, :val116, :val117, :val118, :val119, :val120, :val121, :val122, :val123, :val124, :val125, :val126, :val127, :val128, :val129, :val130, :val131, :val132, :val133, :val134, :val135, :val136, :val137, :val138, :val139, :val140, :val141, :val142, :val143, :val144, :val145, :val146, :val147, :val148, :val149, :val150, :val151, :val152, :val153, :val154, :val155, :val156, :val157, :val158, :val159, :val160, :val161, :val162, :val163, :val164, :val165, :val166, :val167, :val168, :val169, :val170, :val171, :val172, :val173, :val174, :val175, :val176, :val177, :val178, :val179, :val180, :val181, :val182, :val183, :val184, :val185, :val186, :val187, :val188, :val189, :val190, :val191, :val192, :val193, :val194, :val195, :val196, :val197, :val198, :val199, :val200, :val201, :val202, :val203, :val204, :val205, :val206, :val207, :val208, :val209, :val210, :val211, :val212, :val213, :val214, :val215, :val216, :val217, :val218, :val219, :val220, :val221, :val222, :val223, :val224, :val225, :val226, :val227, :val228, :val229, :val230, :val231, :val232, :val233, :val234, :val235, :val236, :val237, :val238, :val239, :val240, :val241, :val242, :val243, :val244, :val245, :val246, :val247, :val248, :val249, :val250, :val251, :val252, :val253, :val254, :val255, :val256, :val257, :val258, :val259, :val260, :val261, :val262, :val263, :val264, :val265, :val266, :val267, :val268, :val269, :val270)
2025-05-26 07:24:11,510 ChatBI->     INFO     websocket发送的数据为：{"sql_gen": "SELECT COUNT(`案件编号`) AS `投诉物业管理不善事件数量` FROM `HongKouDemo` WHERE `所属街道` = '虹口区' AND `案件描述/内容描述` LIKE '%物业管理不善%';"}
2025-05-26 07:24:11,510 ChatBI->     INFO     websocket发送的数据为：{"response": [{"投诉物业管理不善事件数量": 0}]}
2025-05-26 07:24:11,536 ChatBI->     INFO     sql 语句：SELECT * FROM `HongKouDemo` WHERE `所属街道` = '虹口区' AND  `案件描述/内容描述` IN (:val0, :val1, :val2, :val3, :val4, :val5, :val6, :val7, :val8, :val9, :val10, :val11, :val12, :val13, :val14, :val15, :val16, :val17, :val18, :val19, :val20, :val21, :val22, :val23, :val24, :val25, :val26, :val27, :val28, :val29, :val30, :val31, :val32, :val33, :val34, :val35, :val36, :val37, :val38, :val39, :val40, :val41, :val42, :val43, :val44, :val45, :val46, :val47, :val48, :val49, :val50, :val51, :val52, :val53, :val54, :val55, :val56, :val57, :val58, :val59, :val60, :val61, :val62, :val63, :val64, :val65, :val66, :val67, :val68, :val69, :val70, :val71, :val72, :val73, :val74, :val75, :val76, :val77, :val78, :val79, :val80, :val81, :val82, :val83, :val84, :val85, :val86, :val87, :val88, :val89, :val90, :val91, :val92, :val93, :val94, :val95, :val96, :val97, :val98, :val99, :val100, :val101, :val102, :val103, :val104, :val105, :val106, :val107, :val108, :val109, :val110, :val111, :val112, :val113, :val114, :val115, :val116, :val117, :val118, :val119, :val120, :val121, :val122, :val123, :val124, :val125, :val126, :val127, :val128, :val129, :val130, :val131, :val132, :val133, :val134, :val135, :val136, :val137, :val138, :val139, :val140, :val141, :val142, :val143, :val144, :val145, :val146, :val147, :val148, :val149, :val150, :val151, :val152, :val153, :val154, :val155, :val156, :val157, :val158, :val159, :val160, :val161, :val162, :val163, :val164, :val165, :val166, :val167, :val168, :val169, :val170, :val171, :val172, :val173, :val174, :val175, :val176, :val177, :val178, :val179, :val180, :val181, :val182, :val183, :val184, :val185, :val186, :val187, :val188, :val189, :val190, :val191, :val192, :val193, :val194, :val195, :val196, :val197, :val198, :val199, :val200, :val201, :val202, :val203, :val204, :val205, :val206, :val207, :val208, :val209, :val210, :val211, :val212, :val213, :val214, :val215, :val216, :val217, :val218, :val219, :val220, :val221, :val222, :val223, :val224, :val225, :val226, :val227, :val228, :val229, :val230, :val231, :val232, :val233, :val234, :val235, :val236, :val237, :val238, :val239, :val240, :val241, :val242, :val243, :val244, :val245, :val246, :val247, :val248, :val249, :val250, :val251, :val252, :val253, :val254, :val255, :val256, :val257, :val258, :val259, :val260, :val261, :val262, :val263, :val264, :val265, :val266, :val267, :val268, :val269, :val270)
2025-05-26 07:24:11,559 ChatBI->     INFO     websocket发送的数据为：{"data_detail": [{}]}
2025-05-26 07:24:11,911 ChatBI->     INFO     websocket发送的数据为：{"result_insight": "根据检索到的信息，虹口区没有投诉物业管理不善的事件。"}
2025-05-26 07:24:13,307 ChatBI->     INFO     websocket发送的数据为：{"result_recommand": {"new_query_1": "虹口区有哪些具体的物业管理不善事件案例？", "new_query_2": "虹口区物业管理不善事件的主要原因是什么？", "new_query_3": "虹口区物业管理不善事件的处理情况如何？"}}
2025-05-26 07:52:23,555 ChatBI->     ERROR    Unexpected error occured:(1012, None)
Traceback (most recent call last):
  File "/data/yfzx/liucd/chatbi_deploy2/chatbi_DB/apps/app_main_ws.py", line 64, in websocket_endpoint
    message = await websocket.receive_text()
              ^^^^^^^^^^^^^^^^^^^^^^^^^^^^^^
  File "/root/anaconda3/envs/chatbi/lib/python3.12/site-packages/starlette/websockets.py", line 119, in receive_text
    self._raise_on_disconnect(message)
  File "/root/anaconda3/envs/chatbi/lib/python3.12/site-packages/starlette/websockets.py", line 113, in _raise_on_disconnect
    raise WebSocketDisconnect(message["code"], message.get("reason"))
starlette.websockets.WebSocketDisconnect: (1012, None)
2025-05-26 07:52:23,559 ChatBI->     ERROR    Unexpected error occured:(1012, None)
Traceback (most recent call last):
  File "/data/yfzx/liucd/chatbi_deploy2/chatbi_DB/apps/app_main_ws.py", line 64, in websocket_endpoint
    message = await websocket.receive_text()
              ^^^^^^^^^^^^^^^^^^^^^^^^^^^^^^
  File "/root/anaconda3/envs/chatbi/lib/python3.12/site-packages/starlette/websockets.py", line 119, in receive_text
    self._raise_on_disconnect(message)
  File "/root/anaconda3/envs/chatbi/lib/python3.12/site-packages/starlette/websockets.py", line 113, in _raise_on_disconnect
    raise WebSocketDisconnect(message["code"], message.get("reason"))
starlette.websockets.WebSocketDisconnect: (1012, None)
