2025-05-15 08:29:27,337 ChatBI->     INFO     schema linking: {'target_columns': ['工匠介绍'], 'condition_columns': {'工匠介绍': '五一劳动奖章获得者'}}
2025-05-15 08:29:27,624 ChatBI->     INFO     
2025-05-15 08:29:27,636 ChatBI->     INFO     你
2025-05-15 08:29:27,648 ChatBI->     INFO     希望
2025-05-15 08:29:27,660 ChatBI->     INFO     了解
2025-05-15 08:29:27,671 ChatBI->     INFO     获得
2025-05-15 08:29:27,683 ChatBI->     INFO     五一
2025-05-15 08:29:27,698 ChatBI->     INFO     劳动
2025-05-15 08:29:27,715 ChatBI->     INFO     奖
2025-05-15 08:29:27,733 ChatBI->     INFO     章
2025-05-15 08:29:27,750 ChatBI->     INFO     的
2025-05-15 08:29:27,767 ChatBI->     INFO     工匠
2025-05-15 08:29:27,783 ChatBI->     INFO     的
2025-05-15 08:29:27,800 ChatBI->     INFO     毕业
2025-05-15 08:29:27,818 ChatBI->     INFO     院校
2025-05-15 08:29:27,835 ChatBI->     INFO     有哪些
2025-05-15 08:29:27,851 ChatBI->     INFO     。
2025-05-15 08:29:27,869 ChatBI->     INFO     这是一个
2025-05-15 08:29:27,886 ChatBI->     INFO     关于
2025-05-15 08:29:27,903 ChatBI->     INFO     五一
2025-05-15 08:29:27,920 ChatBI->     INFO     劳动
2025-05-15 08:29:27,937 ChatBI->     INFO     奖
2025-05-15 08:29:27,954 ChatBI->     INFO     章
2025-05-15 08:29:27,971 ChatBI->     INFO     获得
2025-05-15 08:29:27,988 ChatBI->     INFO     者
2025-05-15 08:29:28,005 ChatBI->     INFO     背景
2025-05-15 08:29:28,022 ChatBI->     INFO     信息
2025-05-15 08:29:28,039 ChatBI->     INFO     的问题
2025-05-15 08:29:28,056 ChatBI->     INFO     。
2025-05-15 08:29:28,074 ChatBI->     INFO     需要
2025-05-15 08:29:28,091 ChatBI->     INFO     将
2025-05-15 08:29:28,108 ChatBI->     INFO     工匠
2025-05-15 08:29:28,125 ChatBI->     INFO     介绍
2025-05-15 08:29:28,142 ChatBI->     INFO     设
2025-05-15 08:29:28,159 ChatBI->     INFO     为
2025-05-15 08:29:28,176 ChatBI->     INFO     维度
2025-05-15 08:29:28,193 ChatBI->     INFO     字段
2025-05-15 08:29:28,210 ChatBI->     INFO     ，
2025-05-15 08:29:28,227 ChatBI->     INFO     从中
2025-05-15 08:29:28,244 ChatBI->     INFO     提取
2025-05-15 08:29:28,261 ChatBI->     INFO     出
2025-05-15 08:29:28,278 ChatBI->     INFO     获得
2025-05-15 08:29:28,295 ChatBI->     INFO     五一
2025-05-15 08:29:28,312 ChatBI->     INFO     劳动
2025-05-15 08:29:28,329 ChatBI->     INFO     奖
2025-05-15 08:29:28,346 ChatBI->     INFO     章
2025-05-15 08:29:28,363 ChatBI->     INFO     的
2025-05-15 08:29:28,380 ChatBI->     INFO     工匠
2025-05-15 08:29:28,398 ChatBI->     INFO     的相关
2025-05-15 08:29:28,415 ChatBI->     INFO     信息
2025-05-15 08:29:28,431 ChatBI->     INFO     。
2025-05-15 08:29:28,449 ChatBI->     INFO     同时
2025-05-15 08:29:28,466 ChatBI->     INFO     ，
2025-05-15 08:29:28,483 ChatBI->     INFO     需要
2025-05-15 08:29:28,500 ChatBI->     INFO     从
2025-05-15 08:29:28,517 ChatBI->     INFO     工匠
2025-05-15 08:29:28,534 ChatBI->     INFO     介绍
2025-05-15 08:29:28,550 ChatBI->     INFO     中
2025-05-15 08:29:28,568 ChatBI->     INFO     提取
2025-05-15 08:29:28,585 ChatBI->     INFO     出
2025-05-15 08:29:28,602 ChatBI->     INFO     他们的
2025-05-15 08:29:28,619 ChatBI->     INFO     毕业
2025-05-15 08:29:28,636 ChatBI->     INFO     院校
2025-05-15 08:29:28,653 ChatBI->     INFO     信息
2025-05-15 08:29:28,670 ChatBI->     INFO     。


2025-05-15 08:29:28,687 ChatBI->     INFO     由于
2025-05-15 08:29:28,704 ChatBI->     INFO     工匠
2025-05-15 08:29:28,721 ChatBI->     INFO     介绍
2025-05-15 08:29:28,739 ChatBI->     INFO     字段
2025-05-15 08:29:28,756 ChatBI->     INFO     中
2025-05-15 08:29:28,773 ChatBI->     INFO     可能
2025-05-15 08:29:28,790 ChatBI->     INFO     包含
2025-05-15 08:29:28,807 ChatBI->     INFO     获得
2025-05-15 08:29:28,824 ChatBI->     INFO     五一
2025-05-15 08:29:28,841 ChatBI->     INFO     劳动
2025-05-15 08:29:28,858 ChatBI->     INFO     奖
2025-05-15 08:29:28,875 ChatBI->     INFO     章
2025-05-15 08:29:28,892 ChatBI->     INFO     的
2025-05-15 08:29:28,909 ChatBI->     INFO     工匠
2025-05-15 08:29:28,926 ChatBI->     INFO     的
2025-05-15 08:29:28,943 ChatBI->     INFO     毕业
2025-05-15 08:29:28,960 ChatBI->     INFO     院校
2025-05-15 08:29:28,977 ChatBI->     INFO     信息
2025-05-15 08:29:28,994 ChatBI->     INFO     ，
2025-05-15 08:29:29,012 ChatBI->     INFO     但
2025-05-15 08:29:29,029 ChatBI->     INFO     这些
2025-05-15 08:29:29,046 ChatBI->     INFO     信息
2025-05-15 08:29:29,063 ChatBI->     INFO     并不是
2025-05-15 08:29:29,080 ChatBI->     INFO     直接
2025-05-15 08:29:29,097 ChatBI->     INFO     存储
2025-05-15 08:29:29,114 ChatBI->     INFO     在
2025-05-15 08:29:29,131 ChatBI->     INFO     数据库
2025-05-15 08:29:29,148 ChatBI->     INFO     中的
2025-05-15 08:29:29,165 ChatBI->     INFO     字段
2025-05-15 08:29:29,182 ChatBI->     INFO     ，
2025-05-15 08:29:29,199 ChatBI->     INFO     因此
2025-05-15 08:29:29,216 ChatBI->     INFO     需要
2025-05-15 08:29:29,233 ChatBI->     INFO     通过
2025-05-15 08:29:29,250 ChatBI->     INFO     解析
2025-05-15 08:29:29,267 ChatBI->     INFO     工匠
2025-05-15 08:29:29,284 ChatBI->     INFO     介绍
2025-05-15 08:29:29,301 ChatBI->     INFO     字段
2025-05-15 08:29:29,318 ChatBI->     INFO     来
2025-05-15 08:29:29,335 ChatBI->     INFO     获取
2025-05-15 08:29:29,352 ChatBI->     INFO     相关信息
2025-05-15 08:29:29,369 ChatBI->     INFO     。
2025-05-15 08:29:29,386 ChatBI->     INFO     条件
2025-05-15 08:29:29,403 ChatBI->     INFO     字段
2025-05-15 08:29:29,420 ChatBI->     INFO     包括
2025-05-15 08:29:29,437 ChatBI->     INFO     工匠
2025-05-15 08:29:29,458 ChatBI->     INFO     介绍
2025-05-15 08:29:29,471 ChatBI->     INFO     中
2025-05-15 08:29:29,489 ChatBI->     INFO     提到
2025-05-15 08:29:29,506 ChatBI->     INFO     的
2025-05-15 08:29:29,523 ChatBI->     INFO     “
2025-05-15 08:29:29,539 ChatBI->     INFO     五一
2025-05-15 08:29:29,557 ChatBI->     INFO     劳动
2025-05-15 08:29:29,573 ChatBI->     INFO     奖
2025-05-15 08:29:29,590 ChatBI->     INFO     章
2025-05-15 08:29:29,608 ChatBI->     INFO     ”
2025-05-15 08:29:29,625 ChatBI->     INFO     获得
2025-05-15 08:29:29,642 ChatBI->     INFO     者
2025-05-15 08:29:29,659 ChatBI->     INFO     。


2025-05-15 08:29:29,676 ChatBI->     INFO     DONE
2025-05-15 08:29:29,695 ChatBI->     INFO     
2025-05-15 08:29:30,234 ChatBI->     INFO     任务类型: 内容抽取
2025-05-15 08:29:30,786 ChatBI->     INFO     过滤表达式： ; 查询问题： 五一劳动奖章获得者
2025-05-15 08:29:30,787 ChatBI->     INFO     开始对非结构化文档【粗略】检索
2025-05-15 08:29:31,001 ChatBI->     INFO     检索到的文档总数量为：500
2025-05-15 08:29:31,033 ChatBI->     INFO     开始对非结构化文档【深度】检索
2025-05-15 08:29:31,755 ChatBI->     INFO     step_scores: ['yes', 'yes', 'yes', 'yes', 'yes', 'yes', 'yes', 'yes', 'yes', 'no', 'no', 'yes', 'yes', 'no', 'yes', 'no', 'yes', 'yes', 'yes', 'yes']
2025-05-15 08:29:31,755 ChatBI->     INFO     层级抽取文档： 陈建福，上海新长宁集团建筑装饰实业有限公司企业负责人，全国劳动模范、上海市五一劳动奖章获得者。他1982年入职，从普通操作工成长为技能人才，带领团队完成多项优质工程。秉持"做专、做精、做细、做实"的工匠精神，他将职业敬畏、工作执着和产品负责融入工作，在平凡岗位上创造不平凡价值。他的事迹诠释了踏实工作、立足岗位、创先争优的精神，激励着无数从业者在本职上追求卓越。 ==> yes  
2025-05-15 08:29:31,755 ChatBI->     INFO     层级抽取文档： 黄晓俊，作为大国工匠的杰出代表，先后荣获上海市五一劳动奖章、上海市技术能手、城投工匠等多项荣誉称号。他扎根城市污水治理一线，从普通工人成长为复合型污水处理运行工程师，参与了白龙港污水处理厂升级、扩建及提标改造等多项重大工程。面对亚洲最大污水处理系统，他带领团队实施技术改进，形成20余项创新成果，创造经济效益超2000万元，获1项发明专利、7项实用新型专利及4项创新奖项。作为"劳模创新工作室"带头人，他培养了大批行业紧缺技术人才，并在市级竞赛中包揽前三名，展现了行业领先水平。 ==> yes  
2025-05-15 08:29:31,755 ChatBI->     INFO     层级抽取文档： 陈杰，宝钢股份冷轧厂高级技师，宝武集团技能大师，长期致力于激光焊接技术研究。他攻克数十项技术难题，为企业创造超亿元效益，培养创新团队。2009年起，陈杰主导超高强钢薄带材焊接技术突破，打破德日垄断，获上海市科技进步二等奖，推动产品达国内领先、国际先进水平。他拥有63项授权专利，创造1.23亿元效益。曾获上海市五一劳动奖章、劳动模范、全国五一劳动奖章等荣誉，并于2018年获国务院特殊津贴。 ==> yes  
2025-05-15 08:29:31,755 ChatBI->     INFO     层级抽取文档： 李涛涛，中国船舶集团有限公司电焊特级技师，全国五一劳动奖章获得者，全国技术能手，多次获国务院特殊津贴，并任“劳模创新工作室”领衔人。从业近30年来，他潜心钻研焊接技术，攻克多项焊接难题，为公司节约成本500万元，培养中、高级焊接人才千余名。他发明的《一种便携式软轨道摇摆埋弧焊装置及焊接方法》获国家发明专利，发表多篇专业论文，并牵头研究新型深熔弧焊接方法，已获多家船级社认可并在行业内推广应用。 ==> yes  
2025-05-15 08:29:31,755 ChatBI->     INFO     层级抽取文档： 杨恺，中国电信上海公司网信安部网络安全技术专家，先后荣获上海市五一劳动奖章、中国电信集团劳模、上海市经信系统青年岗位能手等多项荣誉。他在网络安全领域表现突出，累计获得20余项竞赛奖项，代表上海参加了第七届全国职工职业技能大赛。他带领团队以赛代练，参与各类安全联赛，在职工"全运会"中取得优异成绩。&#10;&#10;在支撑浦东教育云运维工作中，面对内网DNS攻击，他迅速溯源并开展安全培训，获得客户高度评价。他和团队测试智能门禁门铃产品，发现网络安全问题并发布报告，彰显央企社会责任。他主持上海公司安全评估项目，培养新人，指导年轻员工提升实战技能，带领团队多人获奖。他还担任公司工会公众号小编，... ==> yes  
2025-05-15 08:29:31,755 ChatBI->     INFO     层级抽取文档： 巢平源同志，从事电厂继电保护检修工作27年，首创多项创新技术，发明"交流微小电流生成仪"等装置，推动检修装备与安全水平提升。他获得专利22项，其中发明专利15项，创新成果获第118届巴黎国际发明展金奖等重要奖项。个人先后获评宝钢工人发明家、上海市五一劳动奖章、央企劳模等荣誉称号。以他名字命名的职工创新工作室获宝武集团示范型创新工作室、上海市技能大师工作室评定，培养徒弟9名，均为业务骨干。 ==> yes  
2025-05-15 08:29:31,755 ChatBI->     INFO     层级抽取文档： 薛飞，作为创新工作室领军人物，带领团队攻克多项技术难题，在业内具有重要影响力，先后荣获上海市五一劳动奖章、上海市技术能手、嘉定工匠、上汽工匠等多项殊荣。他技能精湛，在各类技能大赛中累计获得18项奖项；其项目曾获德国大众集团效率优化最佳贡献奖，并被推广至全球工厂。薛飞持续提升专业能力，拥有9个工种的职业资格证书。他在创新方面表现卓越，解决26项进口设备技术难题，获得多项发明荣誉，并拥有授权发明专利20项、实用新型34项、软件著作权5项，为企业创造944.58万元经济效益。薛飞同时注重传承与推广，发表论文37篇，编写教材、录制教学视频70个，培养徒弟累计获得各级技能竞赛奖项16个。 ==> yes  
2025-05-15 08:29:31,755 ChatBI->     INFO     层级抽取文档： 钱平，汽轮机安装领域的杰出代表。从普通技术工人成长为专业工程师和高级技师，参与国内外20多个大型电厂建设，主导多项重大电力工程。扬州第二发电厂等4个项目获"中国建筑工程鲁班奖"，国华徐州发电厂工程获"国家优质工程金奖"。主持4项工法，其中1项达国家级，突破2项关键技术，参与3项发明专利，多次参与国家或行业标准编制。获"江苏省有突出贡献专家"、"中国施工企业管理协会科学技术创新先进个人"、"镇江市五一劳动奖章"等荣誉。培养3名骨干徒弟，热心公益，资助贫困学生，回馈社会。 ==> yes  
2025-05-15 08:29:31,755 ChatBI->     INFO     层级抽取文档： 苏至钒，上海钛米机器人研发总监、上海市五一劳动奖章获得者、人工智能高级工程师，长期致力于医疗服务机器人研发。他带领团队在国内率先实现智能机器人在医院场景的应用，产品覆盖全国400多家三甲医院。新冠疫情期间，其团队研发的消毒机器人支援国内外数百家医院，并获媒体报道和推荐。他主持多项国家级科研项目，获发明专利50余项，为智能机器人技术发展作出重要贡献。 ==> yes  
2025-05-15 08:29:31,755 ChatBI->     INFO     层级抽取文档： 华克勤，作为全国优秀科技工作者、上海市领军人才、三八红旗手标兵及上海市巾帼创新奖获得者，致力于妇科微创术式创新，主持了国际首例腹腔镜下中孕期合并宫颈癌患者保留宫体及胎儿的广泛宫颈切除术，帮助多位宫颈癌患者实现母亲身份。她在妇科肿瘤内分泌治疗及生殖道畸形矫正领域取得国内外领先成果，发表学术论文100余篇（含SCI收录50余篇）。同时，她注重人文关怀，构建新型医患关系，以高尚医德赢得同行及患者信赖，积极参与公益，践行医务工作者的责任与担当。 ==> no  
2025-05-15 08:29:31,756 ChatBI->     INFO     层级抽取文档： 苗俭，上海航天控制技术研究所精密加工中心双工种高级技师，中共党员。从事数控加工中心编程及操作工作21年，参与运载火箭、战术武器和飞船等关键零部件研制生产。作为航天首席技师和苗俭国家级技能大师工作室负责人，她攻克多项技术难关，成功完成本科专业学习。&#10;&#10;苗俭获得多项荣誉：2007年事迹被央视《劳动者之歌》报道，2009年作为全国青年职工代表在纪念五四运动90周年大会上发言。她精通多种CAD/CAM软件，创新编程手段，为航天事业培养大量青年技能人才，在各类竞赛中屡获佳绩。苗俭是航天系统高技能人才杰出代表，展现了刻苦学习、创新进取、拼搏奉献和爱岗敬业的精神。 ==> no  
2025-05-15 08:29:31,756 ChatBI->     INFO     层级抽取文档： 徐亚伟，医学博士，二级教授，主任医师，博导，国务院政府特殊津贴专家，上海市劳动模范，上海市首届十大仁心医师、上海市医务工匠、上海市五一劳动奖章、第二届国之名医、第三届白求恩式好医生提名奖获得者。现任上海市第十人民医院心脏中心主任、同济大学医学院泛血管病研究所所长，国家重点研发计划项目首席科学家。徐亚伟教授精通多种心血管介入治疗技术，擅长急性心肌梗死救治，在房颤冷冻消融、左心耳封堵等领域处于国际领先水平。他创新性开展“一站式手术”和房颤综合闭环管理模式，领导的十院心脏中心被评定为中国胸痛中心示范基地，急性心梗院内死亡率仅为1.32%，达国际一流水平。徐亚伟教授积极推动心脏康复中心建设，主持... ==> yes  
2025-05-15 08:29:31,756 ChatBI->     INFO     层级抽取文档： 常静，茶艺师、评茶员、制茶师一级，高级考评员及裁判员，毕业于南京艺术学院。她是上海市一山一味茶业有限公司、静心轩茶行、静园茶文化传播有限公司创始人，并发起成立了上海市长宁区茶叶学会并担任理事长。常静每年举办20余期茶业专业培训，培养了大量评茶员、茶艺师和制茶师等技术人才。她在茶艺技能培训、茶业赛事组织等领域具有突出特长，并荣获第一届全国职业技能竞赛茶艺项目银奖，培养了16人次在全国性茶业竞赛中获奖。常静还参与制定普洱茶专业审评标准，并实施"茗香沪上"饮茶健康科普项目。她先后获得全国技术能手、上海市技术能手、上海市五一劳动奖章及上海市长宁区首席技师等多项荣誉。 ==> yes  
2025-05-15 08:29:31,756 ChatBI->     INFO     层级抽取文档： 余念，中共党员，中冶宝钢第五分公司装备制造事业部总工程师，“余念冶金机械设备技术创新工作室”带头人。长期致力于装备制造领域技术攻关，在热挤压、锻压等模具制造技术方面具有深厚造诣。主持完成多项科技成果，其中《大型高温合金模具研制与应用》达国际先进水平，《热挤压机挤压筒内衬拆装技术研究与应用》为国内领先。拥有多项专利技术，制定《铸钢钢锭模技术条件》企业标准并完成多项技术研发。先后获得2018年度专项劳动竞赛个人二等功、2019年中冶宝钢第五分公司标兵、2019年中冶宝钢先进个人、2020年中冶宝钢标兵及2023年优秀党员等荣誉。 ==> no  
2025-05-15 08:29:31,756 ChatBI->     INFO     层级抽取文档： 康乐，师承多位业内前辈，精通官府菜、淮扬菜和本帮菜，现任上海新锦江大酒店蓝天旋转餐厅厨师长。他创新研发了板蓝根烤菜、蓝天手打面、金鱼戏燕等特色海派菜肴，并成功完成进博会、建党一百周年观光团等多项重大政治接待任务，荣获"三星级酒店星厨"称号。他将传统食材与现代烹饪手法结合，推出高端鲍鱼大肉粽、上海酥饼等外带美食，获"环球美味卓越大师优秀大厨"称号。其代表作蓝天手打面获"淮海杯"金奖，上海酥饼制作技艺被列为非遗项目。康乐积极履行社会责任，担任连锁餐饮企业总厨顾问，推广二十四节气菜品，并多次组织社区公益厨艺活动，培养数十名优秀厨师，荣获上海市五一劳动奖章。他以"执着、专注、务实、创新"的工匠精... ==> yes  
2025-05-15 08:29:31,756 ChatBI->     INFO     层级抽取文档： 黄轶，中国冶金设备安装技术领域的资深专家，累计完成18万吨设备安装与调试。他获上海市科学技术奖1项、中冶集团科学技术奖2项、中国五矿集团科学技术奖1项、中国安装协会科学技术奖2项、省部级科技成果5项、冶金建设行业部级工法10篇；取得授权发明专利26件、实用新型专利15件，并两次荣获上海市职工先进操作法优秀成果。他创新研发新能源高品质硅钢连退机组核心设备新型安装工艺，在国内首条大型立式连铸机安装中取得重要突破，巩固了中国二十冶行业地位。黄轶同志在国内首创大型烧结机弹性密封滑道直观检测安装法等节能技术，为冶金钢铁行业的可持续发展做出积极贡献。 ==> no  
2025-05-15 08:29:31,756 ChatBI->     INFO     层级抽取文档： 杨颖华，飞机装配特级技师，现任上飞公司ARJ21事业部212工位工段长，被誉为"结构第一枪"。曾服役期间获三等功，退役后扎根生产一线25年，参与ARJ21飞机总装制造，从普通工人成长为特级技师。他全面掌握翼身对接铆装技能，在新支线飞机批产提速中发挥关键作用，成功完成多架试验机中央翼壁板改装等高风险任务。创新设计制孔定位工装，优化高锁螺母拆除工具，研制大部件自动调姿设备，解决中机身机翼对接难题。带领团队解决改装难题5项，完成急难险重任务10余项。先后荣获2023年上海市五一劳动奖章、2021年全国技术能手、2018年大飞机工匠等称号，并于2022年入选第二批中央企业"大国工匠"培养支持计划... ==> yes  
2025-05-15 08:29:31,756 ChatBI->     INFO     层级抽取文档： 张冬伟，作为中国船舶工业的杰出代表，参与了74500吨散货船、110000吨成品油轮、10000箱集装箱船等船舶的建造，并作为首批LNG船殷瓦焊工参与了中国20多条LNG船的建造，创造了多个中国第一、世界第一。他编写了多项实船焊接工艺，参与调试LNG船用TIG焊国产化焊机等设备，并培养了100余名复合型殷瓦焊工，其中多人成为技术骨干或班组长。张冬伟在焊接领域屡获殊荣，包括2006年第二十届中国焊接博览会优秀焊工表演赛一等奖、2012年全国技术能手、2015年享受国务院政府特殊津贴、2017年全国五一劳动奖章等多项荣誉。他以精湛技艺和无私奉献精神，为中国船舶工业高质量发展作出了重要贡献。 ==> yes  
2025-05-15 08:29:31,756 ChatBI->     INFO     层级抽取文档： 张彦，作为一名共产党员和集装箱桥吊操作者，凭借精湛技术和团队协作，七次刷新桥吊单机和船时量作业效率的世界纪录。他创造的每小时196.64自然箱的单机效率至今未被超越。张彦带领团队攻克12项技术难题，其中“新型桥吊节能操作方法”每年为公司节省128万元能源消耗。他总结经验形成“张彦操作法”，并培养了150余名优秀司机。作为上海市劳模创新工作室带头人，张彦在“双吊具边卸边装”新工艺推广中做出重要贡献，提升效率49.25%，显著减少资源投入。他荣获上海市劳动模范、全国五一劳动奖章等多项荣誉，为洋山深水港建设做出突出贡献。 ==> yes  
2025-05-15 08:29:31,756 ChatBI->     INFO     层级抽取文档： 黄红雄，全国劳动模范、全国五一劳动奖章、全国技术能手、上海市杰出技术能手、上海市劳动模范、华谊集团公司首席技师，享受国务院政府特殊津贴。作为轮胎行业核心设备电气检修调试专家，他将钢丝压延机停机率控制在2%以下，设备运行水平国际领先。黄红雄通过技术革新提升设备产能，为企业节约数千万元。他主持的技术改造项目提升了设备生产能力及维修效率。2012年，他革新内衬层压延机卷取方式，贴合精度达98%，获上海市劳动保护绿十字奖优胜奖。他创建国家级技能大师工作室，完成技术攻关课题16项，培养了大批技能人才。黄红雄带领团队为轮胎民族品牌的振兴贡献智慧，践行创新驱动发展战略。 ==> yes  
2025-05-15 08:29:32,484 ChatBI->     INFO     step_scores: ['no', 'no', 'yes', 'no', 'yes', 'yes', 'no', 'no', 'no', 'no', 'no', 'no', 'no', 'no', 'no', 'no', 'no', 'no', 'no', 'no']
2025-05-15 08:29:32,485 ChatBI->     INFO     层级抽取文档： 房敏，全国首位中医推拿学博士，教授，主任医师，博士生导师，岐黄学者，国家“万人计划”教学名师，国家杰出青年科学基金获得者，科技部“973计划”首席科学家，第七批全国老中医药专家学术经验继承指导教师，上海市名中医。他坚守中医推拿临床35年，创新提出"手摸心会"客观化评估方法，创立筋骨病"筋骨失衡，以筋为先"病机学说。主持完成国家杰青项目、行业专项、科技部"973"计划等国家级科研项目，牵头组建长三角推拿专科联盟，荣获国家教学成果一等奖、上海市科技进步一等奖等多项荣誉。 ==> no  
2025-05-15 08:29:32,485 ChatBI->     INFO     层级抽取文档： 李鹃伟，现任上海地铁维护保障有限公司车辆分公司钳工、高级技师、大修厂制动班组长，是全国技能大师工作室带头人。他秉持"干一行、爱一行"的精神，在列车制动系统研究领域不断创新突破，为企业创造显著效益。李鹃伟先后获得上海市劳动模范称号、国务院津贴等多项荣誉，其工作室被评为全国技能大师工作室。他主导的两项先进操作法和八项技术专利累计为企业节约维修成本2248万元，其中"多车型空气弹簧试验设备操作法"被评为上海市先进操作法。李鹃伟始终活跃在车辆检修一线，致力于提升列车行驶安全性和平稳性，展现了新时代工匠的使命担当。 ==> no  
2025-05-15 08:29:32,485 ChatBI->     INFO     层级抽取文档： 杨铁毅，杰出外科医生，深耕医疗领域近30年，秉持"精益求精、追求卓越"的工匠精神，在医疗器械研发和手术技术改良方面成就显著。他成功研发多项医疗设备，获3项国家发明专利和4项实用新型专利，其中"骶髂螺钉导向器"获"十佳最具价值创新设计大奖"并实现成果转化。他优化改良多项手术技术，"四肢微创手术"获浦东新区科技进步一等奖。他还参与公益事业，发起"青苗行动"，完成多例慈善手术，参与颈椎保健活动，普及健康知识。他先后获得浦东新区职工科技创新英才二等奖、"浦东工匠"称号、"浦东工匠创新工作室"和上海市五一劳动奖章等多项荣誉。 ==> yes  
2025-05-15 08:29:32,485 ChatBI->     INFO     层级抽取文档： 张力，现任上海新华医院副院长、心内科支部书记、科主任、心研所副所长，是国家杰出青年科学基金获得者、国家重点研发计划首席科学家，兼任中国医师协会心血管医师分会常务委员、美国心脏病学会专家会员（FACC）。擅长冠状动脉介入诊治及心脏瓣膜病的介入治疗，在CTO-PCI、旋磨术、TAVR等技术领域达国际先进水平。编写多部中国专家共识，推动国产原创三氧化二砷冠脉涂层支架临床应用。主持国家重点研发计划等课题20余项，发表SCI论文60余篇，获教育部科技进步二等奖、中华医学科技奖二等奖等荣誉，并荣获"树兰医学青年奖"等多项个人奖项。 ==> no  
2025-05-15 08:29:32,485 ChatBI->     INFO     层级抽取文档： 朱建华，沪东中华造船（集团）有限公司首席技师，从事船台总装电焊工作二十余年，荣获全国五一劳动奖章、享受政府特殊津贴等荣誉。他担任高级技校首席实习教师，获"金牌教练"称号，编著《船舶电焊工基础工艺学》并通过专家审核，主持研发"CO2自动焊接设备教学模拟机"并申报科研成果。朱建华在学术研究与技术创新方面取得多项成果，包括校译技术开发、编撰操作手册、获优秀论文奖及发明专利。他创新多项焊接技术，成功锁定双相不锈钢焊接工艺参数，为提升焊接质量提供依据。朱建华积极推动特殊材料焊工培训，培养多名优秀焊工，含高级技师魏凤云、李占友等，指导刘鹏鹏等年轻选手屡获焊工技能竞赛佳绩。此外，他参与制定焊接技师评审... ==> yes  
2025-05-15 08:29:32,485 ChatBI->     INFO     层级抽取文档： 夏术阶，中国知名泌尿外科专家，国际首创铥激光前列腺切除术的主创人，技术已纳入中国及欧美泌尿外科诊疗指南，并被《坎贝尔-沃什泌尿外科学》收录。他解决多项前列腺微创难题，制定超大前列腺手术标准，创新术后功能保留，创建修复理论与并发症预防方法，获国际F1000高度评价。在全国范围内推广先进技术，培训医务人员3万余人次，建立多地泌尿外科中心。他培养大批医疗骨干，积极投身公益，推动国产设备研发，降低治疗成本。夏术阶以精湛技术、严谨态度与无私奉献，成为医疗卫生领域的标杆人物，获国家"万人计划"科技创新领军人才、全国卫生系统先进工作者、国之名医、五一劳动奖章等多项荣誉。 ==> yes  
2025-05-15 08:29:32,485 ChatBI->     INFO     层级抽取文档： 汪强，是一名共产党员，长期从事继电保护及变电站调试工作，参与上海地铁、世博会配电站、特高压奉贤换流站及"一带一路"巴西美丽山换流站等国家重点工程的建设。他在专业领域表现突出，主持完成了《变电站主变加压核验方法研究》课题，获上海市电力工程行业协会职工创新竞赛二等奖，并在核心期刊发表学术论文8篇，拥有授权专利4项，参与修订行业标准并主持制定多项调试技术方案。汪强积极践行"工匠精神"，推动技术标准化，参与编写《特高压变压器绕组短路高效油务处理施工工法》，节省成本500余万元，大幅缩短工期。作为国网系统内知名"首席技术专家"，他不仅在技术上精益求精，还发挥传帮带作用，培养青年员工，推动电力工程建... ==> no  
2025-05-15 08:29:32,485 ChatBI->     INFO     层级抽取文档： 刘树，作为杰出的大国工匠，凭借专业的技能和卓越的贡献，先后荣获2011年上港集团先进标兵个人、2012年上海市“技术能手”、2014年上港集团“劳动功臣”、2015年上海市“劳动模范”和全国交通系统“劳动模范”等多项荣誉称号。他于2011年成立“刘树首席技师工作室”，2016年升级为上海市“刘树技能大师工作室”，并总结出《张勇桥吊高效操作法》等实用方法，显著提升作业效率，荣获2014年度上海市职工先进操作法优秀成果奖。他还主导编写《超限箱装卸工艺操作规程》《岸边集装箱桥式起重机规范操作法》等，并制作成视频材料，推广行业应用。此外，他培养了大批高技能人才，以工匠精神为行业输送了大量专业人才。 ==> no  
2025-05-15 08:29:32,485 ChatBI->     INFO     层级抽取文档： 李斌，是宝钢马迹山港的一名高级机械技师，在大型港机设备及输送机组维护方面做出了突出贡献。他带领团队攻克200余项生产难题，创造经济效益超过1.8亿元。李斌创新研发的多极磁辊消磁技术和钢丝输送带无损翻身技术，解决了行业难题，获冶金部科技进步一等奖、法国巴黎国际发明展金奖等荣誉。他拥有国家专利83项，培养了包括全国劳模在内的36名技能人才。李斌先后荣获宝钢工人发明家、上海市劳模等称号。 ==> no  
2025-05-15 08:29:32,485 ChatBI->     INFO     层级抽取文档： 夏总兵，现任上汽通用金桥北厂车身车间专家级激光焊接工程师，兼任“上汽通用机器人创新工作室”首席技师、四地整车维修工匠机运系统分会会长等职。秉持“精于工、匠于心、品于行”的工匠精神，他在机运控制、机器人调试等领域表现突出，掌握多项高精尖技术，获维修电工技师、机器人装调维修技师等多项职业资格认证。他善于创新，成功攻克多项技术难题，如机运系统柔性化存储功能改造，为企业节约成本近300万元。同时，他积极培养人才，编纂专业教材并开发实用性课程，为公司培养了一批优秀技术骨干。 ==> no  
2025-05-15 08:29:32,485 ChatBI->     INFO     层级抽取文档： 梁志荣，一级注册结构工程师、一级注册土木工程师（岩土），现任华建集团领军人才、科技精英及优秀导师，兼任中国土木工程学会土力学及岩土工程分会理事等职。长期从事岩土工程与地下空间工程勘察、设计、检测监测工作，在软土地区地下空间与深基坑安全分析与控制技术等领域处于国际领先水平。主持了100多项国家、省市级标志性工程，获得国家金奖、詹天佑大奖等62项成果奖项，省部级科技进步奖等13项科技成果奖。主持编制26本国家、行业和地方规范标准，拥有授权专利17项，发表论文49篇，主编参编专著9部。为人诚恳谦逊，工作积极踏实，创新能力强，在国内具有较高专业影响力。 ==> no  
2025-05-15 08:29:32,485 ChatBI->     INFO     层级抽取文档： 姜娟，作为新能源发电工程领域的专家，长期致力于陆上风电、海上风电、光伏发电等技术的研发与应用。她主持并参与了多项国家级重点项目的审查与核定，成功解决了多项技术难题，推动了新能源发电技术的国际领先发展。在团队建设中，她培养出一支具备独立项目能力的海上升压站结构团队，并累计培养5名技术骨干，其中一名正在博士后工作站深造。&#10;&#10;姜娟女士获得了众多荣誉，包括三峡集团“三八红旗手”、上海市优秀工程咨询成果一等奖等多项重要奖项。她主持的项目获上海市重点工程实事立功竞赛“优秀团队”称号，参与的“我国首座大型海上风电场关键技术及示范应用”项目获国家科技进步二等奖，为我国新能源事业发展做出了... ==> no  
2025-05-15 08:29:32,485 ChatBI->     INFO     层级抽取文档： 姜红军, 现任首席船舶安全检查官, 全国海事系统劳模先进创新工作室领衔人, 荣获全国优秀安检员、海事工匠等多项荣誉。扎根船舶安检15年, 他创新"点线面链"工作法, 使设备故障率下降三分之一, 并发表论文7篇, 主编《固定式灭火系统检查导则》纳入国际规范。带领团队研发3个VR平台和"CRUISE"检查法, 提升安检效率30%。参与爱达•魔都号试航, 节约企业成本3000余万, 荣获突出贡献奖。国际领域, 他提交20份提案, 深度参与国际标准制定, 在缺陷照片评选中多次获奖。作为行业专家, 带领团队培养骨干人才200余名, 创建实训基地, 开展培训惠及万人次。 ==> no  
2025-05-15 08:29:32,485 ChatBI->     INFO     层级抽取文档： 龚权华，现任新能源公司研发中心高级技术经理，从一名普通测量中级工成长为中国海ukt测量领域顶尖专家。他先后获得"全国交通技术能手"、"上海市技术能手"、"三航工匠"等荣誉称号，并荣获上海市职工发明铜奖1项、局科技进步奖3项，拥有多个发明专利和软件著作权，主持编写了1篇省级工法。他带领团队在北斗系统海洋工程应用、远距离测量信号传输稳定性等方面取得突破，为公司节约成本300余万元。他建立的"海洋工程测量创新工作室"连续4年获评全国质量信得过班组，培养了一大批测量技术人才。2018年，他负责编写的海上风电施工测量教程和考核题库获上海市人社局立项批复。凭借突出贡献，他多次获评公司杰出贡献奖，展现... ==> no  
2025-05-15 08:29:32,485 ChatBI->     INFO     层级抽取文档： 范红健，特级技师，享受国务院特殊津贴，荣获上海市首席技师、中船集团技术能手等多项荣誉。作为“范红健技能大师工作室”领衔人，他在大型船舶发动机零件加工领域攻克多项技术难题，编制完成世界首台WinGD12X92-DF柴油机气缸体工艺程序，并设计出耐高压密封导向套破解深孔偏斜技术瓶颈。他已获发明专利7项、实用新型专利6项，并培养出高级技师和技师20余人，累计为企业节省成本500余万元。同时，他长期致力于技能传授和教育培训工作，累计培养专业技能型学员300余名。 ==> no  
2025-05-15 08:29:32,485 ChatBI->     INFO     层级抽取文档： 蔡先军，作为卫星质量守护者，始终秉持"精测细判啄隐患，国之重器零缺陷"的理念，以精湛的技术和严谨的态度确保卫星零缺陷。他自主研发虚实结合星地实时诊断软件，获国家发明专利授权；创新发射场测控链路方法，打破卫星射前转内电时间最短纪录，获中国安全科技进步奖一等奖。攻克卫星数据异常预警难题，获中国质量技术奖一等奖。他编制的测试细则成为全所样板，培养11名技术骨干。作为"航天啄木鸟"，他筑牢卫星健康防线，同时积极参与航天文化传播工作，多次开展专业培训和经验分享。 ==> no  
2025-05-15 08:29:32,486 ChatBI->     INFO     层级抽取文档： 黄德彪，中建八局耀华地区16-1地块公共租赁住房项目普通工人。他26年前离川来沪，从普通农民工成长为优秀务工者。工作中，他虚心好学，追求施工零误差，多次获用人单位褒奖。2015年起，他担任上海矗鑫建筑工程有限公司耀华16-1项目工会主席及中建八局耀华路项目工会联合会副主席，积极维护工友权益，通过多种途径倾听一线工友诉求，为工友提供全面工会服务。他秉持"为员工办实事"的理念，努力保障工友基本权益，深受工友爱戴。 ==> no  
2025-05-15 08:29:32,486 ChatBI->     INFO     层级抽取文档： 周祖谦，上海第一机床厂有限公司首席技师，荣获“上海市劳动模范”“十佳能工巧匠”等多项殊荣，带领团队获得“工人先锋号”等称号。作为核电设备精密加工专家，他参与华龙一号、四代核电高温堆等国家战略项目，攻克多项技术难题，获国家科技进步特等奖。掌握核级不锈钢深孔加工等核心技术，授权多项专利。倾力育人，培养出高级技师等优秀人才。他以精湛技艺和工匠精神，助力“上海制造”走向世界。 ==> no  
2025-05-15 08:29:32,486 ChatBI->     INFO     层级抽取文档： 李志慧，作为航天科技集团工艺技术带头人和全国技术能手，长期致力于卫星制造与大型卫星装配领域，主持研制了多项国际领先的关键技术，包括卫星图像导航与配准全物理试验系统、大型气浮球轴承设计与测量装配工艺等。他突破了多项核心关键技术，荣获国家技术发明二等奖、国防技术发明一等奖等多项荣誉。李志慧同志还带领团队完成多项国家重大型号研制任务，推动我国风云四号气象卫星技术跻身世界前列，并培养了大批专业技术人才，为我国航天事业做出突出贡献。 ==> no  
2025-05-15 08:29:32,486 ChatBI->     INFO     层级抽取文档： 金德华，作为企业设备电气系统的资深维护和技术专家，长期致力于设备改造与专用设备研制工作。他曾获得市维修电工技能大赛第一名和全国"振兴杯"大赛第五名，并培养多名青年技能人才。他主持研制的大型螺旋成排弯管机填补国内空白，泵水监控系统获国家专利。此外，他还发表近二十篇技术论文，并担任多所高职院校特聘教师，为行业技术发展作出重要贡献。 ==> no  
2025-05-15 08:29:32,486 ChatBI->     INFO     阈值索引为：128, 窗口大小为: 20 
2025-05-15 08:29:32,486 ChatBI->     INFO     确定的文档: 109; 在次确认的文档: 39
2025-05-15 08:29:33,853 ChatBI->     INFO     从39个需再次确认的文档中筛选出的相关文档数量：10
2025-05-15 08:29:33,853 ChatBI->     INFO     示例文档：['夏术阶，中国知名泌尿外科专家，国际首创铥激光前列腺切除术的主创人，技术已纳入中国及欧美泌尿外科诊疗指南，并被《坎贝尔-沃什泌尿外科学》收录。他解决多项前列腺微创难题，制定超大前列腺手术标准，创新术后功能保留，创建修复理论与并发症预防方法，获国际F1000高度评价。在全国范围内推广先进技术，培训医务人员3万余人次，建立多地泌尿外科中心。他培养大批医疗骨干，积极投身公益，推动国产设备研发，降低治疗成本。夏术阶以精湛技术、严谨态度与无私奉献，成为医疗卫生领域的标杆人物，获国家"万人计划"科技创新领军人才、全国卫生系统先进工作者、国之名医、五一劳动奖章等多项荣誉。', '方焯，高级工程师，现任上海药明奥测医疗科技有限公司首席科学官兼首席技术官。她本科就读于华中科技大学少年班，师从骆清铭院士，23岁时获博士学位，研究成果发表于Nature等国际顶级期刊，单篇论文引用超4000次，主持国家及上海市科研项目，申请专利13项。&#10;&#10;在科研与产业化领域，方焯博士带领团队成功开发多项国际领先创新产品，为临床诊疗提供重要支持。她与复旦大学附属儿童医院合作研发全球首创整合诊断产品，建立"中国胆道闭锁协作网"，并在精准用药和神经疾病领域取得突破性成果。&#10;&#10;方焯博士荣获上海市五一劳动奖章、浦江人才、Eli...', '刘颖斌，现任上海交通大学医学院附属新华医院副院长、普外科行政主任、上海市胆道疾病重点实验室主任，荣获教育部长江学者特聘教授、上海市五一劳动奖章、上海市科技精英、第十九届吴杨医学药学奖、药明康德生命化学研究奖学者奖、杨浦区第十批拔尖人才等多项荣誉，并担任美国外科医师学院外籍会员、上海市第八届抗癌协会副理事长、上海市医学会外科分会胆道学组组长等职务。他在肝、胆、胰等恶性肿瘤及腹腔疑难疾病的外科治疗领域具有丰富经验，是国内率先提出“胰头癌全系膜切除”和“三步法胃癌淋巴结清扫策略”的专家，并在胆囊癌的基础及转化医学研究方面取得显著成就。作为学科带头人，他注重人才培养和梯队建设，积极参与公益活动，...', '涂意辉，我国膝关节单髁置换术领域的开拓者之一，2006年在上海率先开展该技术，已完成4000余例手术，手术时间仅需45分钟，切口仅6厘米，保留交叉韧带，效果显著。其主持完成的单髁手术量全球最多，1026例手术零失败，优良率达98%。他发明了三项国际领先技术，发表SCI论文5篇，核心期刊文章28篇，获发明专利16项，主持国家级及市级课题6项。作为同济大学副教授、博士生导师，培养博士3名，举办10期全国微创单髁置换技术培训班，培训进修生280余名。涂意辉先后荣获上海市五一劳动奖章、上海市科学技术奖、上海市康复医学科技奖一等奖等荣誉，并被授予"杨浦工匠"称号。', '谢邦鹏，清华大学博士毕业，现任国网上海浦东供电公司配电运检室副主任，长期扎根基层生产一线。在世博保电、核心区世界一流配电网建设、迪士尼保供电等重大任务中表现突出，获"全国五一劳动奖章""上海市劳动模范""国家电网公司劳动模范"等多项荣誉。&#10;&#10;谢邦鹏在继电保护和配电自动化领域具有深厚技术功底，主持参与了线损管理、无功补偿等十余项创新性科技项目研究，获上海市科技进步三等奖等多项荣誉。他独立研发的"大电流试验万用组合短接工具"等创新成果获多项专利授权并推广应用。同时，他带领团队发表中英文科技论文十余篇，获得发明专利授权9项、实用新型专利授权32项。&#10;&#10;作为劳模宣...']
2025-05-15 08:29:34,636 ChatBI->     INFO     抽取的关键词列表为：['五一劳动奖章获得者', '毕业院校']
2025-05-15 08:29:34,636 ChatBI->     INFO     关键词json输出格式 --> {"五一劳动奖章获得者": "<抽取五一劳动奖章获得者信息>", "毕业院校": "<抽取毕业院校信息>"}
2025-05-15 08:29:39,947 ChatBI->     INFO     websocket发送的数据为：{"response": [{"五一劳动奖章获得者": "", "数量": 4}, {"五一劳动奖章获得者": "上海市五一劳动奖章获得者", "数量": 2}, {"五一劳动奖章获得者": "蒋国兴", "数量": 1}, {"五一劳动奖章获得者": "杨震", "数量": 1}, {"五一劳动奖章获得者": "胡振球", "数量": 1}, {"五一劳动奖章获得者": "龚杜弟", "数量": 1}, {"五一劳动奖章获得者": "王康健", "数量": 1}, {"五一劳动奖章获得者": "张翼飞", "数量": 1}, {"五一劳动奖章获得者": "徐小平", "数量": 1}, {"五一劳动奖章获得者": "张彦", "数量": 1}, {"五一劳动奖章获得者": "孙志湧", "数量": 1}, {"五一劳动奖章获得者": "朱道义", "数量": 1}, {"五一劳动奖章获得者": "钱文昊", "数量": 1}, {"五一劳动奖章获得者": "谢邦鹏", "数量": 1}, {"五一劳动奖章获得者": "朱东鹰", "数量": 1}, {"五一劳动奖章获得者": "周纪东", "数量": 1}, {"五一劳动奖章获得者": "郭乃根", "数量": 1}, {"五一劳动奖章获得者": "朱士昇", "数量": 1}, {"五一劳动奖章获得者": "陈斌", "数量": 1}, {"五一劳动奖章获得者": "黄红雄", "数量": 1}, {"五一劳动奖章获得者": "宋俊", "数量": 1}, {"五一劳动奖章获得者": "朱建华", "数量": 1}, {"五一劳动奖章获得者": "王浩", "数量": 1}, {"五一劳动奖章获得者": "吴文巍", "数量": 1}, {"五一劳动奖章获得者": "谷银远", "数量": 1}, {"五一劳动奖章获得者": "卢航", "数量": 1}, {"五一劳动奖章获得者": "朱开荣", "数量": 1}, {"五一劳动奖章获得者": "周向争", "数量": 1}, {"五一劳动奖章获得者": "涂意辉", "数量": 1}, {"五一劳动奖章获得者": "陈杰", "数量": 1}, {"五一劳动奖章获得者": "刘颖斌", "数量": 1}, {"五一劳动奖章获得者": "顾锦昕", "数量": 1}, {"五一劳动奖章获得者": "高浩强", "数量": 1}, {"五一劳动奖章获得者": "韩浩江", "数量": 1}, {"五一劳动奖章获得者": "夏术阶", "数量": 1}, {"五一劳动奖章获得者": "钱平", "数量": 1}, {"五一劳动奖章获得者": "陈建福", "数量": 1}, {"五一劳动奖章获得者": "闫国杰", "数量": 1}, {"五一劳动奖章获得者": "任永辉", "数量": 1}, {"五一劳动奖章获得者": "王传存", "数量": 1}, {"五一劳动奖章获得者": "周彩存教授", "数量": 1}, {"五一劳动奖章获得者": "卫益民", "数量": 1}, {"五一劳动奖章获得者": "李彪", "数量": 1}, {"五一劳动奖章获得者": "常静", "数量": 1}, {"五一劳动奖章获得者": "巢平源", "数量": 1}, {"五一劳动奖章获得者": "李涛涛", "数量": 1}, {"五一劳动奖章获得者": "陈浩", "数量": 1}, {"五一劳动奖章获得者": "吴毅", "数量": 1}, {"五一劳动奖章获得者": "徐亚伟", "数量": 1}, {"五一劳动奖章获得者": "毕道伟", "数量": 1}, {"五一劳动奖章获得者": "黄晓俊", "数量": 1}, {"五一劳动奖章获得者": "苏至钒", "数量": 1}, {"五一劳动奖章获得者": "王文强", "数量": 1}, {"五一劳动奖章获得者": "王俊席", "数量": 1}, {"五一劳动奖章获得者": "徐澳门", "数量": 1}, {"五一劳动奖章获得者": "杨恺", "数量": 1}, {"五一劳动奖章获得者": "季岚", "数量": 1}, {"五一劳动奖章获得者": "刘伟伟", "数量": 1}, {"五一劳动奖章获得者": "方焯", "数量": 1}, {"五一劳动奖章获得者": "杨颖华", "数量": 1}, {"五一劳动奖章获得者": "王建永", "数量": 1}, {"五一劳动奖章获得者": "武猛", "数量": 1}, {"五一劳动奖章获得者": "赵立苏", "数量": 1}, {"五一劳动奖章获得者": "薛飞", "数量": 1}, {"五一劳动奖章获得者": "卢育坤", "数量": 1}, {"五一劳动奖章获得者": "汤朔宁", "数量": 1}, {"五一劳动奖章获得者": "没有提及五一劳动奖章获得者的毕业院校信息", "数量": 1}, {"五一劳动奖章获得者": "宋明辉", "数量": 1}, {"五一劳动奖章获得者": "朱敏明", "数量": 1}, {"五一劳动奖章获得者": "沈洲", "数量": 1}, {"五一劳动奖章获得者": "戴华良", "数量": 1}]}
2025-05-15 08:29:39,948 ChatBI->     INFO     websocket发送的数据为：{"data_detail": [{}]}
2025-05-15 08:29:40,398 ChatBI->     INFO     websocket发送的数据为：{"result_insight": "根据检索结果，未找到五一劳动奖章获得者的具体毕业院校信息。"}
2025-05-15 08:29:41,874 ChatBI->     INFO     websocket发送的数据为：{"result_recommand": {"new_query_1": "蒋国兴的工种或工作头衔是什么？", "new_query_2": "获得上海市五一劳动奖章的工匠所属的行业有哪些？", "new_query_3": "五一劳动奖章获得者中，有多少人来自制造业领域？"}}
2025-05-15 08:37:04,315 ChatBI->     INFO     schema linking: {'target_columns': ['工作单位'], 'condition_columns': {'姓名': '大国工匠'}}
2025-05-15 08:37:04,601 ChatBI->     INFO     
2025-05-15 08:37:04,612 ChatBI->     INFO     你
2025-05-15 08:37:04,623 ChatBI->     INFO     希望
2025-05-15 08:37:04,636 ChatBI->     INFO     了解
2025-05-15 08:37:04,649 ChatBI->     INFO     大国
2025-05-15 08:37:04,666 ChatBI->     INFO     工匠
2025-05-15 08:37:04,683 ChatBI->     INFO     的
2025-05-15 08:37:04,700 ChatBI->     INFO     毕业
2025-05-15 08:37:04,717 ChatBI->     INFO     院校
2025-05-15 08:37:04,734 ChatBI->     INFO     有哪些
2025-05-15 08:37:04,753 ChatBI->     INFO     。
2025-05-15 08:37:04,769 ChatBI->     INFO     但是
2025-05-15 08:37:04,787 ChatBI->     INFO     ，
2025-05-15 08:37:04,804 ChatBI->     INFO     根据
2025-05-15 08:37:04,822 ChatBI->     INFO     提供的
2025-05-15 08:37:04,838 ChatBI->     INFO     schema
2025-05-15 08:37:04,856 ChatBI->     INFO     信息
2025-05-15 08:37:04,872 ChatBI->     INFO     和
2025-05-15 08:37:04,890 ChatBI->     INFO     关联
2025-05-15 08:37:04,907 ChatBI->     INFO     的
2025-05-15 08:37:04,924 ChatBI->     INFO     列
2025-05-15 08:37:04,941 ChatBI->     INFO     ，
2025-05-15 08:37:04,958 ChatBI->     INFO     我们
2025-05-15 08:37:04,975 ChatBI->     INFO     发现
2025-05-15 08:37:04,992 ChatBI->     INFO     并没有
2025-05-15 08:37:05,009 ChatBI->     INFO     直接
2025-05-15 08:37:05,026 ChatBI->     INFO     包含
2025-05-15 08:37:05,043 ChatBI->     INFO     “
2025-05-15 08:37:05,061 ChatBI->     INFO     毕业
2025-05-15 08:37:05,077 ChatBI->     INFO     院校
2025-05-15 08:37:05,094 ChatBI->     INFO     ”的
2025-05-15 08:37:05,112 ChatBI->     INFO     字段
2025-05-15 08:37:05,128 ChatBI->     INFO     。
2025-05-15 08:37:05,146 ChatBI->     INFO     因此
2025-05-15 08:37:05,163 ChatBI->     INFO     ，
2025-05-15 08:37:05,180 ChatBI->     INFO     无法
2025-05-15 08:37:05,197 ChatBI->     INFO     直接
2025-05-15 08:37:05,214 ChatBI->     INFO     从
2025-05-15 08:37:05,231 ChatBI->     INFO     现有
2025-05-15 08:37:05,248 ChatBI->     INFO     数据
2025-05-15 08:37:05,265 ChatBI->     INFO     中
2025-05-15 08:37:05,282 ChatBI->     INFO     获取
2025-05-15 08:37:05,299 ChatBI->     INFO     大国
2025-05-15 08:37:05,316 ChatBI->     INFO     工匠
2025-05-15 08:37:05,333 ChatBI->     INFO     的
2025-05-15 08:37:05,351 ChatBI->     INFO     毕业
2025-05-15 08:37:05,368 ChatBI->     INFO     院校
2025-05-15 08:37:05,384 ChatBI->     INFO     信息
2025-05-15 08:37:05,401 ChatBI->     INFO     。


2025-05-15 08:37:05,418 ChatBI->     INFO     如果
2025-05-15 08:37:05,436 ChatBI->     INFO     假设
2025-05-15 08:37:05,453 ChatBI->     INFO     存在
2025-05-15 08:37:05,470 ChatBI->     INFO     一个
2025-05-15 08:37:05,487 ChatBI->     INFO     字段
2025-05-15 08:37:05,504 ChatBI->     INFO     可以
2025-05-15 08:37:05,521 ChatBI->     INFO     间接
2025-05-15 08:37:05,538 ChatBI->     INFO     反映
2025-05-15 08:37:05,555 ChatBI->     INFO     毕业
2025-05-15 08:37:05,572 ChatBI->     INFO     院校
2025-05-15 08:37:05,589 ChatBI->     INFO     信息
2025-05-15 08:37:05,606 ChatBI->     INFO     （
2025-05-15 08:37:05,623 ChatBI->     INFO     例如
2025-05-15 08:37:05,640 ChatBI->     INFO     “
2025-05-15 08:37:05,657 ChatBI->     INFO     工匠
2025-05-15 08:37:05,674 ChatBI->     INFO     介绍
2025-05-15 08:37:05,691 ChatBI->     INFO     ”
2025-05-15 08:37:05,708 ChatBI->     INFO     字段
2025-05-15 08:37:05,725 ChatBI->     INFO     中
2025-05-15 08:37:05,742 ChatBI->     INFO     可能
2025-05-15 08:37:05,759 ChatBI->     INFO     包含
2025-05-15 08:37:05,776 ChatBI->     INFO     相关信息
2025-05-15 08:37:05,793 ChatBI->     INFO     ），
2025-05-15 08:37:05,811 ChatBI->     INFO     那么
2025-05-15 08:37:05,828 ChatBI->     INFO     可以
2025-05-15 08:37:05,845 ChatBI->     INFO     尝试
2025-05-15 08:37:05,862 ChatBI->     INFO     从
2025-05-15 08:37:05,879 ChatBI->     INFO     “
2025-05-15 08:37:05,896 ChatBI->     INFO     工匠
2025-05-15 08:37:05,914 ChatBI->     INFO     介绍
2025-05-15 08:37:05,930 ChatBI->     INFO     ”
2025-05-15 08:37:05,947 ChatBI->     INFO     字段
2025-05-15 08:37:05,964 ChatBI->     INFO     中
2025-05-15 08:37:05,981 ChatBI->     INFO     提取
2025-05-15 08:37:05,999 ChatBI->     INFO     相关信息
2025-05-15 08:37:06,019 ChatBI->     INFO     。
2025-05-15 08:37:06,033 ChatBI->     INFO     但是
2025-05-15 08:37:06,051 ChatBI->     INFO     ，
2025-05-15 08:37:06,068 ChatBI->     INFO     这
2025-05-15 08:37:06,085 ChatBI->     INFO     需要
2025-05-15 08:37:06,102 ChatBI->     INFO     进一步
2025-05-15 08:37:06,119 ChatBI->     INFO     的数据
2025-05-15 08:37:06,136 ChatBI->     INFO     处理
2025-05-15 08:37:06,153 ChatBI->     INFO     和
2025-05-15 08:37:06,170 ChatBI->     INFO     文本
2025-05-15 08:37:06,187 ChatBI->     INFO     分析
2025-05-15 08:37:06,204 ChatBI->     INFO     。


2025-05-15 08:37:06,221 ChatBI->     INFO     ###
2025-05-15 08:37:06,239 ChatBI->     INFO      输出
2025-05-15 08:37:06,256 ChatBI->     INFO     解读
2025-05-15 08:37:06,274 ChatBI->     INFO     ：

2025-05-15 08:37:06,291 ChatBI->     INFO     你
2025-05-15 08:37:06,308 ChatBI->     INFO     希望
2025-05-15 08:37:06,325 ChatBI->     INFO     了解
2025-05-15 08:37:06,341 ChatBI->     INFO     大国
2025-05-15 08:37:06,359 ChatBI->     INFO     工匠
2025-05-15 08:37:06,376 ChatBI->     INFO     的
2025-05-15 08:37:06,393 ChatBI->     INFO     毕业
2025-05-15 08:37:06,410 ChatBI->     INFO     院校
2025-05-15 08:37:06,427 ChatBI->     INFO     有哪些
2025-05-15 08:37:06,444 ChatBI->     INFO     ，
2025-05-15 08:37:06,462 ChatBI->     INFO     但由于
2025-05-15 08:37:06,478 ChatBI->     INFO     现有
2025-05-15 08:37:06,495 ChatBI->     INFO     数据
2025-05-15 08:37:06,512 ChatBI->     INFO     中
2025-05-15 08:37:06,529 ChatBI->     INFO     没有
2025-05-15 08:37:06,547 ChatBI->     INFO     直接
2025-05-15 08:37:06,563 ChatBI->     INFO     包含
2025-05-15 08:37:06,580 ChatBI->     INFO     “
2025-05-15 08:37:06,600 ChatBI->     INFO     毕业
2025-05-15 08:37:06,616 ChatBI->     INFO     院校
2025-05-15 08:37:06,633 ChatBI->     INFO     ”的
2025-05-15 08:37:06,650 ChatBI->     INFO     字段
2025-05-15 08:37:06,666 ChatBI->     INFO     ，
2025-05-15 08:37:06,684 ChatBI->     INFO     我们
2025-05-15 08:37:06,701 ChatBI->     INFO     无法
2025-05-15 08:37:06,718 ChatBI->     INFO     直接
2025-05-15 08:37:06,735 ChatBI->     INFO     从
2025-05-15 08:37:06,752 ChatBI->     INFO     现有
2025-05-15 08:37:06,769 ChatBI->     INFO     数据
2025-05-15 08:37:06,786 ChatBI->     INFO     中
2025-05-15 08:37:06,804 ChatBI->     INFO     获取
2025-05-15 08:37:06,820 ChatBI->     INFO     相关信息
2025-05-15 08:37:06,838 ChatBI->     INFO     。
2025-05-15 08:37:06,855 ChatBI->     INFO     如果
2025-05-15 08:37:06,872 ChatBI->     INFO     “
2025-05-15 08:37:06,889 ChatBI->     INFO     工匠
2025-05-15 08:37:06,906 ChatBI->     INFO     介绍
2025-05-15 08:37:06,923 ChatBI->     INFO     ”
2025-05-15 08:37:06,941 ChatBI->     INFO     字段
2025-05-15 08:37:06,957 ChatBI->     INFO     中
2025-05-15 08:37:06,975 ChatBI->     INFO     包含
2025-05-15 08:37:06,991 ChatBI->     INFO     毕业
2025-05-15 08:37:07,009 ChatBI->     INFO     院校
2025-05-15 08:37:07,025 ChatBI->     INFO     信息
2025-05-15 08:37:07,044 ChatBI->     INFO     ，
2025-05-15 08:37:07,059 ChatBI->     INFO     可以
2025-05-15 08:37:07,077 ChatBI->     INFO     尝试
2025-05-15 08:37:07,094 ChatBI->     INFO     从
2025-05-15 08:37:07,111 ChatBI->     INFO     该
2025-05-15 08:37:07,128 ChatBI->     INFO     字段
2025-05-15 08:37:07,145 ChatBI->     INFO     中
2025-05-15 08:37:07,162 ChatBI->     INFO     提取
2025-05-15 08:37:07,179 ChatBI->     INFO     相关信息
2025-05-15 08:37:07,196 ChatBI->     INFO     。
2025-05-15 08:37:07,213 ChatBI->     INFO     但是
2025-05-15 08:37:07,230 ChatBI->     INFO     ，
2025-05-15 08:37:07,247 ChatBI->     INFO     这
2025-05-15 08:37:07,266 ChatBI->     INFO     需要
2025-05-15 08:37:07,283 ChatBI->     INFO     进一步
2025-05-15 08:37:07,300 ChatBI->     INFO     的数据
2025-05-15 08:37:07,317 ChatBI->     INFO     处理
2025-05-15 08:37:07,334 ChatBI->     INFO     和
2025-05-15 08:37:07,351 ChatBI->     INFO     文本
2025-05-15 08:37:07,368 ChatBI->     INFO     分析
2025-05-15 08:37:07,385 ChatBI->     INFO     。


2025-05-15 08:37:07,402 ChatBI->     INFO     DONE
2025-05-15 08:37:07,422 ChatBI->     INFO     
2025-05-15 08:37:07,437 ChatBI->     INFO     任务类型: SQL
2025-05-15 08:37:08,740 ChatBI->     INFO     stad sql: SELECT DISTINCT `工作单位` FROM gjw WHERE `姓名` LIKE '%大国工匠%' LIMIT 10;
2025-05-15 08:37:08,750 ChatBI->     INFO     非结构化信息为: {}
2025-05-15 08:37:08,750 ChatBI->     INFO     没有找到<  >对应的视图
