2025-06-12 14:39:04,323 ChatBI->     INFO     获取的表元数据: 
    CREATE TABLE shanghai (
        `工单编号` BIGINT; 含义: 表示工单的唯一编号。; 用途: 用于唯一标识每个工单，便于查询和管理。; 示例值: 20240101000072; 备注: 无;
        `工号` BIGINT; 含义: 表示工单的生成编号。; 用途: 用于记录工单的生成顺序，便于排序和统计。; 示例值: 3830; 备注: 无;
        `工单生成时间` DATETIME; 含义: 表示工单的生成时间。; 用途: 用于记录工单的生成时间，便于时间维度的管理和分析。; 示例值: 2024-01-01 00:37:39; 备注: 无;
        `诉求地址` TEXT; 含义: 表示工单所涉及的具体地点的详细地址。; 用途: 提供工单发生地点的详细信息，便于定位和处理。; 示例值: "闵行区东川路555弄"; 备注: 无;
        `诉求区域` TEXT; 含义: 表示工单所涉及的具体地点所属的行政区。; 用途: 用于快速定位工单发生的区域，便于区域级别的管理和调度。; 枚举类型，值包括： "黄浦区", "徐汇区", "长宁区", "静安区",  "普陀区", "虹口区", "杨浦区", "闵行区", "宝山区", "嘉定区", "浦东新区", "金山区",  "松江区", "青浦区","奉贤区", "崇明区"; 备注: 无;
        `内容描述` TEXT; 含义: 对工单所涉及的具体问题的详细描述。; 用途: 提供完整的信息，帮助处理人员全面了解问题背景和具体情况。; 示例值: "市民来电反映:未成年游戏充值要求退费，心动网络有限公司旗"; 备注: 无;
        `工单类别` TEXT; 含义: 表示工单紧急程度的类别。; 用途: 用于对工单紧急程度分级，便于管理和迅速响应。; 枚举类型，包含: "一般", "次紧急", "紧急"; 备注: 无;
        `处理描述` TEXT; 含义: 对工单处理结果的描述。; 用途: 记录工单的处理情况，便于后续查询和分析。; 示例值: "市民反复催单，已电子催单工单编号：20231224019374，故归档。"; 备注: 无;
        `客户类型` TEXT; 含义: 表示工单客户的类型。; 用途: 用于区分不同类型的客户，便于管理和服务。; 枚举类型，包含 "个人", "企业"; 备注: 无;
        `一级分类` TEXT; 含义: 表示工单所属的最高级别的分类。; 用途: 用于快速定位和分类工单，便于管理和统计。;枚举类型，包括： "科教文卫类", "社会管理类", "公安政法类", "其他类", "建设交通类",  "公用事业类", "安全监管类", "经济综合类", "社会团体类"; 备注: 无;
        `二级分类` TEXT; 含义: 在一级分类之下，更具体的分类。; 用途: 进一步细化工单分类，提高管理精度。; 示例值: "文广影视"; 备注: 无;
        `三级分类` TEXT; 含义: 在二级分类之下，更加具体的分类。; 用途: 提供更详细的分类信息，方便具体问题的处理和跟踪。; 示例值: "文化产业管理"; 备注: 无;
        `四级分类` TEXT; 含义: 在三级分类之下，更加具体的分类。; 用途: 提供更详细的分类信息，方便具体问题的处理和跟踪。; 示例值: "游戏动漫"; 备注: 无;
        `主办单位` TEXT; 含义: 表示工单的主办单位。; 用途: 用于记录工单的主办单位，便于管理和协调。; 示例值: "市文化旅游局", "市公安局", "普陀区人民政府"; 备注: 无;
        `是否匿名` TEXT; 含义: 表示工单是否为匿名工单。; 用途: 用于区分匿名工单和非匿名工单，便于管理和保护隐私。; 示例值: "是"; 备注: 无;
        `服务类型` TEXT; 含义: 表示工单的服务类型。; 用途: 用于分类工单的服务类型，便于管理和统计。; 枚举类型，包括: "综合服务", "一网通办"; 备注: 无;
        `通话编号` TEXT; 含义: 表示工单的通话编号。; 用途: 用于记录工单的通话记录，便于查询和分析。; 示例值: "1704040581-2297011"; 备注: 无;
        `工单类型` TEXT; 含义: 表示工单的类型。; 用途: 用于分类工单的类型，便于管理和统计。; 枚举类型，包括: "求助类", "投诉举报类", "咨询类", "意见建议类", "其他类"; 备注: 无;
        `新一级分类` TEXT; 含义: 表示工单的新一级分类。; 用途: 用于记录工单的新分类信息，便于管理和统计。; 示例值: "None"; 备注: 无;
        `新二级分类` TEXT; 含义: 表示工单的新二级分类。; 用途: 用于记录工单的新分类信息，便于管理和统计。; 示例值: "None"; 备注: 无;
        `新三级分类` TEXT; 含义: 表示工单的新三级分类。; 用途: 用于记录工单的新分类信息，便于管理和统计。; 示例值: "None"; 备注: 无;
        `新四级分类` TEXT; 含义: 表示工单的新四级分类。; 用途: 用于记录工单的新分类信息，便于管理和统计。; 示例值: "None"; 备注: 无;
        `新五级分类` TEXT; 含义: 表示工单的新五级分类。; 用途: 用于记录工单的新分类信息，便于管理和统计。; 示例值: "None"; 备注: 无;
    )DEFAULT CHARSET=utf8mb4 ENGINE=InnoDB COLLATE utf8mb4_0900_ai_ci
    
2025-06-12 14:39:04,323 ChatBI->     INFO     获取的缩写列: []
2025-06-12 14:39:04,323 ChatBI->     INFO     获取的关联列: ['一级分类', '二级分类', '三级分类', '四级分类']
2025-06-12 14:39:04,323 ChatBI->     INFO     获取的列映射: {'工单编号': 'id', '工号': 'employee_id', '工单生成时间': 'order_date', '诉求地址': 'address', '诉求区域': 'region', '内容描述': 'content_description', '工单类别': 'order_category', '处理描述': 'resolution_description', '客户类型': 'customer_type', '一级分类': 'primary_classification', '二级分类': 'secondary_classification', '三级分类': 'tertiary_classification', '四级分类': 'quaternary_classification', '主办单位': 'responsible_department', '是否匿名': 'is_anonymous', '服务类型': 'service_type', '通话编号': 'call_id', '工单类型': 'order_type', '新一级分类': 'new_primary_classification', '新二级分类': 'new_secondary_classification', '新三级分类': 'new_tertiary_classification', '新四级分类': 'new_quaternary_classification', '新五级分类': 'new_period_classification'}
2025-06-12 14:39:05,729 ChatBI->     INFO     关联字段的枚举值:  {'一级分类': ['科教文卫类', '社会管理类', '公安政法类', '其他类', '建设交通类', '公用事业类', '安全监管类', '经济综合类', '社会团体类'], '二级分类': ['文广影视', '旅游', '公安（治安、交通）', '其他', '工商(消保)', '交通港口', '绿化市容', '邮政通信', '司法行政', '教育', '住房保障', '机关事务管理', '人力保障', '纪检监察', '城乡建设', '食品药品安全', '卫生计生', '发展改革', '公安（出入境）', '金融', '电力', '商务', '燃气', '城管执法', '残联', '环境保护', '税务', '土地规划', '民政', '水务', '“12345”热线', '供水', '电子政务', '信访', '法院系统', '安全生产管理', '退役军人', '农业', '部队', '公安（消防）', '总工会', '体育', '涉港澳台', '国资', '新闻出版', '质量技术监督', '知识产权', '经济信息化', '出入境边检', '民族宗教', '档案', '统计', '民防', '科技', '侨务', '外事', '气象', '团市委', '财政', '检察院系统', '国家安全', '审计', '妇联', '防震减灾', '中央直属', '机构编制', '长航公安', '口岸', '合作交流'], '三级分类': ['文化产业管理', '服务质量', '其他', '无效电话', '商业服务', '出租车', '市容市貌', '通信', '法律服务', '学校管理', '社会治安', '物业服务管理', '机关事务管理', '纠纷仲裁', '邮政服务', '交通管理', '劳动保护', '医疗医保', '政风行风', '工程管理', '安全管理', '卫生信息', '违法建筑', '改革规划', '护照办理', '环境卫生', '金融', '社会保险', '道路管理', '社保信息', '故障报修', '城市管理', '广播影视', '公交巴士', '商务', '价格调控', '市场交易管理', '社会噪声', '物业相关执法', '医疗服务', '工商监管', '医院监管', '燃气计费', '驾驶培训', '犬类管理', '户籍管理', '停车管理', '残联', '工伤', '污染', '税收政策', '非城市建设用地管理', '婚姻管理', '排水排污管理', '房屋权属', '汽车维修', '供水报修', '一网通办', '禁烟控烟', '培训市场', '事项办理', '养老保障', '地铁客运', '违法经营', '劳动人事制度', '社区家政', '12345热线', '入学入托', '就业创业', '保障型住房', '征收管理', '法院信息', '批评承办部门', '职业健康', '燃气服务', '货物运输', '签证签注', '招生考试', '公证服务', '供水计费', '自来水水质', '航空客运', '投诉批评', '拥军优抚', '人口计生', '表扬感谢', '表扬承办部门', '安全生产', '消防管理', '公共交通用卡管理', '税收管理', '疾控防疫', '咨询信访渠道', '法院受理', '体育管理', '车牌拍卖', '绿地绿化', '工商信息', '意见建议', '旧房改造', '其他社团', '刊物市场监管', '夜间施工许可', '消防设备维护', '生活保障', '特种行业管理', '复查复核', '特种设备监察', '知识产权', '铁路客运', '申诉举报', '动植园林', '法人一证通', '旅游信息', '总工会', '津贴补助', '电力服务', '用电计费', '国资', '人员边检', '动植物防疫', '燃气报修', '河道流域管理', '纪检监查', '违规用水', '行政管理', '道路维护', '殡葬事业', '寺庙管理', '特定医疗机构', '审批许可', '个人档案', '科技管理', '移交安置', '外事工作', '供水服务', '气象预报', '汽车客运', '质量认证', '慈善福利', '经济信息化', '燃气行业监管', '社会组织', '出境咨询', '禽类饲养', '司法直属', '港船客运', '计量器具检测', '旅游纠纷', '团市委', '检察院受理', '学生负担', '违规用电', '广告审批', '查询办理进度', '城市建设用地管理', '财政工作', '烈士褒扬', '农民负担', '国有档案', '村队管理', '文化遗产保护', '水资源管理', '农业生产', '自主择业就业', '统计工作', '国家安全', '新闻报道', '住房病虫害', '部队', '民防工程', '妇联', '建设管理', '地震震情', '生产许可证管理', '网站信箱', '科技开发', '救灾赈灾', '审计工作', '宗教信仰', '机构类', '防灾抗灾', '安保工作', '土地资源管理', '气象预警', '限电管理', '合作交流', '组织机构代码证'], '四级分类': ['游戏动漫', '酒店质量', '其他', '无明确诉求', '网上购物', '服务规范', '广告牌景观灯', '通信线路', '无效来电', '法律援助', '校园设施', '居住证', '纠纷协调', '机关事务信息', '劳动争议', '快递服务', '限流限行', '用工规范', '医保报销', '不作为', '建筑工程欠薪', '医保政策咨询', '教师素质', '各类服务卡券', '食品安全', '外省市受理', '医院医疗信息', '违法建筑', '新能源汽车', '护照办理', '倾倒渣土', '银行监管', '工伤保险', '施工规范', 'ETC使用', '社保卡', '规模停电', '无证设摊', '网络视听', '线路咨询', '汽车销售', '物业管理收费', '住房公积金', '售后服务', '装修噪音', '损坏侵占公用设施', '治安维护', '用药规范', '立案侦查', '业务办理', '审验登记', '医疗纠纷', '排队挂号', '用量偏高', '教练服务、培训规范', '养犬登记', '交通设施', '外省市迁入', '故障报修', '物业安保', '物品遗失', '社区卫生服务', '物业维修添置', '物业管理不善', '公共停车场', '残疾鉴定', '工伤认定', '结构改建', '排堵保畅', '噪音污染', '绿化维护', '服务态度', '残疾补助', '独户停电', '交通违章', '房产交易税', '经济纠纷', '耕地管理', '离婚办理', '失业保险', '医疗保险', '市政道路积水', '宅基地', '结婚登记', '合同监管', '油烟扰民', '业委会', '律师服务', '驾驶员审验', '高速收费', '4s店服务', '身份证管理', '停水水小', '旅行社服务', '网站使用', '乱收停车费', '群租现象', '过户上牌', '服务质量', '禁烟控烟', '空气污染', '广告监督', '市场监管', '共享单车', '其他业务', '办理结果不满', '环境垃圾', '养老保险', '广告张贴', '房屋产权', '路状路况', '危房', '老年津贴', '地铁建设', '不正当经营', '城管执法', '退休离休', '社区服务网点', '信息咨询', '垃圾清理', '入学政策', '人才引进', '拖欠工资', '道路养护', '经济补偿', '公安信息查询', '租赁管理', '经适房', '车辆年检', '卫生配套设施', '合同纠纷', '公租房', '经营性停车场', '拆迁安置', '幼托管理', '路灯供电', '法院地址电话', '诉求未解决', '金融资讯', '职业健康', '景点服务质量', '合同履行', '燃气施工', '账户信息', '文化活动', '居住证办理', '集装箱运输', '签证签注', '户籍政策咨询', '中考', '居改非', '工时假期', '工程质量', '办理转学', '继承权公证', '水费量高', '水中杂质', '飞机票务', '线路设置', '遗嘱抚恤和优待', '司法鉴定', '商品质量', '机关事务工作', '优生优育', '医保定点', '房产信息变更', '保险监管', '账单抄表', '非法客运', '搬场公司', '道路建设', '无照经营', '个人所得税', '烟草酒类', '道路安全', '水管维修', '表扬感谢', '应急救援', '市内户口迁移', '烟花爆竹管理', '排水工程', '交通卡', '偷税漏税', '求医问药', '教育质量', '工资奖金', '咨询信访渠道', '家电维修', '问题解决', '诉讼立案', '办事效率', '假冒伪劣', '土地征收', '经济案件', '市政工程', '教育改革', '生育保险', '群众锻炼', '证券监管', '职业培训', '车牌拍卖', '占绿毁绿', '维权咨询', '网络安全', '其他税种', '商品销售信息', '企业征税', '道路扬尘', '办事流程', '交通事故', '职称评定', '学籍管理', '消防隐患', '其他疫苗', '平台系统', '房屋老化', '资质认证', '红十字会', '赛事管理', '廉租房', '黑车', '图书刊物出版', '慢作为', '夜间施工的现象', '业务熟练', '消防栓', '无证犬类', '房屋结构破坏', '社区帮困补助', '不明归属井盖', '行政许可', '跨门经营', '家政服务', '动迁政策', '商标包装管理', '其他公证', '催办', '独生子女补贴', '问题推脱', '交通法规', '移植修剪', '食品安全流通', '办事推诿', '僵尸车', '劳务派遣', '线路时间', '扶贫帮困', '职业技能考试', '安全监察', '东方有线', '再生育政策', '消防宣传', '侵权行为', '铁路票务', '光污染', '结论不满', '高考', '申诉举报', '流浪犬收治', '其他报修', '公园设施', '普法宣传', '法人一证通', '许可审批', '外地户口入学', '影视节目', '邮件邮递', '便民信息', '景点投诉', '场地设施', '人员管理', '维修基金', '职业资质许可', '工会工作', '就业补贴', '信息查询', '职工权益', '电费争议', '国企管理', '过境手续', '疫情防疫', '法院判决', '丧葬补助金', '燃气泄漏', '住院病床', '外置扩音装置', '私装地锁', '就业信息', '水上漂浮物', '安全生产监督', '徇私枉法', '文化场所信息', '孤寡空巢老人关怀', '农村建设用地管理', '私移水表', '管道维修', '便民服务', '人员资质', '最低生活保障', '设备添置', '其他补助', '殡葬服务', '绿化护栏', '居家养老', '道路救援', '缴费信息', '市场物价', '受理网点', '护工护理', '机构养老', '国有资产流失', '流浪人员管理', '残联工作', '助残信息', '流程指引', '报刊印刷发行', '医疗设备', '垃圾分类', '保健品管理', '采血机构', '审批许可', '景点资讯', '养老金调整', '老年卡', '公房管理', '灭火器', '菜场经营', '通信基站', '个人档案', '无障碍工程', '死亡登记', '商贸信息', '乱作为', '法院通知', '高新技术扶持', '退役士兵', '动物保护机构', '违规拆迁', '医保药品目录', '土地使用权', '领事馆', '房屋转让', '承办推诿', '商品维修网点', '消防通道', '阶梯电价', '河道养护', '排污许可证', '黄赌毒', '天气预报', '活禽交易', '劳动能力鉴定', '危险品管理', '无犯罪证明', '废气污染', '水表维修', '寺庙用品', '燃气火小', '失职渎职', '评残疾伤残抚恤', '违规运营', '消防安全咨询', '河道疏通', '药品安全', '水污染', '车次信息', '超市卖场', '申请专利', '质量认证', '工龄核算', '电线高压线', '慈善募捐', '循环再利用', '司法拆迁', '孤儿收养', '燃气行业', '医疗器械管理', '隧桥管理', '作风问题', '票务', '出境咨询', '电表维修', '无证夜间施工', '服务流程', '劳务中介', '人民调解', '旅行社信息', '变电设施', '社工管理', '其他许可', '电视购物', '特定污染物处治', '无答复意见', '退休证', '农村地区家禽饲养', '律师协会', '城区家禽饲养', '浦江轮渡', '流浪救助', '野生动植物', '计量器具检测', '旅游合同纠纷', '体检中心', '团委工作', '城市信息化', '检察院信息', '超时补课', '航空运输', '私排电线', '贪污贿赂', '广告审批', '离退休干部', '商业楼宇', '查询办理进度', '测绘管理', '广播', '水表失窃', '军转干部', '诉讼时限', '财会考证', '虚开发票', '烈士评定', '刑事案件', '邮政发行', '医疗服务', '收费标准', '业务范畴', '农业补贴', '隔离管控', '政府机构', '航班延误', '公务员管理', '土地承包', '成人教育', '刊社信息', '节能减排', '规划设计', '监狱管理', '颜色异变', '电视线路', '餐饮服务', '转业干部', '非物质文化遗产', '秩序维护', '临终关怀', '文物保护管理', '无证养鸽', '桥梁通行', '河道水质', '强制消费', '畜牧养殖', '士兵', '滥砍滥捕', '非法行医', '收费问题', '平改坡', '体育彩票', '环评公示', '培训补贴', '平均工资', '最低工资', '兽医药管理', '档案管理', '创业扶持', '国家机密', '新闻内容', '证照查验', '燃气配件', '省际轮渡', '福利企业扶持', '因公出国审批', '安全检查', '新冠疫苗', '工作调动', '档案公开', '研究生考试', '水务工程建设', '管理规范', '青少年保护', '二次收费', '生态保护', '社区就业援助', '墓园管理', '化妆品管理', '增添绿化', '白蚁', '鼠患', '管道改建', '能源发展', '娱乐场所管理', '旅游交通', '文化社团', '烈士纪念设施', '信鸽', '营业税改增值税', '核酸检测', '违法传销', '作业负担', '涉军问题', '地下室管理', '妇联工作', '无军籍职工', '公益彩票', '气象服务信息', '避孕节育', '窃电举报', '固废危废', '超生处罚', '科技改革', '妇婴保健', '企业解困', '建筑间距及日照', '地震震情', '高温津贴', '集体资产管理', '青少年锻炼', '农业水利', '电磁辐射污染', '单身证明', '生产许可证管理', '假发票', '国内安全事务', '马蜂窝', '网站信箱使用', '河上搭建', '三无居家船只', '发明建议', '市场供应', '参战参试人员优待', '故障牵引', '工作态度', '违规收费', '年检', '征地补偿', '古树名木', '社会捐献', '土地建设与保护', '反动', '历史建筑', '抵押拍卖', '妇女权益维护', '防疫补贴', '化工污染', '费用减免', '防汛抗灾', '网点查询', '资产评估', '安全生产宣传', '夜间施工证的审批', '吸劳养老', '特殊工种', '自来水异味', '导游服务', '违规鸣笛', '分时用电', '筑材光污染', '公共支付', '记者证管理', '审计工作', '情报搜集', '企业改革', '农产品安全', '防治检疫', '抵押贷款公证', '队伍建设', '上海旅游节', '宗教信仰', '婚前检查', '公交专用道', '转运消杀', '抗台防汛', '自主研发', '医药卫生知识', '公共事业', '码色申诉', '矫正办', '火灾报警系统', '日常管理', '记录查询', '黑网吧', '收养审批', '许可证管理', '火灾报警', '电子出版物', '易燃易爆物', '婚姻财产公证', '财政票据', '擅自设立机构', '审查批捕', '福利设施', '国有企业', '公务车', '投资决策', '防疫物资', '地面沉降', '资质证书', '转基因产品（有机食品）', '民防警报', '审读出版物', '新闻形式', '妇女健康', '农副业生产', '台风沙尘', '抗灾演习', '民间慈善', '私接自来水管', '工程规划', '进博会', '外宾来访', '经济状况审核', '事业单位共享费', '节能用电', '暴雨暴雪', '合作交流', '组织机构代码证', '矿产管理']}
2025-06-12 14:39:05,729 ChatBI->     INFO     缩写字段的枚举值： []
2025-06-12 14:39:26,788 ChatBI->     INFO     案例库查询
2025-06-12 14:39:26,825 ChatBI->     INFO     案例库查询结果: ["{'query': '近半年群众经常上报道路积水的路段有哪些?', '目标列': ['诉求地址'], '条件列': {'内容描述': '道路积水', '工单生成时间': '近半年'}}", "{'query': '近1个月台风造成的道路积水影响市民出现的事件有多少起', '目标列': ['内容描述'], '条件列': {'内容描述': '台风造成的道路积水影响市民出现', '工单生成时间': '近1个月'}}", "{'query': '最近一年家中积水的投诉数量是多少', '目标列': ['内容描述'], '条件列': {'内容描述': '家中积水', '工单生成时间': '最近一年'}}"]
2025-06-12 14:39:27,430 ChatBI->     INFO     schema linking: {'target_columns': ['内容描述'], 'condition_columns': {'内容描述': '道路积水'}}
2025-06-12 14:39:28,507 ChatBI->     INFO     任务类型: SQL
2025-06-12 14:39:29,293 ChatBI->     INFO     stad sql: SELECT COUNT(*) AS `道路积水事件数量` FROM `shanghai` WHERE `内容描述` LIKE '%道路积水%';
2025-06-12 14:39:29,303 ChatBI->     INFO     非结构化信息为: {"`内容描述` LIKE '%道路积水%';": '道路积水'}
2025-06-12 14:39:29,303 ChatBI->     INFO     开始语义分析 ..  .. 
2025-06-12 14:39:29,560 ChatBI->     INFO     道路积水 的命名实体判别： no
2025-06-12 14:39:29,561 ChatBI->     INFO     开始对非结构化文档【粗略】检索
2025-06-12 14:39:30,248 ChatBI->     INFO     检索到的文档总数量为：5000
2025-06-12 14:39:32,401 ChatBI->     INFO     开始对非结构化文档【深度】检索
2025-06-12 14:39:32,682 ChatBI->     INFO     step_scores: ['yes', 'yes', 'yes', 'yes', 'yes', 'yes', 'yes', 'no', 'yes', 'no']
2025-06-12 14:39:32,682 ChatBI->     INFO     层级抽取文档： 市民来电反映:上述地址道路积水严重，诉求：请管理部门尽快清理积水 ==> yes  
2025-06-12 14:39:32,682 ChatBI->     INFO     层级抽取文档： 市民来电反映: 上述地址的路面一直有积水，一到下雨天就会积水。平时会好一点，下雨天比较厉害。诉求：尽快清理积水。 ==> yes  
2025-06-12 14:39:32,682 ChatBI->     INFO     层级抽取文档： 【台风】市民来电反映:上述地址积水严重，影响出行，诉求：要求处理积水 ==> yes  
2025-06-12 14:39:32,682 ChatBI->     INFO     层级抽取文档： 市民来电反映:该小区内包括49栋 55栋60栋前的几条主要道路，都有 30cm到50cm高度的积水，所有下水口全部堵死，居民无法正常通行，无法联系上物业，诉求：请管理部门核实，尽快排水抽水（需回复） ==> yes  
2025-06-12 14:39:32,683 ChatBI->     INFO     层级抽取文档： 市民来电反映:2024年10月12日市民发现上述地面道路存在很多积水，怀疑可能地下水管爆裂。诉求：请处理部门核实，进行维修处理。（市民要求信息保密，需要回复） ==> yes  
2025-06-12 14:39:32,683 ChatBI->     INFO     层级抽取文档： 市民来电反映:上述地址路段双向最右侧的机动车道和非机动车道一到下雨天路面就会积水，且非常深，通行非常不便。诉求：请管理部门尽快核实修整。（需回复） ==> yes  
2025-06-12 14:39:32,683 ChatBI->     INFO     层级抽取文档： 市民来电反映；上述地址浦东新区台儿庄路3号口，马路上有积水，诉求；请有关单位进行排水。（市民要求无需回复）。 ==> yes  
2025-06-12 14:39:32,683 ChatBI->     INFO     层级抽取文档： 市民来电反映:上述地址小区门口道路及武宁南路（武定西路-新闸路）一段道路柏油没有铺好道路上坑坑洼洼的，非机动车通行不便。希望管理部门核实整修 ==> no  
2025-06-12 14:39:32,683 ChatBI->     INFO     层级抽取文档： 市民反映：板泉路1910弄3号底楼进口只要一下雨，不管大小必积水，老人小孩苦不堪言，必须在狭窄的花坛边缘行走，危险性大，问题几个月前反映过一直没有处理。诉求：请采取措施及时清理积水。 ==> yes  
2025-06-12 14:39:32,683 ChatBI->     INFO     层级抽取文档： 市民建议：沪太路至萧云路段道路已建，本来是十字路大半年不开通，道路不能正常使用，人为造成大小车辆的拥堵，安全隐患凸显。诉求：建议开通道路，解决拥堵问题。 ==> no  
2025-06-12 14:39:33,003 ChatBI->     INFO     step_scores: ['yes', 'yes', 'yes', 'yes', 'no', 'yes', 'no', 'yes', 'no', 'yes']
2025-06-12 14:39:33,003 ChatBI->     INFO     层级抽取文档： 市民反映：地道整修过后，自行车道一直有水漏出来，地上一直有积水，路面也不平整，骑车电动车容易打滑摔跤。诉求：希望可以修缮。 ==> yes  
2025-06-12 14:39:33,003 ChatBI->     INFO     层级抽取文档： 【重新交办,要求：按答复要点告知市民,市民表示答复要点不明确,现在又开始积水堵塞了，请管理部门再次处理。最近办结的工单编号:20231120002277，工单内容:市民来电反映:上述地址小区内近日积水非常严重，进小区都要搭桥，且该现象经常发生，其诉求：望管理部门核实并督促彻底解决此问题。（需回复）该情况再次死灰复燃。】 ==> yes  
2025-06-12 14:39:33,003 ChatBI->     INFO     层级抽取文档： 市民来电反映:上述地址长春村15组的出入口，从前几天开始一直有农田排出来的积水，已经好几天了。诉求：希望尽快排水。 ==> yes  
2025-06-12 14:39:33,003 ChatBI->     INFO     层级抽取文档： 重复来电：咨询处理进程。【最近派发的工单号：20240713026218，工单内容：市民来电反映:非机动车道有很多淤，容易堵塞排水口，其当时经过这条路时还在施工，路边堆了很多建筑垃圾，现在通车了，不知道建筑垃圾是否还在，诉求：请核实清理淤泥和建筑垃圾。（市民要求信息保密 无需回复）
】 ==> yes  
2025-06-12 14:39:33,003 ChatBI->     INFO     层级抽取文档： 市民反映：有一片道路损坏，容易绊倒老人，存在安全隐患。诉求：请及时修复。 ==> no  
2025-06-12 14:39:33,003 ChatBI->     INFO     层级抽取文档： 【台风】市民来电反映:其是上述地址居民，台风影响，积水严重，要灌倒店里了。希望管理部门尽快安排排水 ==> yes  
2025-06-12 14:39:33,003 ChatBI->     INFO     层级抽取文档： 市民来电反映:在联合三路往北大约30米有个建筑工地，每天晚上工地的车子会带出来大量的泥土，导致地面上全部都是块结的泥土，碰到下雨天地面就会倒滑。诉求：请管理部门核实进行路面清理。 ==> no  
2025-06-12 14:39:33,003 ChatBI->     INFO     层级抽取文档： 市民来电反映:  上述地址小区外污水管道堵塞，导致小区内的雨水无法出来，现在暂时有积水，诉求: 希望管理部门核实，并尽快派人疏通。 ==> yes  
2025-06-12 14:39:33,003 ChatBI->     INFO     层级抽取文档： 市民来电反映:黄浦区淮海东路45号-49号东淮海国际大厦门口有一条小路，市民称属于公共道路，道路环境很差，很臭还能看见老鼠，望市容部门在此道路上加强清扫，改善环境。（信息保密，无需回复） ==> no  
2025-06-12 14:39:33,003 ChatBI->     INFO     层级抽取文档： 市民来电反映: 上述地址的污水管堵塞，导致积水。诉求：请管理部门尽快上门维修。（需回复） ==> yes  
2025-06-12 14:39:33,279 ChatBI->     INFO     step_scores: ['yes', 'yes', 'no', 'no', 'no', 'no', 'no', 'no', 'no', 'yes']
2025-06-12 14:39:33,280 ChatBI->     INFO     层级抽取文档： 市民来电反映:市民是上述地址的门面店，因前段时间下雨漏水，市政对道路涂柏油修路。但是修路范围只有一段，没有包括到市民家7-8家门店。市民表示店铺的方位也容易受到下雨渗水的影响。诉求：希望修路范围延长2米左右，涵盖到市民家的门面房。 ==> yes  
2025-06-12 14:39:33,280 ChatBI->     INFO     层级抽取文档： 市民来电反映:上述地址河道因为雨水量太高，导致水位上涨过快，现在已经高处河道，现场地面已经积水10公分，且还在增加，市民表示周边有居民房屋，如果继续上涨，水将倒灌到家中。市民诉求：望相关部门核实请水务部门尽快开闸放水。（市民要求需要回复） ==> yes  
2025-06-12 14:39:33,280 ChatBI->     INFO     层级抽取文档： 市民来电反映:松江区叶榭镇徐姚村泖泾218号，门口的马路边上靠近河道，道路有不同程度的坑洼，并且存在塌陷风险，已经往河道倾斜，存在安全隐患。诉求：希望核查尽快修缮道路。 ==> no  
2025-06-12 14:39:33,280 ChatBI->     INFO     层级抽取文档： 市民来电反映:周一至周五，每天早上因路口早餐店，很多车辆违章停车，导致道路拥堵。

 ==> no  
2025-06-12 14:39:33,280 ChatBI->     INFO     层级抽取文档： 市民来电反映:上述地址厨房、小房间和南面房间渗水，家中目前有积水，对市民生活带来影响。诉求：要求部门协调尽快上门维修。 ==> no  
2025-06-12 14:39:33,280 ChatBI->     INFO     层级抽取文档： 市民反映：上述路段路面通行区域存在大量的坑洼、路面不平情况，导致大量车辆紧急变道避让、紧急刹车等情况，严重影响道路通行安全。同时高速路面大量坑漕、坍塌、隆起情况，容易对市民车辆的安全造成损害。参考道路交通安全法第三十条和第三十二条。诉求：要求管理部门做好路面常态化检查及时修理路面损坏和异物。 ==> no  
2025-06-12 14:39:33,280 ChatBI->     INFO     层级抽取文档： 市民来电反映:上述地址村里之前建造的食堂，食堂旁边进出的道路现在经常有车辆在该处乱停车，影响正常通行，诉求：希望管理部门对该处道路乱停车问题进行管理。 ==> no  
2025-06-12 14:39:33,281 ChatBI->     INFO     层级抽取文档： 市民来电反映:上述地址道路拥堵，请管理部门疏导交通 ==> no  
2025-06-12 14:39:33,281 ChatBI->     INFO     层级抽取文档： 市民来电咨询:咨询道路安全问题热线是否受理。 ==> no  
2025-06-12 14:39:33,281 ChatBI->     INFO     层级抽取文档： 市民来电反映:上述地址弄堂下水道堵塞，上个月反映后有来疏通过，但是没解决根本问题，现在2024年4月3日晚上又出现堵塞，已经出现积水到市民家中情况。诉求：请管理部门尽快疏通。 ==> yes  
2025-06-12 14:39:33,281 ChatBI->     INFO     阈值索引为：436, 窗口大小为: 100 
2025-06-12 14:39:33,281 ChatBI->     INFO     确定的文档: 337; 在次确认的文档: 199
2025-06-12 14:39:38,527 ChatBI->     INFO     从199个需再次确认的文档中筛选出的相关文档数量：58
2025-06-12 14:39:38,527 ChatBI->     INFO     示例文档：['市民来电反映:上述地址金地未未来小区因为暴雨整个小区地下停车库包括住房都被淹了，联系物业被告知是因为市政水管总管不排水导致小区积水。诉求：希望管理部门核实处理，尽快打开水管排水。', '市民反映：由于农村自建房原因，上述地址都是泥路，下雨天无法出行，存在安全隐患。（详见附件）诉求：建议管理部门铺设水泥路。', '市民来电反映:上述地址道路有坑塘破损。诉求：请管理部门尽快修缮。', '市民来电反映:市民来电反复催单。催单原因：市民称管理部门至今未给予任何回复，请管理部门尽快处理。【最近派发的工单编号：20240505007502，工单内容：市民来电反映:华泰药店门口下水道窨井盖堵住，路面有积水。诉求：管理部门帮助疏通（需回复）】', '市民来电补充信息。市民补充信息内容为市民收到村委会的电话，态度十分恶劣，问市民是谁家的老婆，最后挂断了市民电话，市民要求相关工作人员注意态度，尽快处理该问题。【最近派发的工单编号：20240416011664，工单内容：市民来电反映:上述地址有一条道路原来是作为车站通行道路供行人通行的，是一条裸露凹陷的泥土路，下雨天很泥泞，不美观，且行人通行不便。诉求：请管理部门核实并对该处道路进行修缮，与旁边的绿化齐平，并铺设道路。】']
2025-06-12 14:39:38,530 ChatBI->     INFO     没有找到<  >对应的视图
2025-06-12 14:39:38,530 ChatBI->     INFO     sql 语句：SELECT COUNT(*) AS `道路积水事件数量` FROM `shanghai` WHERE  `内容描述` IN (:val0, :val1, :val2, :val3, :val4, :val5, :val6, :val7, :val8, :val9, :val10, :val11, :val12, :val13, :val14, :val15, :val16, :val17, :val18, :val19, :val20, :val21, :val22, :val23, :val24, :val25, :val26, :val27, :val28, :val29, :val30, :val31, :val32, :val33, :val34, :val35, :val36, :val37, :val38, :val39, :val40, :val41, :val42, :val43, :val44, :val45, :val46, :val47, :val48, :val49, :val50, :val51, :val52, :val53, :val54, :val55, :val56, :val57, :val58, :val59, :val60, :val61, :val62, :val63, :val64, :val65, :val66, :val67, :val68, :val69, :val70, :val71, :val72, :val73, :val74, :val75, :val76, :val77, :val78, :val79, :val80, :val81, :val82, :val83, :val84, :val85, :val86, :val87, :val88, :val89, :val90, :val91, :val92, :val93, :val94, :val95, :val96, :val97, :val98, :val99, :val100, :val101, :val102, :val103, :val104, :val105, :val106, :val107, :val108, :val109, :val110, :val111, :val112, :val113, :val114, :val115, :val116, :val117, :val118, :val119, :val120, :val121, :val122, :val123, :val124, :val125, :val126, :val127, :val128, :val129, :val130, :val131, :val132, :val133, :val134, :val135, :val136, :val137, :val138, :val139, :val140, :val141, :val142, :val143, :val144, :val145, :val146, :val147, :val148, :val149, :val150, :val151, :val152, :val153, :val154, :val155, :val156, :val157, :val158, :val159, :val160, :val161, :val162, :val163, :val164, :val165, :val166, :val167, :val168, :val169, :val170, :val171, :val172, :val173, :val174, :val175, :val176, :val177, :val178, :val179, :val180, :val181, :val182, :val183, :val184, :val185, :val186, :val187, :val188, :val189, :val190, :val191, :val192, :val193, :val194, :val195, :val196, :val197, :val198, :val199, :val200, :val201, :val202, :val203, :val204, :val205, :val206, :val207, :val208, :val209, :val210, :val211, :val212, :val213, :val214, :val215, :val216, :val217, :val218, :val219, :val220, :val221, :val222, :val223, :val224, :val225, :val226, :val227, :val228, :val229, :val230, :val231, :val232, :val233, :val234, :val235, :val236, :val237, :val238, :val239, :val240, :val241, :val242, :val243, :val244, :val245, :val246, :val247, :val248, :val249, :val250, :val251, :val252, :val253, :val254, :val255, :val256, :val257, :val258, :val259, :val260, :val261, :val262, :val263, :val264, :val265, :val266, :val267, :val268, :val269, :val270, :val271, :val272, :val273, :val274, :val275, :val276, :val277, :val278, :val279, :val280, :val281, :val282, :val283, :val284, :val285, :val286, :val287, :val288, :val289, :val290, :val291, :val292, :val293, :val294, :val295, :val296, :val297, :val298, :val299, :val300, :val301, :val302, :val303, :val304, :val305, :val306, :val307, :val308, :val309, :val310, :val311, :val312, :val313, :val314, :val315, :val316, :val317, :val318, :val319, :val320, :val321, :val322, :val323, :val324, :val325, :val326, :val327, :val328, :val329, :val330, :val331, :val332, :val333, :val334, :val335, :val336, :val337, :val338, :val339, :val340, :val341, :val342, :val343, :val344, :val345, :val346, :val347, :val348, :val349, :val350, :val351, :val352, :val353, :val354, :val355, :val356, :val357, :val358, :val359, :val360, :val361, :val362, :val363, :val364, :val365, :val366, :val367, :val368, :val369, :val370, :val371, :val372, :val373, :val374, :val375, :val376, :val377, :val378, :val379, :val380, :val381, :val382, :val383, :val384, :val385, :val386, :val387, :val388, :val389, :val390, :val391, :val392, :val393, :val394)
2025-06-12 14:39:39,209 ChatBI->     INFO     sql 语句：SELECT * FROM `shanghai` WHERE  `内容描述` IN (:val0, :val1, :val2, :val3, :val4, :val5, :val6, :val7, :val8, :val9, :val10, :val11, :val12, :val13, :val14, :val15, :val16, :val17, :val18, :val19, :val20, :val21, :val22, :val23, :val24, :val25, :val26, :val27, :val28, :val29, :val30, :val31, :val32, :val33, :val34, :val35, :val36, :val37, :val38, :val39, :val40, :val41, :val42, :val43, :val44, :val45, :val46, :val47, :val48, :val49, :val50, :val51, :val52, :val53, :val54, :val55, :val56, :val57, :val58, :val59, :val60, :val61, :val62, :val63, :val64, :val65, :val66, :val67, :val68, :val69, :val70, :val71, :val72, :val73, :val74, :val75, :val76, :val77, :val78, :val79, :val80, :val81, :val82, :val83, :val84, :val85, :val86, :val87, :val88, :val89, :val90, :val91, :val92, :val93, :val94, :val95, :val96, :val97, :val98, :val99, :val100, :val101, :val102, :val103, :val104, :val105, :val106, :val107, :val108, :val109, :val110, :val111, :val112, :val113, :val114, :val115, :val116, :val117, :val118, :val119, :val120, :val121, :val122, :val123, :val124, :val125, :val126, :val127, :val128, :val129, :val130, :val131, :val132, :val133, :val134, :val135, :val136, :val137, :val138, :val139, :val140, :val141, :val142, :val143, :val144, :val145, :val146, :val147, :val148, :val149, :val150, :val151, :val152, :val153, :val154, :val155, :val156, :val157, :val158, :val159, :val160, :val161, :val162, :val163, :val164, :val165, :val166, :val167, :val168, :val169, :val170, :val171, :val172, :val173, :val174, :val175, :val176, :val177, :val178, :val179, :val180, :val181, :val182, :val183, :val184, :val185, :val186, :val187, :val188, :val189, :val190, :val191, :val192, :val193, :val194, :val195, :val196, :val197, :val198, :val199, :val200, :val201, :val202, :val203, :val204, :val205, :val206, :val207, :val208, :val209, :val210, :val211, :val212, :val213, :val214, :val215, :val216, :val217, :val218, :val219, :val220, :val221, :val222, :val223, :val224, :val225, :val226, :val227, :val228, :val229, :val230, :val231, :val232, :val233, :val234, :val235, :val236, :val237, :val238, :val239, :val240, :val241, :val242, :val243, :val244, :val245, :val246, :val247, :val248, :val249, :val250, :val251, :val252, :val253, :val254, :val255, :val256, :val257, :val258, :val259, :val260, :val261, :val262, :val263, :val264, :val265, :val266, :val267, :val268, :val269, :val270, :val271, :val272, :val273, :val274, :val275, :val276, :val277, :val278, :val279, :val280, :val281, :val282, :val283, :val284, :val285, :val286, :val287, :val288, :val289, :val290, :val291, :val292, :val293, :val294, :val295, :val296, :val297, :val298, :val299, :val300, :val301, :val302, :val303, :val304, :val305, :val306, :val307, :val308, :val309, :val310, :val311, :val312, :val313, :val314, :val315, :val316, :val317, :val318, :val319, :val320, :val321, :val322, :val323, :val324, :val325, :val326, :val327, :val328, :val329, :val330, :val331, :val332, :val333, :val334, :val335, :val336, :val337, :val338, :val339, :val340, :val341, :val342, :val343, :val344, :val345, :val346, :val347, :val348, :val349, :val350, :val351, :val352, :val353, :val354, :val355, :val356, :val357, :val358, :val359, :val360, :val361, :val362, :val363, :val364, :val365, :val366, :val367, :val368, :val369, :val370, :val371, :val372, :val373, :val374, :val375, :val376, :val377, :val378, :val379, :val380, :val381, :val382, :val383, :val384, :val385, :val386, :val387, :val388, :val389, :val390, :val391, :val392, :val393, :val394)
2025-06-12 14:39:42,273 ChatBI->     INFO     query: {query} 处理完毕
2025-06-12 14:41:52,759 ChatBI->     INFO     案例库查询
2025-06-12 14:41:52,801 ChatBI->     INFO     案例库查询结果: ["{'query': '最近十个月小区垃圾投诉的数量是多少', '目标列': ['内容描述'], '条件列': {'内容描述': '小区垃圾', '工单类型': '投诉举报类', '工单生成时间': '最近十个月'}}", "{'query': '最近十个月油烟扰民的投诉数量是多少', '目标列': ['内容描述'], '条件列': {'内容描述': '油烟扰民', '工单生成时间': '最近十个月', '工单类型': '投诉举报类'}}", "{'query': '最近10个月商业服务的工单里主要反映了哪些事件', '目标列': ['内容描述'], '条件列': {'二级分类': '商业服务', '工单生成时间': '最近10个月'}}"]
2025-06-12 14:41:53,539 ChatBI->     INFO     schema linking: {'target_columns': ['工单编号'], 'condition_columns': {'工单生成时间': '10月份'}}
2025-06-12 14:41:54,849 ChatBI->     INFO     任务类型: SQL
2025-06-12 14:41:55,911 ChatBI->     INFO     stad sql: SELECT COUNT(`工单编号`) AS `数量` FROM `shanghai` WHERE DATE_FORMAT(`工单生成时间`, '%Y-%m') = '2023-10';
2025-06-12 14:41:55,913 ChatBI->     INFO     非结构化信息为: {}
2025-06-12 14:41:55,913 ChatBI->     INFO     sql查询命令中没有非结构化信息则不进行语义分析
2025-06-12 14:41:55,913 ChatBI->     INFO     没有找到<  >对应的视图
2025-06-12 14:41:58,113 ChatBI->     INFO     query: {query} 处理完毕
2025-06-12 14:42:08,697 ChatBI->     INFO     案例库查询
2025-06-12 14:42:08,729 ChatBI->     INFO     案例库查询结果: ["{'query': '最近十个月小区垃圾投诉的数量是多少', '目标列': ['内容描述'], '条件列': {'内容描述': '小区垃圾', '工单类型': '投诉举报类', '工单生成时间': '最近十个月'}}", "{'query': '最近十个月油烟扰民的投诉数量是多少', '目标列': ['内容描述'], '条件列': {'内容描述': '油烟扰民', '工单生成时间': '最近十个月', '工单类型': '投诉举报类'}}", "{'query': '2024年10月医院排队现象比较严重的医院有那些', '目标列': ['内容描述'], '条件列': {'内容描述': '医院排队现象严重', '工单生成时间': '2024年10月'}}"]
2025-06-12 14:42:09,613 ChatBI->     INFO     schema linking: {'target_columns': ['工单编号'], 'condition_columns': {'工单生成时间': '2024年10月'}}
2025-06-12 14:42:12,057 ChatBI->     INFO     任务类型: SQL
2025-06-12 14:42:13,275 ChatBI->     INFO     stad sql: SELECT COUNT(`工单编号`) AS `数量` FROM `shanghai` WHERE DATE_FORMAT(`工单生成时间`, '%Y-%m') = '2024-10';
2025-06-12 14:42:13,278 ChatBI->     INFO     非结构化信息为: {}
2025-06-12 14:42:13,278 ChatBI->     INFO     sql查询命令中没有非结构化信息则不进行语义分析
2025-06-12 14:42:13,278 ChatBI->     INFO     没有找到<  >对应的视图
2025-06-12 14:42:22,353 ChatBI->     INFO     query: {query} 处理完毕
2025-06-12 14:42:22,714 ChatBI->     ERROR    Unexpected error occured:(<CloseCode.ABNORMAL_CLOSURE: 1006>, '')
Traceback (most recent call last):
  File "/data/yfzx/liucd/chatbi_deploy2/chatbi_DB2/apps/app_main_ws_router.py", line 65, in websocket_endpoint
    message = await websocket.receive_text()
              ^^^^^^^^^^^^^^^^^^^^^^^^^^^^^^
  File "/root/anaconda3/envs/chatbi/lib/python3.12/site-packages/starlette/websockets.py", line 119, in receive_text
    self._raise_on_disconnect(message)
  File "/root/anaconda3/envs/chatbi/lib/python3.12/site-packages/starlette/websockets.py", line 113, in _raise_on_disconnect
    raise WebSocketDisconnect(message["code"], message.get("reason"))
starlette.websockets.WebSocketDisconnect: (<CloseCode.ABNORMAL_CLOSURE: 1006>, '')
