2025-05-09 13:25:20,078 ChatBI->     INFO     Processing column: 区局
2025-05-09 13:25:20,082 ChatBI->     INFO     Found 145 distinct values for 区局
2025-05-09 13:25:20,082 ChatBI->     INFO     Processing column: 工种职务
2025-05-09 13:25:20,140 ChatBI->     INFO     Found 617 distinct values for 工种职务
2025-05-09 13:25:20,140 ChatBI->     INFO     Processing column: 所属行业
2025-05-09 13:25:20,144 ChatBI->     INFO     Found 112 distinct values for 所属行业
2025-05-09 13:25:37,678 ChatBI->     INFO     query: 上海电信工匠有多少人
2025-05-09 13:25:38,517 ChatBI->     INFO     schema linking: {'target_columns': ['姓名'], 'condition_columns': {'工作单位': '电信'}}
2025-05-09 13:25:39,716 ChatBI->     INFO     stad sql: SELECT COUNT(`姓名`) AS `数量` FROM gjw WHERE `工作单位` LIKE '%电信%' LIMIT 10;
2025-05-09 13:25:39,717 ChatBI->     INFO     开始缩写分析 ... 
2025-05-09 13:25:39,722 ChatBI->     INFO     要被缩写的字段信息为: {"`工作单位` LIKE '%电信%'": '电信'}
2025-05-09 13:25:39,723 ChatBI->     INFO     sql_command: SELECT COUNT(`姓名`) AS `数量` FROM gjw WHERE  `工作单位` IN (:val0, :val1, :val2, :val3, :val4, :val5, :val6) LIMIT 10;
2025-05-09 13:25:39,723 ChatBI->     INFO     params: {'val0': '中国电信股份有限公司上海西区电信局', 'val1': '中国电信股份有限公司上海分公司', 'val2': '中国电信股份有限公司上海南区电信局', 'val3': '中国电信股份有限公司上海政企客户事业群', 'val4': '中国电信上海理想信息产业（集团）有限公司', 'val5': '中国电信股份有限公司上海移动互联网部', 'val6': '中国电信股份有限公司上海松江电信局'}
2025-05-09 13:25:39,726 ChatBI->     INFO     obtain_data: [{'数量': 12}]
2025-05-09 13:25:39,726 ChatBI->     INFO     sql_result: {'sql_std': "SELECT COUNT(`姓名`) AS `数量` FROM gjw WHERE `工作单位` LIKE '%电信%' LIMIT 10;", 'sql_abbr': 'SELECT COUNT(`姓名`) AS `数量` FROM gjw WHERE  `工作单位` IN (:val0, :val1, :val2, :val3, :val4, :val5, :val6) LIMIT 10;'}
2025-05-09 13:26:10,383 ChatBI->     INFO     query: 上海电信公司的工匠有多少人
2025-05-09 13:26:11,277 ChatBI->     INFO     schema linking: {'target_columns': ['姓名'], 'condition_columns': {'工作单位': '上海电信公司'}}
2025-05-09 13:26:12,628 ChatBI->     INFO     stad sql: SELECT COUNT(`姓名`) AS `工匠数量` FROM gjw WHERE `工作单位` LIKE '%上海电信公司%' LIMIT 10;
2025-05-09 13:26:12,629 ChatBI->     INFO     开始缩写分析 ... 
2025-05-09 13:26:12,630 ChatBI->     INFO     要被缩写的字段信息为: {"`工作单位` LIKE '%上海电信公司%'": '上海电信公司'}
2025-05-09 13:26:12,630 ChatBI->     INFO     sql_command: SELECT COUNT(`姓名`) AS `工匠数量` FROM gjw WHERE  `工作单位` IN (:val0, :val1, :val2, :val3, :val4, :val5, :val6) LIMIT 10;
2025-05-09 13:26:12,630 ChatBI->     INFO     params: {'val0': '中国电信股份有限公司上海西区电信局', 'val1': '中国电信股份有限公司上海分公司', 'val2': '中国电信股份有限公司上海南区电信局', 'val3': '中国电信股份有限公司上海政企客户事业群', 'val4': '中国电信上海理想信息产业（集团）有限公司', 'val5': '中国电信股份有限公司上海移动互联网部', 'val6': '中国电信股份有限公司上海松江电信局'}
2025-05-09 13:26:12,634 ChatBI->     INFO     obtain_data: [{'工匠数量': 12}]
2025-05-09 13:26:12,634 ChatBI->     INFO     sql_result: {'sql_std': "SELECT COUNT(`姓名`) AS `工匠数量` FROM gjw WHERE `工作单位` LIKE '%上海电信公司%' LIMIT 10;", 'sql_abbr': 'SELECT COUNT(`姓名`) AS `工匠数量` FROM gjw WHERE  `工作单位` IN (:val0, :val1, :val2, :val3, :val4, :val5, :val6) LIMIT 10;'}
2025-05-09 13:27:09,304 ChatBI->     INFO     query: 上海移动的工匠有多少人
2025-05-09 13:27:10,169 ChatBI->     INFO     schema linking: {'target_columns': ['姓名'], 'condition_columns': {'工作单位': '上海移动'}}
2025-05-09 13:27:11,334 ChatBI->     INFO     stad sql: SELECT COUNT(`姓名`) AS `工匠数量` FROM gjw WHERE `工作单位` LIKE '%上海移动%';
2025-05-09 13:27:11,335 ChatBI->     INFO     开始缩写分析 ... 
2025-05-09 13:27:11,335 ChatBI->     INFO     要被缩写的字段信息为: {"`工作单位` LIKE '%上海移动%';": '上海移动'}
2025-05-09 13:27:11,336 ChatBI->     INFO     sql_command: SELECT COUNT(`姓名`) AS `工匠数量` FROM gjw WHERE  `工作单位` IN (:val0, :val1, :val2)
2025-05-09 13:27:11,336 ChatBI->     INFO     params: {'val0': '中国移动通信集团上海有限公司', 'val1': '中国移动通信集团上海公司信息系统运营部', 'val2': '中国电信股份有限公司上海移动互联网部'}
2025-05-09 13:27:11,340 ChatBI->     INFO     obtain_data: [{'工匠数量': 8}]
2025-05-09 13:27:11,340 ChatBI->     INFO     sql_result: {'sql_std': "SELECT COUNT(`姓名`) AS `工匠数量` FROM gjw WHERE `工作单位` LIKE '%上海移动%';", 'sql_abbr': 'SELECT COUNT(`姓名`) AS `工匠数量` FROM gjw WHERE  `工作单位` IN (:val0, :val1, :val2)'}
2025-05-09 13:27:44,212 ChatBI->     INFO     query: 万达信息的工匠有多少人
2025-05-09 13:27:45,081 ChatBI->     INFO     schema linking: {'target_columns': ['姓名'], 'condition_columns': {'工作单位': '万达信息'}}
2025-05-09 13:27:46,347 ChatBI->     INFO     stad sql: SELECT COUNT(`姓名`) AS `工匠数量` FROM gjw WHERE `工作单位` LIKE '%万达信息%' LIMIT 10;
2025-05-09 13:27:46,347 ChatBI->     INFO     开始缩写分析 ... 
2025-05-09 13:27:46,349 ChatBI->     INFO     要被缩写的字段信息为: {"`工作单位` LIKE '%万达信息%'": '万达信息'}
2025-05-09 13:27:46,351 ChatBI->     INFO     sql_command: SELECT COUNT(`姓名`) AS `工匠数量` FROM gjw WHERE  `工作单位` IN (:val0) LIMIT 10;
2025-05-09 13:27:46,351 ChatBI->     INFO     params: {'val0': '万达信息股份有限公司'}
2025-05-09 13:27:46,355 ChatBI->     INFO     obtain_data: [{'工匠数量': 4}]
2025-05-09 13:27:46,356 ChatBI->     INFO     sql_result: {'sql_std': "SELECT COUNT(`姓名`) AS `工匠数量` FROM gjw WHERE `工作单位` LIKE '%万达信息%' LIMIT 10;", 'sql_abbr': 'SELECT COUNT(`姓名`) AS `工匠数量` FROM gjw WHERE  `工作单位` IN (:val0) LIMIT 10;'}
2025-05-09 13:28:12,496 ChatBI->     INFO     query: 万达信息和上海移动的工匠分别有多少人
2025-05-09 13:28:13,653 ChatBI->     INFO     schema linking: {'target_columns': ['工作单位', '姓名'], 'condition_columns': {'工作单位': '万达信息,上海移动'}}
2025-05-09 13:28:15,260 ChatBI->     INFO     stad sql: SELECT `工作单位`, COUNT(`姓名`) AS `工匠数量` FROM gjw WHERE `工作单位` IN ('万达信息', '上海移动') GROUP BY `工作单位` LIMIT 10;
2025-05-09 13:28:15,260 ChatBI->     INFO     开始缩写分析 ... 
2025-05-09 13:30:11,863 ChatBI->     INFO     query: 研究5G的工匠里的男女比例
2025-05-09 13:30:12,738 ChatBI->     INFO     schema linking: {'target_columns': ['性别'], 'condition_columns': {'所属行业': '信息产业'}}
2025-05-09 13:30:14,020 ChatBI->     INFO     stad sql: SELECT `性别`, COUNT(*) AS `数量` FROM gjw WHERE `所属行业` LIKE '%信息产业%' GROUP BY `性别`
2025-05-09 13:30:14,020 ChatBI->     INFO     开始缩写分析 ... 
2025-05-09 13:30:14,021 ChatBI->     INFO     要被缩写的字段信息为: {}
2025-05-09 13:30:14,021 ChatBI->     INFO     sql_command: SELECT `性别`, COUNT(*) AS `数量` FROM gjw WHERE `所属行业` LIKE '%信息产业%' GROUP BY `性别`
2025-05-09 13:30:14,021 ChatBI->     INFO     params: {}
2025-05-09 13:30:14,024 ChatBI->     INFO     obtain_data: [{'性别': '男', '数量': 6}, {'性别': '女', '数量': 2}]
2025-05-09 13:30:14,024 ChatBI->     INFO     sql_result: {'sql_std': "SELECT `性别`, COUNT(*) AS `数量` FROM gjw WHERE `所属行业` LIKE '%信息产业%' GROUP BY `性别`", 'sql_abbr': "SELECT `性别`, COUNT(*) AS `数量` FROM gjw WHERE `所属行业` LIKE '%信息产业%' GROUP BY `性别`"}
2025-05-09 13:30:21,108 ChatBI->     INFO     query: 研究5G的工匠里的男女人数比例
2025-05-09 13:30:22,004 ChatBI->     INFO     schema linking: {'target_columns': ['性别'], 'condition_columns': {'工匠介绍（缩写）': '5G'}}
2025-05-09 13:30:23,385 ChatBI->     INFO     stad sql: SELECT `性别`, COUNT(*) AS `数量` FROM gjw WHERE `工匠介绍（缩写）` LIKE '%5G%' GROUP BY `性别`
2025-05-09 13:30:23,386 ChatBI->     INFO     开始缩写分析 ... 
2025-05-09 13:30:23,388 ChatBI->     INFO     要被缩写的字段信息为: {}
2025-05-09 13:30:23,388 ChatBI->     INFO     sql_command: SELECT `性别`, COUNT(*) AS `数量` FROM gjw WHERE `工匠介绍（缩写）` LIKE '%5G%' GROUP BY `性别`
2025-05-09 13:30:23,388 ChatBI->     INFO     params: {}
2025-05-09 13:30:23,393 ChatBI->     INFO     obtain_data: [{'性别': '男', '数量': 9}, {'性别': '女', '数量': 2}]
2025-05-09 13:30:23,393 ChatBI->     INFO     sql_result: {'sql_std': "SELECT `性别`, COUNT(*) AS `数量` FROM gjw WHERE `工匠介绍（缩写）` LIKE '%5G%' GROUP BY `性别`", 'sql_abbr': "SELECT `性别`, COUNT(*) AS `数量` FROM gjw WHERE `工匠介绍（缩写）` LIKE '%5G%' GROUP BY `性别`"}
2025-05-09 13:30:39,556 ChatBI->     INFO     query: 研究5G的工匠里的男女比例
2025-05-09 13:30:40,437 ChatBI->     INFO     schema linking: {'target_columns': ['性别'], 'condition_columns': {'所属行业': '信息产业'}}
2025-05-09 13:30:41,721 ChatBI->     INFO     stad sql: SELECT `性别`, COUNT(*) AS `数量` FROM gjw WHERE `所属行业` LIKE '%信息产业%' GROUP BY `性别`
2025-05-09 13:30:41,721 ChatBI->     INFO     开始缩写分析 ... 
2025-05-09 13:30:41,724 ChatBI->     INFO     要被缩写的字段信息为: {}
2025-05-09 13:30:41,724 ChatBI->     INFO     sql_command: SELECT `性别`, COUNT(*) AS `数量` FROM gjw WHERE `所属行业` LIKE '%信息产业%' GROUP BY `性别`
2025-05-09 13:30:41,724 ChatBI->     INFO     params: {}
2025-05-09 13:30:41,727 ChatBI->     INFO     obtain_data: [{'性别': '男', '数量': 6}, {'性别': '女', '数量': 2}]
2025-05-09 13:30:41,728 ChatBI->     INFO     sql_result: {'sql_std': "SELECT `性别`, COUNT(*) AS `数量` FROM gjw WHERE `所属行业` LIKE '%信息产业%' GROUP BY `性别`", 'sql_abbr': "SELECT `性别`, COUNT(*) AS `数量` FROM gjw WHERE `所属行业` LIKE '%信息产业%' GROUP BY `性别`"}
2025-05-09 13:31:07,372 ChatBI->     INFO     query: 研究5G的工匠里的男女人数比例
2025-05-09 13:31:08,261 ChatBI->     INFO     schema linking: {'target_columns': ['性别'], 'condition_columns': {'工匠介绍（缩写）': '5G'}}
2025-05-09 13:31:09,638 ChatBI->     INFO     stad sql: SELECT `性别`, COUNT(*) AS `数量` FROM gjw WHERE `工匠介绍（缩写）` LIKE '%5G%' GROUP BY `性别`
2025-05-09 13:31:09,639 ChatBI->     INFO     开始缩写分析 ... 
2025-05-09 13:31:09,641 ChatBI->     INFO     要被缩写的字段信息为: {}
2025-05-09 13:31:09,641 ChatBI->     INFO     sql_command: SELECT `性别`, COUNT(*) AS `数量` FROM gjw WHERE `工匠介绍（缩写）` LIKE '%5G%' GROUP BY `性别`
2025-05-09 13:31:09,642 ChatBI->     INFO     params: {}
2025-05-09 13:31:09,646 ChatBI->     INFO     obtain_data: [{'性别': '男', '数量': 9}, {'性别': '女', '数量': 2}]
2025-05-09 13:31:09,646 ChatBI->     INFO     sql_result: {'sql_std': "SELECT `性别`, COUNT(*) AS `数量` FROM gjw WHERE `工匠介绍（缩写）` LIKE '%5G%' GROUP BY `性别`", 'sql_abbr': "SELECT `性别`, COUNT(*) AS `数量` FROM gjw WHERE `工匠介绍（缩写）` LIKE '%5G%' GROUP BY `性别`"}
2025-05-09 14:13:08,633 ChatBI->     INFO     query: 船舶行业比电信行业的工匠多多少人
2025-05-09 14:13:10,138 ChatBI->     INFO     schema linking: {'target_columns': ['所属行业', '姓名'], 'condition_columns': {'区局': '电信', '所属行业': '电信'}}
2025-05-09 14:13:11,902 ChatBI->     INFO     stad sql: SELECT (SELECT COUNT(*) FROM gjw WHERE `所属行业` = '船舶') - (SELECT COUNT(*) FROM gjw WHERE `所属行业` = '电信') AS `船舶比电信多的人数`
2025-05-09 14:13:11,903 ChatBI->     INFO     开始缩写分析 ... 
2025-05-09 14:13:11,907 ChatBI->     INFO     要被缩写的字段信息为: {}
2025-05-09 14:13:11,908 ChatBI->     INFO     sql_command: SELECT (SELECT COUNT(*) FROM gjw WHERE `所属行业` = '船舶') - (SELECT COUNT(*) FROM gjw WHERE `所属行业` = '电信') AS `船舶比电信多的人数`
2025-05-09 14:13:11,908 ChatBI->     INFO     params: {}
2025-05-09 14:13:11,913 ChatBI->     INFO     obtain_data: [{'船舶比电信多的人数': -1}]
2025-05-09 14:13:11,914 ChatBI->     INFO     sql_result: {'sql_std': "SELECT (SELECT COUNT(*) FROM gjw WHERE `所属行业` = '船舶') - (SELECT COUNT(*) FROM gjw WHERE `所属行业` = '电信') AS `船舶比电信多的人数`", 'sql_abbr': "SELECT (SELECT COUNT(*) FROM gjw WHERE `所属行业` = '船舶') - (SELECT COUNT(*) FROM gjw WHERE `所属行业` = '电信') AS `船舶比电信多的人数`"}
2025-05-09 14:13:27,062 ChatBI->     INFO     query: 船舶行业的工匠有多少人
2025-05-09 14:13:28,279 ChatBI->     INFO     schema linking: {'target_columns': ['所属行业'], 'condition_columns': {'区局': '船舶'}}
2025-05-09 14:13:29,657 ChatBI->     INFO     stad sql: SELECT COUNT(*) AS `数量` FROM gjw WHERE `所属行业` = '船舶'
2025-05-09 14:13:29,658 ChatBI->     INFO     开始缩写分析 ... 
2025-05-09 14:13:29,659 ChatBI->     INFO     要被缩写的字段信息为: {}
2025-05-09 14:13:29,660 ChatBI->     INFO     sql_command: SELECT COUNT(*) AS `数量` FROM gjw WHERE `所属行业` = '船舶'
2025-05-09 14:13:29,660 ChatBI->     INFO     params: {}
2025-05-09 14:13:29,662 ChatBI->     INFO     obtain_data: [{'数量': 0}]
2025-05-09 14:13:29,662 ChatBI->     INFO     sql_result: {'sql_std': "SELECT COUNT(*) AS `数量` FROM gjw WHERE `所属行业` = '船舶'", 'sql_abbr': "SELECT COUNT(*) AS `数量` FROM gjw WHERE `所属行业` = '船舶'"}
2025-05-09 14:14:23,518 ChatBI->     INFO     query: 船舶领域的工匠有多少人
2025-05-09 14:14:24,792 ChatBI->     INFO     schema linking: {'target_columns': ['所属行业'], 'condition_columns': {'区局': '船舶'}}
2025-05-09 14:14:26,270 ChatBI->     INFO     stad sql: SELECT COUNT(*) AS `数量` FROM gjw WHERE `所属行业` LIKE '%船舶%' LIMIT 10;
2025-05-09 14:14:26,271 ChatBI->     INFO     开始缩写分析 ... 
2025-05-09 14:14:26,273 ChatBI->     INFO     要被缩写的字段信息为: {}
2025-05-09 14:14:26,273 ChatBI->     INFO     sql_command: SELECT COUNT(*) AS `数量` FROM gjw WHERE `所属行业` LIKE '%船舶%' LIMIT 10;
2025-05-09 14:14:26,274 ChatBI->     INFO     params: {}
2025-05-09 14:14:26,276 ChatBI->     INFO     obtain_data: [{'数量': 21}]
2025-05-09 14:14:26,276 ChatBI->     INFO     sql_result: {'sql_std': "SELECT COUNT(*) AS `数量` FROM gjw WHERE `所属行业` LIKE '%船舶%' LIMIT 10;", 'sql_abbr': "SELECT COUNT(*) AS `数量` FROM gjw WHERE `所属行业` LIKE '%船舶%' LIMIT 10;"}
2025-05-09 14:16:57,881 ChatBI->     INFO     query: 电信领域的工匠有多少人
2025-05-09 14:16:59,070 ChatBI->     INFO     schema linking: {'target_columns': ['所属行业'], 'condition_columns': {'区局': '电信', '所属行业': '电信'}}
2025-05-09 14:17:00,662 ChatBI->     INFO     stad sql: SELECT COUNT(*) AS 电信领域工匠数量 FROM gjw WHERE `所属行业` LIKE '%电信%'
2025-05-09 14:17:00,662 ChatBI->     INFO     开始缩写分析 ... 
2025-05-09 14:17:00,664 ChatBI->     INFO     要被缩写的字段信息为: {}
2025-05-09 14:17:00,664 ChatBI->     INFO     sql_command: SELECT COUNT(*) AS 电信领域工匠数量 FROM gjw WHERE `所属行业` LIKE '%电信%'
2025-05-09 14:17:00,664 ChatBI->     INFO     params: {}
2025-05-09 14:17:00,667 ChatBI->     INFO     obtain_data: [{'电信领域工匠数量': 1}]
2025-05-09 14:17:00,667 ChatBI->     INFO     sql_result: {'sql_std': "SELECT COUNT(*) AS 电信领域工匠数量 FROM gjw WHERE `所属行业` LIKE '%电信%'", 'sql_abbr': "SELECT COUNT(*) AS 电信领域工匠数量 FROM gjw WHERE `所属行业` LIKE '%电信%'"}
2025-05-09 14:17:36,170 ChatBI->     INFO     query: 船舶行业比电信行业的工匠多多少人
2025-05-09 14:17:37,664 ChatBI->     INFO     schema linking: {'target_columns': ['所属行业', '姓名'], 'condition_columns': {'区局': '电信', '所属行业': '电信'}}
2025-05-09 14:17:39,543 ChatBI->     INFO     stad sql: SELECT (SELECT COUNT(*) FROM gjw WHERE `所属行业` = '船舶') - (SELECT COUNT(*) FROM gjw WHERE `所属行业` = '电信') AS `船舶比电信多的人数`
2025-05-09 14:17:39,543 ChatBI->     INFO     开始缩写分析 ... 
2025-05-09 14:17:39,544 ChatBI->     INFO     要被缩写的字段信息为: {}
2025-05-09 14:17:39,545 ChatBI->     INFO     sql_command: SELECT (SELECT COUNT(*) FROM gjw WHERE `所属行业` = '船舶') - (SELECT COUNT(*) FROM gjw WHERE `所属行业` = '电信') AS `船舶比电信多的人数`
2025-05-09 14:17:39,545 ChatBI->     INFO     params: {}
2025-05-09 14:17:39,548 ChatBI->     INFO     obtain_data: [{'船舶比电信多的人数': -1}]
2025-05-09 14:17:39,548 ChatBI->     INFO     sql_result: {'sql_std': "SELECT (SELECT COUNT(*) FROM gjw WHERE `所属行业` = '船舶') - (SELECT COUNT(*) FROM gjw WHERE `所属行业` = '电信') AS `船舶比电信多的人数`", 'sql_abbr': "SELECT (SELECT COUNT(*) FROM gjw WHERE `所属行业` = '船舶') - (SELECT COUNT(*) FROM gjw WHERE `所属行业` = '电信') AS `船舶比电信多的人数`"}
2025-05-09 14:17:59,026 ChatBI->     INFO     query: 研究船舶的工匠比电信的工匠多多少人
2025-05-09 14:18:00,269 ChatBI->     INFO     schema linking: {'target_columns': ['所属行业'], 'condition_columns': {'区局': '船舶'}}
2025-05-09 14:18:02,295 ChatBI->     INFO     stad sql: SELECT COUNT(*) AS 船舶工匠数量 FROM gjw WHERE `所属行业` LIKE '%船舶%' UNION ALL SELECT COUNT(*) AS 电信工匠数量 FROM gjw WHERE `所属行业` LIKE '%电信%'
2025-05-09 14:18:02,296 ChatBI->     INFO     开始缩写分析 ... 
2025-05-09 14:18:02,297 ChatBI->     INFO     要被缩写的字段信息为: {}
2025-05-09 14:18:02,297 ChatBI->     INFO     sql_command: SELECT COUNT(*) AS 船舶工匠数量 FROM gjw WHERE `所属行业` LIKE '%船舶%' UNION ALL SELECT COUNT(*) AS 电信工匠数量 FROM gjw WHERE `所属行业` LIKE '%电信%'
2025-05-09 14:18:02,297 ChatBI->     INFO     params: {}
2025-05-09 14:18:02,301 ChatBI->     INFO     obtain_data: [{'船舶工匠数量': 21}, {'船舶工匠数量': 1}]
2025-05-09 14:18:02,301 ChatBI->     INFO     sql_result: {'sql_std': "SELECT COUNT(*) AS 船舶工匠数量 FROM gjw WHERE `所属行业` LIKE '%船舶%' UNION ALL SELECT COUNT(*) AS 电信工匠数量 FROM gjw WHERE `所属行业` LIKE '%电信%'", 'sql_abbr': "SELECT COUNT(*) AS 船舶工匠数量 FROM gjw WHERE `所属行业` LIKE '%船舶%' UNION ALL SELECT COUNT(*) AS 电信工匠数量 FROM gjw WHERE `所属行业` LIKE '%电信%'"}
2025-05-09 14:18:38,802 ChatBI->     INFO     query: 船舶领域有哪几位工匠？
2025-05-09 14:18:39,896 ChatBI->     INFO     schema linking: {'target_columns': ['姓名'], 'condition_columns': {'区局': '船舶'}}
2025-05-09 14:18:41,767 ChatBI->     INFO     stad sql: SELECT `姓名` FROM gjw WHERE `区局` = '船舶' LIMIT 10;
2025-05-09 14:18:41,767 ChatBI->     INFO     开始缩写分析 ... 
2025-05-09 14:18:41,768 ChatBI->     INFO     要被缩写的字段信息为: {}
2025-05-09 14:18:41,768 ChatBI->     INFO     sql_command: SELECT `姓名` FROM gjw WHERE `区局` = '船舶' LIMIT 10;
2025-05-09 14:18:41,768 ChatBI->     INFO     params: {}
2025-05-09 14:18:41,771 ChatBI->     INFO     obtain_data: [{'姓名': '张翼飞'}, {'姓名': '陈志农'}, {'姓名': '秦  毅'}, {'姓名': '俞洪昌'}, {'姓名': '陈景毅'}, {'姓名': '李  勇'}, {'姓名': '朱建华'}, {'姓名': '周蔚慈'}, {'姓名': '陈宜峰'}, {'姓名': '樊冬辉'}]
2025-05-09 14:18:41,771 ChatBI->     INFO     sql_result: {'sql_std': "SELECT `姓名` FROM gjw WHERE `区局` = '船舶' LIMIT 10;", 'sql_abbr': "SELECT `姓名` FROM gjw WHERE `区局` = '船舶' LIMIT 10;"}
2025-05-09 14:18:53,310 ChatBI->     INFO     query: 电信有多少工匠
2025-05-09 14:18:54,322 ChatBI->     INFO     schema linking: {'target_columns': ['姓名'], 'condition_columns': {'区局': '电信', '所属行业': '电信'}}
2025-05-09 14:18:55,892 ChatBI->     INFO     stad sql: SELECT COUNT(`姓名`) AS `工匠数量` FROM gjw WHERE `区局` = '电信' OR `所属行业` = '电信' LIMIT 10;
2025-05-09 14:18:55,892 ChatBI->     INFO     开始缩写分析 ... 
2025-05-09 14:18:55,893 ChatBI->     INFO     要被缩写的字段信息为: {}
2025-05-09 14:18:55,893 ChatBI->     INFO     sql_command: SELECT COUNT(`姓名`) AS `工匠数量` FROM gjw WHERE `区局` = '电信' OR `所属行业` = '电信' LIMIT 10;
2025-05-09 14:18:55,894 ChatBI->     INFO     params: {}
2025-05-09 14:18:55,897 ChatBI->     INFO     obtain_data: [{'工匠数量': 13}]
2025-05-09 14:18:55,897 ChatBI->     INFO     sql_result: {'sql_std': "SELECT COUNT(`姓名`) AS `工匠数量` FROM gjw WHERE `区局` = '电信' OR `所属行业` = '电信' LIMIT 10;", 'sql_abbr': "SELECT COUNT(`姓名`) AS `工匠数量` FROM gjw WHERE `区局` = '电信' OR `所属行业` = '电信' LIMIT 10;"}
2025-05-09 14:19:06,717 ChatBI->     INFO     query: 电信有哪几位工匠
2025-05-09 14:19:07,556 ChatBI->     INFO     schema linking: {'target_columns': ['姓名'], 'condition_columns': {'工作单位': '电信'}}
2025-05-09 14:19:08,625 ChatBI->     INFO     stad sql: SELECT `姓名` FROM gjw WHERE `工作单位` LIKE '%电信%' LIMIT 10;
2025-05-09 14:19:08,625 ChatBI->     INFO     开始缩写分析 ... 
2025-05-09 14:19:08,626 ChatBI->     INFO     要被缩写的字段信息为: {"`工作单位` LIKE '%电信%'": '电信'}
2025-05-09 14:19:08,627 ChatBI->     INFO     sql_command: SELECT `姓名` FROM gjw WHERE  `工作单位` IN (:val0, :val1, :val2, :val3, :val4, :val5, :val6) LIMIT 10;
2025-05-09 14:19:08,628 ChatBI->     INFO     params: {'val0': '中国电信股份有限公司上海西区电信局', 'val1': '中国电信股份有限公司上海分公司', 'val2': '中国电信股份有限公司上海南区电信局', 'val3': '中国电信股份有限公司上海政企客户事业群', 'val4': '中国电信上海理想信息产业（集团）有限公司', 'val5': '中国电信股份有限公司上海移动互联网部', 'val6': '中国电信股份有限公司上海松江电信局'}
2025-05-09 14:19:08,632 ChatBI->     INFO     obtain_data: [{'姓名': '徐  珺'}, {'姓名': '周纪东'}, {'姓名': '周学明'}, {'姓名': '吴文巍'}, {'姓名': '华  静'}, {'姓名': '陈兆波'}, {'姓名': '邱莉娜'}, {'姓名': '陈国润'}, {'姓名': '陈晓芳'}, {'姓名': '吴明明'}]
2025-05-09 14:19:08,632 ChatBI->     INFO     sql_result: {'sql_std': "SELECT `姓名` FROM gjw WHERE `工作单位` LIKE '%电信%' LIMIT 10;", 'sql_abbr': 'SELECT `姓名` FROM gjw WHERE  `工作单位` IN (:val0, :val1, :val2, :val3, :val4, :val5, :val6) LIMIT 10;'}
2025-05-09 14:19:27,255 ChatBI->     INFO     query: 船舶领域有哪几位工匠？
2025-05-09 14:19:28,083 ChatBI->     INFO     schema linking: {'target_columns': ['姓名'], 'condition_columns': {'区局': '船舶'}}
2025-05-09 14:19:29,153 ChatBI->     INFO     stad sql: SELECT `姓名` FROM gjw WHERE `区局` = '船舶' LIMIT 10;
2025-05-09 14:19:29,154 ChatBI->     INFO     开始缩写分析 ... 
2025-05-09 14:19:29,155 ChatBI->     INFO     要被缩写的字段信息为: {}
2025-05-09 14:19:29,155 ChatBI->     INFO     sql_command: SELECT `姓名` FROM gjw WHERE `区局` = '船舶' LIMIT 10;
2025-05-09 14:19:29,155 ChatBI->     INFO     params: {}
2025-05-09 14:19:29,158 ChatBI->     INFO     obtain_data: [{'姓名': '张翼飞'}, {'姓名': '陈志农'}, {'姓名': '秦  毅'}, {'姓名': '俞洪昌'}, {'姓名': '陈景毅'}, {'姓名': '李  勇'}, {'姓名': '朱建华'}, {'姓名': '周蔚慈'}, {'姓名': '陈宜峰'}, {'姓名': '樊冬辉'}]
2025-05-09 14:19:29,158 ChatBI->     INFO     sql_result: {'sql_std': "SELECT `姓名` FROM gjw WHERE `区局` = '船舶' LIMIT 10;", 'sql_abbr': "SELECT `姓名` FROM gjw WHERE `区局` = '船舶' LIMIT 10;"}
2025-05-09 14:19:41,754 ChatBI->     INFO     query: 船舶领域有哪几位工匠？
2025-05-09 14:19:42,590 ChatBI->     INFO     schema linking: {'target_columns': ['姓名'], 'condition_columns': {'区局': '船舶'}}
2025-05-09 14:19:43,654 ChatBI->     INFO     stad sql: SELECT `姓名` FROM gjw WHERE `区局` = '船舶' LIMIT 10;
2025-05-09 14:19:43,655 ChatBI->     INFO     开始缩写分析 ... 
2025-05-09 14:19:43,655 ChatBI->     INFO     要被缩写的字段信息为: {}
2025-05-09 14:19:43,656 ChatBI->     INFO     sql_command: SELECT `姓名` FROM gjw WHERE `区局` = '船舶' LIMIT 10;
2025-05-09 14:19:43,656 ChatBI->     INFO     params: {}
2025-05-09 14:19:43,658 ChatBI->     INFO     obtain_data: [{'姓名': '张翼飞'}, {'姓名': '陈志农'}, {'姓名': '秦  毅'}, {'姓名': '俞洪昌'}, {'姓名': '陈景毅'}, {'姓名': '李  勇'}, {'姓名': '朱建华'}, {'姓名': '周蔚慈'}, {'姓名': '陈宜峰'}, {'姓名': '樊冬辉'}]
2025-05-09 14:19:43,658 ChatBI->     INFO     sql_result: {'sql_std': "SELECT `姓名` FROM gjw WHERE `区局` = '船舶' LIMIT 10;", 'sql_abbr': "SELECT `姓名` FROM gjw WHERE `区局` = '船舶' LIMIT 10;"}
2025-05-09 14:19:53,493 ChatBI->     INFO     query: 浦东新区有多少工匠？
2025-05-09 14:19:54,355 ChatBI->     INFO     schema linking: {'target_columns': ['姓名'], 'condition_columns': {'区局': '浦东新区'}}
2025-05-09 14:19:55,595 ChatBI->     INFO     stad sql: SELECT COUNT(`姓名`) AS `工匠数量` FROM gjw WHERE `区局` = '浦东新区' LIMIT 10;
2025-05-09 14:19:55,595 ChatBI->     INFO     开始缩写分析 ... 
2025-05-09 14:19:55,596 ChatBI->     INFO     要被缩写的字段信息为: {}
2025-05-09 14:19:55,596 ChatBI->     INFO     sql_command: SELECT COUNT(`姓名`) AS `工匠数量` FROM gjw WHERE `区局` = '浦东新区' LIMIT 10;
2025-05-09 14:19:55,596 ChatBI->     INFO     params: {}
2025-05-09 14:19:55,598 ChatBI->     INFO     obtain_data: [{'工匠数量': 36}]
2025-05-09 14:19:55,598 ChatBI->     INFO     sql_result: {'sql_std': "SELECT COUNT(`姓名`) AS `工匠数量` FROM gjw WHERE `区局` = '浦东新区' LIMIT 10;", 'sql_abbr': "SELECT COUNT(`姓名`) AS `工匠数量` FROM gjw WHERE `区局` = '浦东新区' LIMIT 10;"}
2025-05-09 14:20:05,292 ChatBI->     INFO     query: 有多少工匠是从事焊接工艺的？
2025-05-09 14:20:06,201 ChatBI->     INFO     schema linking: {'target_columns': ['姓名'], 'condition_columns': {'工匠介绍（缩写）': '焊接工艺'}}
2025-05-09 14:20:07,590 ChatBI->     INFO     stad sql: SELECT COUNT(`姓名`) AS `焊接工艺工匠数量` FROM gjw WHERE `工匠介绍（缩写）` LIKE '%焊接工艺%' LIMIT 10;
2025-05-09 14:20:07,590 ChatBI->     INFO     开始缩写分析 ... 
2025-05-09 14:20:07,591 ChatBI->     INFO     要被缩写的字段信息为: {}
2025-05-09 14:20:07,591 ChatBI->     INFO     sql_command: SELECT COUNT(`姓名`) AS `焊接工艺工匠数量` FROM gjw WHERE `工匠介绍（缩写）` LIKE '%焊接工艺%' LIMIT 10;
2025-05-09 14:20:07,592 ChatBI->     INFO     params: {}
2025-05-09 14:20:07,595 ChatBI->     INFO     obtain_data: [{'焊接工艺工匠数量': 11}]
2025-05-09 14:20:07,596 ChatBI->     INFO     sql_result: {'sql_std': "SELECT COUNT(`姓名`) AS `焊接工艺工匠数量` FROM gjw WHERE `工匠介绍（缩写）` LIKE '%焊接工艺%' LIMIT 10;", 'sql_abbr': "SELECT COUNT(`姓名`) AS `焊接工艺工匠数量` FROM gjw WHERE `工匠介绍（缩写）` LIKE '%焊接工艺%' LIMIT 10;"}
2025-05-09 14:28:12,966 ChatBI->     INFO     query: 有多少工匠是从事焊接的？
2025-05-09 14:28:13,834 ChatBI->     INFO     schema linking: {'target_columns': ['姓名'], 'condition_columns': {'工种职务': '焊接'}}
2025-05-09 14:28:15,202 ChatBI->     INFO     stad sql: SELECT COUNT(`姓名`) AS `焊接工匠数量` FROM gjw WHERE `工种职务` LIKE '%焊接%' LIMIT 10;
2025-05-09 14:28:15,202 ChatBI->     INFO     开始缩写分析 ... 
2025-05-09 14:28:15,204 ChatBI->     INFO     要被缩写的字段信息为: {}
2025-05-09 14:28:15,204 ChatBI->     INFO     sql_command: SELECT COUNT(`姓名`) AS `焊接工匠数量` FROM gjw WHERE `工种职务` LIKE '%焊接%' LIMIT 10;
2025-05-09 14:28:15,204 ChatBI->     INFO     params: {}
2025-05-09 14:28:15,207 ChatBI->     INFO     obtain_data: [{'焊接工匠数量': 3}]
2025-05-09 14:28:15,207 ChatBI->     INFO     sql_result: {'sql_std': "SELECT COUNT(`姓名`) AS `焊接工匠数量` FROM gjw WHERE `工种职务` LIKE '%焊接%' LIMIT 10;", 'sql_abbr': "SELECT COUNT(`姓名`) AS `焊接工匠数量` FROM gjw WHERE `工种职务` LIKE '%焊接%' LIMIT 10;"}
2025-05-09 14:28:24,205 ChatBI->     INFO     query: 有多少工匠是从事焊接工艺的？
2025-05-09 14:28:25,094 ChatBI->     INFO     schema linking: {'target_columns': ['姓名'], 'condition_columns': {'工匠介绍（缩写）': '焊接工艺'}}
2025-05-09 14:28:26,493 ChatBI->     INFO     stad sql: SELECT COUNT(`姓名`) AS `焊接工艺工匠数量` FROM gjw WHERE `工匠介绍（缩写）` LIKE '%焊接工艺%' LIMIT 10;
2025-05-09 14:28:26,494 ChatBI->     INFO     开始缩写分析 ... 
2025-05-09 14:28:26,495 ChatBI->     INFO     要被缩写的字段信息为: {}
2025-05-09 14:28:26,495 ChatBI->     INFO     sql_command: SELECT COUNT(`姓名`) AS `焊接工艺工匠数量` FROM gjw WHERE `工匠介绍（缩写）` LIKE '%焊接工艺%' LIMIT 10;
2025-05-09 14:28:26,495 ChatBI->     INFO     params: {}
2025-05-09 14:28:26,499 ChatBI->     INFO     obtain_data: [{'焊接工艺工匠数量': 11}]
2025-05-09 14:28:26,499 ChatBI->     INFO     sql_result: {'sql_std': "SELECT COUNT(`姓名`) AS `焊接工艺工匠数量` FROM gjw WHERE `工匠介绍（缩写）` LIKE '%焊接工艺%' LIMIT 10;", 'sql_abbr': "SELECT COUNT(`姓名`) AS `焊接工艺工匠数量` FROM gjw WHERE `工匠介绍（缩写）` LIKE '%焊接工艺%' LIMIT 10;"}
2025-05-09 14:31:35,990 ChatBI->     INFO     query: 上海电信集团的上海工匠是哪五个人?
2025-05-09 14:31:36,894 ChatBI->     INFO     schema linking: {'target_columns': ['姓名'], 'condition_columns': {'工作单位': '上海电信集团'}}
2025-05-09 14:31:37,986 ChatBI->     INFO     stad sql: SELECT `姓名` FROM gjw WHERE `工作单位` LIKE '%上海电信集团%' LIMIT 5;
2025-05-09 14:31:37,986 ChatBI->     INFO     开始缩写分析 ... 
2025-05-09 14:31:37,988 ChatBI->     INFO     要被缩写的字段信息为: {"`工作单位` LIKE '%上海电信集团%'": '上海电信集团'}
2025-05-09 14:31:37,991 ChatBI->     INFO     sql_command: SELECT `姓名` FROM gjw WHERE  `工作单位` IN (:val0) LIMIT 5;
2025-05-09 14:31:37,993 ChatBI->     INFO     params: {'val0': '中国电信上海理想信息产业（集团）有限公司'}
2025-05-09 14:31:37,996 ChatBI->     INFO     obtain_data: [{'姓名': '陈国润'}]
2025-05-09 14:31:37,997 ChatBI->     INFO     sql_result: {'sql_std': "SELECT `姓名` FROM gjw WHERE `工作单位` LIKE '%上海电信集团%' LIMIT 5;", 'sql_abbr': 'SELECT `姓名` FROM gjw WHERE  `工作单位` IN (:val0) LIMIT 5;'}
2025-05-09 14:32:06,371 ChatBI->     INFO     query: 上海电信集团的上海工匠是哪五个人
2025-05-09 14:32:07,258 ChatBI->     INFO     schema linking: {'target_columns': ['姓名'], 'condition_columns': {'工作单位': '上海电信集团'}}
2025-05-09 14:32:08,350 ChatBI->     INFO     stad sql: SELECT `姓名` FROM gjw WHERE `工作单位` LIKE '%上海电信集团%' LIMIT 5;
2025-05-09 14:32:08,351 ChatBI->     INFO     开始缩写分析 ... 
2025-05-09 14:32:08,352 ChatBI->     INFO     要被缩写的字段信息为: {"`工作单位` LIKE '%上海电信集团%'": '上海电信集团'}
2025-05-09 14:32:08,354 ChatBI->     INFO     sql_command: SELECT `姓名` FROM gjw WHERE  `工作单位` IN (:val0) LIMIT 5;
2025-05-09 14:32:08,355 ChatBI->     INFO     params: {'val0': '中国电信上海理想信息产业（集团）有限公司'}
2025-05-09 14:32:08,358 ChatBI->     INFO     obtain_data: [{'姓名': '陈国润'}]
2025-05-09 14:32:08,359 ChatBI->     INFO     sql_result: {'sql_std': "SELECT `姓名` FROM gjw WHERE `工作单位` LIKE '%上海电信集团%' LIMIT 5;", 'sql_abbr': 'SELECT `姓名` FROM gjw WHERE  `工作单位` IN (:val0) LIMIT 5;'}
2025-05-09 14:33:28,086 ChatBI->     INFO     query: 上海电信的上海工匠是哪五个人
2025-05-09 14:33:28,961 ChatBI->     INFO     schema linking: {'target_columns': ['姓名'], 'condition_columns': {'工作单位': '上海电信'}}
2025-05-09 14:33:30,122 ChatBI->     INFO     stad sql: SELECT `姓名` FROM gjw WHERE `工作单位` LIKE '%上海电信%' LIMIT 5;
2025-05-09 14:33:30,123 ChatBI->     INFO     开始缩写分析 ... 
2025-05-09 14:33:30,124 ChatBI->     INFO     要被缩写的字段信息为: {"`工作单位` LIKE '%上海电信%'": '上海电信'}
2025-05-09 14:33:30,125 ChatBI->     INFO     sql_command: SELECT `姓名` FROM gjw WHERE  `工作单位` IN (:val0, :val1, :val2, :val3, :val4, :val5, :val6) LIMIT 5;
2025-05-09 14:33:30,126 ChatBI->     INFO     params: {'val0': '中国电信股份有限公司上海西区电信局', 'val1': '中国电信股份有限公司上海分公司', 'val2': '中国电信股份有限公司上海南区电信局', 'val3': '中国电信股份有限公司上海政企客户事业群', 'val4': '中国电信上海理想信息产业（集团）有限公司', 'val5': '中国电信股份有限公司上海移动互联网部', 'val6': '中国电信股份有限公司上海松江电信局'}
2025-05-09 14:33:30,129 ChatBI->     INFO     obtain_data: [{'姓名': '徐  珺'}, {'姓名': '周纪东'}, {'姓名': '周学明'}, {'姓名': '吴文巍'}, {'姓名': '华  静'}]
2025-05-09 14:33:30,129 ChatBI->     INFO     sql_result: {'sql_std': "SELECT `姓名` FROM gjw WHERE `工作单位` LIKE '%上海电信%' LIMIT 5;", 'sql_abbr': 'SELECT `姓名` FROM gjw WHERE  `工作单位` IN (:val0, :val1, :val2, :val3, :val4, :val5, :val6) LIMIT 5;'}
2025-05-09 14:33:53,685 ChatBI->     INFO     query: 上海电信集团的上海工匠是哪五个人
2025-05-09 14:33:54,571 ChatBI->     INFO     schema linking: {'target_columns': ['姓名'], 'condition_columns': {'工作单位': '上海电信集团'}}
2025-05-09 14:33:55,672 ChatBI->     INFO     stad sql: SELECT `姓名` FROM gjw WHERE `工作单位` LIKE '%上海电信集团%' LIMIT 5;
2025-05-09 14:33:55,673 ChatBI->     INFO     开始缩写分析 ... 
2025-05-09 14:33:55,675 ChatBI->     INFO     要被缩写的字段信息为: {"`工作单位` LIKE '%上海电信集团%'": '上海电信集团'}
2025-05-09 14:33:55,676 ChatBI->     INFO     sql_command: SELECT `姓名` FROM gjw WHERE  `工作单位` IN (:val0) LIMIT 5;
2025-05-09 14:33:55,676 ChatBI->     INFO     params: {'val0': '中国电信上海理想信息产业（集团）有限公司'}
2025-05-09 14:33:55,678 ChatBI->     INFO     obtain_data: [{'姓名': '陈国润'}]
2025-05-09 14:33:55,679 ChatBI->     INFO     sql_result: {'sql_std': "SELECT `姓名` FROM gjw WHERE `工作单位` LIKE '%上海电信集团%' LIMIT 5;", 'sql_abbr': 'SELECT `姓名` FROM gjw WHERE  `工作单位` IN (:val0) LIMIT 5;'}
2025-05-09 14:34:57,734 ChatBI->     INFO     query: 上海电信有限公司的上海工匠是哪五个人
2025-05-09 14:34:58,627 ChatBI->     INFO     schema linking: {'target_columns': ['姓名'], 'condition_columns': {'工作单位': '上海电信有限公司'}}
2025-05-09 14:34:59,729 ChatBI->     INFO     stad sql: SELECT `姓名` FROM gjw WHERE `工作单位` LIKE '%上海电信有限公司%' LIMIT 5;
2025-05-09 14:34:59,729 ChatBI->     INFO     开始缩写分析 ... 
2025-05-09 14:34:59,731 ChatBI->     INFO     要被缩写的字段信息为: {"`工作单位` LIKE '%上海电信有限公司%'": '上海电信有限公司'}
2025-05-09 14:34:59,733 ChatBI->     INFO     sql_command: SELECT `姓名` FROM gjw WHERE  `工作单位` IN (:val0, :val1, :val2, :val3, :val4, :val5, :val6) LIMIT 5;
2025-05-09 14:34:59,733 ChatBI->     INFO     params: {'val0': '中国电信股份有限公司上海西区电信局', 'val1': '中国电信股份有限公司上海分公司', 'val2': '中国电信股份有限公司上海南区电信局', 'val3': '中国电信股份有限公司上海政企客户事业群', 'val4': '中国电信上海理想信息产业（集团）有限公司', 'val5': '中国电信股份有限公司上海移动互联网部', 'val6': '中国电信股份有限公司上海松江电信局'}
2025-05-09 14:34:59,736 ChatBI->     INFO     obtain_data: [{'姓名': '徐  珺'}, {'姓名': '周纪东'}, {'姓名': '周学明'}, {'姓名': '吴文巍'}, {'姓名': '华  静'}]
2025-05-09 14:34:59,737 ChatBI->     INFO     sql_result: {'sql_std': "SELECT `姓名` FROM gjw WHERE `工作单位` LIKE '%上海电信有限公司%' LIMIT 5;", 'sql_abbr': 'SELECT `姓名` FROM gjw WHERE  `工作单位` IN (:val0, :val1, :val2, :val3, :val4, :val5, :val6) LIMIT 5;'}
2025-05-09 14:35:06,269 ChatBI->     INFO     query: 上海电信公司的上海工匠是哪五个人
2025-05-09 14:35:07,172 ChatBI->     INFO     schema linking: {'target_columns': ['姓名'], 'condition_columns': {'工作单位': '上海电信公司'}}
2025-05-09 14:35:08,267 ChatBI->     INFO     stad sql: SELECT `姓名` FROM gjw WHERE `工作单位` LIKE '%上海电信公司%' LIMIT 5;
2025-05-09 14:35:08,268 ChatBI->     INFO     开始缩写分析 ... 
2025-05-09 14:35:08,269 ChatBI->     INFO     要被缩写的字段信息为: {"`工作单位` LIKE '%上海电信公司%'": '上海电信公司'}
2025-05-09 14:35:08,271 ChatBI->     INFO     sql_command: SELECT `姓名` FROM gjw WHERE  `工作单位` IN (:val0, :val1, :val2, :val3, :val4, :val5, :val6) LIMIT 5;
2025-05-09 14:35:08,271 ChatBI->     INFO     params: {'val0': '中国电信股份有限公司上海西区电信局', 'val1': '中国电信股份有限公司上海分公司', 'val2': '中国电信股份有限公司上海南区电信局', 'val3': '中国电信股份有限公司上海政企客户事业群', 'val4': '中国电信上海理想信息产业（集团）有限公司', 'val5': '中国电信股份有限公司上海移动互联网部', 'val6': '中国电信股份有限公司上海松江电信局'}
2025-05-09 14:35:08,274 ChatBI->     INFO     obtain_data: [{'姓名': '徐  珺'}, {'姓名': '周纪东'}, {'姓名': '周学明'}, {'姓名': '吴文巍'}, {'姓名': '华  静'}]
2025-05-09 14:35:08,275 ChatBI->     INFO     sql_result: {'sql_std': "SELECT `姓名` FROM gjw WHERE `工作单位` LIKE '%上海电信公司%' LIMIT 5;", 'sql_abbr': 'SELECT `姓名` FROM gjw WHERE  `工作单位` IN (:val0, :val1, :val2, :val3, :val4, :val5, :val6) LIMIT 5;'}
2025-05-09 14:35:39,880 ChatBI->     INFO     query: 海上电信公司的上海工匠是哪五个人
2025-05-09 14:35:40,775 ChatBI->     INFO     schema linking: {'target_columns': ['姓名'], 'condition_columns': {'工作单位': '上海电信公司'}}
2025-05-09 14:35:41,888 ChatBI->     INFO     stad sql: SELECT `姓名` FROM gjw WHERE `工作单位` LIKE '%上海电信公司%' LIMIT 5;
2025-05-09 14:35:41,888 ChatBI->     INFO     开始缩写分析 ... 
2025-05-09 14:35:41,889 ChatBI->     INFO     要被缩写的字段信息为: {"`工作单位` LIKE '%上海电信公司%'": '上海电信公司'}
2025-05-09 14:35:41,890 ChatBI->     INFO     sql_command: SELECT `姓名` FROM gjw WHERE  `工作单位` IN (:val0, :val1, :val2, :val3, :val4, :val5, :val6) LIMIT 5;
2025-05-09 14:35:41,891 ChatBI->     INFO     params: {'val0': '中国电信股份有限公司上海西区电信局', 'val1': '中国电信股份有限公司上海分公司', 'val2': '中国电信股份有限公司上海南区电信局', 'val3': '中国电信股份有限公司上海政企客户事业群', 'val4': '中国电信上海理想信息产业（集团）有限公司', 'val5': '中国电信股份有限公司上海移动互联网部', 'val6': '中国电信股份有限公司上海松江电信局'}
2025-05-09 14:35:41,891 ChatBI->     INFO     obtain_data: [{'姓名': '徐  珺'}, {'姓名': '周纪东'}, {'姓名': '周学明'}, {'姓名': '吴文巍'}, {'姓名': '华  静'}]
2025-05-09 14:35:41,891 ChatBI->     INFO     sql_result: {'sql_std': "SELECT `姓名` FROM gjw WHERE `工作单位` LIKE '%上海电信公司%' LIMIT 5;", 'sql_abbr': 'SELECT `姓名` FROM gjw WHERE  `工作单位` IN (:val0, :val1, :val2, :val3, :val4, :val5, :val6) LIMIT 5;'}
2025-05-09 14:36:48,338 ChatBI->     INFO     query: 汽修服务行业有多少工匠
2025-05-09 14:36:49,251 ChatBI->     INFO     schema linking: {'target_columns': ['姓名'], 'condition_columns': {'所属行业': '汽修服务'}}
2025-05-09 14:36:50,432 ChatBI->     INFO     stad sql: SELECT COUNT(`姓名`) AS `工匠数量` FROM gjw WHERE `所属行业` = '汽修服务';
2025-05-09 14:36:50,432 ChatBI->     INFO     开始缩写分析 ... 
2025-05-09 14:36:50,434 ChatBI->     INFO     要被缩写的字段信息为: {}
2025-05-09 14:36:50,435 ChatBI->     INFO     sql_command: SELECT COUNT(`姓名`) AS `工匠数量` FROM gjw WHERE `所属行业` = '汽修服务';
2025-05-09 14:36:50,435 ChatBI->     INFO     params: {}
2025-05-09 14:36:50,438 ChatBI->     INFO     obtain_data: [{'工匠数量': 15}]
2025-05-09 14:36:50,439 ChatBI->     INFO     sql_result: {'sql_std': "SELECT COUNT(`姓名`) AS `工匠数量` FROM gjw WHERE `所属行业` = '汽修服务';", 'sql_abbr': "SELECT COUNT(`姓名`) AS `工匠数量` FROM gjw WHERE `所属行业` = '汽修服务';"}
2025-05-09 14:37:07,713 ChatBI->     INFO     query: 电信领域有多少工匠
2025-05-09 14:37:08,557 ChatBI->     INFO     schema linking: {'target_columns': ['姓名'], 'condition_columns': {'区局': '电信', '所属行业': '电信'}}
2025-05-09 14:37:09,905 ChatBI->     INFO     stad sql: SELECT COUNT(`姓名`) AS `工匠数量` FROM gjw WHERE `区局` = '电信' OR `所属行业` = '电信';
2025-05-09 14:37:09,906 ChatBI->     INFO     开始缩写分析 ... 
2025-05-09 14:37:09,908 ChatBI->     INFO     要被缩写的字段信息为: {}
2025-05-09 14:37:09,908 ChatBI->     INFO     sql_command: SELECT COUNT(`姓名`) AS `工匠数量` FROM gjw WHERE `区局` = '电信' OR `所属行业` = '电信';
2025-05-09 14:37:09,908 ChatBI->     INFO     params: {}
2025-05-09 14:37:09,911 ChatBI->     INFO     obtain_data: [{'工匠数量': 13}]
2025-05-09 14:37:09,911 ChatBI->     INFO     sql_result: {'sql_std': "SELECT COUNT(`姓名`) AS `工匠数量` FROM gjw WHERE `区局` = '电信' OR `所属行业` = '电信';", 'sql_abbr': "SELECT COUNT(`姓名`) AS `工匠数量` FROM gjw WHERE `区局` = '电信' OR `所属行业` = '电信';"}
2025-05-09 14:38:45,745 ChatBI->     INFO     query: 行业领域有多少工匠
2025-05-09 14:38:46,546 ChatBI->     INFO     schema linking: {'target_columns': ['所属行业', '姓名'], 'condition_columns': {}}
2025-05-09 14:38:47,967 ChatBI->     INFO     stad sql: SELECT `所属行业`, COUNT(`姓名`) AS `工匠数量` FROM gjw GROUP BY `所属行业` ORDER BY `工匠数量` DESC LIMIT 10;
2025-05-09 14:38:47,968 ChatBI->     INFO     开始缩写分析 ... 
2025-05-09 14:38:47,970 ChatBI->     INFO     要被缩写的字段信息为: {}
2025-05-09 14:38:47,970 ChatBI->     INFO     sql_command: SELECT `所属行业`, COUNT(`姓名`) AS `工匠数量` FROM gjw GROUP BY `所属行业` ORDER BY `工匠数量` DESC LIMIT 10;
2025-05-09 14:38:47,971 ChatBI->     INFO     params: {}
2025-05-09 14:38:47,975 ChatBI->     INFO     obtain_data: [{'所属行业': '高端装备', '工匠数量': 129}, {'所属行业': '文化', '工匠数量': 95}, {'所属行业': '土地混合利用', '工匠数量': 91}, {'所属行业': '卫生', '工匠数量': 64}, {'所属行业': '空间信息', '工匠数量': 36}, {'所属行业': '餐饮', '工匠数量': 30}, {'所属行业': '先进材料', '工匠数量': 26}, {'所属行业': '生物医药', '工匠数量': 25}, {'所属行业': '民用航空', '工匠数量': 23}, {'所属行业': '社会工作', '工匠数量': 19}]
2025-05-09 14:38:47,975 ChatBI->     INFO     sql_result: {'sql_std': 'SELECT `所属行业`, COUNT(`姓名`) AS `工匠数量` FROM gjw GROUP BY `所属行业` ORDER BY `工匠数量` DESC LIMIT 10;', 'sql_abbr': 'SELECT `所属行业`, COUNT(`姓名`) AS `工匠数量` FROM gjw GROUP BY `所属行业` ORDER BY `工匠数量` DESC LIMIT 10;'}
2025-05-09 14:39:55,462 ChatBI->     INFO     query: 电信领域有多少个工匠
2025-05-09 14:39:56,333 ChatBI->     INFO     schema linking: {'target_columns': ['所属行业'], 'condition_columns': {'区局': '电信', '所属行业': '电信'}}
2025-05-09 14:39:57,480 ChatBI->     INFO     stad sql: SELECT COUNT(*) AS `数量` FROM gjw WHERE `所属行业` LIKE '%电信%' LIMIT 10;
2025-05-09 14:39:57,481 ChatBI->     INFO     开始缩写分析 ... 
2025-05-09 14:39:57,483 ChatBI->     INFO     要被缩写的字段信息为: {}
2025-05-09 14:39:57,484 ChatBI->     INFO     sql_command: SELECT COUNT(*) AS `数量` FROM gjw WHERE `所属行业` LIKE '%电信%' LIMIT 10;
2025-05-09 14:39:57,484 ChatBI->     INFO     params: {}
2025-05-09 14:39:57,488 ChatBI->     INFO     obtain_data: [{'数量': 1}]
2025-05-09 14:39:57,488 ChatBI->     INFO     sql_result: {'sql_std': "SELECT COUNT(*) AS `数量` FROM gjw WHERE `所属行业` LIKE '%电信%' LIMIT 10;", 'sql_abbr': "SELECT COUNT(*) AS `数量` FROM gjw WHERE `所属行业` LIKE '%电信%' LIMIT 10;"}
2025-05-09 14:40:27,826 ChatBI->     INFO     query: 船舶领域有多少个工匠
2025-05-09 14:40:28,670 ChatBI->     INFO     schema linking: {'target_columns': ['姓名'], 'condition_columns': {'区局': '船舶'}}
2025-05-09 14:40:29,794 ChatBI->     INFO     stad sql: SELECT COUNT(`姓名`) AS `工匠数量` FROM gjw WHERE `区局` = '船舶';
2025-05-09 14:40:29,794 ChatBI->     INFO     开始缩写分析 ... 
2025-05-09 14:40:29,795 ChatBI->     INFO     要被缩写的字段信息为: {}
2025-05-09 14:40:29,795 ChatBI->     INFO     sql_command: SELECT COUNT(`姓名`) AS `工匠数量` FROM gjw WHERE `区局` = '船舶';
2025-05-09 14:40:29,796 ChatBI->     INFO     params: {}
2025-05-09 14:40:29,799 ChatBI->     INFO     obtain_data: [{'工匠数量': 21}]
2025-05-09 14:40:29,799 ChatBI->     INFO     sql_result: {'sql_std': "SELECT COUNT(`姓名`) AS `工匠数量` FROM gjw WHERE `区局` = '船舶';", 'sql_abbr': "SELECT COUNT(`姓名`) AS `工匠数量` FROM gjw WHERE `区局` = '船舶';"}
2025-05-09 14:40:47,508 ChatBI->     INFO     query: 电信领域有多少个工匠
2025-05-09 14:40:48,362 ChatBI->     INFO     schema linking: {'target_columns': ['所属行业'], 'condition_columns': {'区局': '电信', '所属行业': '电信'}}
2025-05-09 14:40:49,507 ChatBI->     INFO     stad sql: SELECT COUNT(*) AS `数量` FROM gjw WHERE `所属行业` LIKE '%电信%' LIMIT 10;
2025-05-09 14:40:49,508 ChatBI->     INFO     开始缩写分析 ... 
2025-05-09 14:40:49,509 ChatBI->     INFO     要被缩写的字段信息为: {}
2025-05-09 14:40:49,509 ChatBI->     INFO     sql_command: SELECT COUNT(*) AS `数量` FROM gjw WHERE `所属行业` LIKE '%电信%' LIMIT 10;
2025-05-09 14:40:49,510 ChatBI->     INFO     params: {}
2025-05-09 14:40:49,513 ChatBI->     INFO     obtain_data: [{'数量': 1}]
2025-05-09 14:40:49,513 ChatBI->     INFO     sql_result: {'sql_std': "SELECT COUNT(*) AS `数量` FROM gjw WHERE `所属行业` LIKE '%电信%' LIMIT 10;", 'sql_abbr': "SELECT COUNT(*) AS `数量` FROM gjw WHERE `所属行业` LIKE '%电信%' LIMIT 10;"}
2025-05-09 14:41:00,695 ChatBI->     INFO     query: 电信行业有多少个工匠
2025-05-09 14:41:01,532 ChatBI->     INFO     schema linking: {'target_columns': ['姓名'], 'condition_columns': {'区局': '电信', '所属行业': '电信'}}
2025-05-09 14:41:02,917 ChatBI->     INFO     stad sql: SELECT COUNT(`姓名`) AS `工匠数量` FROM gjw WHERE `区局` = '电信' AND `所属行业` = '电信';
2025-05-09 14:41:02,917 ChatBI->     INFO     开始缩写分析 ... 
2025-05-09 14:41:02,920 ChatBI->     INFO     要被缩写的字段信息为: {}
2025-05-09 14:41:02,920 ChatBI->     INFO     sql_command: SELECT COUNT(`姓名`) AS `工匠数量` FROM gjw WHERE `区局` = '电信' AND `所属行业` = '电信';
2025-05-09 14:41:02,920 ChatBI->     INFO     params: {}
2025-05-09 14:41:02,923 ChatBI->     INFO     obtain_data: [{'工匠数量': 1}]
2025-05-09 14:41:02,923 ChatBI->     INFO     sql_result: {'sql_std': "SELECT COUNT(`姓名`) AS `工匠数量` FROM gjw WHERE `区局` = '电信' AND `所属行业` = '电信';", 'sql_abbr': "SELECT COUNT(`姓名`) AS `工匠数量` FROM gjw WHERE `区局` = '电信' AND `所属行业` = '电信';"}
2025-05-09 14:41:17,609 ChatBI->     INFO     query: 中国电信有多少个工匠
2025-05-09 14:41:18,446 ChatBI->     INFO     schema linking: {'target_columns': ['姓名'], 'condition_columns': {'工作单位': '中国电信'}}
2025-05-09 14:41:19,596 ChatBI->     INFO     stad sql: SELECT COUNT(`姓名`) AS `工匠数量` FROM gjw WHERE `工作单位` LIKE '%中国电信%';
2025-05-09 14:41:19,597 ChatBI->     INFO     开始缩写分析 ... 
2025-05-09 14:41:19,599 ChatBI->     INFO     要被缩写的字段信息为: {"`工作单位` LIKE '%中国电信%';": '中国电信'}
2025-05-09 14:41:19,600 ChatBI->     INFO     sql_command: SELECT COUNT(`姓名`) AS `工匠数量` FROM gjw WHERE  `工作单位` IN (:val0, :val1, :val2, :val3, :val4, :val5, :val6)
2025-05-09 14:41:19,601 ChatBI->     INFO     params: {'val0': '中国电信股份有限公司上海西区电信局', 'val1': '中国电信股份有限公司上海分公司', 'val2': '中国电信股份有限公司上海南区电信局', 'val3': '中国电信股份有限公司上海政企客户事业群', 'val4': '中国电信上海理想信息产业（集团）有限公司', 'val5': '中国电信股份有限公司上海移动互联网部', 'val6': '中国电信股份有限公司上海松江电信局'}
2025-05-09 14:41:19,605 ChatBI->     INFO     obtain_data: [{'工匠数量': 12}]
2025-05-09 14:41:19,606 ChatBI->     INFO     sql_result: {'sql_std': "SELECT COUNT(`姓名`) AS `工匠数量` FROM gjw WHERE `工作单位` LIKE '%中国电信%';", 'sql_abbr': 'SELECT COUNT(`姓名`) AS `工匠数量` FROM gjw WHERE  `工作单位` IN (:val0, :val1, :val2, :val3, :val4, :val5, :val6)'}
2025-05-09 14:42:25,543 ChatBI->     INFO     query: 国中电信有多少个工匠
2025-05-09 14:42:26,433 ChatBI->     INFO     schema linking: {'target_columns': ['姓名'], 'condition_columns': {'工作单位': '国中电信'}}
2025-05-09 14:42:27,705 ChatBI->     INFO     stad sql: SELECT COUNT(`姓名`) AS `工匠数量` FROM gjw WHERE `工作单位` LIKE '%国中电信%' LIMIT 10;
2025-05-09 14:42:27,706 ChatBI->     INFO     开始缩写分析 ... 
2025-05-09 14:42:27,707 ChatBI->     INFO     要被缩写的字段信息为: {"`工作单位` LIKE '%国中电信%'": '国中电信'}
2025-05-09 14:42:27,708 ChatBI->     INFO     sql_command: SELECT COUNT(`姓名`) AS `工匠数量` FROM gjw WHERE  `工作单位` IN (:val0, :val1, :val2, :val3, :val4, :val5, :val6) LIMIT 10;
2025-05-09 14:42:27,708 ChatBI->     INFO     params: {'val0': '中国电信股份有限公司上海西区电信局', 'val1': '中国电信股份有限公司上海分公司', 'val2': '中国电信股份有限公司上海南区电信局', 'val3': '中国电信股份有限公司上海政企客户事业群', 'val4': '中国电信上海理想信息产业（集团）有限公司', 'val5': '中国电信股份有限公司上海移动互联网部', 'val6': '中国电信股份有限公司上海松江电信局'}
2025-05-09 14:42:27,712 ChatBI->     INFO     obtain_data: [{'工匠数量': 12}]
2025-05-09 14:42:27,713 ChatBI->     INFO     sql_result: {'sql_std': "SELECT COUNT(`姓名`) AS `工匠数量` FROM gjw WHERE `工作单位` LIKE '%国中电信%' LIMIT 10;", 'sql_abbr': 'SELECT COUNT(`姓名`) AS `工匠数量` FROM gjw WHERE  `工作单位` IN (:val0, :val1, :val2, :val3, :val4, :val5, :val6) LIMIT 10;'}
2025-05-09 14:43:46,739 ChatBI->     INFO     query: 30岁以上有多少工匠
2025-05-09 14:43:47,612 ChatBI->     INFO     schema linking: {'target_columns': ['姓名'], 'condition_columns': {'年龄': '30岁以上'}}
2025-05-09 14:43:48,832 ChatBI->     INFO     stad sql: SELECT COUNT(`姓名`) AS `工匠数量` FROM gjw WHERE `年龄` > 30 LIMIT 10;
2025-05-09 14:43:48,832 ChatBI->     INFO     开始缩写分析 ... 
2025-05-09 14:43:48,835 ChatBI->     INFO     要被缩写的字段信息为: {}
2025-05-09 14:43:48,835 ChatBI->     INFO     sql_command: SELECT COUNT(`姓名`) AS `工匠数量` FROM gjw WHERE `年龄` > 30 LIMIT 10;
2025-05-09 14:43:48,835 ChatBI->     INFO     params: {}
2025-05-09 14:43:48,838 ChatBI->     INFO     obtain_data: [{'工匠数量': 883}]
2025-05-09 14:43:48,838 ChatBI->     INFO     sql_result: {'sql_std': 'SELECT COUNT(`姓名`) AS `工匠数量` FROM gjw WHERE `年龄` > 30 LIMIT 10;', 'sql_abbr': 'SELECT COUNT(`姓名`) AS `工匠数量` FROM gjw WHERE `年龄` > 30 LIMIT 10;'}
2025-05-09 14:43:53,822 ChatBI->     INFO     query: 30岁以下有多少工匠
2025-05-09 14:43:54,699 ChatBI->     INFO     schema linking: {'target_columns': ['姓名'], 'condition_columns': {'年龄': '30岁以下'}}
2025-05-09 14:43:55,829 ChatBI->     INFO     stad sql: SELECT COUNT(`姓名`) AS `工匠数量` FROM gjw WHERE `年龄` < 30;
2025-05-09 14:43:55,830 ChatBI->     INFO     开始缩写分析 ... 
2025-05-09 14:43:55,831 ChatBI->     INFO     要被缩写的字段信息为: {}
2025-05-09 14:43:55,832 ChatBI->     INFO     sql_command: SELECT COUNT(`姓名`) AS `工匠数量` FROM gjw WHERE `年龄` < 30;
2025-05-09 14:43:55,832 ChatBI->     INFO     params: {}
2025-05-09 14:43:55,835 ChatBI->     INFO     obtain_data: [{'工匠数量': 6}]
2025-05-09 14:43:55,836 ChatBI->     INFO     sql_result: {'sql_std': 'SELECT COUNT(`姓名`) AS `工匠数量` FROM gjw WHERE `年龄` < 30;', 'sql_abbr': 'SELECT COUNT(`姓名`) AS `工匠数量` FROM gjw WHERE `年龄` < 30;'}
2025-05-09 14:44:10,581 ChatBI->     INFO     query: 30岁有多少工匠
2025-05-09 14:44:11,450 ChatBI->     INFO     schema linking: {'target_columns': ['姓名'], 'condition_columns': {'年龄': '30岁'}}
2025-05-09 14:44:12,498 ChatBI->     INFO     stad sql: SELECT `姓名` FROM gjw WHERE `年龄` = 30 LIMIT 10;
2025-05-09 14:44:12,499 ChatBI->     INFO     开始缩写分析 ... 
2025-05-09 14:44:12,500 ChatBI->     INFO     要被缩写的字段信息为: {}
2025-05-09 14:44:12,500 ChatBI->     INFO     sql_command: SELECT `姓名` FROM gjw WHERE `年龄` = 30 LIMIT 10;
2025-05-09 14:44:12,500 ChatBI->     INFO     params: {}
2025-05-09 14:44:12,503 ChatBI->     INFO     obtain_data: [{}]
2025-05-09 14:44:12,503 ChatBI->     INFO     sql_result: {'sql_std': 'SELECT `姓名` FROM gjw WHERE `年龄` = 30 LIMIT 10;', 'sql_abbr': 'SELECT `姓名` FROM gjw WHERE `年龄` = 30 LIMIT 10;'}
2025-05-09 14:44:19,587 ChatBI->     INFO     query: 30岁以上有多少工匠
2025-05-09 14:44:20,469 ChatBI->     INFO     schema linking: {'target_columns': ['姓名'], 'condition_columns': {'年龄': '30岁以上'}}
2025-05-09 14:44:21,663 ChatBI->     INFO     stad sql: SELECT COUNT(`姓名`) AS `工匠数量` FROM gjw WHERE `年龄` > 30 LIMIT 10;
2025-05-09 14:44:21,664 ChatBI->     INFO     开始缩写分析 ... 
2025-05-09 14:44:21,666 ChatBI->     INFO     要被缩写的字段信息为: {}
2025-05-09 14:44:21,666 ChatBI->     INFO     sql_command: SELECT COUNT(`姓名`) AS `工匠数量` FROM gjw WHERE `年龄` > 30 LIMIT 10;
2025-05-09 14:44:21,667 ChatBI->     INFO     params: {}
2025-05-09 14:44:21,670 ChatBI->     INFO     obtain_data: [{'工匠数量': 883}]
2025-05-09 14:44:21,670 ChatBI->     INFO     sql_result: {'sql_std': 'SELECT COUNT(`姓名`) AS `工匠数量` FROM gjw WHERE `年龄` > 30 LIMIT 10;', 'sql_abbr': 'SELECT COUNT(`姓名`) AS `工匠数量` FROM gjw WHERE `年龄` > 30 LIMIT 10;'}
2025-05-09 14:44:28,715 ChatBI->     INFO     query: 30岁以下有多少工匠
2025-05-09 14:44:29,574 ChatBI->     INFO     schema linking: {'target_columns': ['姓名'], 'condition_columns': {'年龄': '30岁以下'}}
2025-05-09 14:44:30,672 ChatBI->     INFO     stad sql: SELECT COUNT(`姓名`) AS `工匠数量` FROM gjw WHERE `年龄` < 30;
2025-05-09 14:44:30,673 ChatBI->     INFO     开始缩写分析 ... 
2025-05-09 14:44:30,674 ChatBI->     INFO     要被缩写的字段信息为: {}
2025-05-09 14:44:30,675 ChatBI->     INFO     sql_command: SELECT COUNT(`姓名`) AS `工匠数量` FROM gjw WHERE `年龄` < 30;
2025-05-09 14:44:30,675 ChatBI->     INFO     params: {}
2025-05-09 14:44:30,678 ChatBI->     INFO     obtain_data: [{'工匠数量': 6}]
2025-05-09 14:44:30,678 ChatBI->     INFO     sql_result: {'sql_std': 'SELECT COUNT(`姓名`) AS `工匠数量` FROM gjw WHERE `年龄` < 30;', 'sql_abbr': 'SELECT COUNT(`姓名`) AS `工匠数量` FROM gjw WHERE `年龄` < 30;'}
2025-05-09 14:45:03,717 ChatBI->     INFO     query: 30岁以上有多少工匠
2025-05-09 14:45:04,578 ChatBI->     INFO     schema linking: {'target_columns': ['姓名'], 'condition_columns': {'年龄': '30岁以上'}}
2025-05-09 14:45:05,782 ChatBI->     INFO     stad sql: SELECT COUNT(`姓名`) AS `工匠数量` FROM gjw WHERE `年龄` > 30 LIMIT 10;
2025-05-09 14:45:05,782 ChatBI->     INFO     开始缩写分析 ... 
2025-05-09 14:45:05,784 ChatBI->     INFO     要被缩写的字段信息为: {}
2025-05-09 14:45:05,784 ChatBI->     INFO     sql_command: SELECT COUNT(`姓名`) AS `工匠数量` FROM gjw WHERE `年龄` > 30 LIMIT 10;
2025-05-09 14:45:05,785 ChatBI->     INFO     params: {}
2025-05-09 14:45:05,788 ChatBI->     INFO     obtain_data: [{'工匠数量': 883}]
2025-05-09 14:45:05,789 ChatBI->     INFO     sql_result: {'sql_std': 'SELECT COUNT(`姓名`) AS `工匠数量` FROM gjw WHERE `年龄` > 30 LIMIT 10;', 'sql_abbr': 'SELECT COUNT(`姓名`) AS `工匠数量` FROM gjw WHERE `年龄` > 30 LIMIT 10;'}
2025-05-09 14:46:30,123 ChatBI->     INFO     query: 1岁以上有多少工匠
2025-05-09 14:46:30,969 ChatBI->     INFO     schema linking: {'target_columns': ['姓名'], 'condition_columns': {'年龄': '1岁以上'}}
2025-05-09 14:46:32,062 ChatBI->     INFO     stad sql: SELECT COUNT(`姓名`) AS `工匠数量` FROM gjw WHERE `年龄` > 1;
2025-05-09 14:46:32,062 ChatBI->     INFO     开始缩写分析 ... 
2025-05-09 14:46:32,064 ChatBI->     INFO     要被缩写的字段信息为: {}
2025-05-09 14:46:32,064 ChatBI->     INFO     sql_command: SELECT COUNT(`姓名`) AS `工匠数量` FROM gjw WHERE `年龄` > 1;
2025-05-09 14:46:32,064 ChatBI->     INFO     params: {}
2025-05-09 14:46:32,068 ChatBI->     INFO     obtain_data: [{'工匠数量': 889}]
2025-05-09 14:46:32,068 ChatBI->     INFO     sql_result: {'sql_std': 'SELECT COUNT(`姓名`) AS `工匠数量` FROM gjw WHERE `年龄` > 1;', 'sql_abbr': 'SELECT COUNT(`姓名`) AS `工匠数量` FROM gjw WHERE `年龄` > 1;'}
