2025-05-07 14:21:01,897 ChatBI->     INFO     Received message: {"query": "近1年哪些小区有设备维修的需求"}
2025-05-07 14:21:01,897 ChatBI->     INFO     开始
2025-05-07 14:21:02,141 ChatBI->     INFO     
2025-05-07 14:21:02,142 ChatBI->     INFO     你好
2025-05-07 14:21:02,163 ChatBI->     INFO     ！
2025-05-07 14:21:02,193 ChatBI->     INFO     我
2025-05-07 14:21:02,214 ChatBI->     INFO     是一个
2025-05-07 14:21:02,239 ChatBI->     INFO     由
2025-05-07 14:21:02,265 ChatBI->     INFO     阿里
2025-05-07 14:21:02,298 ChatBI->     INFO     云
2025-05-07 14:21:02,318 ChatBI->     INFO     开发
2025-05-07 14:21:02,340 ChatBI->     INFO     的人
2025-05-07 14:21:02,366 ChatBI->     INFO     工
2025-05-07 14:21:02,390 ChatBI->     INFO     智能
2025-05-07 14:21:02,413 ChatBI->     INFO     助手
2025-05-07 14:21:02,439 ChatBI->     INFO     ，
2025-05-07 14:21:02,463 ChatBI->     INFO     专门
2025-05-07 14:21:02,488 ChatBI->     INFO     设计
2025-05-07 14:21:02,511 ChatBI->     INFO     来
2025-05-07 14:21:02,537 ChatBI->     INFO     帮助
2025-05-07 14:21:02,560 ChatBI->     INFO     用户
2025-05-07 14:21:02,585 ChatBI->     INFO     解答
2025-05-07 14:21:02,609 ChatBI->     INFO     问题
2025-05-07 14:21:02,633 ChatBI->     INFO     、
2025-05-07 14:21:02,659 ChatBI->     INFO     提供
2025-05-07 14:21:02,683 ChatBI->     INFO     信息
2025-05-07 14:21:02,708 ChatBI->     INFO     和支持
2025-05-07 14:21:02,736 ChatBI->     INFO     各种
2025-05-07 14:21:02,756 ChatBI->     INFO     任务
2025-05-07 14:21:02,781 ChatBI->     INFO     。
2025-05-07 14:21:02,806 ChatBI->     INFO     我可以
2025-05-07 14:21:02,833 ChatBI->     INFO     处理
2025-05-07 14:21:02,857 ChatBI->     INFO     多种
2025-05-07 14:21:02,882 ChatBI->     INFO     语言
2025-05-07 14:21:02,907 ChatBI->     INFO     ，
2025-05-07 14:21:02,936 ChatBI->     INFO     涵盖
2025-05-07 14:21:02,956 ChatBI->     INFO     广泛
2025-05-07 14:21:02,984 ChatBI->     INFO     的主题
2025-05-07 14:21:03,011 ChatBI->     INFO     ，
2025-05-07 14:21:03,029 ChatBI->     INFO     包括
2025-05-07 14:21:03,053 ChatBI->     INFO     但不限于
2025-05-07 14:21:03,078 ChatBI->     INFO     科技
2025-05-07 14:21:03,102 ChatBI->     INFO     、
2025-05-07 14:21:03,132 ChatBI->     INFO     历史
2025-05-07 14:21:03,156 ChatBI->     INFO     、
2025-05-07 14:21:03,176 ChatBI->     INFO     文化
2025-05-07 14:21:03,202 ChatBI->     INFO     、
2025-05-07 14:21:03,231 ChatBI->     INFO     娱乐
2025-05-07 14:21:03,257 ChatBI->     INFO     和
2025-05-07 14:21:03,274 ChatBI->     INFO     日常生活
2025-05-07 14:21:03,299 ChatBI->     INFO     。
2025-05-07 14:21:03,327 ChatBI->     INFO     我的
2025-05-07 14:21:03,347 ChatBI->     INFO     目标
2025-05-07 14:21:03,372 ChatBI->     INFO     是
2025-05-07 14:21:03,397 ChatBI->     INFO     提供
2025-05-07 14:21:03,422 ChatBI->     INFO     准确
2025-05-07 14:21:03,445 ChatBI->     INFO     、
2025-05-07 14:21:03,471 ChatBI->     INFO     有用
2025-05-07 14:21:03,494 ChatBI->     INFO     和
2025-05-07 14:21:03,537 ChatBI->     INFO     及时
2025-05-07 14:21:03,543 ChatBI->     INFO     的信息
2025-05-07 14:21:03,568 ChatBI->     INFO     ，
2025-05-07 14:21:03,592 ChatBI->     INFO     以
2025-05-07 14:21:03,622 ChatBI->     INFO     帮助
2025-05-07 14:21:03,643 ChatBI->     INFO     用户
2025-05-07 14:21:03,665 ChatBI->     INFO     更好地
2025-05-07 14:21:03,707 ChatBI->     INFO     理解和
2025-05-07 14:21:03,714 ChatBI->     INFO     解决问题
2025-05-07 14:21:03,739 ChatBI->     INFO     。
2025-05-07 14:21:03,768 ChatBI->     INFO     如果你
2025-05-07 14:21:03,790 ChatBI->     INFO     有任何
2025-05-07 14:21:03,815 ChatBI->     INFO     问题
2025-05-07 14:21:03,839 ChatBI->     INFO     或
2025-05-07 14:21:03,862 ChatBI->     INFO     需要
2025-05-07 14:21:03,891 ChatBI->     INFO     帮助
2025-05-07 14:21:03,912 ChatBI->     INFO     ，请
2025-05-07 14:21:03,936 ChatBI->     INFO     随时
2025-05-07 14:21:03,961 ChatBI->     INFO     告诉我
2025-05-07 14:21:03,984 ChatBI->     INFO     ！
2025-05-07 14:21:04,010 ChatBI->     INFO     
2025-05-07 14:23:17,131 ChatBI->     INFO     Received message: {"query": "近1年哪些小区有设备维修的需求"}
2025-05-07 14:23:17,131 ChatBI->     INFO     开始
2025-05-07 14:23:17,339 ChatBI->     INFO     
2025-05-07 14:23:17,339 ChatBI->     INFO     你好
2025-05-07 14:23:17,372 ChatBI->     INFO     ！
2025-05-07 14:23:17,393 ChatBI->     INFO     我
2025-05-07 14:23:17,418 ChatBI->     INFO     是一个
2025-05-07 14:23:17,450 ChatBI->     INFO     由
2025-05-07 14:23:17,474 ChatBI->     INFO     阿里
2025-05-07 14:23:17,494 ChatBI->     INFO     云
2025-05-07 14:23:17,520 ChatBI->     INFO     开发
2025-05-07 14:23:17,543 ChatBI->     INFO     的人
2025-05-07 14:23:17,568 ChatBI->     INFO     工
2025-05-07 14:23:17,597 ChatBI->     INFO     智能
2025-05-07 14:23:17,619 ChatBI->     INFO     助手
2025-05-07 14:23:17,649 ChatBI->     INFO     ，
2025-05-07 14:23:17,668 ChatBI->     INFO     专门
2025-05-07 14:23:17,693 ChatBI->     INFO     设计
2025-05-07 14:23:17,717 ChatBI->     INFO     来
2025-05-07 14:23:17,754 ChatBI->     INFO     帮助
2025-05-07 14:23:17,770 ChatBI->     INFO     用户
2025-05-07 14:23:17,797 ChatBI->     INFO     解答
2025-05-07 14:23:17,824 ChatBI->     INFO     问题
2025-05-07 14:23:17,852 ChatBI->     INFO     、
2025-05-07 14:23:17,872 ChatBI->     INFO     提供
2025-05-07 14:23:17,910 ChatBI->     INFO     信息
2025-05-07 14:23:17,925 ChatBI->     INFO     和支持
2025-05-07 14:23:17,944 ChatBI->     INFO     各种
2025-05-07 14:23:17,972 ChatBI->     INFO     任务
2025-05-07 14:23:18,006 ChatBI->     INFO     。
2025-05-07 14:23:18,023 ChatBI->     INFO     我可以
2025-05-07 14:23:18,039 ChatBI->     INFO     处理
2025-05-07 14:23:18,076 ChatBI->     INFO     多种
2025-05-07 14:23:18,089 ChatBI->     INFO     语言
2025-05-07 14:23:18,114 ChatBI->     INFO     ，
2025-05-07 14:23:18,151 ChatBI->     INFO     涵盖
2025-05-07 14:23:18,177 ChatBI->     INFO     广泛
2025-05-07 14:23:18,203 ChatBI->     INFO     的主题
2025-05-07 14:23:18,217 ChatBI->     INFO     ，
2025-05-07 14:23:18,245 ChatBI->     INFO     包括
2025-05-07 14:23:18,267 ChatBI->     INFO     但不限于
2025-05-07 14:23:18,294 ChatBI->     INFO     科技
2025-05-07 14:23:18,321 ChatBI->     INFO     、
2025-05-07 14:23:18,342 ChatBI->     INFO     历史
2025-05-07 14:23:18,366 ChatBI->     INFO     、
2025-05-07 14:23:18,388 ChatBI->     INFO     文化
2025-05-07 14:23:18,412 ChatBI->     INFO     、
2025-05-07 14:23:18,434 ChatBI->     INFO     娱乐
2025-05-07 14:23:18,457 ChatBI->     INFO     和
2025-05-07 14:23:18,482 ChatBI->     INFO     日常生活
2025-05-07 14:23:18,512 ChatBI->     INFO     。
2025-05-07 14:23:18,535 ChatBI->     INFO     我的
2025-05-07 14:23:18,554 ChatBI->     INFO     目标
2025-05-07 14:23:18,579 ChatBI->     INFO     是
2025-05-07 14:23:18,605 ChatBI->     INFO     提供
2025-05-07 14:23:18,629 ChatBI->     INFO     准确
2025-05-07 14:23:18,653 ChatBI->     INFO     、
2025-05-07 14:23:18,677 ChatBI->     INFO     有用
2025-05-07 14:23:18,702 ChatBI->     INFO     和
2025-05-07 14:23:18,726 ChatBI->     INFO     及时
2025-05-07 14:23:18,753 ChatBI->     INFO     的信息
2025-05-07 14:23:18,779 ChatBI->     INFO     ，
2025-05-07 14:23:18,800 ChatBI->     INFO     以
2025-05-07 14:23:18,825 ChatBI->     INFO     帮助
2025-05-07 14:23:18,849 ChatBI->     INFO     用户
2025-05-07 14:23:18,874 ChatBI->     INFO     更好地
2025-05-07 14:23:18,902 ChatBI->     INFO     理解和
2025-05-07 14:23:18,923 ChatBI->     INFO     解决问题
2025-05-07 14:23:18,948 ChatBI->     INFO     。
2025-05-07 14:23:18,972 ChatBI->     INFO     如果你
2025-05-07 14:23:18,996 ChatBI->     INFO     有任何
2025-05-07 14:23:19,021 ChatBI->     INFO     问题
2025-05-07 14:23:19,049 ChatBI->     INFO     或
2025-05-07 14:23:19,081 ChatBI->     INFO     需要
2025-05-07 14:23:19,098 ChatBI->     INFO     帮助
2025-05-07 14:23:19,124 ChatBI->     INFO     ，请
2025-05-07 14:23:19,147 ChatBI->     INFO     随时
2025-05-07 14:23:19,171 ChatBI->     INFO     告诉我
2025-05-07 14:23:19,196 ChatBI->     INFO     ！
2025-05-07 14:23:19,222 ChatBI->     INFO     
