2025-05-23 04:16:04,538 ChatBI->     INFO     关联字段的枚举值:  {'事项类别': ['公共管理', '公共服务', '公共安全', '经济发展'], '事项大类': ['环境保护', '民生服务', '科教文卫体', '公共交通', '房屋保障', '绿化市容', '城管执法', '社区共治', '市场监管', '行政服务', '市政建设', '消防安全', '规划管理', '社会治安', '安全生产', '金融', '商务', '水务工作', '卫生计生', '应急救援', '国资', '发展改革'], '事项小类': ['噪声污染', '帮困救助', '教育', '交通秩序', '物业服务', '市容环境', '非机动车管理', '物业相关执法', '居委会', '养老保障', '人力保障', '证照管理', '文化旅游', '机关事务', '设施场地管理', '房屋管理', '服务窗口', '房屋修缮', '市政道路', '消防隐患', '空气污染', '旧改征收', '绿地绿化', '规划设计', '体育', '景观', '基础设施', '环卫', '业委会', '消防管理', '犬类管理', '保障型住房', '机动车管理', '消费维权', '光污染', '特种设备监管', '金融', '街面秩序执法', '测绘管理', '档案', '建筑间距及日照', '商务', '公安信息', '历史建筑', '治安管控', '水系管理', '人口计生', '公交出行', '档案管理', '非居住用房', '医疗服务', '突发事件', '国资', '排水排污', '发展改革'], '事项名称': ['夜间施工扰民', '津贴补助', '教育质量', '排堵保畅', '维修服务', '生活娱乐扰民', '物业安保', '停车管理', '文明施工措施不落实', '共享单车停放管理', '非改居', '商业物业', '高空抛物', '居家养老', '工资奖金', '审验登记', '文化场所信息', '表扬办事人员', '小区公共区域维护', '公共停车场', '物业收费', '擅自改建占用共用部分', '校园设施', '事务中心', '装修噪音扰民', '美丽家园', '擅自占用道路堆物、施工', '助残服务', '作业负担', '群租', '垃圾清运', '施工扬尘', '动迁需求', '跨门营业', '占绿毁绿', '违法建筑', '房屋漏水', '规划设计', '经营噪声扰民', '拖欠工资', '小区绿化', '路状路况', '破坏房屋结构', '损坏房屋承重结构', '场地设施', '收费问题', '加装电梯', '餐饮油烟', '道路指示牌', '不文明养宠', '教育改革', '机动车安全隐患', '小区公共设施设备的新增或维修', '公园设施', '市政井盖', '道路保洁', '虫鼠害防治', '业委会改选组建', '控烟禁烟', '公共厕所', '成人教育', '投诉办事人员', '消防设施', '物业纠纷', '动迁矛盾', '流浪犬收治', '文化活动', '公租房', '学籍管理', '卫生城市配套设施', '经适房', '宣传栏（亭）', '廉租房', '入学政策', '景点投诉', '机动车停放管理', '维权咨询', '办理转学', '垃圾分类', '老旧小区改造', '公房管理', '邻里矛盾', '广告灯箱', '景观灯光', '非机动车安全隐患', '维修基金', '居改非', '楼道堆物', '电梯', '居住证', '其他补助', '暴露垃圾', '天桥', '非机动车停放管理', '花架花钵', '危房工程', '道路交通设施', '就业补贴', '道路改建', '广告牌景观灯', '助餐服务', '污水冒溢', '移植修剪', '中考', '助老服务', '乱张贴、乱涂写、乱刻画', '道路维护', '消防通道', '露天焚烧', '超时补课', '公厕导向牌', '测绘管理', '个人档案公开', '售后服务', '群众锻炼', '机构养老', '无证设摊', '隔离护栏', '教师素质', '最低生活保障', '信访接待', '建筑间距及日照', '园林管理', '商贸信息', '其它', '公共交通安全隐患', '户籍政策咨询', '路标路牌', '不文明执法', '房屋产权', '擅自改变房屋使用性质', '人才引进', '历史建筑', '限流限行', '土地征收', '垃圾桶/厢房', '医保报销', '设施破损', '油漆异味', '公共绿化', '孤寡空巢老人关怀', '架空线', '换届选举', '金融资讯', '支内知青补贴', '群体性事件', '路灯', '街头散发小广告', '河道治理', '人员非正常聚集', '违规饲养禽类\n（鸡、鸭、鸽子）', '强讨恶要', '交通噪音扰民', '桥梁', '房屋质量', '独生子女补贴', '私拉电线', '新增设施', '乱晾晒', '金融监管', '垃圾偷倒', '人员资质', '党建中心', '景点资讯', '两“室”建设', '房产信息变更', '无障碍设施', '交通违章', '矛盾纠纷', '地铁客运', '酒店质量', '外墙翻新', '档案管理', '出租车扬招牌', '占道设摊', '高考', '外地户口入学', '费用减免', '特种行业行政许可', '园区', '设施维护', '车容不洁', '社区卫生服务', '河道周边', '架空线坠落', '失独救助', '文化中心', '破墙开门（窗）', '企业改革', '各类消费服务点券卡', '无证照经营', '绿化护栏', '公共场所消防安全隐患', '工时假期', '信鸽', '体检中心', '雨污分流', '改革发展事务', '行道树', '商用房', '劳务中介', '市场供应', '综合中心', '工伤认定']}
2025-05-23 04:16:04,539 ChatBI->     INFO     缩写字段的枚举值： ['夜间施工扰民', '津贴补助', '教育质量', '排堵保畅', '维修服务', '生活娱乐扰民', '物业安保', '停车管理', '文明施工措施不落实', '共享单车停放管理', '非改居', '商业物业', '高空抛物', '居家养老', '工资奖金', '审验登记', '文化场所信息', '表扬办事人员', '小区公共区域维护', '公共停车场', '物业收费', '擅自改建占用共用部分', '校园设施', '事务中心', '装修噪音扰民', '美丽家园', '擅自占用道路堆物、施工', '助残服务', '作业负担', '群租', '垃圾清运', '施工扬尘', '动迁需求', '跨门营业', '占绿毁绿', '违法建筑', '房屋漏水', '规划设计', '经营噪声扰民', '拖欠工资', '小区绿化', '路状路况', '破坏房屋结构', '损坏房屋承重结构', '场地设施', '收费问题', '加装电梯', '餐饮油烟', '道路指示牌', '不文明养宠', '教育改革', '机动车安全隐患', '小区公共设施设备的新增或维修', '公园设施', '市政井盖', '道路保洁', '虫鼠害防治', '业委会改选组建', '控烟禁烟', '公共厕所', '成人教育', '投诉办事人员', '消防设施', '物业纠纷', '动迁矛盾', '流浪犬收治', '文化活动', '公租房', '学籍管理', '卫生城市配套设施', '经适房', '宣传栏（亭）', '廉租房', '入学政策', '景点投诉', '机动车停放管理', '维权咨询', '办理转学', '垃圾分类', '老旧小区改造', '公房管理', '邻里矛盾', '广告灯箱', '景观灯光', '非机动车安全隐患', '维修基金', '居改非', '楼道堆物', '电梯', '居住证', '其他补助', '暴露垃圾', '天桥', '非机动车停放管理', '花架花钵', '危房工程', '道路交通设施', '就业补贴', '道路改建', '广告牌景观灯', '助餐服务', '污水冒溢', '移植修剪', '中考', '助老服务', '乱张贴、乱涂写、乱刻画', '道路维护', '消防通道', '露天焚烧', '超时补课', '公厕导向牌', '测绘管理', '个人档案公开', '售后服务', '群众锻炼', '机构养老', '无证设摊', '隔离护栏', '教师素质', '最低生活保障', '信访接待', '建筑间距及日照', '园林管理', '商贸信息', '其它', '公共交通安全隐患', '户籍政策咨询', '路标路牌', '不文明执法', '房屋产权', '擅自改变房屋使用性质', '人才引进', '历史建筑', '限流限行', '土地征收', '垃圾桶/厢房', '医保报销', '设施破损', '油漆异味', '公共绿化', '孤寡空巢老人关怀', '架空线', '换届选举', '金融资讯', '支内知青补贴', '群体性事件', '路灯', '街头散发小广告', '河道治理', '人员非正常聚集', '违规饲养禽类\n（鸡、鸭、鸽子）', '强讨恶要', '交通噪音扰民', '桥梁', '房屋质量', '独生子女补贴', '私拉电线', '新增设施', '乱晾晒', '金融监管', '垃圾偷倒', '人员资质', '党建中心', '景点资讯', '两“室”建设', '房产信息变更', '无障碍设施', '交通违章', '矛盾纠纷', '地铁客运', '酒店质量', '外墙翻新', '档案管理', '出租车扬招牌', '占道设摊', '高考', '外地户口入学', '费用减免', '特种行业行政许可', '园区', '设施维护', '车容不洁', '社区卫生服务', '河道周边', '架空线坠落', '失独救助', '文化中心', '破墙开门（窗）', '企业改革', '各类消费服务点券卡', '无证照经营', '绿化护栏', '公共场所消防安全隐患', '工时假期', '信鸽', '体检中心', '雨污分流', '改革发展事务', '行道树', '商用房', '劳务中介', '市场供应', '综合中心', '工伤认定']
2025-05-23 04:16:43,453 ChatBI->     INFO     schema linking: {'target_columns': ['案件编号'], 'condition_columns': {}}
2025-05-23 04:16:45,954 ChatBI->     INFO     任务类型: SQL
2025-05-23 04:16:47,621 ChatBI->     INFO     stad sql: SELECT COUNT(`案件编号`) AS `数据总数` FROM `HongKouDemo`
2025-05-23 04:16:47,621 ChatBI->     INFO     开始语义分析 ... 
2025-05-23 04:16:47,628 ChatBI->     INFO     非结构化信息为: {}
2025-05-23 04:16:47,628 ChatBI->     INFO     开始缩写分析 ... 
2025-05-23 04:16:47,629 ChatBI->     INFO     要被缩写的字段信息为: {}
2025-05-23 04:16:47,629 ChatBI->     INFO     没有找到<  >对应的视图
2025-05-23 04:16:47,635 ChatBI->     INFO     websocket发送的数据为：{"sql_gen": "SELECT COUNT(`案件编号`) AS `数据总数` FROM `HongKouDemo`"}
2025-05-23 04:16:47,636 ChatBI->     INFO     websocket发送的数据为：{"response": [{"数据总数": 3143}]}
2025-05-23 04:16:49,259 ChatBI->     INFO     websocket发送的数据为：{"result_insight": "根据检索到的信息，共有3143条数据。"}
2025-05-23 04:16:51,743 ChatBI->     INFO     websocket发送的数据为：{"result_recommand": {"new_query_1": "这些案件中，哪些状态是已结案的？", "new_query_2": "案件来源/信息来源主要有哪些渠道？", "new_query_3": "哪些事项类别出现的次数最多？"}}
2025-05-23 04:18:08,080 ChatBI->     INFO     schema linking: {'target_columns': ['案件编号'], 'condition_columns': {'状态': '已结案'}}
2025-05-23 04:18:09,875 ChatBI->     INFO     任务类型: SQL
2025-05-23 04:18:11,098 ChatBI->     INFO     stad sql: SELECT `案件编号` FROM `HongKouDemo` WHERE `状态` = '已结案' LIMIT 10;
2025-05-23 04:18:11,099 ChatBI->     INFO     开始语义分析 ... 
2025-05-23 04:18:11,100 ChatBI->     INFO     非结构化信息为: {}
2025-05-23 04:18:11,100 ChatBI->     INFO     开始缩写分析 ... 
2025-05-23 04:18:11,101 ChatBI->     INFO     要被缩写的字段信息为: {}
2025-05-23 04:18:11,101 ChatBI->     INFO     没有找到<  >对应的视图
2025-05-23 04:18:11,104 ChatBI->     INFO     websocket发送的数据为：{"sql_gen": "SELECT `案件编号` FROM `HongKouDemo` WHERE `状态` = '已结案' LIMIT 10;"}
2025-05-23 04:18:18,731 ChatBI->     INFO     websocket发送的数据为：{"result_recommand": {"new_query_1": "这些已结案的案件中，哪些涉及公共安全问题？", "new_query_2": "这些已结案的案件中，哪些案件的处理时间超过了规定期限？", "new_query_3": "这些已结案的案件中，哪些案件的诉求得到了市民的满意评价？"}}
2025-05-23 04:19:04,661 ChatBI->     INFO     schema linking: {'target_columns': ['案件描述/内容描述', '发现时间'], 'condition_columns': {'案件描述/内容描述': '道路积水'}}
2025-05-23 04:19:07,306 ChatBI->     INFO     任务类型: SQL
2025-05-23 04:19:09,675 ChatBI->     INFO     stad sql: SELECT DATE_FORMAT(`发现时间`, '%Y-%m') AS `月份`, COUNT(*) AS `道路积水事件数量` FROM `HongKouDemo` WHERE `案件描述/内容描述` LIKE '%道路积水%' AND YEAR(`发现时间`) = 2024 GROUP BY `月份` ORDER BY `月份` LIMIT 10;
2025-05-23 04:19:09,675 ChatBI->     INFO     开始语义分析 ... 
2025-05-23 04:19:09,679 ChatBI->     INFO     非结构化信息为: {"`案件描述/内容描述` LIKE '%道路积水%'": '道路积水'}
2025-05-23 04:19:10,291 ChatBI->     INFO     道路积水 的命名实体判别： no
2025-05-23 04:19:10,292 ChatBI->     INFO     开始对非结构化文档【粗略】检索
2025-05-23 04:19:10,567 ChatBI->     INFO     检索到的文档总数量为：600
2025-05-23 04:19:10,612 ChatBI->     INFO     开始对非结构化文档【深度】检索
2025-05-23 04:19:11,162 ChatBI->     INFO     step_scores: ['yes', 'yes', 'yes', 'yes', 'yes', 'no', 'yes', 'yes', 'no', 'yes', 'no', 'no', 'yes', 'yes', 'yes', 'no', 'no', 'no', 'no', 'yes']
2025-05-23 04:19:11,163 ChatBI->     INFO     层级抽取文档： 市民来电反映:上述地址汉阳路因暴雨道路严重积水，深度已经到了小腿处，市民表示路边停了几十辆机动车，泡水无法启用。诉求：希望管理部门尽快排出积水。 ==> yes  
2025-05-23 04:19:11,163 ChatBI->     INFO     层级抽取文档： 市民来电反映:市民是上述地址商家，可能因为道路上的下水道堵了，雨流不出去，现在积水已经漫到了市民的店里，诉求：请管理部门及时前往疏通下水管道排除积水。

 ==> yes  
2025-05-23 04:19:11,163 ChatBI->     INFO     层级抽取文档： 市民来电反映:8月18日12：50分下了暴雨，虹口区江湾镇新市北路丰镇路处有严重的积水，市民是此处的商铺，现商铺都进水了，之前也有积过水，还没有得到解决现又积水了，现诉求：请管理部门尽快落实解决积水问题。 ==> yes  
2025-05-23 04:19:11,163 ChatBI->     INFO     层级抽取文档： 市民来电反映:上述地址马路上积水严重，现在已经严重影响电瓶车和汽车通行。诉求：望管理部门核实并尽快处理。（市民要求信息保密 无需回复） ==> yes  
2025-05-23 04:19:11,163 ChatBI->     INFO     层级抽取文档： 市民来电反映:上述地址马路上和弄堂内，下雨积水约20几厘米，居民家中已经进水。诉求：希望管理部门尽快排水。 ==> yes  
2025-05-23 04:19:11,163 ChatBI->     INFO     层级抽取文档： 市民来电反映:上述地址之前进行道路面施工，现在施工结束，但施工方没有将非机动车道铺平，导致道路坑坑洼洼，现诉求：希望管理部门核实后，要求对上述道路进行修复铺平。（市民要求信息保密 无需回复） ==> no  
2025-05-23 04:19:11,163 ChatBI->     INFO     层级抽取文档： 市民来电反映:其上述地址门口人行道道路路面过高比商铺高，8月18日雨水倒灌进入商铺。诉求：要求尽快前来整修处理。(要求回复) ==> yes  
2025-05-23 04:19:11,163 ChatBI->     INFO     层级抽取文档： 市民来电反映：其为松花江路2612弄小区居民，刚才一场暴雨，小区里的积水排不出去，1楼居民家里都要被水淹了，据了解，小区外面松花江路上已经被水淹没了，由于小区外围排水不畅，导致小区里的积水也无法排出。诉求：希望管理部门尽快派人排水。（需回复） ==> yes  
2025-05-23 04:19:11,163 ChatBI->     INFO     层级抽取文档： 市民来电反映:上述地址地址至广粤路路段，无名道路很窄，道路上各种机动车乱停放的现象，严重影响道路通行，属地派出所进行违法处理但未明显改善违法停车问题。诉求：请管理部门对道路有效设置调整，彻底解决违法停车问题（需回复） ==> no  
2025-05-23 04:19:11,163 ChatBI->     INFO     层级抽取文档： 市民来电反映:上述地址天井内下水道堵塞，导致雨水倒灌入上述地址，上述地址入户门口下水道也堵塞，导致雨水倒灌入上述地址，现在上述地址地面有积水，故来电诉求：请管理部门核实尽快派人上门疏通上述下水道。 ==> yes  
2025-05-23 04:19:11,163 ChatBI->     INFO     层级抽取文档： 市民来电反映:上述地址有4个物业都踢皮球，表示小区绿化长期无人养护，道路坑洼严重影响骑行。诉求：要求物业整改（绿化长期无人养护、道路坑洼严重）。 ==> no  
2025-05-23 04:19:11,163 ChatBI->     INFO     层级抽取文档： 市民来电反映:上述地址门口路面上有一个直径半米的坑，不深但上面盖了块布遮着看不见，道路是不分机动车道和非机动车道，对于通行存在安全隐患，诉求：请管理部门核实，要求尽快维修路面。 ==> no  
2025-05-23 04:19:11,163 ChatBI->     INFO     层级抽取文档： 市民来电反映:8月30日上述地址路边靠近公厕的1个消防栓漏水且伴有积水。诉求：请及时维修。 ==> yes  
2025-05-23 04:19:11,163 ChatBI->     INFO     层级抽取文档： 市民来电反映:上述地址在增设电梯，施工队在该处挖了沟，但是沟内有严重的积水，已经发臭，影响居民生活。诉求：请督促尽快施工，并抽水将沟填埋。 ==> yes  
2025-05-23 04:19:11,163 ChatBI->     INFO     层级抽取文档： 市民来电反映：其是上述地址居民，小区于2023年进行了“美丽家园”改造工程，将整个小区路面抬高了近15CM，由此导致下雨积水都溢进底楼市民家中。市民家中也因前两天的暴雨，导致家中很多物品和地板都浸泡在水中。诉求：市民表示当地政府在进行改造时一点也不顾原先小区地势，要求承办部门尽快整改。 ==> yes  
2025-05-23 04:19:11,163 ChatBI->     INFO     层级抽取文档： 市民来电反映:2024年5月左右，街道统一为门面房做门头。其表示安装后每逢下雨就会往门面房进水，渗透到墙体。施工队说是物业的问题，物业称安装门头前没发生过该问题。8月27日上述地址门面房内正在漏水积水。诉求：请予以修复。 ==> no  
2025-05-23 04:19:11,164 ChatBI->     INFO     层级抽取文档： 市民来电反映：市民发现上述地址东体育会路的机动车车道有明显沉降。现市民看到车辆经过会有跳跃。具体落差数值不清楚。市民诉求：希望管理部门尽快解决道路沉降问题。（市民要求信息保密，无需回复） ==> no  
2025-05-23 04:19:11,164 ChatBI->     INFO     层级抽取文档： 【时间:2024/08/1819:17:00,涉事车辆号牌沪G05889】小区道路上停车，阻碍小区其他车辆通行，妨碍小区道路通畅。 ==> no  
2025-05-23 04:19:11,164 ChatBI->     INFO     层级抽取文档： 市民来电反映:上述图书馆所属物业在施工，侵占了公共的人行道道路影响通行，诉求：核实处理不要影响市民通行。（市民要求信息保密 无需回复） ==> no  
2025-05-23 04:19:11,164 ChatBI->     INFO     层级抽取文档： 市民来电反映:其为上述地址居民，楼栋加装电梯导致其家中墙面产生裂缝，雨天会有漏水现象，目前有积水，诉求：希望管理部门核实，并尽快解决漏水问题。 ==> yes  
2025-05-23 04:19:11,164 ChatBI->     INFO     阈值索引为：75, 窗口大小为: 20 
2025-05-23 04:19:11,164 ChatBI->     INFO     确定的文档: 56; 在次确认的文档: 39
2025-05-23 04:19:11,991 ChatBI->     INFO     从39个需再次确认的文档中筛选出的相关文档数量：13
2025-05-23 04:19:11,991 ChatBI->     INFO     示例文档：['市民反映：2024年6月大雨导致积水后，小区物业已经来去处理过；对于后续结果只能继续观察，8月12日市区又降暴雨，其家再次进水，包括周围邻居的情况，比2024年6月要严重。这可能就不是本小区物业能解决的情况了。诉求：望上级部门能亲自出面协调解决。', '市民来电反映:该路段被水淹了，水都流到家里了。诉求：要求尽快疏通。', '市民来电反映:下雨天水位越来越高已经没过人行道一半了，店铺做过增高的，但是下一步就要流到店里了，已经有师傅在疏通了，因为人数不多，反而水位越来越高了。诉求：要求尽快处理不要淹到店里。', '市民反映：任泉根居住虹口区天宝西路248弄5号104室。从北京东路动迁2024年1月份刚入住。最近几月只要外面下大雨或暴雨，天井里就水漫金山到房间里面。只能与智障的孙子一起用脸盆往外排水。主要原因是整个6楼的楼面雨水。通过雨水管直泄天井里面下水道排水不畅。雨水管上面粗最底下细，大雨就是一片瀑布。找物业报修未解决问题。95岁患有严重的心脏病体力实在不行。老伴也95岁患有脑梗行动不便。儿子、孙子都残障人士持有残疾证。诉求：想求助解除天井积水问题。', '市民来电反映:小区靠近1号楼的边门这里，在2023年搞过美丽家园，但是这里一块没有处理，有一个陷下去的地面。导致每次下雨是，这里都会有一大片积水，现在2024年7月-8月经常下大雨，诉求：希望管理部门核实并整改这块地面 ']
2025-05-23 04:19:11,992 ChatBI->     INFO     开始缩写分析 ... 
2025-05-23 04:19:11,998 ChatBI->     INFO     要被缩写的字段信息为: {}
2025-05-23 04:19:11,998 ChatBI->     INFO     没有找到<  >对应的视图
2025-05-23 04:19:11,998 ChatBI->     INFO     sql 语句：SELECT DATE_FORMAT(`发现时间`, '%Y-%m') AS `月份`, COUNT(*) AS `道路积水事件数量` FROM `HongKouDemo` WHERE  `案件描述/内容描述` IN (:val0, :val1, :val2, :val3, :val4, :val5, :val6, :val7, :val8, :val9, :val10, :val11, :val12, :val13, :val14, :val15, :val16, :val17, :val18, :val19, :val20, :val21, :val22, :val23, :val24, :val25, :val26, :val27, :val28, :val29, :val30, :val31, :val32, :val33, :val34, :val35, :val36, :val37, :val38, :val39, :val40, :val41, :val42, :val43, :val44, :val45, :val46, :val47, :val48, :val49, :val50, :val51, :val52, :val53, :val54, :val55, :val56, :val57, :val58, :val59, :val60, :val61, :val62, :val63, :val64, :val65, :val66, :val67, :val68) AND YEAR(`发现时间`) = 2024 GROUP BY `月份` ORDER BY `月份` LIMIT 10;
2025-05-23 04:19:12,017 ChatBI->     INFO     websocket发送的数据为：{"sql_gen": "SELECT DATE_FORMAT(`发现时间`, '%Y-%m') AS `月份`, COUNT(*) AS `道路积水事件数量` FROM `HongKouDemo` WHERE `案件描述/内容描述` LIKE '%道路积水%' AND YEAR(`发现时间`) = 2024 GROUP BY `月份` ORDER BY `月份` LIMIT 10;"}
2025-05-23 04:19:12,018 ChatBI->     INFO     websocket发送的数据为：{"response": [{"月份": "2024-08", "道路积水事件数量": 69}]}
2025-05-23 04:19:12,027 ChatBI->     INFO     sql 语句：SELECT * FROM `HongKouDemo` WHERE  `案件描述/内容描述` IN (:val0, :val1, :val2, :val3, :val4, :val5, :val6, :val7, :val8, :val9, :val10, :val11, :val12, :val13, :val14, :val15, :val16, :val17, :val18, :val19, :val20, :val21, :val22, :val23, :val24, :val25, :val26, :val27, :val28, :val29, :val30, :val31, :val32, :val33, :val34, :val35, :val36, :val37, :val38, :val39, :val40, :val41, :val42, :val43, :val44, :val45, :val46, :val47, :val48, :val49, :val50, :val51, :val52, :val53, :val54, :val55, :val56, :val57, :val58, :val59, :val60, :val61, :val62, :val63, :val64, :val65, :val66, :val67, :val68) AND YEAR(`发现时间`) = 2024
2025-05-23 04:19:12,870 ChatBI->     INFO     websocket发送的数据为：{"result_insight": "2024年8月，道路积水事件发生69次，显示出该月积水问题较为严重。"}
2025-05-23 04:19:14,948 ChatBI->     INFO     websocket发送的数据为：{"result_recommand": {"new_query_1": "2024年每个月的道路积水事件数量分别是多少？", "new_query_2": "2024年哪些街道的道路积水事件最多？", "new_query_3": "2024年道路积水事件的主要处理部门是哪些？"}}
2025-05-23 04:20:13,379 ChatBI->     INFO     schema linking: {'target_columns': ['事项类别', '事项大类', '事项小类', '事项名称', '案件描述/内容描述', '所属街道', '所属居委', '发现时间', '结案时间'], 'condition_columns': {'发现时间': '2024年'}}
2025-05-23 04:20:16,091 ChatBI->     INFO     任务类型: SQL
2025-05-23 04:20:18,511 ChatBI->     INFO     stad sql: SELECT `事项类别`, `事项大类`, `事项小类`, `事项名称`, `案件描述/内容描述`, `所属街道`, `所属居委`, `发现时间`, `结案时间` FROM `HongKouDemo` WHERE `发现时间` LIKE '2024%' ORDER BY `发现时间` LIMIT 10;
2025-05-23 04:20:18,511 ChatBI->     INFO     开始语义分析 ... 
2025-05-23 04:20:18,513 ChatBI->     INFO     非结构化信息为: {}
2025-05-23 04:20:18,513 ChatBI->     INFO     开始缩写分析 ... 
2025-05-23 04:20:18,515 ChatBI->     INFO     要被缩写的字段信息为: {}
2025-05-23 04:20:18,515 ChatBI->     INFO     没有找到<  >对应的视图
2025-05-23 04:20:18,526 ChatBI->     INFO     websocket发送的数据为：{"sql_gen": "SELECT `事项类别`, `事项大类`, `事项小类`, `事项名称`, `案件描述/内容描述`, `所属街道`, `所属居委`, `发现时间`, `结案时间` FROM `HongKouDemo` WHERE `发现时间` LIKE '2024%' ORDER BY `发现时间` LIMIT 10;"}
2025-05-23 04:20:20,014 ChatBI->     INFO     websocket发送的数据为：{"result_insight": "2024年7月和8月，物业管理问题主要集中在公共区域维护、消防隐患、房屋修缮和市政建设等方面，反映了居民对小区环境和设施的持续关注和诉求。"}
2025-05-23 04:20:22,805 ChatBI->     INFO     websocket发送的数据为：{"result_recommand": {"new_query_1": "2024年物业管理问题中，哪些事项类别出现的频率最高？", "new_query_2": "2024年物业管理问题中，哪些街道的案件数量最多？", "new_query_3": "2024年物业管理问题的结案时间分布情况如何？"}}
2025-05-23 04:20:45,675 ChatBI->     INFO     schema linking: {'target_columns': ['事项类别', '发现时间'], 'condition_columns': {'案件描述/内容描述': '物业管理'}}
2025-05-23 04:20:47,806 ChatBI->     INFO     任务类型: SQL
2025-05-23 04:20:49,775 ChatBI->     INFO     stad sql: SELECT DATE_FORMAT(`发现时间`, '%Y-%m') AS `月份`, COUNT(*) AS `数量` FROM `HongKouDemo` WHERE `案件描述/内容描述` LIKE '%物业管理%' GROUP BY `月份` ORDER BY `月份` LIMIT 10;
2025-05-23 04:20:49,775 ChatBI->     INFO     开始语义分析 ... 
2025-05-23 04:20:49,779 ChatBI->     INFO     非结构化信息为: {"`案件描述/内容描述` LIKE '%物业管理%'": '物业管理'}
2025-05-23 04:20:50,406 ChatBI->     INFO     物业管理 的命名实体判别： no
2025-05-23 04:20:50,407 ChatBI->     INFO     开始对非结构化文档【粗略】检索
2025-05-23 04:20:50,663 ChatBI->     INFO     检索到的文档总数量为：576
2025-05-23 04:20:50,698 ChatBI->     INFO     开始对非结构化文档【深度】检索
2025-05-23 04:20:51,316 ChatBI->     INFO     step_scores: ['yes', 'yes', 'yes', 'yes', 'yes', 'yes', 'yes', 'yes', 'yes', 'yes', 'yes', 'yes', 'yes', 'yes', 'yes', 'yes', 'yes', 'yes', 'yes', 'yes']
2025-05-23 04:20:51,316 ChatBI->     INFO     层级抽取文档： 市民来电反映:其居住在上述地址小区，市民称小区物业管理混乱，市民表示物业经理从几年前开始患病后物业公司没有安排新的物业经理。导致小区内安全隐患严重，诉求：要求管理部门处理物业问题 ==> yes  
2025-05-23 04:20:51,317 ChatBI->     INFO     层级抽取文档： 市民来电反映:上述地址有噪音扰民的情况，市民联系物业反映，其还没有了解情况没有处理行为就告知市民无法处理。据不承认自己的行为。对业务进行推诿。诉求：投诉物业不作为，希望主管部门按照物业管理处罚法的相关规定处罚物业。（市民要求信息保密 需回复） ==> yes  
2025-05-23 04:20:51,317 ChatBI->     INFO     层级抽取文档： 市民来电反映:上述地址居民家排污管道漏水向物业公司反映但是物业公司不负责任现在又漏水了，诉求：告知物业公司名称并加强物业管理（需回复） ==> yes  
2025-05-23 04:20:51,317 ChatBI->     INFO     层级抽取文档： 市民反映：其是建邦16区业主，拥有一个产权车位（车位号：B125）。上海振翔物业管理公司擅自允许其他业主在B125车位旁（该区域属于地库公共区域）停放摩托车，占用公共空间，影响业主车辆安全。根据相关法规，地库公共区域应空置保持畅通，禁止停放任何车辆摆放任何物品。另摩托车系沪E蓝牌，本区域是禁行区域，该两辆车有移动的情况。经与物业沟通，表示此为业主个人行为，物业不知晓，物业推卸责任。... ==> yes  
2025-05-23 04:20:51,317 ChatBI->     INFO     层级抽取文档： 市民来电反映:上述地址小区物业管理混乱。现在整个小区都有居民在绿化带内种植蔬菜瓜果乱象。诉求：请管理部门核实查处整治。（市民要求信息保密 需回复） ==> yes  
2025-05-23 04:20:51,317 ChatBI->     INFO     层级抽取文档： 市民来电反映:投诉上述小区物业公司不作为，管理不善，只知道收物业费，遇到居民报修就推脱责任，一点也不积极，请上级部门整顿该小区物业公司，提高服务意识。需回复 ==> yes  
2025-05-23 04:20:51,317 ChatBI->     INFO     层级抽取文档： 市民来电反映:其是上述地址小区居民，市民称该处物业管理不到位。市民称该处垃圾投放点没有按规定放置。并且没有按照规定时间投放垃圾。导致该处臭气熏天。严重影响周围环境。市民诉求：希望管理部门核实，加强对该处的管理。（市民要求信息保密 无需回复） ==> yes  
2025-05-23 04:20:51,317 ChatBI->     INFO     层级抽取文档： 重新交办，告知答复要点，市民表示实际8月13日，狮城怡安物业的那个花胳膊工作人员又上门贴条催讨，市民和万科物业联系表示不是在他们这里设点，万科物业表示没有答应过让他们设点催讨物业费。故诉求核实到底是管理部门撒谎还是万科物业阳奉阴违。并诉求继续解决。【最近派发的工单编号:20240722028872，工单内容:市民来电反映:上述小区24年4月老物业与新物业交接了，23年一整年老物业就已经对于维修基金的支出、还有广告收入等都不再进行公示了，24年1月-4月期间已经消极怠工了，家里报修物业也不管，现在老物业还在催缴23年和24年的物业费，诉求：投诉该物业公司对于维修基金不公司，消极怠工，根本不... ==> yes  
2025-05-23 04:20:51,317 ChatBI->     INFO     层级抽取文档： 市民来电咨询:2024年起上述地址小区物业费从560元增加800多元，曾有居委会前来遵循过市民意见，市民未同意。物业也没有公示物业费上调的信息。诉求：希望管理部门核实并要求告知虹口区是否有统一上调物业费政策规定。 ==> yes  
2025-05-23 04:20:51,317 ChatBI->     INFO     层级抽取文档： 【投诉】市民来电反应：上述地址小区物业上级部门城建中心失职，市民多次反映停车乱，消防通道占用，市民反映后没有彻底解决，城建中心没有监管好物业，关联工单：20240430000647。诉求：要求管理部门监管城建中心失职。 ==> yes  
2025-05-23 04:20:51,317 ChatBI->     INFO     层级抽取文档： 市民来电反映:市民表示是上述地址小区的业主，表示小区物业收费不合理，物业对于市民按月收取200元的停车月租费，对于其他人员会区别对待，收取150元的停车月租费。对于小区物业收取停车收费的账户用于经营处理什么用途，物业从未进行公示。诉求：请管理部门进行核实，对小区物业区别对待收取停车费的情况进行处理，并要求物业进行公示，物业停车费的账目。 ==> yes  
2025-05-23 04:20:51,317 ChatBI->     INFO     层级抽取文档： 市民来电反映: 其为上述小区居民 ，在物业允许下小区里有乱设摊卖菜的情况影响环境及通行，其次机动车车位也一直存在乱堆杂物的情况，对于物业乱作为的情况要求投诉，希望管理部门核实后予以处理（需回复） ==> yes  
2025-05-23 04:20:51,317 ChatBI->     INFO     层级抽取文档： 市民来电反映:投诉小区的物业，关于停车的问题，这几个月在做美丽家园，9月1日开始有新的停车的方案，说已经联系百分之70业主同意。市民告知楼长8月18日问其父亲，实际公示8月7日已经公示，告知是管理办法。1、没有收到问询，2、停车方案不认可，以前停车一天以上收费10元，目前一共分三档：第一种业主有季卡，1800元一年停车，第二种业主的临时车辆11000元一年（一天30元收费），第三种外来车辆按照50一天收费，不能过夜。其为业主，没有季卡，其排在小区的第42位，小区共150个车位，1827户居民。诉求：投诉物业，其也是业主，投诉停车费价格不合理。 ==> yes  
2025-05-23 04:20:51,317 ChatBI->     INFO     层级抽取文档： 市民来电反映:市民在上述地址小区内租赁了房子，其已经在该小区居住一年左右了。之前小区有美丽家园施工，告知市民完工以后可以让其机动车进入小区停车的。现在施工完成了，小区物业说小区业主都没地方停，不让市民机动车进入小区停车。市民说小区内有很多空的停车位，但物业还是不让市民进入停车，物业还说业主5元一天，市民50元一天，问市民停不听。诉求：希望管理部门核实妥善处理小区物业不让市民机动车进入停车的问题。（需回复） ==> yes  
2025-05-23 04:20:51,317 ChatBI->     INFO     层级抽取文档： 市民来电咨询:上述地址表示业委会现在是瘫痪状态，要等业委会成立后才能进行报修，但是1-6月还有一笔4万多元的维修基金使用了。相关工单：20240715022711。诉求：请管理核实，为何会有这笔基金的使用，公开使用情况。 ==> yes  
2025-05-23 04:20:51,317 ChatBI->     INFO     层级抽取文档： 【重新交办，要求：答复市民要点不明确；其表示其也咨询了相关法院相关人士，表示居民改变管道位置，应该由物业进行追责。诉求；希望核实，要求物业出面协调，尽快给到解决方案。最近办结的工单编号：20240809019154，工单内容：市民来电反映:上述地址居民，涉及落水管问题三所联动召开会议，物业经理明确落水管是镂空的，去往1楼居民家里查看，发现落水管被物业擅自改动，根本找不到位置，担心后续还有产生堵塞的问题。诉求：要求核实给予解决方案。（需回复）】8/23 17：06未接通  8/24 09：50未接通 15；23未接通   15：24座机拨打电话，电话已关机 ==> yes  
2025-05-23 04:20:51,317 ChatBI->     INFO     层级抽取文档： 市民来电反映:上述地址小区停车费从10元一晚上涨到了80元极其不合理，以及1号楼1楼大厅的空调坏了一个暑假都没有维修，市民告知物业不作为并且还说提交给了业委会，因业委会不处理所以物业也不修。诉求：投诉该小区业委会及物业不作为。（信息保密需要回复） ==> yes  
2025-05-23 04:20:51,317 ChatBI->     INFO     层级抽取文档： 市民来电反映：7-8月房子装修，没有在小区停车，支付9月车费，物业要求补7-8月停车费，市民认为这个要求不合理，诉求：请管理部门要求物业从9月开始收停车费。 ==> yes  
2025-05-23 04:20:51,317 ChatBI->     INFO     层级抽取文档： 市民咨询：场中路4号逸仙小区的物业公司信息，诉求：望管理部门核实告知相关信息。（市民要求信息保密，需回复） ==> yes  
2025-05-23 04:20:51,317 ChatBI->     INFO     层级抽取文档： 市民来电反映:上述地址消防水管爆裂漏水，物业表示相关部门没有将水管的管辖权移交给物业，故不归他们管，市民对此不认可。诉求：投诉物业推诿，请管理部门核实处理。（需回复） ==> yes  
2025-05-23 04:20:51,992 ChatBI->     INFO     step_scores: ['yes', 'yes', 'yes', 'yes', 'yes', 'yes', 'yes', 'yes', 'no', 'yes', 'yes', 'yes', 'yes', 'yes', 'no', 'no', 'yes', 'no', 'yes', 'yes']
2025-05-23 04:20:51,992 ChatBI->     INFO     层级抽取文档： 市民来电反映:其8月12日多次拨打物业电话，但都无人接听，诉求：请管理部门告知原因。（市民要求信息保密，需回复） ==> yes  
2025-05-23 04:20:51,992 ChatBI->     INFO     层级抽取文档： 市民来电反映:其是上述地址小区业主，市民称其小区物业不让市民把车子开进小区，原因是小区没有停车位，市民表示不认可。诉求：投诉小区物业，要求给市民一个合理解释。 ==> yes  
2025-05-23 04:20:51,992 ChatBI->     INFO     层级抽取文档： 市民来电反映:上述地址的五楼借给外地人了，对方拎垃圾袋的脏水留在楼道内，物业也不打扫的。诉求：投诉该处负责的物业，希望管理部门督促做好打扫工作。（市民要求信息保密无需回复） ==> yes  
2025-05-23 04:20:51,992 ChatBI->     INFO     层级抽取文档： 市民来电反映:其是上述地址的居民，因为其楼上1104室的排污水管道漏水了，造成其家里漏水，且房屋顶部和墙壁都损坏了。其联系物业报修，物业查看后，声称没钱维修，就不了了之了。市民对此不认可。市民认为物业存在不作为。诉求：请管理部门尽快查处物业的不作为，并给出一个合理的解决方案。 ==> yes  
2025-05-23 04:20:51,992 ChatBI->     INFO     层级抽取文档： 【重新交办,要求：按答复要点告知市民,市民表示答复要点不符,市民表示其反映过后，街道和物业人员都陪同市民到现场看过，泰业公寓的居民轮椅通行是非常不方便的。诉求：管理部门协调撤掉一道门。最近办结的工单编号:20240729012018，工单内容:重新交办,要求：按答复要点告知市民,市民表示答复要点不符，街道曾经实地来查看，工作人员也了解情况表示需要改善，但是至今没有解决。诉求：请管理部门核实尽快解决。工单内容:重新交办：答复要点与实际情况不符，市民表示此两道门对于年老市民的进出造成很大的不便，尤其对于轮椅进出非常不安全，且没有24小时值班的保安进行看护，请处理部门核实，出台可以方便市民进出... ==> yes  
2025-05-23 04:20:51,992 ChatBI->     INFO     层级抽取文档： 市民来电反映:上述地址8号楼2楼，有两户居民正在进行室内装修，同一家施工单位，前几天装修导致水管故障，8月23日施工导致燃气管道故障。诉求：希望核实施工部门是否与物业报备过，流程是否合理，希望物业对其加强监管。（市民要求信息保密 需回复） ==> yes  
2025-05-23 04:20:51,992 ChatBI->     INFO     层级抽取文档： 市民来电反映:上述地址小区内绿化上全是停得车子，未作任何管理，请相关部门核实并尽快整顿。（需回复） ==> yes  
2025-05-23 04:20:51,992 ChatBI->     INFO     层级抽取文档： 市民来电反映:上述地址房屋是门面房没有几零几室，只要下雨房屋就会漏水，市民告知有联系过物业，物业告知让市民市民找美丽家园工程队，美丽家园也不修，市民表示不满。市民补充告知8月27日下午至8月28日早上会出现强降雨，届时家中又会漏水。诉求：请管理部门督促尽快进行核实并修缮。 
 ==> yes  
2025-05-23 04:20:51,992 ChatBI->     INFO     层级抽取文档： 【重新交办，要求：按答复市民要点告知市民，市民表示答复市民要点与实际情况明显不符，在小区进行建设，未向小区业主公开信息，反而要小区业主去申请公开，对此市民不认可，诉求：要求直接公开相关文件。回复人员是谁，态度非常的差。不要之前态度差的这个工作人员再次回复了。最近办结的工单编号：20240809036042，工单内容：:【重新交办,要求：按答复要点告知市民,市民表示答复要点不明确,市民表示管理部门未告知小区小门的承包单位，且前往维护监控的工作人员穿的也不是联通的工作服。诉求：告知小区小门的承包单位是哪家，并出示监控是由嘉兴路街道出资，联通公司承包的证明（例如合同）。】 ==> no  
2025-05-23 04:20:51,992 ChatBI->     INFO     层级抽取文档： 市民来电反映:其是上述小区的居民，其表示该小区每日外来机动车辆过夜的过多，导致小区业主都无法停车了，反映给物业没处理，诉求：请管理督促物业加强管理，减少外来车辆过夜停放现象。（市民要求信息保密 需回复） ==> yes  
2025-05-23 04:20:51,992 ChatBI->     INFO     层级抽取文档： 【重新交办，要求：按答复要点告知市民，市民表示答复市民要点不明确，对方表示一分钱也不赔付的。但居委会表示对方愿意陪的。市民要求明确对方愿意出多少钱。诉求：要求进一步协调。明确是否找过对方，对方愿意赔付多少钱。最近办结的工单编号：20240802001449，工单内容：【重新交办，要求：答复要点与事实不符，实际对方不愿意赔偿，居委包庇违法者，处事不公，故继续投诉。最近派发的工单编号：20240723018934，工单内容：市民来电反映:其是上述楼房102的居民，楼上202的居民存在漏水至市民家的情况，影响居民生后，市民表示不要楼上居民赔偿，物业已经查看过维修费用要8500元。现诉求希望居委... ==> yes  
2025-05-23 04:20:51,992 ChatBI->     INFO     层级抽取文档： 市民来电反映:称其是上述地址居民，市民表示家里阳台漏水严重，一个月前报修宏祥物业，至今都无人上门，始终无法给到明确答复何时来维修，后来又说包给了美丽家园，诉求：请管理部门核实并尽快上门解决阳台漏水问题。 ==> yes  
2025-05-23 04:20:51,992 ChatBI->     INFO     层级抽取文档： 【重新交办，要求：答复要点与实际情况不符，之前反馈过私人停车位顶部水管漏水（详见附件），漏水具有腐蚀性，物业没有妥善维修。当时，街道朱师傅13818287882给到的解决方案是目前小区后方停车场路面维修后，继续观察，并且朱师傅说，和物业沟通过，会给予可行方案。现在1楼路面维修好了，但地下1楼的车位还在漏水。8月12日上海暴雨，市民下班后得知，隔壁 7... ==> yes  
2025-05-23 04:20:51,993 ChatBI->     INFO     层级抽取文档： 市民来电反映:上述地址小区没有物业所以保安是欧阳街道派过来的，市民表示居委定的小区停车收费是5元一天，但是该保安却要收取15元一天，且只要居民有意见跟该保安反馈，该保安就会以自己年龄超过70岁有高血压要躺在居民面前来回应耍无赖。诉求：请管理部门核实该保安是否存在乱收费及年龄过大等问题做出投诉。（需要回复） ==> yes  
2025-05-23 04:20:51,993 ChatBI->     INFO     层级抽取文档： 市民反映：北外滩街道应掌握上述地址小区的集中交付时间是2024年1月-2月，未指导和监督开发商按时提交成立业主大会申请，反而配合开发商不以交付率，而以入住率统计来，直到小区业主自发提出证据，发出书面要求和通过12345投诉后，街道6月才开始启动工作，延误了3个月。按住建委规定，街道应组织、指导成立筹备组工作，但街道从未书面公布本小区筹备流程、进度要求和街道负责人联系方式，也未指派、公示筹备组组长。6月7日接到业主书面要求后，应按规定60天内（8月7日）组建筹备组，但街道未按规定，对筹备组成员名单（缺少组长，居委代表，开发商代表名单）进行公告，仅针对业主代表名单单独公示，或至8月底才能进行... ==> no  
2025-05-23 04:20:51,993 ChatBI->     INFO     层级抽取文档： 市民反映：2021年上述小区业委会选举失败后，至今小区没有业委会，业主诉求无门，居委，房办不作为，已经4年了。诉求：希望街道督促尽快成立业委会，尽快出时间流程节点方案。 ==> no  
2025-05-23 04:20:51,993 ChatBI->     INFO     层级抽取文档： 市民反映：2020.11买的是山阴路165弄46号3楼前间使用权房，川北物业一再要求其遵守租赁卡上的内容进行生活，现想问一下虹房集团，山阴路46号2楼只有一张租赁卡，但二楼不但在底楼占用了4户租赁户合用的厨房，并且在二楼走道又设了第二个厨房，这是国家的什么文件规定的，还是虹房集团有内部文件对其特殊规定的。诉求：请管理部门核实告知详情。 ==> yes  
2025-05-23 04:20:51,993 ChatBI->     INFO     层级抽取文档： 市民反映：北外滩街道应掌握本小区的集中交付时间24年1-2月，未指导和监督开发商按时提交成立业主大会申请，反而配合开发商不以交付率，而以入住率统计来愚弄广大业主，直到小区业主自发提出证据，发出书面要求街道6月才开始启动工作，按住建委规定，街道应组织、指导成立筹备组工作，但街道从未书面公布本小区筹备流程、进度要求和街道负责人联系方式，也未指派、公示筹备组组长，在6月7日接到业主书面要求后，应按规定60天内（8月7日）组建筹备组，但街道未按规定，对筹备组成员名单（缺少组长，居委代表，开发商代表名单）进行公告，而是变成了仅针对业主代表名单的单独“公示”，或至8月底才能进行法规要求的“公告”，导... ==> no  
2025-05-23 04:20:51,993 ChatBI->     INFO     层级抽取文档： 【重新交办，要求：答复要点不明确，市民表示只可能是小部分业主不同意业委会改选，同时市民主要是要解决维修基金的问题希望协调解决方法而不是告知没有业委会就无法使用维修基金的情况，小区内电梯经常坏迫切需要解决，诉求：请管理部门核实情况，协调解决维修基金不通过业委会使用的诉求。最近办结的工单编号：20240805013573，工单内容：市民来电反映:其是居住在上述楼房的居民，前不久上述楼房的电梯损坏，虽然现在维修好了，但不代表之后不会再次损坏，居民普遍意愿是要求拿出维修基金进行维修或者更换，但老的物业和业委会一直拒绝给予，导致新的物业公司无法动用，现诉求：希望管理部门核实后，要求解决小区维修基金... ==> yes  
2025-05-23 04:20:51,993 ChatBI->     INFO     层级抽取文档： 市民来电反映:上述地址小区拆除重建，把市民的名字写错了，虹房集团也同意其更改了，8月21日，其找到物业经理，但物业经理不同意，让其走流程，导致其白跑一趟，诉求：希望管理部门核实协调物业经理同意为其更改名字。（需回复） ==> yes  
2025-05-23 04:20:52,617 ChatBI->     INFO     step_scores: ['yes', 'yes', 'yes', 'yes', 'yes', 'yes', 'yes', 'yes', 'yes', 'yes', 'yes', 'no', 'yes', 'yes', 'yes', 'yes', 'yes', 'no', 'yes', 'yes']
2025-05-23 04:20:52,617 ChatBI->     INFO     层级抽取文档： 【重新交办,要求：按答复要点告知市民,市民表示合同协议上第一页就注明过自己的车辆型号，物业在签定协议时已知晓该情况，并且物业表示是是城运中心不让市民停放，城运中心之前先行联系时，市民已告知工作人员，城运中心工作人员表示会进行核实，但之后一直未给予任何回复，故市民再次来电反映。诉求：请管理部门核实并回电给予答复。最近办结的工单编号:20240801030202，工单内容:市民来电反映:市民有长期租赁上述小区固定停车位，半个月前市民沟通物业更换固定停车位位置。但是更换的新停车位被其他居民霸占，而旧固定停车位已被物业租赁他人。现物业表示新的车位不能提供市民停车。市民不认可。市民车牌号码沪ABB... ==> yes  
2025-05-23 04:20:52,617 ChatBI->     INFO     层级抽取文档： 市民来电反映:其为上述小区住户，在2024年3月进行了美丽家园改造，7月份物业表示已经安装好了全小区监控，可以在小区内进行停车，8月25日，其车辆在小区内遭到了剐蹭，向物业反映物业表示监控8月24日才装好看不了，其要求物业主任出面解决，对方表示主任出门了，便再也没有下文不进行处理。诉求：投诉小区物业不作为，要求给予解决方案。 ==> yes  
2025-05-23 04:20:52,617 ChatBI->     INFO     层级抽取文档： 市民反映：新买二手房想装修，但物业公司没有备份建筑图纸。诉求：望提供备案建筑图纸。（市民要求信息保密，需回复） ==> yes  
2025-05-23 04:20:52,618 ChatBI->     INFO     层级抽取文档： 市民来电反映:上述地址1楼大堂，电梯内以及楼道都不打扫，故来投诉保洁。诉求：请管理部门让其尽快改正。（市民要求信息保密 无需回复） ==> yes  
2025-05-23 04:20:52,618 ChatBI->     INFO     层级抽取文档： 市民反映：小区乱停车居委物业不管不问，转角第三辆停车位置居民投诉多次，居委、物业回复知道了，但无作为。地上划着禁停标志，但无人遵守。市民质疑物业为何不叫车主驶离。诉求：请管理部门加强停车管理，建议在该处放置障碍物。 ==> yes  
2025-05-23 04:20:52,618 ChatBI->     INFO     层级抽取文档： 市民反映：楼道大门右侧墙面不知被谁在上面乱涂乱画（详见附件），而且这种不文明的行为已经出现好几次了，搞得墙面脏乱差不说，这种行为应该也算违法了吧，不知这乱涂乱画的墙面应该是谁来负责清扫及维护。诉求：望管理部门核实解释。（市民要求信息保密，需回复） ==> yes  
2025-05-23 04:20:52,618 ChatBI->     INFO     层级抽取文档： 市民来电反映:上述地址小区内是没有产权车位的，现在物业私自收费将车位固定的划分给购买的业主，导致其他业主权益无法得到保障，诉求:请管理部门核实情况，市民要求对于物业私自划分车位给予合理的解释，要求解决车位问题。 ==> yes  
2025-05-23 04:20:52,618 ChatBI->     INFO     层级抽取文档： 市民来电咨询:虹口区唐山路708弄的物业是不收取维修基金的，此处没有业委会。不知维修基金应该缴纳到哪里。诉求：请管理部门核实告知。（需回复） ==> yes  
2025-05-23 04:20:52,618 ChatBI->     INFO     层级抽取文档： 市民来电反映:上述地址小区随意允许外来车辆停入小区，导致小区现在不但停车位紧张，而且导致道路拥堵，几乎无法正常通行，这种情况在周二尤为严重，因为似乎和周边商家（唱歌的商家）有合作，允许其客户停入。市民不清楚是否经过业委会同意。诉求：请管理部门尽快查证，尽快处理，解决小区内停车管理不善，允许外来车辆停入问题。（需回复） ==> yes  
2025-05-23 04:20:52,618 ChatBI->     INFO     层级抽取文档： 市民来电反映:上述地址是石库门房子，一共3楼，于8月12日下雨突然漏水了，导致墙面和地面泡水，且屋顶有很多垃圾冲进了房内，当时联系物业，物业前来将电修复了，表示天晴了再来修复房顶。但至今还未前来修复，诉求:请管理部门督促尽快前来修复屋顶做好防水并核实漏水原因，协助市民处理墙壁泡水的问题和清理垃圾。 ==> yes  
2025-05-23 04:20:52,618 ChatBI->     INFO     层级抽取文档： 【重新交办，要求，按答复市民要点告诉市民，市民表示答复市民要点与实际情况不符，楼道没有贴公告，市民也不清楚小区公告栏内是否有贴公告，市民表示物业也不应该处理其财产，诉求：希望予以核实处理（需回复）最近办结的工单编号:20240703033811，工单内容:市民来电反映:市民住在上述地址，发现停放在小区内的2辆自行车不见了，联系保安被告知6月26日清理掉了，称有发过通知，但是位置在保安室门口，市民其中1辆是新车。诉求：希望管理部门核实，要求归还。
】 ==> yes  
2025-05-23 04:20:52,618 ChatBI->     INFO     层级抽取文档： 市民来电反映:嘉兴路街道张贴的关于欧洲花园改选业委会的公告，里面没有具体的改选流程， 市民表示业委会到期已到期，根据规定业主不不得擅自改选业委会。 诉求：请嘉兴路街道依据规定处理改选业委会事宜。 ==> no  
2025-05-23 04:20:52,618 ChatBI->     INFO     层级抽取文档： 市民来电反映: 上述地址小区靠近通州路的大门，之前可以给居民停车，把车钥匙放在门卫。但从5月左右开始，物业告知该地址是消防通道不允许停车，但是紧闭大门。市民认为既然是消防通道就不应该紧闭大门，如不是消防通道，希望给居民停车。诉求：请管理部门核实协调，上述地址通州路大门停车问题。（市民要求信息保密 需回复） ==> yes  
2025-05-23 04:20:52,618 ChatBI->     INFO     层级抽取文档： 市民来电反映:其是上述地址的居民，外墙破裂导致家中渗水，目前小区没有业委会，市民想要动用维修资金进行维修，但是物业回复说征询没有通过，市民质疑没有通过就不能维修了，市民家里漏水怎么办，诉求：希望管理部门协调解决。 ==> yes  
2025-05-23 04:20:52,618 ChatBI->     INFO     层级抽取文档： 市民来电反映:市民居住在上述地址，其楼下可以摁键直接拨打进市民家中的对讲机坏了（只坏了6楼这块的部分），市民跟物业反馈，物业告知因是美丽家园导致的让市民自己掏钱，诉求：亲管理部门核实督促物业进行维修。 ==> yes  
2025-05-23 04:20:52,618 ChatBI->     INFO     层级抽取文档： 市民来电反映:诉求地居民楼换了物业，更换之后维修基金被冻结了，现虽然换了新的物业但不知什么原因维修基金还不能使用，导致居民楼维修无法使用维修基金，诉求：希望管理部门核实尽快解冻维修基金。（需要回复） ==> yes  
2025-05-23 04:20:52,618 ChatBI->     INFO     层级抽取文档： 市民来电反映:其为虹口区水电路541弄10号505室的居民，房子南面阳台的顶部只要下雨就会漏水，现在又是同样的情况，室内在下小雨，多次联系物业，物业三次上门查看，都没有解决漏水问题，现在告知是美丽家园改造造成的，也不给到解决办法。诉求：请管理部门核实并要求解决屋顶漏水问题。 ==> yes  
2025-05-23 04:20:52,619 ChatBI->     INFO     层级抽取文档： 市民来电反映: 机动车停放在小区规定的车位内，7月27日13:00-14:00台风天，此处有个通信铁管倾倒砸到其机动车上，诉求：请管理部门核实，告知当时的这个通信设备属于哪家公司的。（需回复） ==> no  
2025-05-23 04:20:52,619 ChatBI->     INFO     层级抽取文档： 市民来电反映:虹口区广粤路150弄6号，该处地面停车位是先到先得，但是有居民会使用电瓶车、椅子等物占道，有向物业反映过，但是处理的不好，诉求：希望管理部门核实并尽快整改。（市民要求信息保密 需回复） ==> yes  
2025-05-23 04:20:52,619 ChatBI->     INFO     层级抽取文档： 市民来电反映:上述地址小区内的公用机动车停车位被人用非机动车占据。这种情况基本每天都有，数量很多。小区物业糊弄，没有得到解决。诉求：希望管理部门核实后整治小区内车位被占问题。（市民要求信息保密 需回复） ==> yes  
2025-05-23 04:20:53,266 ChatBI->     INFO     step_scores: ['no', 'no', 'yes', 'no', 'no', 'yes', 'yes', 'yes', 'yes', 'no', 'no', 'yes', 'yes', 'yes', 'yes', 'yes', 'yes', 'no', 'yes', 'yes']
2025-05-23 04:20:53,266 ChatBI->     INFO     层级抽取文档： 【重新交办,要求：按答复要点告知市民,市民表示答复要点不明确，市民表示现在是在两个小区共同的大门设立保安亭，是由他们管辖，市民表示两个小区共同区域为什么他们管辖，而且此处为市民小区唯一的消防通道，设立保安亭势必影响消防通行，且现在已经影响到本小区道路通行。要求核实给予合理解决。最近办结的工单编号:20240715019505，工单内容:市民来电反映:该小区旁边是广中二村，目前在进行美丽家园建设，建设过程中施工单位影响小区外的通行，其他居民通行不畅，本来广中二村有两个旋转门，无法通车，现在车辆都从市民的小区内和附近通行，市民要求恢复之前的两个转门，诉求：请管理部门帮助市民解决以上问题。（市... ==> no  
2025-05-23 04:20:53,266 ChatBI->     INFO     层级抽取文档： 市民来电反映:其是上述地址的租户，房子是百联旗下的百联百瀚的，属于国企房子，其与租赁方有纠纷，目前被停了水电，市民对此不满，诉求：希望尽快恢复。 ==> no  
2025-05-23 04:20:53,266 ChatBI->     INFO     层级抽取文档： 市民来电反映:市民家老人在上述地址小区内居住，其开车进入小区看望照顾老人，但小区只有2小时的亲情免费停车时间非常不合理。8月1日之前开车去小区看望照顾老人是不收取任何停车费的，当时就告知去领取亲情卡，根本没有告知过任何停车收费的事情，市民根本不知道收费标准。现在超过免费的2小时，就要按照一小时5元计算，那怕超过一分钟也要按照一小时收费。小区保安态度强硬，告知就是这样收费的，收费不合理市民对此不认可。市民说只能去2小时看老人根本不够，吃顿饭的时间都没有，其需要一个合理的解释。是不是家里老人由小区来照顾，市民不要去看老人了。诉求：希望管理部门核实妥善处理小区收取停车费不合理的问题，要求尽快给... ==> yes  
2025-05-23 04:20:53,267 ChatBI->     INFO     层级抽取文档： 市民反映：虹口区保定路118号弘久新鸿北外滩小区于2024年1-2月集中交付，北外滩街道未指导和监督开发商按时提交成立业主大会申请，反而配合开发商不以交付率，而以入住率统计来愚弄广大业主。直到小区业主自发提出证据，发出书面要求，及12345投诉后，街道于6月开始启动工作。延误3个月。街道应组织、指导成立筹备组工作，但街道从未书面公布本小区筹备流程、进度要求和街道负责人联系方式，也未指派、公示筹备组组长。6月7日接到业主书面要求后，应按规定60天内（8月7日）组建筹备组，但春江居委会未按规定，对筹备组成员名单进行公告（缺少组长，居委代表，开发商代表名单），仅针对业主代表名单的单独“公示”，... ==> no  
2025-05-23 04:20:53,267 ChatBI->     INFO     层级抽取文档： 市民来电反映:其是居住在上述地址的居民，8月15日9：50分左右放在门口的柜子被城管私自搬走了，事先没有任何通知，市民是通过家中监控才看到一群城管来拿的。诉求：市民希望管理部门就城管私自将其柜子搬走给予合理解释。（需回复） ==> no  
2025-05-23 04:20:53,267 ChatBI->     INFO     层级抽取文档： 市民来电反映:其车子停放在上述小区被人损坏，联系物业查看监控被告知监控老化看不了，市民对此不认可。诉求：投诉物业不作为，要求管理部门核实给其解决方案。（市民要求信息保密 需回复） ==> yes  
2025-05-23 04:20:53,267 ChatBI->     INFO     层级抽取文档： 市民来电反映:上述小区有外来车辆进入停车而且有居民占用车位，导致居民停车困难向物业反映后也未解决。诉求：希望管理部门核实解决居民停车困难问题。（市民要求信息保密 无需回复） ==> yes  
2025-05-23 04:20:53,267 ChatBI->     INFO     层级抽取文档： 市民来电反映:8月29日早上有一辆黄色卡车堵在小区主干道，就在小区进5米处，严重影响小区居民出入，卡车后面都是管子，应该是给居民楼楼内消防设施进行改造，具体施工方是哪个单位不确定，与工人沟通挪车，对方态度很差，声称“我可是干消防的”，但是就算要改造也不应该影响居民通行。诉求：希望管理部门核实给到居民个说法。（市民要求信息保密 无需回复） ==> yes  
2025-05-23 04:20:53,267 ChatBI->     INFO     层级抽取文档： 市民来电反映:上述地址小区靠近中山北一路的门口处长期停放着一辆车牌号：沪L37565的依维柯车辆，该车辆非小区业主车辆，是外来车辆，长期停放在该处，物业也不清楚是谁停放的，对该车辆也不进行管理，故市民来电反映，诉求：请核实确认督促处理解决该外来车辆占用小区停车位的问题。（信息保密，需回复） ==> yes  
2025-05-23 04:20:53,267 ChatBI->     INFO     层级抽取文档： 【重新交办，已按答复要点告知市民，市民表示答复要点不明确，其的车原本是锁好的，是他们把车拿到绿化带的，且把锁弄掉了，导致自己没有找到车。诉求：要求付相应的责任。最近办结的工编号：20230611011702，工单内容：【投诉】市民来电反映:相关工单：20230307018680，承办单位不作为，至今已经反映3年，其当时车辆锁在门口，于2021年下半年施工导致其车辆不见，还告知放置在绿化带，其根本找不到，还要其提供照片，故市民来电反映。诉求：请管理部门核实，对于存在不作为、推诿给予说法。】 ==> no  
2025-05-23 04:20:53,267 ChatBI->     INFO     层级抽取文档： 市民来电反映:家长在上述地址上下学接送小孩，小区里面不让家长停车，就停在外面新市北路两侧，都是可以停的，很短的一条路，但从9月1日后交警不允许在幼儿园对面的新市北路另一侧停车，市民表示该设置不合理，家长就停半小时接孩子就开走了，周边还有小学，没有开学就已经停满了，诉求：望管理部门核实协调让16：00-16:40左右能都停车。 ==> no  
2025-05-23 04:20:53,267 ChatBI->     INFO     层级抽取文档： 市民来电反映:上述地址为假三层洋房，2楼的屋檐漏水了漏到市民家中，物业告知是树叶掉落导致下水堵塞。诉求：请管理部门核实情况要求重新规划下水设施。 ==> yes  
2025-05-23 04:20:53,267 ChatBI->     INFO     层级抽取文档： 【重新交办，要求：答复要点不明确，虹口区车站北路400弄和500弄，也就是星苑小区，所属凉六居委。星苑小区是老小区，自从2018年做了平改坡后就一直没有翻新，小区内环境较差，杂草疯长，居民楼墙皮脱落，下水道返味，严重降低居民生活舒适度，拉低市容市貌。上月其已和业委会、12345反映情况，业委会回应已多次申报美丽家园需求，2024年的也已申报给街道；而12345转线到了虹口区房管局，回复只要街道上报计划才可批复工程。诉求：请街道解答何时计划美丽家园工程。(市民要求信息保密，需要回复）最近办结的工单编号：20240725027751，工单内容：市民来电咨询:市民表示已经多次联系居委询问街道该... ==> yes  
2025-05-23 04:20:53,267 ChatBI->     INFO     层级抽取文档： 市民反映：凉城路845弄847弄华一小区主路乱停车阻碍消防等（详见附件），在明显划了黄线位置上还是在停车，多次反映均无果。小区万一发生事件消防车无法进入，后果严重。诉求：望有关部门加强小区停车管理。 ==> yes  
2025-05-23 04:20:53,267 ChatBI->     INFO     层级抽取文档： 市民反映：11号楼的业主于2024年8月9日发现电梯间在滴水，随后发现从15楼一直到底楼都像水帘洞般在滴水，排查后发现是消防管道上水前未及时发现15楼的消防栓未拧紧，上水后水从15楼一直淌到底楼。小区的日常消防排查流于表面和拍照，未真正做好排查工作。消防管道应该保持打开即供水的状态，但在上水之前管道是空的，业主的安全如何保障。诉求：请管理部门对小区的消防工作加强管理。 ==> yes  
2025-05-23 04:20:53,268 ChatBI->     INFO     层级抽取文档： 市民来电反映:其在今天2024年8月31日在上述地址小区停车半小时，那边收取市民停车费20元，市民认为存在乱收费现象。诉求：市民要求投诉小区乱收费（需回复） ==> yes  
2025-05-23 04:20:53,268 ChatBI->     INFO     层级抽取文档： 市民来电反映:8月10日其女儿开车到上述地址小区看望市民，8月11日离开时被收取65元的停车费，市民表示不合理，包月才150元一月。诉求：望有关部门协调处理收费情况（需回复） ==> yes  
2025-05-23 04:20:53,268 ChatBI->     INFO     层级抽取文档： 市民反映：上述地址小区停车难，目前车位无法满足业主需求，经常由于道路狭窄而造成车辆碰擦。诉求：望能够帮助解决停车难问题。 ==> no  
2025-05-23 04:20:53,268 ChatBI->     INFO     层级抽取文档： 市民来电对办理结果不满,市民表示反映之后，没有接到任何管理部门电话，管理部门称垃圾厢房建造，停靠车辆之后，距离主干道以及居民家窗户下，拒绝不足5.7米，市民要求管理部门再次上门测量，并且必须电话沟通联系。【最近派发的工单编号:20240812015200，工单内容:市民来电反映:上述地址小区正在进行美丽家园建设，靠近小区大门口主干道上要设立一个新的垃圾厢房，即影响车辆，行人正常出行，而且正对居民家厨房窗口，间距只有3米左右，跟物业反映说居民签过字同意的，市民表示当时签署的是美丽家园建设施工同意书，内容里并未写明会在此处建设垃圾厢房。诉求：希望管理部门核实要求更改垃圾厢房建造位置（需要回复）】 ==> yes  
2025-05-23 04:20:53,268 ChatBI->     INFO     层级抽取文档： 市民来电反映：上述小区地下车库业主已经没用机动车停靠位置，理由是小区内有两户人家只有一个房屋产权却停了两部车辆，还很多租客机动车在地下车库停靠，多次和物业经理反映对方态度恶劣。诉求：请管理部门核实并要求将两户人家的四部车辆及租客车辆移除让业主停靠。（需回复） ==> yes  
2025-05-23 04:20:53,864 ChatBI->     INFO     step_scores: ['no', 'yes', 'yes', 'yes', 'yes', 'no', 'yes', 'no', 'yes', 'yes', 'yes', 'no', 'no', 'no', 'no', 'no', 'no', 'no', 'no', 'no']
2025-05-23 04:20:53,865 ChatBI->     INFO     层级抽取文档： 市民反映：上述地址外墙修复施工，搭建脚手架导致占用内部部分停车位。市民听说属地政府向有关部门报备，将大楼外部黄山路道路报备了6个停车位，并且是6辆指定车牌号。咨询：1，上述内容是否属实。2，缴纳小区停车费的市民，因施工导致车辆无法停入小区，目前属地是怎么处理协调。诉求：请管理部门核实后告知相关信息。 ==> no  
2025-05-23 04:20:53,865 ChatBI->     INFO     层级抽取文档： 【重新交办，要求：答复要点与实际情况不符。小区美丽家园项目公示方案时，公开图显示585弄40号通往717弄1号为无障碍通道并且没有路障，现在未经过业主大会征询擅自设置路障，迫使585弄非机动出行业主和坐轮椅车、推婴儿车业主从机动车通道绕道，存在安全隐患，以后发生安全事故请问找哪个部门负责。诉求：请再次处理。（市民要求信息保密，需要回复）最近办结的工单编号：20240729036046，工单内容：重新交办，要求：答复要点与实际情况不符。锦苑小区美丽家园项目在未经过业主大会表决征询的情况下，擅自加装路障，目前小区物业保洁工都因为路障而不再进紫藤花架处清扫，也不再有巡逻保安经此巡逻，电瓶车肆意... ==> yes  
2025-05-23 04:20:53,865 ChatBI->     INFO     层级抽取文档： 市民反映：上述地址2楼通往3楼的走道窗户平台处，在美丽家园整修后，每次下完雨楼梯平台地面就有积水。之前没有整修，窗是坏的也没有这样现象。诉求：请管理部门尽快整改，消除积水问题。（市民要求信息保密，无需回复） ==> yes  
2025-05-23 04:20:53,865 ChatBI->     INFO     层级抽取文档： 市民反映：赤峰路370弄小区内没有固定车位的，老小区车位紧张但还有很多用非机动车来占车位的情况，导致就算有空车位了也没法停车，相关部门的不作为让这种行为在小区内越来越多（详见附件）。诉求：请管理部门整治占车位并明确要求停车规范。（市民要求信息保密，需要回复） ==> yes  
2025-05-23 04:20:53,865 ChatBI->     INFO     层级抽取文档： 市民来电反映:半年前上述小区开始美丽家园翻新，原来的排水管给堵了，重新做了排水管后阳台屋顶开始漏水，漏水已经3个月，美丽家园动工前从来没有漏水过，向项目负责人反馈，他们说只做了排水沟的防水，楼顶积水不归他们，向物业反馈，物业去看过了，说让美丽家园工作人员处理。这两个部门都在推诿，该漏水问题就是美丽家园动工后发生的问题。诉求：请管理部门核实，要求尽快解决阳台漏水问题。 ==> yes  
2025-05-23 04:20:53,865 ChatBI->     INFO     层级抽取文档： 市民来电反映:上述地址居民楼后面垃圾房（小区内），有一个废弃物回收装置，上面写着沪上回收，该装置所在位置原来是小区绿化，听说是街道办的项目， 小区内有好几处绿化都被破坏，放置了此类装置，其不认可，诉求：请管理部门核实，就小区绿化被破坏一事，要求街道回复。（需回复） ==> no  
2025-05-23 04:20:53,865 ChatBI->     INFO     层级抽取文档： 市民来电反映:其是上述小区的业主，物业在没有任何公示和告知的情况下，小区的维修基金被动用扣除。诉求：请管理部门核实，要求将小区维修基金的使用情况进行公示。（市民要求信息保密 需回复） ==> yes  
2025-05-23 04:20:53,865 ChatBI->     INFO     层级抽取文档： 市民来电反映:现正在下暴雨，市民告知由于当时的美丽家园建设没有完善，导致无法抽水，现市民家中出现进水，积水现象。诉求：希望管理部门核实，并针对房屋内积水进行处理 ==> no  
2025-05-23 04:20:53,865 ChatBI->     INFO     层级抽取文档： 市民来电反映:上述地址小区的后门打开较小，伞打开都不能通过，影响居民的正常出行，诉求：希望管理部门核实要求将门正常打开方便居民进出。 ==> yes  
2025-05-23 04:20:53,865 ChatBI->     INFO     层级抽取文档： 市民来电反映:市民是上述小区业主，车牌号：沪AEH8712。其平时机动车停在公司，周末要回家，但是保安表示车位满了，白天可以进去，晚上让市民出去，导致市民半夜还要出去找车位，市民愿意包月或者出临时停车费，但是保安不同意。诉求：请管理部门解决市民停车问题。
 ==> yes  
2025-05-23 04:20:53,865 ChatBI->     INFO     层级抽取文档： 市民反映：上述小区经美丽家园后，上述地址铁门门口发现有漏水情况（详见附件），目前尚未查明原因；同时13号楼铁门无法自动上锁，仍需钥匙进行反锁，对于日常出入十分不便。诉求：希望管理部门及时解决上述问题。（市民要求信息保密，需要回复） ==> yes  
2025-05-23 04:20:53,865 ChatBI->     INFO     层级抽取文档： 【重新交办,要求：按答复要点告知市民,市民表示答复要点与实际不符,市民表示所谓的喷淋就是两个小管子根本起不到任何对尘土的抑制作用。诉求：请管理部门尽快电复市民告知处置结果。最近办结的工单编号:20240802021205，工单内容:【重新交办，要求：按答复市民要点告知市民，市民表示答复市民要点与实际情况明显不符，是表示管理部门在答复内容中所表述的相关加工遮挡布洒水措施并没有进行实施，市民对此不认可。诉求：请管理部门核实后尽快进行后续处理，并且希望由其他更上级的管理部门督促后续办理。最近办结的工单编号：20240720022627，工单内容：市民来电反映:上述地址小区中间偏北为该小区堆放建... ==> no  
2025-05-23 04:20:53,865 ChatBI->     INFO     层级抽取文档： 【重新交办要求，答复要点与实际情况不符，之前答复说会提供1年前给小区房屋做的安全监测报告，但到现在都没拿到这份报告，请尽快提供。需回复最近办结的工单编号20240725030558，内容市民来电咨询:该小区是五十年代的房子，之前一直在反映旧房改造的问题。现想了解一下旧房改造的进度。】 ==> no  
2025-05-23 04:20:53,865 ChatBI->     INFO     层级抽取文档： 市民反映：虹口区嘉兴路街道是否能够在虹叶茗园小区周边的上滨生活广场挖掘出更多夜间车位，以解决小区停车难问题。如已有相关前期走访与沟通，是否能够提供办理的联系方式。诉求：希望协调处理。 ==> no  
2025-05-23 04:20:53,865 ChatBI->     INFO     层级抽取文档： 市民反映：其是上述地址小区的业主，几十年来每天7:00多至17、18:00。多家回收旧家电的人员陆续4-5次闯入小区，用扩音喇叭大声叫买。2023年其向兰村居委会反映此事，兰村居委会办公地点就在该小区1号楼，但工作人员态度消极。近期其又向提篮桥街道反馈此事，还是无任何改善。诉求：投诉兰村居委会不作为。 ==> no  
2025-05-23 04:20:53,865 ChatBI->     INFO     层级抽取文档： 【重新交办：已按答复要点告知市民，其表示远虹大厦高阳路一侧的红线内有机动车停放，为什么他们可以停，其不能停。诉求：请管理部门核实情况予以解决其停车难问题（需回复）。最近派发的工单编号:20240725015379，工单内容:市民来电反映:市民的车辆原来停在小区内，现在街道不让停在大厦的红线里面，诉求：希望管理部门解决停车难问题。（需回复）】 ==> no  
2025-05-23 04:20:53,865 ChatBI->     INFO     层级抽取文档： 市民来电反映:8月18日其在上述地址路边停车，市民车子刚停下，就有工作人员先收费2元，没有免费停车时间，诉求：投诉乱收费（市民要求信息保密 需回复） ==> no  
2025-05-23 04:20:53,866 ChatBI->     INFO     层级抽取文档： 市民来电反映: 上述地址居住的老人是个拾荒的人，此人会在1楼铁门内的公共的停车棚边上堆放很多很多的杂物，有很多的纸箱子等易燃物，存在消防隐患，市民表示还有恶臭和蟑螂，要求尽快清理掉。 ==> no  
2025-05-23 04:20:53,866 ChatBI->     INFO     层级抽取文档： 市民来电反映:上述地址停车位一直被非机动车占用。诉求：要求管理部门核实并尽快处理。（市民要求信息保密 需回复） ==> no  
2025-05-23 04:20:53,866 ChatBI->     INFO     层级抽取文档： 市民来电反映:投诉小区大三居委会，市民表示在美丽家园改造前小区并未与周边小区合并，当时做了加健电梯的征询。后来因为美丽家园改造不了了之，小区合并后再次向居委会反应希望加建电梯。居委主任每次都是出去开会了，其他居委工作人员也表示等待领导通知才会组织投票。市民表示居委会工作人员的态度都很敷衍，故来电投诉。诉求：请管理部门核实，市民希望街道上级领导介入，督促居委会履行职责牵头组织投票。（市民要求信息保密 需回复） ==> no  
2025-05-23 04:20:53,866 ChatBI->     INFO     阈值索引为：447, 窗口大小为: 20 
2025-05-23 04:20:53,866 ChatBI->     INFO     确定的文档: 428; 在次确认的文档: 39
2025-05-23 04:20:54,758 ChatBI->     INFO     从39个需再次确认的文档中筛选出的相关文档数量：18
2025-05-23 04:20:54,758 ChatBI->     INFO     示例文档：['市民来电反映:市民是上述地址小区业主，小区已经有10年了，目前外墙开裂，一旦下雨市民家中就会漏水，而且小区内不止一户人家有这样的情况，向物业反映被告知要全体业主大会投票决定，但从2022年开始至今一直没有解决，现在越漏越厉害，市民要求明确告知何时可以进行维修，是否有紧急流程以及紧急处置方案，诉求：希望管理部门核实并请告知相关信息。（市民要求信息保密 需回复）', '市民来电反映:市民是上述地址居民，该栋大楼回收物品的机器坏掉了，后面拆掉了，工作人员告知市民就一栋楼后面不会再安装了，市民表示很不方便，诉求：要求管理部门督促重新安装回收的机器设备。', '市民来电反映:市民2021年搬到上述小区当时就在物业登记排队车位，但目前查询发现并无市民登记排队消息，而且小区2021年后就没有业主排到车位，市民来电投诉。诉求：希望管理部门核实处置。（市民要求信息保密 需回复）', '市民来电反映:8月16日晚把车停在上述小区，现在看到发生了剐蹭，向物业调看监控告知摄像头坏了，要求管理部门解释为什么不进行维修或重新安装。', '市民来电反映:上述地址小区近期在进行美丽家园改造，重新使用柏油铺设了地面并且更换了新款的路灯，刚铺设的柏油气味严重由于直接就在居民楼底严重影响市民正常开窗通风，新款式的路灯也华而不实亮度完全不足以在夜间照亮道路。诉求：请承办部门核实考虑实际小区内部使用需要对改造项目进行调整改善。']
2025-05-23 04:20:54,760 ChatBI->     INFO     开始缩写分析 ... 
2025-05-23 04:20:54,916 ChatBI->     INFO     要被缩写的字段信息为: {}
2025-05-23 04:20:54,916 ChatBI->     INFO     没有找到<  >对应的视图
2025-05-23 04:20:54,916 ChatBI->     INFO     sql 语句：SELECT DATE_FORMAT(`发现时间`, '%Y-%m') AS `月份`, COUNT(*) AS `数量` FROM `HongKouDemo` WHERE  `案件描述/内容描述` IN (:val0, :val1, :val2, :val3, :val4, :val5, :val6, :val7, :val8, :val9, :val10, :val11, :val12, :val13, :val14, :val15, :val16, :val17, :val18, :val19, :val20, :val21, :val22, :val23, :val24, :val25, :val26, :val27, :val28, :val29, :val30, :val31, :val32, :val33, :val34, :val35, :val36, :val37, :val38, :val39, :val40, :val41, :val42, :val43, :val44, :val45, :val46, :val47, :val48, :val49, :val50, :val51, :val52, :val53, :val54, :val55, :val56, :val57, :val58, :val59, :val60, :val61, :val62, :val63, :val64, :val65, :val66, :val67, :val68, :val69, :val70, :val71, :val72, :val73, :val74, :val75, :val76, :val77, :val78, :val79, :val80, :val81, :val82, :val83, :val84, :val85, :val86, :val87, :val88, :val89, :val90, :val91, :val92, :val93, :val94, :val95, :val96, :val97, :val98, :val99, :val100, :val101, :val102, :val103, :val104, :val105, :val106, :val107, :val108, :val109, :val110, :val111, :val112, :val113, :val114, :val115, :val116, :val117, :val118, :val119, :val120, :val121, :val122, :val123, :val124, :val125, :val126, :val127, :val128, :val129, :val130, :val131, :val132, :val133, :val134, :val135, :val136, :val137, :val138, :val139, :val140, :val141, :val142, :val143, :val144, :val145, :val146, :val147, :val148, :val149, :val150, :val151, :val152, :val153, :val154, :val155, :val156, :val157, :val158, :val159, :val160, :val161, :val162, :val163, :val164, :val165, :val166, :val167, :val168, :val169, :val170, :val171, :val172, :val173, :val174, :val175, :val176, :val177, :val178, :val179, :val180, :val181, :val182, :val183, :val184, :val185, :val186, :val187, :val188, :val189, :val190, :val191, :val192, :val193, :val194, :val195, :val196, :val197, :val198, :val199, :val200, :val201, :val202, :val203, :val204, :val205, :val206, :val207, :val208, :val209, :val210, :val211, :val212, :val213, :val214, :val215, :val216, :val217, :val218, :val219, :val220, :val221, :val222, :val223, :val224, :val225, :val226, :val227, :val228, :val229, :val230, :val231, :val232, :val233, :val234, :val235, :val236, :val237, :val238, :val239, :val240, :val241, :val242, :val243, :val244, :val245, :val246, :val247, :val248, :val249, :val250, :val251, :val252, :val253, :val254, :val255, :val256, :val257, :val258, :val259, :val260, :val261, :val262, :val263, :val264, :val265, :val266, :val267, :val268, :val269, :val270, :val271, :val272, :val273, :val274, :val275, :val276, :val277, :val278, :val279, :val280, :val281, :val282, :val283, :val284, :val285, :val286, :val287, :val288, :val289, :val290, :val291, :val292, :val293, :val294, :val295, :val296, :val297, :val298, :val299, :val300, :val301, :val302, :val303, :val304, :val305, :val306, :val307, :val308, :val309, :val310, :val311, :val312, :val313, :val314, :val315, :val316, :val317, :val318, :val319, :val320, :val321, :val322, :val323, :val324, :val325, :val326, :val327, :val328, :val329, :val330, :val331, :val332, :val333, :val334, :val335, :val336, :val337, :val338, :val339, :val340, :val341, :val342, :val343, :val344, :val345, :val346, :val347, :val348, :val349, :val350, :val351, :val352, :val353, :val354, :val355, :val356, :val357, :val358, :val359, :val360, :val361, :val362, :val363, :val364, :val365, :val366, :val367, :val368, :val369, :val370, :val371, :val372, :val373, :val374, :val375, :val376, :val377, :val378, :val379, :val380, :val381, :val382, :val383, :val384, :val385, :val386, :val387, :val388, :val389, :val390, :val391, :val392, :val393, :val394, :val395, :val396, :val397, :val398, :val399, :val400, :val401, :val402, :val403, :val404, :val405, :val406, :val407, :val408, :val409, :val410, :val411, :val412, :val413, :val414, :val415, :val416, :val417, :val418, :val419, :val420, :val421, :val422, :val423, :val424, :val425, :val426, :val427, :val428, :val429, :val430, :val431, :val432, :val433, :val434, :val435, :val436, :val437, :val438, :val439, :val440, :val441, :val442, :val443, :val444, :val445) GROUP BY `月份` ORDER BY `月份` LIMIT 10;
2025-05-23 04:20:54,955 ChatBI->     INFO     websocket发送的数据为：{"sql_gen": "SELECT DATE_FORMAT(`发现时间`, '%Y-%m') AS `月份`, COUNT(*) AS `数量` FROM `HongKouDemo` WHERE `案件描述/内容描述` LIKE '%物业管理%' GROUP BY `月份` ORDER BY `月份` LIMIT 10;"}
2025-05-23 04:20:54,956 ChatBI->     INFO     websocket发送的数据为：{"response": [{"月份": "2024-07", "数量": 1}, {"月份": "2024-08", "数量": 386}]}
2025-05-23 04:20:55,006 ChatBI->     INFO     sql 语句：SELECT * FROM `HongKouDemo` WHERE  `案件描述/内容描述` IN (:val0, :val1, :val2, :val3, :val4, :val5, :val6, :val7, :val8, :val9, :val10, :val11, :val12, :val13, :val14, :val15, :val16, :val17, :val18, :val19, :val20, :val21, :val22, :val23, :val24, :val25, :val26, :val27, :val28, :val29, :val30, :val31, :val32, :val33, :val34, :val35, :val36, :val37, :val38, :val39, :val40, :val41, :val42, :val43, :val44, :val45, :val46, :val47, :val48, :val49, :val50, :val51, :val52, :val53, :val54, :val55, :val56, :val57, :val58, :val59, :val60, :val61, :val62, :val63, :val64, :val65, :val66, :val67, :val68, :val69, :val70, :val71, :val72, :val73, :val74, :val75, :val76, :val77, :val78, :val79, :val80, :val81, :val82, :val83, :val84, :val85, :val86, :val87, :val88, :val89, :val90, :val91, :val92, :val93, :val94, :val95, :val96, :val97, :val98, :val99, :val100, :val101, :val102, :val103, :val104, :val105, :val106, :val107, :val108, :val109, :val110, :val111, :val112, :val113, :val114, :val115, :val116, :val117, :val118, :val119, :val120, :val121, :val122, :val123, :val124, :val125, :val126, :val127, :val128, :val129, :val130, :val131, :val132, :val133, :val134, :val135, :val136, :val137, :val138, :val139, :val140, :val141, :val142, :val143, :val144, :val145, :val146, :val147, :val148, :val149, :val150, :val151, :val152, :val153, :val154, :val155, :val156, :val157, :val158, :val159, :val160, :val161, :val162, :val163, :val164, :val165, :val166, :val167, :val168, :val169, :val170, :val171, :val172, :val173, :val174, :val175, :val176, :val177, :val178, :val179, :val180, :val181, :val182, :val183, :val184, :val185, :val186, :val187, :val188, :val189, :val190, :val191, :val192, :val193, :val194, :val195, :val196, :val197, :val198, :val199, :val200, :val201, :val202, :val203, :val204, :val205, :val206, :val207, :val208, :val209, :val210, :val211, :val212, :val213, :val214, :val215, :val216, :val217, :val218, :val219, :val220, :val221, :val222, :val223, :val224, :val225, :val226, :val227, :val228, :val229, :val230, :val231, :val232, :val233, :val234, :val235, :val236, :val237, :val238, :val239, :val240, :val241, :val242, :val243, :val244, :val245, :val246, :val247, :val248, :val249, :val250, :val251, :val252, :val253, :val254, :val255, :val256, :val257, :val258, :val259, :val260, :val261, :val262, :val263, :val264, :val265, :val266, :val267, :val268, :val269, :val270, :val271, :val272, :val273, :val274, :val275, :val276, :val277, :val278, :val279, :val280, :val281, :val282, :val283, :val284, :val285, :val286, :val287, :val288, :val289, :val290, :val291, :val292, :val293, :val294, :val295, :val296, :val297, :val298, :val299, :val300, :val301, :val302, :val303, :val304, :val305, :val306, :val307, :val308, :val309, :val310, :val311, :val312, :val313, :val314, :val315, :val316, :val317, :val318, :val319, :val320, :val321, :val322, :val323, :val324, :val325, :val326, :val327, :val328, :val329, :val330, :val331, :val332, :val333, :val334, :val335, :val336, :val337, :val338, :val339, :val340, :val341, :val342, :val343, :val344, :val345, :val346, :val347, :val348, :val349, :val350, :val351, :val352, :val353, :val354, :val355, :val356, :val357, :val358, :val359, :val360, :val361, :val362, :val363, :val364, :val365, :val366, :val367, :val368, :val369, :val370, :val371, :val372, :val373, :val374, :val375, :val376, :val377, :val378, :val379, :val380, :val381, :val382, :val383, :val384, :val385, :val386, :val387, :val388, :val389, :val390, :val391, :val392, :val393, :val394, :val395, :val396, :val397, :val398, :val399, :val400, :val401, :val402, :val403, :val404, :val405, :val406, :val407, :val408, :val409, :val410, :val411, :val412, :val413, :val414, :val415, :val416, :val417, :val418, :val419, :val420, :val421, :val422, :val423, :val424, :val425, :val426, :val427, :val428, :val429, :val430, :val431, :val432, :val433, :val434, :val435, :val436, :val437, :val438, :val439, :val440, :val441, :val442, :val443, :val444, :val445)
2025-05-23 04:20:56,227 ChatBI->     INFO     websocket发送的数据为：{"result_insight": "2024年7月物业管理事件仅有1起，而8月激增至386起，显示了事件数量的显著增长。"}
2025-05-23 04:20:58,503 ChatBI->     INFO     websocket发送的数据为：{"result_recommand": {"new_query_1": "2024年物业管理事件中，具体哪些事项类别出现的最多？", "new_query_2": "2024年物业管理事件的处理状态分布情况如何？", "new_query_3": "2024年物业管理事件中，哪些街道的事件数量最多？"}}
2025-05-23 04:24:24,174 ChatBI->     ERROR    Unexpected error occured:(1012, None)
Traceback (most recent call last):
  File "/data/yfzx/liucd/chatbi_deploy2/chatbi_DB/apps/app_main_ws.py", line 64, in websocket_endpoint
    message = await websocket.receive_text()
              ^^^^^^^^^^^^^^^^^^^^^^^^^^^^^^
  File "/root/anaconda3/envs/chatbi/lib/python3.12/site-packages/starlette/websockets.py", line 119, in receive_text
    self._raise_on_disconnect(message)
  File "/root/anaconda3/envs/chatbi/lib/python3.12/site-packages/starlette/websockets.py", line 113, in _raise_on_disconnect
    raise WebSocketDisconnect(message["code"], message.get("reason"))
starlette.websockets.WebSocketDisconnect: (1012, None)
2025-05-23 04:24:24,176 ChatBI->     ERROR    Unexpected error occured:(1012, None)
Traceback (most recent call last):
  File "/data/yfzx/liucd/chatbi_deploy2/chatbi_DB/apps/app_main_ws.py", line 64, in websocket_endpoint
    message = await websocket.receive_text()
              ^^^^^^^^^^^^^^^^^^^^^^^^^^^^^^
  File "/root/anaconda3/envs/chatbi/lib/python3.12/site-packages/starlette/websockets.py", line 119, in receive_text
    self._raise_on_disconnect(message)
  File "/root/anaconda3/envs/chatbi/lib/python3.12/site-packages/starlette/websockets.py", line 113, in _raise_on_disconnect
    raise WebSocketDisconnect(message["code"], message.get("reason"))
starlette.websockets.WebSocketDisconnect: (1012, None)
2025-05-23 04:24:24,183 ChatBI->     ERROR    Unexpected error occured:(1012, None)
Traceback (most recent call last):
  File "/data/yfzx/liucd/chatbi_deploy2/chatbi_DB/apps/app_main_ws.py", line 64, in websocket_endpoint
    message = await websocket.receive_text()
              ^^^^^^^^^^^^^^^^^^^^^^^^^^^^^^
  File "/root/anaconda3/envs/chatbi/lib/python3.12/site-packages/starlette/websockets.py", line 119, in receive_text
    self._raise_on_disconnect(message)
  File "/root/anaconda3/envs/chatbi/lib/python3.12/site-packages/starlette/websockets.py", line 113, in _raise_on_disconnect
    raise WebSocketDisconnect(message["code"], message.get("reason"))
starlette.websockets.WebSocketDisconnect: (1012, None)
2025-05-23 04:24:24,183 ChatBI->     ERROR    Unexpected error occured:(1012, None)
Traceback (most recent call last):
  File "/data/yfzx/liucd/chatbi_deploy2/chatbi_DB/apps/app_main_ws.py", line 64, in websocket_endpoint
    message = await websocket.receive_text()
              ^^^^^^^^^^^^^^^^^^^^^^^^^^^^^^
  File "/root/anaconda3/envs/chatbi/lib/python3.12/site-packages/starlette/websockets.py", line 119, in receive_text
    self._raise_on_disconnect(message)
  File "/root/anaconda3/envs/chatbi/lib/python3.12/site-packages/starlette/websockets.py", line 113, in _raise_on_disconnect
    raise WebSocketDisconnect(message["code"], message.get("reason"))
starlette.websockets.WebSocketDisconnect: (1012, None)
2025-05-23 04:24:24,184 ChatBI->     ERROR    Unexpected error occured:(1012, None)
Traceback (most recent call last):
  File "/data/yfzx/liucd/chatbi_deploy2/chatbi_DB/apps/app_main_ws.py", line 64, in websocket_endpoint
    message = await websocket.receive_text()
              ^^^^^^^^^^^^^^^^^^^^^^^^^^^^^^
  File "/root/anaconda3/envs/chatbi/lib/python3.12/site-packages/starlette/websockets.py", line 119, in receive_text
    self._raise_on_disconnect(message)
  File "/root/anaconda3/envs/chatbi/lib/python3.12/site-packages/starlette/websockets.py", line 113, in _raise_on_disconnect
    raise WebSocketDisconnect(message["code"], message.get("reason"))
starlette.websockets.WebSocketDisconnect: (1012, None)
