2025-05-09 09:30:52,602 ChatBI->     INFO     Processing column: 区局
2025-05-09 09:30:52,607 ChatBI->     INFO     Found 145 distinct values for 区局
2025-05-09 09:30:52,608 ChatBI->     INFO     Processing column: 工种职务
2025-05-09 09:30:52,672 ChatBI->     INFO     Found 617 distinct values for 工种职务
2025-05-09 09:30:52,672 ChatBI->     INFO     Processing column: 所属行业
2025-05-09 09:30:52,677 ChatBI->     INFO     Found 112 distinct values for 所属行业
2025-05-09 09:30:57,556 ChatBI->     INFO     query: 上海电信的上海工匠是哪五个人?
2025-05-09 09:30:59,366 ChatBI->     INFO     schema linking: {'target_columns': ['姓名'], 'condition_columns': {'工作单位': '上海电信'}}
2025-05-09 09:31:00,516 ChatBI->     INFO     stad sql: SELECT `姓名` FROM gjw WHERE `工作单位` LIKE '%上海电信%' LIMIT 5;
2025-05-09 09:31:00,520 ChatBI->     INFO     obtain_data: [{}]
2025-05-09 09:31:00,520 ChatBI->     INFO     sql_result: {'sql_std': "SELECT `姓名` FROM gjw WHERE `工作单位` LIKE '%上海电信%' LIMIT 5;"}
2025-05-09 09:31:09,484 ChatBI->     INFO     query: 电信集团的上海工匠是哪五个人?
2025-05-09 09:31:10,367 ChatBI->     INFO     schema linking: {'target_columns': ['姓名'], 'condition_columns': {'工作单位': '电信集团'}}
2025-05-09 09:31:11,486 ChatBI->     INFO     stad sql: SELECT `姓名` FROM gjw WHERE `工作单位` LIKE '%电信集团%' LIMIT 5;
2025-05-09 09:31:11,490 ChatBI->     INFO     obtain_data: [{}]
2025-05-09 09:31:11,490 ChatBI->     INFO     sql_result: {'sql_std': "SELECT `姓名` FROM gjw WHERE `工作单位` LIKE '%电信集团%' LIMIT 5;"}
2025-05-09 09:31:17,396 ChatBI->     INFO     query: 电信的上海工匠是哪五个人?
2025-05-09 09:31:18,246 ChatBI->     INFO     schema linking: {'target_columns': ['姓名'], 'condition_columns': {'区局': '电信', '所属行业': '电信'}}
2025-05-09 09:31:19,537 ChatBI->     INFO     stad sql: SELECT `姓名` FROM gjw WHERE `区局` = '电信' OR `所属行业` = '电信' LIMIT 5;
2025-05-09 09:31:19,540 ChatBI->     INFO     obtain_data: [{'姓名': '徐  珺'}, {'姓名': '周纪东'}, {'姓名': '周学明'}, {'姓名': '吴文巍'}, {'姓名': '华  静'}]
2025-05-09 09:31:19,540 ChatBI->     INFO     sql_result: {'sql_std': "SELECT `姓名` FROM gjw WHERE `区局` = '电信' OR `所属行业` = '电信' LIMIT 5;"}
2025-05-09 09:31:31,632 ChatBI->     INFO     query: 船舶的上海工匠是哪五个人?
2025-05-09 09:31:32,504 ChatBI->     INFO     schema linking: {'target_columns': ['姓名'], 'condition_columns': {'区局': '船舶'}}
2025-05-09 09:31:33,553 ChatBI->     INFO     stad sql: SELECT `姓名` FROM gjw WHERE `区局` = '船舶' LIMIT 5;
2025-05-09 09:31:33,556 ChatBI->     INFO     obtain_data: [{'姓名': '张翼飞'}, {'姓名': '陈志农'}, {'姓名': '秦  毅'}, {'姓名': '俞洪昌'}, {'姓名': '陈景毅'}]
2025-05-09 09:31:33,557 ChatBI->     INFO     sql_result: {'sql_std': "SELECT `姓名` FROM gjw WHERE `区局` = '船舶' LIMIT 5;"}
2025-05-09 09:32:18,819 ChatBI->     INFO     query: 上海有多少个钳工工匠是哪五个人?
2025-05-09 09:32:19,719 ChatBI->     INFO     schema linking: {'target_columns': ['姓名'], 'condition_columns': {'工种职务': '钳工'}}
2025-05-09 09:32:20,819 ChatBI->     INFO     stad sql: SELECT `姓名` FROM gjw WHERE `工种职务` LIKE '%钳工%' LIMIT 5;
2025-05-09 09:32:20,822 ChatBI->     INFO     obtain_data: [{'姓名': '杨  震'}, {'姓名': '王  军'}, {'姓名': '陈志农'}, {'姓名': '张生春'}, {'姓名': '李建伟'}]
2025-05-09 09:32:20,822 ChatBI->     INFO     sql_result: {'sql_std': "SELECT `姓名` FROM gjw WHERE `工种职务` LIKE '%钳工%' LIMIT 5;"}
2025-05-09 09:33:11,771 ChatBI->     INFO     query: 上海船舶行业有多少位上海工匠
2025-05-09 09:33:12,628 ChatBI->     INFO     schema linking: {'target_columns': ['姓名'], 'condition_columns': {'区局': '船舶'}}
2025-05-09 09:33:13,787 ChatBI->     INFO     stad sql: SELECT COUNT(`姓名`) AS `工匠数量` FROM gjw WHERE `区局` = '船舶';
2025-05-09 09:33:13,791 ChatBI->     INFO     obtain_data: [{'工匠数量': 21}]
2025-05-09 09:33:13,791 ChatBI->     INFO     sql_result: {'sql_std': "SELECT COUNT(`姓名`) AS `工匠数量` FROM gjw WHERE `区局` = '船舶';"}
2025-05-09 09:34:47,149 ChatBI->     INFO     query: 上海电信有多少位上海工匠
2025-05-09 09:34:47,998 ChatBI->     INFO     schema linking: {'target_columns': ['姓名'], 'condition_columns': {'工作单位': '电信'}}
2025-05-09 09:34:49,172 ChatBI->     INFO     stad sql: SELECT COUNT(`姓名`) AS `上海工匠数量` FROM gjw WHERE `工作单位` LIKE '%电信%';
2025-05-09 09:34:49,176 ChatBI->     INFO     obtain_data: [{'上海工匠数量': 12}]
2025-05-09 09:34:49,176 ChatBI->     INFO     sql_result: {'sql_std': "SELECT COUNT(`姓名`) AS `上海工匠数量` FROM gjw WHERE `工作单位` LIKE '%电信%';"}
2025-05-09 09:34:57,552 ChatBI->     INFO     query: 上海电信公司有多少位工匠
2025-05-09 09:34:58,454 ChatBI->     INFO     schema linking: {'target_columns': ['姓名'], 'condition_columns': {'工作单位': '上海电信公司'}}
2025-05-09 09:34:59,724 ChatBI->     INFO     stad sql: SELECT COUNT(`姓名`) AS `工匠数量` FROM gjw WHERE `工作单位` LIKE '%上海电信公司%' LIMIT 10;
2025-05-09 09:34:59,727 ChatBI->     INFO     obtain_data: [{'工匠数量': 0}]
2025-05-09 09:34:59,727 ChatBI->     INFO     sql_result: {'sql_std': "SELECT COUNT(`姓名`) AS `工匠数量` FROM gjw WHERE `工作单位` LIKE '%上海电信公司%' LIMIT 10;"}
2025-05-09 10:09:57,334 ChatBI->     INFO     query: 有多少在移动工作的工匠
2025-05-09 10:09:58,439 ChatBI->     INFO     schema linking: {'target_columns': ['姓名'], 'condition_columns': {'工匠介绍（缩写）': '移动'}}
2025-05-09 10:10:00,136 ChatBI->     INFO     stad sql: SELECT COUNT(`姓名`) AS `工匠数量` FROM gjw WHERE `工匠介绍（缩写）` LIKE '%移动%' LIMIT 10;
2025-05-09 10:10:00,144 ChatBI->     INFO     obtain_data: [{'工匠数量': 13}]
2025-05-09 10:10:00,145 ChatBI->     INFO     sql_result: {'sql_std': "SELECT COUNT(`姓名`) AS `工匠数量` FROM gjw WHERE `工匠介绍（缩写）` LIKE '%移动%' LIMIT 10;"}
2025-05-09 10:10:09,760 ChatBI->     INFO     query: 有多少在移动公司工作的工匠
2025-05-09 10:10:11,043 ChatBI->     INFO     schema linking: {'target_columns': ['姓名'], 'condition_columns': {'工作单位': '移动公司'}}
2025-05-09 10:10:12,640 ChatBI->     INFO     stad sql: SELECT COUNT(`姓名`) AS `工匠数量` FROM gjw WHERE `工作单位` LIKE '%移动公司%' LIMIT 10;
2025-05-09 10:10:12,644 ChatBI->     INFO     obtain_data: [{'工匠数量': 0}]
2025-05-09 10:10:12,644 ChatBI->     INFO     sql_result: {'sql_std': "SELECT COUNT(`姓名`) AS `工匠数量` FROM gjw WHERE `工作单位` LIKE '%移动公司%' LIMIT 10;"}
2025-05-09 10:10:35,174 ChatBI->     INFO     query: 有多少在上海移动工作的工匠
2025-05-09 10:10:36,386 ChatBI->     INFO     schema linking: {'target_columns': ['姓名'], 'condition_columns': {'工作单位': '上海移动'}}
2025-05-09 10:10:38,301 ChatBI->     INFO     stad sql: SELECT COUNT(`姓名`) AS `工匠数量` FROM gjw WHERE `工作单位` LIKE '%上海移动%';
2025-05-09 10:10:38,304 ChatBI->     INFO     obtain_data: [{'工匠数量': 2}]
2025-05-09 10:10:38,304 ChatBI->     INFO     sql_result: {'sql_std': "SELECT COUNT(`姓名`) AS `工匠数量` FROM gjw WHERE `工作单位` LIKE '%上海移动%';"}
2025-05-09 10:12:07,882 ChatBI->     INFO     query: 有多少在移动公司工作的工匠
2025-05-09 10:12:09,143 ChatBI->     INFO     schema linking: {'target_columns': ['姓名'], 'condition_columns': {'工作单位': '移动公司'}}
2025-05-09 10:12:12,271 ChatBI->     INFO     stad sql: SELECT COUNT(`姓名`) AS `工匠数量` FROM gjw WHERE `工作单位` LIKE '%移动公司%' LIMIT 10;
2025-05-09 10:12:12,276 ChatBI->     INFO     obtain_data: [{'工匠数量': 0}]
2025-05-09 10:12:12,276 ChatBI->     INFO     sql_result: {'sql_std': "SELECT COUNT(`姓名`) AS `工匠数量` FROM gjw WHERE `工作单位` LIKE '%移动公司%' LIMIT 10;"}
2025-05-09 10:13:38,433 ChatBI->     INFO     query: 有多少个工匠是工程师
2025-05-09 10:13:39,683 ChatBI->     INFO     schema linking: {'target_columns': ['工种职务'], 'condition_columns': {'工种职务': '工程师'}}
2025-05-09 10:13:41,300 ChatBI->     INFO     stad sql: SELECT COUNT(*) AS 工程师数量 FROM gjw WHERE `工种职务` LIKE '%工程师%' LIMIT 10;
2025-05-09 10:13:41,304 ChatBI->     INFO     obtain_data: [{'工程师数量': 59}]
2025-05-09 10:13:41,304 ChatBI->     INFO     sql_result: {'sql_std': "SELECT COUNT(*) AS 工程师数量 FROM gjw WHERE `工种职务` LIKE '%工程师%' LIMIT 10;"}
2025-05-09 10:14:09,838 ChatBI->     INFO     query: 有多少个工匠是线务员
2025-05-09 10:14:11,123 ChatBI->     INFO     schema linking: {'target_columns': ['工种职务'], 'condition_columns': {'工种职务': '线务员'}}
2025-05-09 10:14:12,575 ChatBI->     INFO     stad sql: SELECT COUNT(*) AS 工种职务数量 FROM gjw WHERE `工种职务` LIKE '%线务员%' LIMIT 10;
2025-05-09 10:14:12,580 ChatBI->     INFO     obtain_data: [{'工种职务数量': 3}]
2025-05-09 10:14:12,580 ChatBI->     INFO     sql_result: {'sql_std': "SELECT COUNT(*) AS 工种职务数量 FROM gjw WHERE `工种职务` LIKE '%线务员%' LIMIT 10;"}
2025-05-09 10:14:39,334 ChatBI->     INFO     query: 有多少个工匠被评为移动工匠
2025-05-09 10:14:40,485 ChatBI->     INFO     schema linking: {'target_columns': ['姓名'], 'condition_columns': {'工匠介绍（缩写）': '移动工匠'}}
2025-05-09 10:14:42,149 ChatBI->     INFO     stad sql: SELECT COUNT(`姓名`) AS 移动工匠数量 FROM gjw WHERE `工匠介绍（缩写）` LIKE '%移动工匠%' LIMIT 10;
2025-05-09 10:14:42,156 ChatBI->     INFO     obtain_data: [{'移动工匠数量': 2}]
2025-05-09 10:14:42,156 ChatBI->     INFO     sql_result: {'sql_std': "SELECT COUNT(`姓名`) AS 移动工匠数量 FROM gjw WHERE `工匠介绍（缩写）` LIKE '%移动工匠%' LIMIT 10;"}
2025-05-09 10:15:02,019 ChatBI->     INFO     query: 有多少个工匠是首席科学家
2025-05-09 10:15:03,320 ChatBI->     INFO     schema linking: {'target_columns': ['姓名'], 'condition_columns': {'工种职务': '首席科学家'}}
2025-05-09 10:15:05,542 ChatBI->     INFO     stad sql: SELECT COUNT(`姓名`) AS `首席科学家数量` FROM gjw WHERE `工种职务` LIKE '%首席科学家%' LIMIT 10;
2025-05-09 10:15:05,546 ChatBI->     INFO     obtain_data: [{'首席科学家数量': 1}]
2025-05-09 10:15:05,546 ChatBI->     INFO     sql_result: {'sql_std': "SELECT COUNT(`姓名`) AS `首席科学家数量` FROM gjw WHERE `工种职务` LIKE '%首席科学家%' LIMIT 10;"}
2025-05-09 10:15:22,050 ChatBI->     INFO     query: 有多少个工匠在公司当首席科学家
2025-05-09 10:15:23,259 ChatBI->     INFO     schema linking: {'target_columns': ['姓名'], 'condition_columns': {'工种职务': '首席科学家'}}
2025-05-09 10:15:24,922 ChatBI->     INFO     stad sql: SELECT COUNT(`姓名`) AS `工匠数量` FROM gjw WHERE `工种职务` LIKE '%首席科学家%' LIMIT 10;
2025-05-09 10:15:24,925 ChatBI->     INFO     obtain_data: [{'工匠数量': 1}]
2025-05-09 10:15:24,925 ChatBI->     INFO     sql_result: {'sql_std': "SELECT COUNT(`姓名`) AS `工匠数量` FROM gjw WHERE `工种职务` LIKE '%首席科学家%' LIMIT 10;"}
2025-05-09 10:15:39,774 ChatBI->     INFO     query: 有多少个工匠被评为优秀工匠
2025-05-09 10:15:41,665 ChatBI->     INFO     schema linking: {'target_columns': ['姓名'], 'condition_columns': {'工匠介绍（缩写）': '优秀工匠'}}
2025-05-09 10:15:43,318 ChatBI->     INFO     stad sql: SELECT COUNT(`姓名`) AS `优秀工匠数量` FROM gjw WHERE `工匠介绍（缩写）` LIKE '%优秀工匠%' LIMIT 10;
2025-05-09 10:15:43,322 ChatBI->     INFO     obtain_data: [{'优秀工匠数量': 4}]
2025-05-09 10:15:43,322 ChatBI->     INFO     sql_result: {'sql_std': "SELECT COUNT(`姓名`) AS `优秀工匠数量` FROM gjw WHERE `工匠介绍（缩写）` LIKE '%优秀工匠%' LIMIT 10;"}
2025-05-09 10:15:58,789 ChatBI->     INFO     query: 有多少个工匠是公司的高级技术专家
2025-05-09 10:16:00,140 ChatBI->     INFO     schema linking: {'target_columns': ['姓名'], 'condition_columns': {'工匠介绍（缩写）': '高级技术专家'}}
2025-05-09 10:16:01,820 ChatBI->     INFO     stad sql: SELECT COUNT(`姓名`) AS `高级技术专家数量` FROM gjw WHERE `工匠介绍（缩写）` LIKE '%高级技术专家%'
2025-05-09 10:16:01,826 ChatBI->     INFO     obtain_data: [{'高级技术专家数量': 2}]
2025-05-09 10:16:01,826 ChatBI->     INFO     sql_result: {'sql_std': "SELECT COUNT(`姓名`) AS `高级技术专家数量` FROM gjw WHERE `工匠介绍（缩写）` LIKE '%高级技术专家%'"}
2025-05-09 10:16:21,251 ChatBI->     INFO     query: 有多少个工匠是搞人工智能的
2025-05-09 10:16:22,524 ChatBI->     INFO     schema linking: {'target_columns': ['所属行业'], 'condition_columns': {'所属行业': '人工智能'}}
2025-05-09 10:16:24,140 ChatBI->     INFO     stad sql: SELECT COUNT(*) AS `数量` FROM `gjw` WHERE `所属行业` = '人工智能';
2025-05-09 10:16:24,143 ChatBI->     INFO     obtain_data: [{'数量': 18}]
2025-05-09 10:16:24,143 ChatBI->     INFO     sql_result: {'sql_std': "SELECT COUNT(*) AS `数量` FROM `gjw` WHERE `所属行业` = '人工智能';"}
2025-05-09 10:41:51,535 ChatBI->     INFO     query: 有多少研究5G的工匠
2025-05-09 10:41:52,851 ChatBI->     INFO     schema linking: {'target_columns': ['姓名'], 'condition_columns': {'工匠介绍（缩写）': '5G'}}
2025-05-09 10:41:54,618 ChatBI->     INFO     stad sql: SELECT COUNT(`姓名`) AS `数量` FROM gjw WHERE `工匠介绍（缩写）` LIKE '%5G%' LIMIT 10;
2025-05-09 10:41:54,623 ChatBI->     INFO     obtain_data: [{'数量': 11}]
2025-05-09 10:41:54,623 ChatBI->     INFO     sql_result: {'sql_std': "SELECT COUNT(`姓名`) AS `数量` FROM gjw WHERE `工匠介绍（缩写）` LIKE '%5G%' LIMIT 10;"}
2025-05-09 10:42:56,455 ChatBI->     INFO     query: 研究5G的工匠的男女比例
2025-05-09 10:42:57,718 ChatBI->     INFO     schema linking: {'target_columns': ['性别'], 'condition_columns': {'所属行业': '信息产业'}}
2025-05-09 10:42:59,413 ChatBI->     INFO     stad sql: SELECT `性别`, COUNT(*) AS `数量` FROM gjw WHERE `所属行业` LIKE '%信息产业%' GROUP BY `性别`
2025-05-09 10:42:59,417 ChatBI->     INFO     obtain_data: [{'性别': '男', '数量': 6}, {'性别': '女', '数量': 2}]
2025-05-09 10:42:59,417 ChatBI->     INFO     sql_result: {'sql_std': "SELECT `性别`, COUNT(*) AS `数量` FROM gjw WHERE `所属行业` LIKE '%信息产业%' GROUP BY `性别`"}
2025-05-09 10:43:29,455 ChatBI->     INFO     query: 研究5G的工匠里的男女比例
2025-05-09 10:43:30,693 ChatBI->     INFO     schema linking: {'target_columns': ['性别'], 'condition_columns': {'所属行业': '信息产业'}}
2025-05-09 10:43:32,386 ChatBI->     INFO     stad sql: SELECT `性别`, COUNT(*) AS `数量` FROM gjw WHERE `所属行业` LIKE '%信息产业%' GROUP BY `性别`
2025-05-09 10:43:32,389 ChatBI->     INFO     obtain_data: [{'性别': '男', '数量': 6}, {'性别': '女', '数量': 2}]
2025-05-09 10:43:32,389 ChatBI->     INFO     sql_result: {'sql_std': "SELECT `性别`, COUNT(*) AS `数量` FROM gjw WHERE `所属行业` LIKE '%信息产业%' GROUP BY `性别`"}
2025-05-09 10:44:00,007 ChatBI->     INFO     query: 研究5G的工匠里的男女人数比例
2025-05-09 10:44:01,318 ChatBI->     INFO     schema linking: {'target_columns': ['性别'], 'condition_columns': {'工匠介绍（缩写）': '5G'}}
2025-05-09 10:44:03,560 ChatBI->     INFO     stad sql: SELECT `性别`, COUNT(*) AS `数量` FROM gjw WHERE `工匠介绍（缩写）` LIKE '%5G%' GROUP BY `性别`
2025-05-09 10:44:03,566 ChatBI->     INFO     obtain_data: [{'性别': '男', '数量': 9}, {'性别': '女', '数量': 2}]
2025-05-09 10:44:03,566 ChatBI->     INFO     sql_result: {'sql_std': "SELECT `性别`, COUNT(*) AS `数量` FROM gjw WHERE `工匠介绍（缩写）` LIKE '%5G%' GROUP BY `性别`"}
2025-05-09 10:44:14,851 ChatBI->     INFO     query: 研究5G的工匠里的男女人数占比
2025-05-09 10:44:16,161 ChatBI->     INFO     schema linking: {'target_columns': ['性别'], 'condition_columns': {'工匠介绍（缩写）': '5G'}}
2025-05-09 10:44:18,660 ChatBI->     INFO     stad sql: SELECT `性别`, COUNT(*) AS `数量` FROM gjw WHERE `工匠介绍（缩写）` LIKE '%5G%' GROUP BY `性别`
2025-05-09 10:44:18,665 ChatBI->     INFO     obtain_data: [{'性别': '男', '数量': 9}, {'性别': '女', '数量': 2}]
2025-05-09 10:44:18,665 ChatBI->     INFO     sql_result: {'sql_std': "SELECT `性别`, COUNT(*) AS `数量` FROM gjw WHERE `工匠介绍（缩写）` LIKE '%5G%' GROUP BY `性别`"}
