2025-06-12 23:27:45,613 ChatBI->     INFO     获取的表元数据: 
    CREATE TABLE shanghai (
        `工单编号` BIGINT; 含义: 表示工单的唯一编号。; 用途: 用于唯一标识每个工单，便于查询和管理。; 示例值: 20240101000072; 备注: 无;
        `工号` BIGINT; 含义: 表示工单的生成编号。; 用途: 用于记录工单的生成顺序，便于排序和统计。; 示例值: 3830; 备注: 无;
        `工单生成时间` DATETIME; 含义: 表示工单的生成时间。; 用途: 用于记录工单的生成时间，便于时间维度的管理和分析。; 示例值: 2024-01-01 00:37:39; 备注: 无;
        `诉求地址` TEXT; 含义: 表示工单所涉及的具体地点的详细地址。; 用途: 提供工单发生地点的详细信息，便于定位和处理。; 示例值: "闵行区东川路555弄"; 备注: 无;
        `诉求区域` TEXT; 含义: 表示工单所涉及的具体地点所属的行政区。; 用途: 用于快速定位工单发生的区域，便于区域级别的管理和调度。; 枚举类型，值包括： "黄浦区", "徐汇区", "长宁区", "静安区",  "普陀区", "虹口区", "杨浦区", "闵行区", "宝山区", "嘉定区", "浦东新区", "金山区",  "松江区", "青浦区","奉贤区", "崇明区"; 备注: 无;
        `内容描述` TEXT; 含义: 对工单所涉及的具体问题的详细描述。; 用途: 提供完整的信息，帮助处理人员全面了解问题背景和具体情况。; 示例值: "市民来电反映:未成年游戏充值要求退费，心动网络有限公司旗"; 备注: 无;
        `工单类别` TEXT; 含义: 表示工单紧急程度的类别。; 用途: 用于对工单紧急程度分级，便于管理和迅速响应。; 枚举类型，包含: "一般", "次紧急", "紧急"; 备注: 无;
        `处理描述` TEXT; 含义: 对工单处理结果的描述。; 用途: 记录工单的处理情况，便于后续查询和分析。; 示例值: "市民反复催单，已电子催单工单编号：20231224019374，故归档。"; 备注: 无;
        `客户类型` TEXT; 含义: 表示工单客户的类型。; 用途: 用于区分不同类型的客户，便于管理和服务。; 枚举类型，包含 "个人", "企业"; 备注: 无;
        `一级分类` TEXT; 含义: 表示工单所属的最高级别的分类。; 用途: 用于快速定位和分类工单，便于管理和统计。;枚举类型，包括： "科教文卫类", "社会管理类", "公安政法类", "其他类", "建设交通类",  "公用事业类", "安全监管类", "经济综合类", "社会团体类"; 备注: 无;
        `二级分类` TEXT; 含义: 在一级分类之下，更具体的分类。; 用途: 进一步细化工单分类，提高管理精度。; 示例值: "文广影视"; 备注: 无;
        `三级分类` TEXT; 含义: 在二级分类之下，更加具体的分类。; 用途: 提供更详细的分类信息，方便具体问题的处理和跟踪。; 示例值: "文化产业管理"; 备注: 无;
        `四级分类` TEXT; 含义: 在三级分类之下，更加具体的分类。; 用途: 提供更详细的分类信息，方便具体问题的处理和跟踪。; 示例值: "游戏动漫"; 备注: 无;
        `主办单位` TEXT; 含义: 表示工单的主办单位。; 用途: 用于记录工单的主办单位，便于管理和协调。; 示例值: "市文化旅游局", "市公安局", "普陀区人民政府"; 备注: 无;
        `是否匿名` TEXT; 含义: 表示工单是否为匿名工单。; 用途: 用于区分匿名工单和非匿名工单，便于管理和保护隐私。; 示例值: "是"; 备注: 无;
        `服务类型` TEXT; 含义: 表示工单的服务类型。; 用途: 用于分类工单的服务类型，便于管理和统计。; 枚举类型，包括: "综合服务", "一网通办"; 备注: 无;
        `通话编号` TEXT; 含义: 表示工单的通话编号。; 用途: 用于记录工单的通话记录，便于查询和分析。; 示例值: "1704040581-2297011"; 备注: 无;
        `工单类型` TEXT; 含义: 表示工单的类型。; 用途: 用于分类工单的类型，便于管理和统计。; 枚举类型，包括: "求助类", "投诉举报类", "咨询类", "意见建议类", "其他类"; 备注: 无;
        `新一级分类` TEXT; 含义: 表示工单的新一级分类。; 用途: 用于记录工单的新分类信息，便于管理和统计。; 示例值: "None"; 备注: 无;
        `新二级分类` TEXT; 含义: 表示工单的新二级分类。; 用途: 用于记录工单的新分类信息，便于管理和统计。; 示例值: "None"; 备注: 无;
        `新三级分类` TEXT; 含义: 表示工单的新三级分类。; 用途: 用于记录工单的新分类信息，便于管理和统计。; 示例值: "None"; 备注: 无;
        `新四级分类` TEXT; 含义: 表示工单的新四级分类。; 用途: 用于记录工单的新分类信息，便于管理和统计。; 示例值: "None"; 备注: 无;
        `新五级分类` TEXT; 含义: 表示工单的新五级分类。; 用途: 用于记录工单的新分类信息，便于管理和统计。; 示例值: "None"; 备注: 无;
    )DEFAULT CHARSET=utf8mb4 ENGINE=InnoDB COLLATE utf8mb4_0900_ai_ci
    
2025-06-12 23:27:45,613 ChatBI->     INFO     获取的缩写列: []
2025-06-12 23:27:45,613 ChatBI->     INFO     获取的关联列: ['一级分类', '二级分类', '三级分类', '四级分类']
2025-06-12 23:27:45,613 ChatBI->     INFO     获取的列映射: {'工单编号': 'id', '工号': 'employee_id', '工单生成时间': 'order_date', '诉求地址': 'address', '诉求区域': 'region', '内容描述': 'content_description', '工单类别': 'order_category', '处理描述': 'resolution_description', '客户类型': 'customer_type', '一级分类': 'primary_classification', '二级分类': 'secondary_classification', '三级分类': 'tertiary_classification', '四级分类': 'quaternary_classification', '主办单位': 'responsible_department', '是否匿名': 'is_anonymous', '服务类型': 'service_type', '通话编号': 'call_id', '工单类型': 'order_type', '新一级分类': 'new_primary_classification', '新二级分类': 'new_secondary_classification', '新三级分类': 'new_tertiary_classification', '新四级分类': 'new_quaternary_classification', '新五级分类': 'new_period_classification'}
2025-06-12 23:27:47,039 ChatBI->     INFO     关联字段的枚举值:  {'一级分类': ['科教文卫类', '社会管理类', '公安政法类', '其他类', '建设交通类', '公用事业类', '安全监管类', '经济综合类', '社会团体类'], '二级分类': ['文广影视', '旅游', '公安（治安、交通）', '其他', '工商(消保)', '交通港口', '绿化市容', '邮政通信', '司法行政', '教育', '住房保障', '机关事务管理', '人力保障', '纪检监察', '城乡建设', '食品药品安全', '卫生计生', '发展改革', '公安（出入境）', '金融', '电力', '商务', '燃气', '城管执法', '残联', '环境保护', '税务', '土地规划', '民政', '水务', '“12345”热线', '供水', '电子政务', '信访', '法院系统', '安全生产管理', '退役军人', '农业', '部队', '公安（消防）', '总工会', '体育', '涉港澳台', '国资', '新闻出版', '质量技术监督', '知识产权', '经济信息化', '出入境边检', '民族宗教', '档案', '统计', '民防', '科技', '侨务', '外事', '气象', '团市委', '财政', '检察院系统', '国家安全', '审计', '妇联', '防震减灾', '中央直属', '机构编制', '长航公安', '口岸', '合作交流'], '三级分类': ['文化产业管理', '服务质量', '其他', '无效电话', '商业服务', '出租车', '市容市貌', '通信', '法律服务', '学校管理', '社会治安', '物业服务管理', '机关事务管理', '纠纷仲裁', '邮政服务', '交通管理', '劳动保护', '医疗医保', '政风行风', '工程管理', '安全管理', '卫生信息', '违法建筑', '改革规划', '护照办理', '环境卫生', '金融', '社会保险', '道路管理', '社保信息', '故障报修', '城市管理', '广播影视', '公交巴士', '商务', '价格调控', '市场交易管理', '社会噪声', '物业相关执法', '医疗服务', '工商监管', '医院监管', '燃气计费', '驾驶培训', '犬类管理', '户籍管理', '停车管理', '残联', '工伤', '污染', '税收政策', '非城市建设用地管理', '婚姻管理', '排水排污管理', '房屋权属', '汽车维修', '供水报修', '一网通办', '禁烟控烟', '培训市场', '事项办理', '养老保障', '地铁客运', '违法经营', '劳动人事制度', '社区家政', '12345热线', '入学入托', '就业创业', '保障型住房', '征收管理', '法院信息', '批评承办部门', '职业健康', '燃气服务', '货物运输', '签证签注', '招生考试', '公证服务', '供水计费', '自来水水质', '航空客运', '投诉批评', '拥军优抚', '人口计生', '表扬感谢', '表扬承办部门', '安全生产', '消防管理', '公共交通用卡管理', '税收管理', '疾控防疫', '咨询信访渠道', '法院受理', '体育管理', '车牌拍卖', '绿地绿化', '工商信息', '意见建议', '旧房改造', '其他社团', '刊物市场监管', '夜间施工许可', '消防设备维护', '生活保障', '特种行业管理', '复查复核', '特种设备监察', '知识产权', '铁路客运', '申诉举报', '动植园林', '法人一证通', '旅游信息', '总工会', '津贴补助', '电力服务', '用电计费', '国资', '人员边检', '动植物防疫', '燃气报修', '河道流域管理', '纪检监查', '违规用水', '行政管理', '道路维护', '殡葬事业', '寺庙管理', '特定医疗机构', '审批许可', '个人档案', '科技管理', '移交安置', '外事工作', '供水服务', '气象预报', '汽车客运', '质量认证', '慈善福利', '经济信息化', '燃气行业监管', '社会组织', '出境咨询', '禽类饲养', '司法直属', '港船客运', '计量器具检测', '旅游纠纷', '团市委', '检察院受理', '学生负担', '违规用电', '广告审批', '查询办理进度', '城市建设用地管理', '财政工作', '烈士褒扬', '农民负担', '国有档案', '村队管理', '文化遗产保护', '水资源管理', '农业生产', '自主择业就业', '统计工作', '国家安全', '新闻报道', '住房病虫害', '部队', '民防工程', '妇联', '建设管理', '地震震情', '生产许可证管理', '网站信箱', '科技开发', '救灾赈灾', '审计工作', '宗教信仰', '机构类', '防灾抗灾', '安保工作', '土地资源管理', '气象预警', '限电管理', '合作交流', '组织机构代码证'], '四级分类': ['游戏动漫', '酒店质量', '其他', '无明确诉求', '网上购物', '服务规范', '广告牌景观灯', '通信线路', '无效来电', '法律援助', '校园设施', '居住证', '纠纷协调', '机关事务信息', '劳动争议', '快递服务', '限流限行', '用工规范', '医保报销', '不作为', '建筑工程欠薪', '医保政策咨询', '教师素质', '各类服务卡券', '食品安全', '外省市受理', '医院医疗信息', '违法建筑', '新能源汽车', '护照办理', '倾倒渣土', '银行监管', '工伤保险', '施工规范', 'ETC使用', '社保卡', '规模停电', '无证设摊', '网络视听', '线路咨询', '汽车销售', '物业管理收费', '住房公积金', '售后服务', '装修噪音', '损坏侵占公用设施', '治安维护', '用药规范', '立案侦查', '业务办理', '审验登记', '医疗纠纷', '排队挂号', '用量偏高', '教练服务、培训规范', '养犬登记', '交通设施', '外省市迁入', '故障报修', '物业安保', '物品遗失', '社区卫生服务', '物业维修添置', '物业管理不善', '公共停车场', '残疾鉴定', '工伤认定', '结构改建', '排堵保畅', '噪音污染', '绿化维护', '服务态度', '残疾补助', '独户停电', '交通违章', '房产交易税', '经济纠纷', '耕地管理', '离婚办理', '失业保险', '医疗保险', '市政道路积水', '宅基地', '结婚登记', '合同监管', '油烟扰民', '业委会', '律师服务', '驾驶员审验', '高速收费', '4s店服务', '身份证管理', '停水水小', '旅行社服务', '网站使用', '乱收停车费', '群租现象', '过户上牌', '服务质量', '禁烟控烟', '空气污染', '广告监督', '市场监管', '共享单车', '其他业务', '办理结果不满', '环境垃圾', '养老保险', '广告张贴', '房屋产权', '路状路况', '危房', '老年津贴', '地铁建设', '不正当经营', '城管执法', '退休离休', '社区服务网点', '信息咨询', '垃圾清理', '入学政策', '人才引进', '拖欠工资', '道路养护', '经济补偿', '公安信息查询', '租赁管理', '经适房', '车辆年检', '卫生配套设施', '合同纠纷', '公租房', '经营性停车场', '拆迁安置', '幼托管理', '路灯供电', '法院地址电话', '诉求未解决', '金融资讯', '职业健康', '景点服务质量', '合同履行', '燃气施工', '账户信息', '文化活动', '居住证办理', '集装箱运输', '签证签注', '户籍政策咨询', '中考', '居改非', '工时假期', '工程质量', '办理转学', '继承权公证', '水费量高', '水中杂质', '飞机票务', '线路设置', '遗嘱抚恤和优待', '司法鉴定', '商品质量', '机关事务工作', '优生优育', '医保定点', '房产信息变更', '保险监管', '账单抄表', '非法客运', '搬场公司', '道路建设', '无照经营', '个人所得税', '烟草酒类', '道路安全', '水管维修', '表扬感谢', '应急救援', '市内户口迁移', '烟花爆竹管理', '排水工程', '交通卡', '偷税漏税', '求医问药', '教育质量', '工资奖金', '咨询信访渠道', '家电维修', '问题解决', '诉讼立案', '办事效率', '假冒伪劣', '土地征收', '经济案件', '市政工程', '教育改革', '生育保险', '群众锻炼', '证券监管', '职业培训', '车牌拍卖', '占绿毁绿', '维权咨询', '网络安全', '其他税种', '商品销售信息', '企业征税', '道路扬尘', '办事流程', '交通事故', '职称评定', '学籍管理', '消防隐患', '其他疫苗', '平台系统', '房屋老化', '资质认证', '红十字会', '赛事管理', '廉租房', '黑车', '图书刊物出版', '慢作为', '夜间施工的现象', '业务熟练', '消防栓', '无证犬类', '房屋结构破坏', '社区帮困补助', '不明归属井盖', '行政许可', '跨门经营', '家政服务', '动迁政策', '商标包装管理', '其他公证', '催办', '独生子女补贴', '问题推脱', '交通法规', '移植修剪', '食品安全流通', '办事推诿', '僵尸车', '劳务派遣', '线路时间', '扶贫帮困', '职业技能考试', '安全监察', '东方有线', '再生育政策', '消防宣传', '侵权行为', '铁路票务', '光污染', '结论不满', '高考', '申诉举报', '流浪犬收治', '其他报修', '公园设施', '普法宣传', '法人一证通', '许可审批', '外地户口入学', '影视节目', '邮件邮递', '便民信息', '景点投诉', '场地设施', '人员管理', '维修基金', '职业资质许可', '工会工作', '就业补贴', '信息查询', '职工权益', '电费争议', '国企管理', '过境手续', '疫情防疫', '法院判决', '丧葬补助金', '燃气泄漏', '住院病床', '外置扩音装置', '私装地锁', '就业信息', '水上漂浮物', '安全生产监督', '徇私枉法', '文化场所信息', '孤寡空巢老人关怀', '农村建设用地管理', '私移水表', '管道维修', '便民服务', '人员资质', '最低生活保障', '设备添置', '其他补助', '殡葬服务', '绿化护栏', '居家养老', '道路救援', '缴费信息', '市场物价', '受理网点', '护工护理', '机构养老', '国有资产流失', '流浪人员管理', '残联工作', '助残信息', '流程指引', '报刊印刷发行', '医疗设备', '垃圾分类', '保健品管理', '采血机构', '审批许可', '景点资讯', '养老金调整', '老年卡', '公房管理', '灭火器', '菜场经营', '通信基站', '个人档案', '无障碍工程', '死亡登记', '商贸信息', '乱作为', '法院通知', '高新技术扶持', '退役士兵', '动物保护机构', '违规拆迁', '医保药品目录', '土地使用权', '领事馆', '房屋转让', '承办推诿', '商品维修网点', '消防通道', '阶梯电价', '河道养护', '排污许可证', '黄赌毒', '天气预报', '活禽交易', '劳动能力鉴定', '危险品管理', '无犯罪证明', '废气污染', '水表维修', '寺庙用品', '燃气火小', '失职渎职', '评残疾伤残抚恤', '违规运营', '消防安全咨询', '河道疏通', '药品安全', '水污染', '车次信息', '超市卖场', '申请专利', '质量认证', '工龄核算', '电线高压线', '慈善募捐', '循环再利用', '司法拆迁', '孤儿收养', '燃气行业', '医疗器械管理', '隧桥管理', '作风问题', '票务', '出境咨询', '电表维修', '无证夜间施工', '服务流程', '劳务中介', '人民调解', '旅行社信息', '变电设施', '社工管理', '其他许可', '电视购物', '特定污染物处治', '无答复意见', '退休证', '农村地区家禽饲养', '律师协会', '城区家禽饲养', '浦江轮渡', '流浪救助', '野生动植物', '计量器具检测', '旅游合同纠纷', '体检中心', '团委工作', '城市信息化', '检察院信息', '超时补课', '航空运输', '私排电线', '贪污贿赂', '广告审批', '离退休干部', '商业楼宇', '查询办理进度', '测绘管理', '广播', '水表失窃', '军转干部', '诉讼时限', '财会考证', '虚开发票', '烈士评定', '刑事案件', '邮政发行', '医疗服务', '收费标准', '业务范畴', '农业补贴', '隔离管控', '政府机构', '航班延误', '公务员管理', '土地承包', '成人教育', '刊社信息', '节能减排', '规划设计', '监狱管理', '颜色异变', '电视线路', '餐饮服务', '转业干部', '非物质文化遗产', '秩序维护', '临终关怀', '文物保护管理', '无证养鸽', '桥梁通行', '河道水质', '强制消费', '畜牧养殖', '士兵', '滥砍滥捕', '非法行医', '收费问题', '平改坡', '体育彩票', '环评公示', '培训补贴', '平均工资', '最低工资', '兽医药管理', '档案管理', '创业扶持', '国家机密', '新闻内容', '证照查验', '燃气配件', '省际轮渡', '福利企业扶持', '因公出国审批', '安全检查', '新冠疫苗', '工作调动', '档案公开', '研究生考试', '水务工程建设', '管理规范', '青少年保护', '二次收费', '生态保护', '社区就业援助', '墓园管理', '化妆品管理', '增添绿化', '白蚁', '鼠患', '管道改建', '能源发展', '娱乐场所管理', '旅游交通', '文化社团', '烈士纪念设施', '信鸽', '营业税改增值税', '核酸检测', '违法传销', '作业负担', '涉军问题', '地下室管理', '妇联工作', '无军籍职工', '公益彩票', '气象服务信息', '避孕节育', '窃电举报', '固废危废', '超生处罚', '科技改革', '妇婴保健', '企业解困', '建筑间距及日照', '地震震情', '高温津贴', '集体资产管理', '青少年锻炼', '农业水利', '电磁辐射污染', '单身证明', '生产许可证管理', '假发票', '国内安全事务', '马蜂窝', '网站信箱使用', '河上搭建', '三无居家船只', '发明建议', '市场供应', '参战参试人员优待', '故障牵引', '工作态度', '违规收费', '年检', '征地补偿', '古树名木', '社会捐献', '土地建设与保护', '反动', '历史建筑', '抵押拍卖', '妇女权益维护', '防疫补贴', '化工污染', '费用减免', '防汛抗灾', '网点查询', '资产评估', '安全生产宣传', '夜间施工证的审批', '吸劳养老', '特殊工种', '自来水异味', '导游服务', '违规鸣笛', '分时用电', '筑材光污染', '公共支付', '记者证管理', '审计工作', '情报搜集', '企业改革', '农产品安全', '防治检疫', '抵押贷款公证', '队伍建设', '上海旅游节', '宗教信仰', '婚前检查', '公交专用道', '转运消杀', '抗台防汛', '自主研发', '医药卫生知识', '公共事业', '码色申诉', '矫正办', '火灾报警系统', '日常管理', '记录查询', '黑网吧', '收养审批', '许可证管理', '火灾报警', '电子出版物', '易燃易爆物', '婚姻财产公证', '财政票据', '擅自设立机构', '审查批捕', '福利设施', '国有企业', '公务车', '投资决策', '防疫物资', '地面沉降', '资质证书', '转基因产品（有机食品）', '民防警报', '审读出版物', '新闻形式', '妇女健康', '农副业生产', '台风沙尘', '抗灾演习', '民间慈善', '私接自来水管', '工程规划', '进博会', '外宾来访', '经济状况审核', '事业单位共享费', '节能用电', '暴雨暴雪', '合作交流', '组织机构代码证', '矿产管理']}
2025-06-12 23:27:47,039 ChatBI->     INFO     缩写字段的枚举值： []
2025-06-12 23:28:13,830 ChatBI->     INFO     案例库查询
2025-06-12 23:28:13,871 ChatBI->     INFO     案例库查询结果: ["{'query': '近半年台风造成的事件有多少起', '目标列': ['内容描述'], '条件列': {'内容描述': '台风', '工单生成时间': '近半年'}}", "{'query': '最近半年与台风相关的诉求工单有多少条', '目标列': ['内容描述'], '条件列': {'内容描述': '台风相关诉求', '工单生成时间': '最近半年'}}", "{'query': '由台风造成的树木倒伏事件有多少起', '目标列': ['内容描述'], '条件列': {'内容描述': '台风造成的树木倒伏', '工单类型': '求助类'}}"]
2025-06-12 23:28:14,865 ChatBI->     INFO     schema linking: {'target_columns': ['内容描述'], 'condition_columns': {'内容描述': '台风', '工单生成时间': '2024年'}}
2025-06-12 23:28:16,543 ChatBI->     INFO     任务类型: SQL
2025-06-12 23:28:17,647 ChatBI->     INFO     stad sql: SELECT COUNT(*) AS 台风相关事件数量 FROM shanghai WHERE `内容描述` LIKE '%台风%' AND YEAR(`工单生成时间`) = 2024;
2025-06-12 23:28:17,656 ChatBI->     INFO     非结构化信息为: {"`内容描述` LIKE '%台风%'": '台风'}
2025-06-12 23:28:17,656 ChatBI->     INFO     开始语义分析 ..  .. 
2025-06-12 23:28:17,916 ChatBI->     INFO     台风 的命名实体判别： yes
2025-06-12 23:28:17,916 ChatBI->     INFO     没有找到<  >对应的视图
2025-06-12 23:28:20,970 ChatBI->     INFO     query: {query} 处理完毕
2025-06-12 23:28:59,391 ChatBI->     INFO     案例库查询
2025-06-12 23:28:59,425 ChatBI->     INFO     案例库查询结果: ["{'query': '近半年群众经常上报噪音污染的小区有哪些', '目标列': ['内容描述'], '条件列': {'内容描述': '噪音污染', '工单生成时间': '近半年'}}", "{'query': '去年有哪些乱收停车费的小区', '目标列': ['内容描述'], '条件列': {'工单类型': '投诉举报类', '内容描述': '乱收停车费', '工单生成时间': '去年'}}", "{'query': '去年哪些小区有物业态度差的问题', '目标列': ['内容描述'], '条件列': {'内容描述': '物业态度差', '诉求区域': '小区', '工单生成时间': '去年'}}"]
2025-06-12 23:29:00,451 ChatBI->     INFO     schema linking: {'target_columns': ['诉求地址'], 'condition_columns': {'内容描述': '乱堆放垃圾', '工单生成时间': '2024年'}}
2025-06-12 23:29:02,084 ChatBI->     INFO     任务类型: SQL
2025-06-12 23:29:03,326 ChatBI->     INFO     stad sql: SELECT DISTINCT `诉求地址` FROM shanghai WHERE `内容描述` LIKE '%乱堆放垃圾%' AND YEAR(`工单生成时间`) = 2024 LIMIT 5000;
2025-06-12 23:29:03,329 ChatBI->     INFO     非结构化信息为: {"`内容描述` LIKE '%乱堆放垃圾%'": '乱堆放垃圾'}
2025-06-12 23:29:03,329 ChatBI->     INFO     开始语义分析 ..  .. 
2025-06-12 23:29:03,588 ChatBI->     INFO     乱堆放垃圾 的命名实体判别： no
2025-06-12 23:29:03,589 ChatBI->     INFO     开始对非结构化文档【粗略】检索
2025-06-12 23:29:04,226 ChatBI->     INFO     检索到的文档总数量为：5000
2025-06-12 23:29:07,761 ChatBI->     INFO     开始对非结构化文档【深度】检索
2025-06-12 23:29:08,063 ChatBI->     INFO     step_scores: ['yes', 'yes', 'yes', 'yes', 'yes', 'yes', 'yes', 'yes', 'yes', 'yes']
2025-06-12 23:29:08,063 ChatBI->     INFO     层级抽取文档： 市民来电反映:上述地址偷倒毛垃圾，建筑垃圾木材乱堆放，好几车拉到这边堆放，木材里面还有人焚烧白天晚上都有。诉求：严查违规堆放建筑垃圾等。 ==> yes  
2025-06-12 23:29:08,063 ChatBI->     INFO     层级抽取文档： 市民反映：2024年9月6日，隐秀云庐靠近13幢附近垃圾房，从2023年5月交房到现在，每天乱堆放垃圾，无人及时清理。垃圾不分类，随处乱丢。（详见附件）诉求：请管理部门处理垃圾房乱堆放垃圾，垃圾不分类事宜。（市民要求信息保密，无需回复） ==> yes  
2025-06-12 23:29:08,064 ChatBI->     INFO     层级抽取文档： 市民反映：上述地址门口堆放着很多垃圾，下雨天污水流到小区的路上。诉求：请尽快清理垃圾。 ==> yes  
2025-06-12 23:29:08,064 ChatBI->     INFO     层级抽取文档： 市民来电反映:带小朋友过来散步，发现上述地址门口堆满了垃圾。诉求：要求清理。 ==> yes  
2025-06-12 23:29:08,064 ChatBI->     INFO     层级抽取文档： 市民来电反映:上述地址小区内旁边的垃圾站经常讲垃圾堆放在快递柜前面，并且该处还有很多车辆乱停乱放，市民表示取快递非常不方便，该情况存在1月时间，诉求：要求管理部门核实整治上述地址小区内混乱的现象。（市民要求信息保密 无需回复） ==> yes  
2025-06-12 23:29:08,064 ChatBI->     INFO     层级抽取文档： 市民反映：上述地址9月30日8:47，上述地址有人乱扔生活垃圾（详见附件）。诉求：希望管理部门及时清理。 ==> yes  
2025-06-12 23:29:08,064 ChatBI->     INFO     层级抽取文档： 市民来电反映:上述地址楼栋一楼大门口有大量小区居民乱扔的生活垃圾，大夏天异味严重有大量苍蝇，小区有指定的垃圾回收点，但该楼栋门口一直有乱扔现象，诉求：希望管理部门核实处理加强管理杜绝楼栋门口乱扔垃圾现象。（市民要求信息保密 需回复） ==> yes  
2025-06-12 23:29:08,064 ChatBI->     INFO     层级抽取文档： 市民反映：上述地址环境脏乱差，生活垃圾，医疗生物垃圾凌乱无人管理已达几月之久，市政及路政不作为放任垃圾在道路上堆积，口罩悬挂树上，严重污染环境，更有甚者垃圾从草丛里滚落至河道内也无人问津（详见附件）。诉求：请管理部门尽快清理垃圾。 ==> yes  
2025-06-12 23:29:08,064 ChatBI->     INFO     层级抽取文档： 市民来电反映:10月24日8:00左右到上述地址扔垃圾，但是看管垃圾的工作人员不让市民扔，而且态度也非常差，要求管理部门解释为什么不让市民扔垃圾。 ==> yes  
2025-06-12 23:29:08,064 ChatBI->     INFO     层级抽取文档： 市民反映：一直有人把上述地址当作垃圾站，已经有3-4个月在此处放可以回收的垃圾，垃圾堆成山，很多人反映但无果（详见附件）。诉求：希望管理部门及时清理。（市民要求信息保密，需要回复） ==> yes  
2025-06-12 23:29:08,375 ChatBI->     INFO     step_scores: ['yes', 'yes', 'yes', 'yes', 'yes', 'yes', 'yes', 'yes', 'yes', 'yes']
2025-06-12 23:29:08,375 ChatBI->     INFO     层级抽取文档： 市民来电反映:上述地址小区临平路133弄1号701的居民总是手机垃圾，纸板箱堆放在楼道中。市民表示多次向小区物业、居委反映。物业、居委上午清理后，晚上就把垃圾放回原位。夏天楼道内垃圾散发异味，还有消防隐患。但是多次反映，居委也不进行处理，市民表示最近还看到居委会被评为街道优秀垃圾分类小区居委会。因问题长期没有解决，投诉小区居委、物业不作为。诉求：请管理部门核实，对于为何不清理楼道内堆放的杂物给予合理解释。 ==> yes  
2025-06-12 23:29:08,375 ChatBI->     INFO     层级抽取文档： 市民来电反映:上述地址小区6号和9号中间的建筑垃圾。诉求：望管理部门核实尽快在春节之前清理掉此处堆放的建筑垃圾。（市民要求信息保密 无需回复） ==> yes  
2025-06-12 23:29:08,375 ChatBI->     INFO     层级抽取文档： 市民来电咨询:  商铺乱堆放杂物，其咨询浦东新区川沙新镇的城管联系方式. ==> yes  
2025-06-12 23:29:08,375 ChatBI->     INFO     层级抽取文档： 市民来电反映:其要投诉上述地址住户在楼道堆满了垃圾不清理导致一直发出异味且还滋生老鼠和蟑螂。诉求：希望管理部门整治该处楼道堆物问题。（市民要求信息保密，无需回复） ==> yes  
2025-06-12 23:29:08,375 ChatBI->     INFO     层级抽取文档： 市民反映：上述地址有杂物堆放，诉求：希望管理部门及时清理。 ==> yes  
2025-06-12 23:29:08,375 ChatBI->     INFO     层级抽取文档： 市民来电反映:上述地址存在群租的情况，住了很多人，乱扔烟头和垃圾。诉求：请管理部门核实整治。（市民要求信息保密 需回复） ==> yes  
2025-06-12 23:29:08,375 ChatBI->     INFO     层级抽取文档： 市民来电反映:自己是上述小区的居民，现在准备装修，发现小区没有装修垃圾临时堆放点，自己请了正规的环卫部门清运车来物业也不同意，要市民花更高的价格从物业这里请清运车，要求管理部门解释该物业的做法是否合规。 ==> yes  
2025-06-12 23:29:08,375 ChatBI->     INFO     层级抽取文档： 市民反映：小区建筑垃圾不清理，环境脏乱，物业管理差。诉求：请管理部门清理建筑垃圾。 ==> yes  
2025-06-12 23:29:08,375 ChatBI->     INFO     层级抽取文档： 市民来电补充信息。市民补充信息内容：之前部门就是把事项几乎拖到最后再回复，后续也没有清理垃圾，只说加强管理，要求尽快处理。【最近派发的工单编号：20240605035787，工单内容：重新交办，要求：按答复市民要点告知市民，市民表示前件答复市民要点不明确，市民表示此处并未清理，现在依然脏乱不堪，要求核实重新处理。工单内容：市民来电反映:上述地址两侧绿化带堆放大量垃圾，臭味熏天，诉求：要求管理部门清理绿化带垃圾（市民要求信息保密 无需回复）】 ==> yes  
2025-06-12 23:29:08,376 ChatBI->     INFO     层级抽取文档： 市民来电反映:  上述地址靠近大名城二期西区围墙外面人行道上堆放有两堆建筑材料堆放了有半年以上，上面盖着雨布。希望及时清理掉占道堆放的材料。    ==> yes  
2025-06-12 23:29:08,714 ChatBI->     INFO     step_scores: ['yes', 'yes', 'yes', 'yes', 'yes', 'yes', 'yes', 'no', 'yes', 'yes']
2025-06-12 23:29:08,714 ChatBI->     INFO     层级抽取文档： 市民反映：119号业主装修已经结束二周，楼前堆满了装修垃圾，其中有很多是布制家俱等，市民担心有人乱扔烟蒂，极易引发火灾，市民表示临近春节应该给居民营造好的环境。诉求：希望督促物业、居委在节前把垃圾清理干净。（市民要求信息保密，需要回复） ==> yes  
2025-06-12 23:29:08,714 ChatBI->     INFO     层级抽取文档： 市民来电反映:闵行区七宝镇青年路298号楼下有垃圾，有104室居民堆的垃圾，都堆满了，其表示104室是拣垃圾的，垃圾堆在此处弄的此处环境脏乱差，要求核查整治，让对方不要乱堆垃圾在此处。（信息保密，需回复） ==> yes  
2025-06-12 23:29:08,714 ChatBI->     INFO     层级抽取文档： 市民来电补充信息。市民补充信息内容为是186号与仁和医院就一墙之隔，目前还是有很多垃圾，希望管理部门尽快处理。【最近派发的工单编号：20240101004146，工单内容：市民来电反映:市民是上述地址小区居民，86号与仁和医院就一墙之隔，医院经常将垃圾往小区进行丢弃。诉求：请管理部门核实，对医院乱扔垃圾的行为进行制止。（市民需要信息保密，无需回复）
】 ==> yes  
2025-06-12 23:29:08,714 ChatBI->     INFO     层级抽取文档： 市民反映：上述地址堆着很多装修拆下来的破门窗。诉求：请管理部门清理垃圾。（市民要求信息保密，需要回复） ==> yes  
2025-06-12 23:29:08,714 ChatBI->     INFO     层级抽取文档： 市民反映：上述地址有装修垃圾，影响市容市貌。诉求：请及时清理。 ==> yes  
2025-06-12 23:29:08,714 ChatBI->     INFO     层级抽取文档： 市民来电反映:上述地址村里有个垃圾厂，没有资质，很影响周围环境，要求投诉整治。 ==> yes  
2025-06-12 23:29:08,714 ChatBI->     INFO     层级抽取文档： 市民来电反映: 街道准备在上述小区的后门，建造一个建筑垃圾堆放点，小区业委会和居民强烈反对，故此次施工没有经过业委会和居民的表决。诉求：投诉街道乱作为，要求停工整改。（市民要求信息保密 需回复） ==> yes  
2025-06-12 23:29:08,715 ChatBI->     INFO     层级抽取文档： 市民来电反映:上述地址小区的物业不仅服务态度差，而且违规收取清运建筑垃圾和装修保证金的费用。诉求：请管理部门核实处理物业的乱作为并要求解释物业有哪条规定可以收取这些费用。（市民要求信息保密 需回复） ==> no  
2025-06-12 23:29:08,715 ChatBI->     INFO     层级抽取文档： 市民来电反映:上述小区只有一栋楼是保障房，物业将保障房旁边擅自定为建筑垃圾的堆放点，旁边还设了一个快递驿站。物业承诺24小时有值班，但实际上20:00-次日8:00没有人值守。物业允许垃圾清运公司在21:30之后来清运垃圾，扬尘和噪音扰民。诉求：希望物业及时整改。（市民要求信息保密 需回复） ==> yes  
2025-06-12 23:29:08,715 ChatBI->     INFO     层级抽取文档： 市民来电反映:小区把从窨井盖内掏出来的垃圾扔在建筑垃圾上，非常臭，其表示之前反映过该问题，得到答复“承诺不会再发生此类事情”，但是现在该情况又死灰复燃，故再次来电，诉求：望管理部门核实制止把垃圾倒在建筑垃圾上。 ==> yes  
2025-06-12 23:29:09,052 ChatBI->     INFO     step_scores: ['yes', 'yes', 'yes', 'yes', 'yes', 'yes', 'yes', 'yes', 'yes', 'no']
2025-06-12 23:29:09,053 ChatBI->     INFO     层级抽取文档： 市民来电反映:上述地址的道路两边经常有生活垃圾堆放在路灯旁边，该处的绿化也是杂草丛生没有人养护，该情况存在半年时间，诉求：请管理部门核实清理垃圾并维护好道路两边的绿化。 ==> yes  
2025-06-12 23:29:09,053 ChatBI->     INFO     层级抽取文档：  重复来电:咨询处理进程。【最近派发工单编号：20240129028652，工单内容：市民来电反映:投诉松江区方松街道江学路555弄170号的商铺，商铺违建，搭阁楼乱堆放物品，诉求：要求管理部门查处取缔违建问题（需回复）】 ==> yes  
2025-06-12 23:29:09,053 ChatBI->     INFO     层级抽取文档： 市民来电反映:上述地址河流段从2024年10月除开始，有大量的垃圾漂流而来，不知道哪来的，污染河道，故来电。现诉求：望管理部门查实，清理该河道垃圾，并查处垃圾倾倒的源头 ==> yes  
2025-06-12 23:29:09,053 ChatBI->     INFO     层级抽取文档： 【重新交办，答复要点与事实不符，1、该处房屋性质为居民楼不因用作商用，2、木质房屋电动车乱停充电、快递包裹乱堆放影响居民出行且存在安全隐患。诉求：投诉天平街道不作为。（需回复）】（原工单20240429031552，【投诉】市民来电反映:其反映在小区内开快递公司问题已经一个月了。天平街道工作人员只是走过场，就过来看看，没有落实处理。诉求：投诉天平街道不作为。） ==> yes  
2025-06-12 23:29:09,053 ChatBI->     INFO     层级抽取文档： 市民来电反映:12:30宏南养护环卫工人不让市民在上述地址路边上垃圾桶投放垃圾，把其垃圾从垃圾桶里捡出来，放在路边上，诉求：核实并给予合理解释 ==> yes  
2025-06-12 23:29:09,053 ChatBI->     INFO     层级抽取文档： 市民来电反映: 上述地址居民楼道里还有居民楼门口有人堆放了很多纸板箱影响通行。有居民反映给居委会，居委会却一直没人处理过。市民投诉居委会不作为，要求尽快整治清理楼道堆物。（市民要求信息保密 无需回复） ==> yes  
2025-06-12 23:29:09,053 ChatBI->     INFO     层级抽取文档： 市民反映：曲江路100弄30号楼前有建筑垃圾已经有一个礼拜堆积在此无人清理，跟物业说清理，她说垃圾满了没办法。诉求：希望居委出面干涉下及时解决。 ==> yes  
2025-06-12 23:29:09,053 ChatBI->     INFO     层级抽取文档： 市民来电反映:12月13日18:50左右市民发现上述地址位置有垃圾，市民投诉地铁站垃圾卫生问题，要求管理部门核实处理。 ==> yes  
2025-06-12 23:29:09,053 ChatBI->     INFO     层级抽取文档： 【投诉】市民来电反映:之前向12345反馈上述地址堆放建筑垃圾，出入口安装地磅秤，管理部门给予与实际情况不符的答复，现上述地址出入口已经安装好地磅秤，故市民来电投诉管理部门不作为。诉求：望管理部门核实查处。（关联单号:20240907004301）（市民要求信息保密 需回复） ==> yes  
2025-06-12 23:29:09,053 ChatBI->     INFO     层级抽取文档： 市民反映：上述小区健身器材上有乱晾晒情况（详见附件）。诉求：投诉乱晾晒。 ==> no  
2025-06-12 23:29:09,436 ChatBI->     INFO     step_scores: ['no', 'yes', 'no', 'no', 'yes', 'yes', 'yes', 'yes', 'yes', 'yes']
2025-06-12 23:29:09,436 ChatBI->     INFO     层级抽取文档： 市民来电反映:上述地址隔壁的小区龙阳花苑，后门   靠近东三里桥路有一个垃圾回收站。每天早上6点就有垃圾车去收垃圾，声音很大，非常的吵。诉求：有关部门核实后要求其晚一点再收垃圾，或者降低噪音   ==> no  
2025-06-12 23:29:09,436 ChatBI->     INFO     层级抽取文档： 市民来电反映:宣桥镇陆桥村160号南面路边有很多生活垃圾。诉求：请管理部门尽快清理。（需回复） ==> yes  
2025-06-12 23:29:09,436 ChatBI->     INFO     层级抽取文档： 市民来电反映:上述地址内有很多违法乱搭建，用途是用来出租，诉求：希望有关部门查处该处的违法乱搭建。 ==> no  
2025-06-12 23:29:09,437 ChatBI->     INFO     层级抽取文档： 市民反映：小区门口一直有非机动车乱停放，行人无法行走。诉求：请整治共享单车乱停放。 ==> no  
2025-06-12 23:29:09,437 ChatBI->     INFO     层级抽取文档： 市民来电反映:浦东新区书院镇中芯国际西边有一堆建筑垃圾没人清理，已经7-8个月了，埋在下面导致鱼都死掉了。诉求：尽快清理垃圾。 ==> yes  
2025-06-12 23:29:09,437 ChatBI->     INFO     层级抽取文档： 市民来电补充信息。市民补充信息内容为市民主要针对居委会办事不力进行投诉，投诉对象时居委会，请管理部门尽快处理。【最近派发的工单编号：20240205017403，工单内容：市民来电反映:上述地址104室的天井有垃圾堆积，其堆积已经超过1楼。市民向居委反映过多次该处天井内垃圾堆积问题。但一直没有清理。市民了解到该户居民2024年2月5日要出门回家过年。如果现不及时清理，后续将无法清理垃圾。市民诉求：希望管理部门2024年2月5日尽快派人清理垃圾。（市民要求信息保密，无需回复）】 ==> yes  
2025-06-12 23:29:09,437 ChatBI->     INFO     层级抽取文档： 市民反映：上述地址小区东面快递柜旁每天都堆放了很多快递，不放进快递柜，影响小区的环境，有时候走路都也不好走。诉求：希望物业管一下，叫快递不要堆放在那里。 ==> yes  
2025-06-12 23:29:09,437 ChatBI->     INFO     层级抽取文档： 市民来电反映:上述地址附近有个垃圾房，管理人员管理的很好但半夜有人会去翻垃圾、打开垃圾房的水龙头不关，产生的异味和噪音影响附近居民休息，向物业和居委反映过但没有得到解决。诉求：希望谷管理部门核实处理，市民表示希望翻垃圾的人员远离居民楼再翻或者不要翻，关闭垃圾箱的水龙头，只留一桶水在旁边。（市民要求无需回复） ==> yes  
2025-06-12 23:29:09,437 ChatBI->     INFO     层级抽取文档： 市民来电反映:相同事项。【最近派发的工单编号:20241018007532，工单内容:市民来电反映:其是上述地址业主，隔壁303把很多杂物都堆放在3楼的楼道内，已经堆放到其家门口，影响其家正常生活。诉求：管理部门尽快整治303的楼道堆物。】 ==> yes  
2025-06-12 23:29:09,437 ChatBI->     INFO     层级抽取文档： 市民建议：其是静安区宝山路街道天汇世纪玺小区的居民，其小区门口宝山路两网融合中转站附近为居民区。垃圾站出入口直面街道，建筑垃圾粉尘易扩散，且回收部分垃圾有浓烈气味，严重影响周边居民的身心健康。中转站车辆往来无序，且存在占道乱停车，不仅堵塞相邻小区大门出入口，且严重影响附近居民出入交通安全。中转站夜间依旧有大卡车出入，装卸垃圾声音巨大，严重影响附近居民居民作息。综上，基于《上海市两网融合回收体系建设导则》中规定“中转站需与居民区有一定的安全防护距离，不得影响居民生活。”及以上问题，宝山路两网融合中转站并不适合放置在离居民区50米以内的区域（详见附件）。诉求：建议对中转站重新选址并搬迁。 ==> yes  
2025-06-12 23:29:09,777 ChatBI->     INFO     step_scores: ['yes', 'yes', 'yes', 'no', 'no', 'yes', 'yes', 'yes', 'yes', 'yes']
2025-06-12 23:29:09,777 ChatBI->     INFO     层级抽取文档： 市民来电反映:市民车辆停放在上述地址，1月16日早上发现自己车辆上被倒了垃圾，从垃圾种类判断可能是附近商铺倒得垃圾，诉求：希望管理部门能协调调取1月15日晚上到1月16日早上路口监控查找肇事人 ==> yes  
2025-06-12 23:29:09,777 ChatBI->     INFO     层级抽取文档： 市民来电反映:小区门口沿街绿化带内全是垃圾，一直无人清理，影响环境。诉求：望管理部门核实尽快清除绿化带中的垃圾并加强平日管理工作。（市民要求信息保密 需回复） ==> yes  
2025-06-12 23:29:09,777 ChatBI->     INFO     层级抽取文档： 【重新交办，要求：答复要点与实际情况不符,上述地址楼道内仍有垃圾堆（详见附件）。诉求：请管理部门清理垃圾。最近办结的工单编号：20231102014475，工单内容：楼道内弄成垃圾臭味弥漫整楼，破坏绿地自建停车平台，蚊虫满天飞（详见附件）。这跟美丽闵行，安居颛桥完全不符。诉求：要求核实整改。（市民要求信息保密，需要回复）】 ==> yes  
2025-06-12 23:29:09,778 ChatBI->     INFO     层级抽取文档： 市民来电反映:市民是上述地址的门面房，11月3日规定的时间段内环卫来收垃圾，但是拒收市民的生活垃圾，市民对此不认可，诉求：请管理部门给到合理解释。 ==> no  
2025-06-12 23:29:09,778 ChatBI->     INFO     层级抽取文档： 市民来电反映:上述地址存在电瓶车乱停放问题，物业公司会在白天进行清理，但是现在业主在晚上停放，诉求：请管理部门晚上清理电瓶车乱停问题 ==> no  
2025-06-12 23:29:09,778 ChatBI->     INFO     层级抽取文档： 市民来电反映:该处地址楼道有堆放废弃的台子，很久没有人来拿，诉求：要求将楼道清理干净。（市民要求信息保密，需要回复） ==> yes  
2025-06-12 23:29:09,778 ChatBI->     INFO     层级抽取文档： 市民反映：上述地址家门口的垃圾堆物无人处理。诉求：要求清理垃圾。（市民要求信息保密，需要回复） ==> yes  
2025-06-12 23:29:09,778 ChatBI->     INFO     层级抽取文档： 市民来电反映相同事项。【最近办结的工单编号：20240913022599，工单内容：重新交办，要求：按答复要点告知市民，市民表示答复要点与实际情况不符，其要去将该点位设置到小区外，而不应该因为反映的人少而继续放在小区内，市民表示垃圾都是从外面来的，而非小区内，要求放到小区外面。诉求：希望管理部门核实，原诉求不变。（市民要求信息保密... ==> yes  
2025-06-12 23:29:09,778 ChatBI->     INFO     层级抽取文档： 市民来电反映:上述地址有一位收废品的人员，一直将垃圾扔在人行道上。诉求：请管理部门核实并加强管理。（市民要求信息保密 无需回复） ==> yes  
2025-06-12 23:29:09,778 ChatBI->     INFO     层级抽取文档： 市民来电反复催单。催单原因：市民称管理部门至今未给予任何回复，请管理部门尽快处理。【最近派发的工单编号：20240821040620，工单内容：市民来电反映:上述地址养鸡场将废料、废水、废弃物直接排在东侧河道内，河道有严重污染，河道颜色发生，味道恶臭，养鸡场周围农田内存在白色垃圾，养鸡产生的废料随意堆放在农田内。诉求：请管理部门尽快介入整治处理（市民要求信息保密 需回复）】 ==> yes  
2025-06-12 23:29:10,075 ChatBI->     INFO     step_scores: ['no', 'yes', 'no', 'yes', 'yes', 'yes', 'no', 'yes', 'no', 'no']
2025-06-12 23:29:10,075 ChatBI->     INFO     层级抽取文档： 市民来电反映:其是上述地址的小区居民，其小区内有很多非机动车乱停放的情况。市民表示向物业反映过问题，没有得到解决。诉求：请管理部门尽快查处非机动车乱停放的情况。 ==> no  
2025-06-12 23:29:10,075 ChatBI->     INFO     层级抽取文档： 市民来电反映:浦东新区德平路浦东大道，目前723路公交车站的车站路口垃圾太多，诉求：请尽快清理。 ==> yes  
2025-06-12 23:29:10,075 ChatBI->     INFO     层级抽取文档： 市民来电反映:上述地址村里之前建造的食堂，食堂旁边进出的道路现在经常有车辆在该处乱停车，影响正常通行，诉求：希望管理部门对该处道路乱停车问题进行管理。 ==> no  
2025-06-12 23:29:10,075 ChatBI->     INFO     层级抽取文档： 市民补充信息：村委在其家小树林旁偷偷焚烧垃圾，烧死了市民家十几棵银杏树，已经向村委反映，村干部推诿不承认，冬天天干物燥，怕烧着小树林，引起更大的火灾。 【最近派发的工单编号：20231219004759，工单内容：市民反映：村委随意乱堆乱放垃圾，严重影响村民的树林。随意焚烧垃圾，造成旁边十几棵银杏树烧死，村委推诿狡辩，推卸责任。白色塑料袋随意乱飞，造成环境脏乱差（详见附件）。诉求：投诉村委污染环境，破坏绿地，要求整治该现象。】 ==> yes  
2025-06-12 23:29:10,075 ChatBI->     INFO     层级抽取文档： 市民来电反映:上述地址16号是沿街商铺，楼上有人高空抛物丢生活垃圾还有粪便在16号门口区域，味道非常大。诉求：希望管理部门可以尽快派人清扫。 ==> yes  
2025-06-12 23:29:10,075 ChatBI->     INFO     层级抽取文档： 市民来电反映:市民表示有一个市民，由于上述地址公园长期有很多粪便垃圾无人清理。自愿在上述地址的公园内做了清理环境垃圾做了一年多。没有管理部门知道该情况。诉求：请当地市容绿化部门联系市民。 ==> yes  
2025-06-12 23:29:10,075 ChatBI->     INFO     层级抽取文档： 市民来电反映: 上述地址每天凌晨0:00-5:00之间经常有两位流浪人员捡垃圾翻垃圾, 市民表示没有治安问题，诉求: 希望管理部门核实收留该流浪人员.（市民要求信息保密 无需回复） ==> no  
2025-06-12 23:29:10,075 ChatBI->     INFO     层级抽取文档： 市民来电反映:上述地址装修将建筑垃圾都用绳子从楼上吊下楼，灰尘对周围居民生活带来影响且有安全隐患。诉求：要求管理部门协调整治。 ==> yes  
2025-06-12 23:29:10,075 ChatBI->     INFO     层级抽取文档： 市民来电咨询:上述道路乱停车的问题。 ==> no  
2025-06-12 23:29:10,075 ChatBI->     INFO     层级抽取文档： 市民来电咨询:华为被乱扣费。 ==> no  
2025-06-12 23:29:10,443 ChatBI->     INFO     step_scores: ['no', 'no', 'no', 'yes', 'yes', 'yes', 'yes', 'no', 'yes', 'yes']
2025-06-12 23:29:10,443 ChatBI->     INFO     层级抽取文档： 市民补充信息：昌翔路德力西路口，垃圾回收站有重大消防安全隐患，消防设施不齐，用电隐患，违规住人、做饭等一系列重大安全隐患，希望管理部门尽快严查。【最近派发的工单编号：20240229022153，工单内容：【投诉】市民反映：昌翔路188号的院内有一家大型垃圾回收站，存在着严重的消防安全隐患。市民多次投诉无果，诉求：请管理部门部门严查相关单位不作为。（前工单编号：20240126011263）（市民要求信息保密，无需回复）】 ==> no  
2025-06-12 23:29:10,443 ChatBI->     INFO     层级抽取文档： 【重新交办，要求：按答复要点告知市民，市民表示管理部门答复要点与实际不符。管理部门称“垃圾清运费为物业代收，小区内建筑垃圾由有资质的第三方清运单位统一清运，故不退垃圾清运费”，但是市民表示房屋属于毛坯房，只是进行了卫生间铺设地砖，而且并未产生大量的建筑垃圾，只是一些生活垃圾，由水泥师傅直接带出小区，并未让物业帮其清运，也没有产生任何的垃圾清运，要求退还垃圾清运费【最近派发的工单编号:20240904012140，工单内容:市民来电反映:其是上述地址业主，在进行房屋装修时，物业收取了市民550元垃圾清理费，但是垃圾是市民让装修公司处理的，并没有让物业清理，物业表示垃圾清运费不给退。诉求：要... ==> no  
2025-06-12 23:29:10,443 ChatBI->     INFO     层级抽取文档： 市民来电反映:新源村332号 333号在政府规划公共道路上设置路障不让通行，332号的人是联防队员，市民认为是乱用权利乱作为，不满来电投诉，诉求：请管理部门核实，要求整改乱设路障行为（市民要求信息保密 需回复） ==> no  
2025-06-12 23:29:10,443 ChatBI->     INFO     层级抽取文档： 市民来电反映:现在公共道路上垃圾桶设置较少，而且垃圾桶的形制扔垃圾不便，而且打扫清洁不便。诉求：请管理部门能够考虑增设垃圾桶，并改垃圾桶形制，采用揭盖式，圆形桶类似美国设置的垃圾桶。这样既方便垃圾倾倒，也方便清洁。（需回复） ==> yes  
2025-06-12 23:29:10,443 ChatBI->     INFO     层级抽取文档： 市民来电反映:其上述地址家门口被无故堆积20-30袋堆积水泥，不清楚是哪个部门摆放，影响通行。.诉求：希望核查及时清理水泥。 ==> yes  
2025-06-12 23:29:10,443 ChatBI->     INFO     层级抽取文档： 市民来电反映:上述地址附近的沿街商铺，将垃圾扔在路边的垃圾桶内，有工作人员(姓名：张学钢)上门制止，市民对此有疑问，表示平时一直是这样操作的，为什么有领导检查就不能扔了。诉求：请管理部门尽快核实给予合理解释。（市民要求信息保密 需回复） ==> yes  
2025-06-12 23:29:10,443 ChatBI->     INFO     层级抽取文档： 市民反映：上述地址大厦A栋2楼楼梯间有人堆放材料。诉求：要求清理堆物。（市民要求信息保密，需要回复） ==> yes  
2025-06-12 23:29:10,443 ChatBI->     INFO     层级抽取文档： 市民来电反映:市民反映外省市非法乱采矿。 ==> no  
2025-06-12 23:29:10,443 ChatBI->     INFO     层级抽取文档： 市民来电咨询处理进度。【最近派发的工单编号：20240312005930，工单内容：2023年在破坏的农田上堆放了200多万立方的烂泥土，政府应收取2个多亿元堆放费去向不明为何闭口不谈，要求区领导朱芝松和吴金诚紧急约谈责任领导和与政府捆绑的企业动迁公司负责人兑现政府的承诺，追回国家的损失。（信息保密，无需回复）】 ==> yes  
2025-06-12 23:29:10,443 ChatBI->     INFO     层级抽取文档： 市民来电反映:其是上述地址居民，市民称2楼平台的水沟没有清扫，积水严重，都是垃圾，环境脏乱差，向居委会反映，居委会一直没有处理，称春节之前都没有工作人员，市民对此不满，故来电。诉求：要求管理部门尽快到现场查看，并予以清理。（需回复） ==> yes  
2025-06-12 23:29:10,444 ChatBI->     INFO     阈值索引为：1386, 窗口大小为: 100 
2025-06-12 23:29:10,444 ChatBI->     INFO     确定的文档: 1287; 在次确认的文档: 199
2025-06-12 23:29:16,664 ChatBI->     INFO     从199个需再次确认的文档中筛选出的相关文档数量：121
2025-06-12 23:29:16,664 ChatBI->     INFO     示例文档：['市民反映：小区内绿化带内有散在垃圾，诉求：希望物业加强清理。（市民要求信息保密，需要回复）', '市民来电反映:其是上述小区居民，小区长期有居民习惯在楼道门口扔垃圾，屡禁不止。市民到各处都反映过，但一直得不到解决。其希望属地城管部门能按照法规，对乱扔居民进行处罚，但之前都被转到居委处理。市民强调居委已经解决不了此问题。诉求：要求转到城管处置，对违规居民给予处罚，彻底制止此情况。（市民要求信息保密 需回复）', '【重新交办，要求：答复要点与实际情况不符，生活垃圾房位于青浦区泾安路朵朵幼儿园东侧虹桥招商公馆北区，该垃圾房正对幼儿园开放空间，且对外占用人行道作业。多次投诉，转至安居办，回复规划合规，无任何改善措施。但该生活垃圾站对外作业，不仅臭气熏天、细菌污染，可能影响2-6岁幼儿园身心健康，而且占用道路和人行道，导致无法通行，污染环境，影响交通。诉求：希望管理部门再次处理。最近办结的工单编号：20240904030719，工单内容：徐泾镇朵朵幼儿园尚涵部位于青浦区徐泾镇尚涵路350号，东、西两侧共设有两个生活垃圾处置点，疑似违规占道作业，存在影响幼儿身体健康的潜在巨大危害。朵朵幼儿园尚涵部于202...', '市民来电反映:其是上述地址居民，其家装修后4月28日要将建筑垃圾运出小区，但小区物业不给其运出，并且小区内有很多垃圾物业也不进行清理，市民要求投诉物业。诉求：希望管理部门核实并给到市民说法（市民要求信息保密，需回复）', '市民来电反映:浦东新区罗山路杨高路下立交（辅道）北侧，存在2-3吨的生活垃圾，已经3个月还没有清理，诉求：希望有关部门加强巡查尽快清理。']
2025-06-12 23:29:16,668 ChatBI->     INFO     没有找到<  >对应的视图
2025-06-12 23:29:16,668 ChatBI->     INFO     sql 语句：SELECT DISTINCT `诉求地址` FROM shanghai WHERE  `内容描述` IN (:val0, :val1, :val2, :val3, :val4, :val5, :val6, :val7, :val8, :val9, :val10, :val11, :val12, :val13, :val14, :val15, :val16, :val17, :val18, :val19, :val20, :val21, :val22, :val23, :val24, :val25, :val26, :val27, :val28, :val29, :val30, :val31, :val32, :val33, :val34, :val35, :val36, :val37, :val38, :val39, :val40, :val41, :val42, :val43, :val44, :val45, :val46, :val47, :val48, :val49, :val50, :val51, :val52, :val53, :val54, :val55, :val56, :val57, :val58, :val59, :val60, :val61, :val62, :val63, :val64, :val65, :val66, :val67, :val68, :val69, :val70, :val71, :val72, :val73, :val74, :val75, :val76, :val77, :val78, :val79, :val80, :val81, :val82, :val83, :val84, :val85, :val86, :val87, :val88, :val89, :val90, :val91, :val92, :val93, :val94, :val95, :val96, :val97, :val98, :val99, :val100, :val101, :val102, :val103, :val104, :val105, :val106, :val107, :val108, :val109, :val110, :val111, :val112, :val113, :val114, :val115, :val116, :val117, :val118, :val119, :val120, :val121, :val122, :val123, :val124, :val125, :val126, :val127, :val128, :val129, :val130, :val131, :val132, :val133, :val134, :val135, :val136, :val137, :val138, :val139, :val140, :val141, :val142, :val143, :val144, :val145, :val146, :val147, :val148, :val149, :val150, :val151, :val152, :val153, :val154, :val155, :val156, :val157, :val158, :val159, :val160, :val161, :val162, :val163, :val164, :val165, :val166, :val167, :val168, :val169, :val170, :val171, :val172, :val173, :val174, :val175, :val176, :val177, :val178, :val179, :val180, :val181, :val182, :val183, :val184, :val185, :val186, :val187, :val188, :val189, :val190, :val191, :val192, :val193, :val194, :val195, :val196, :val197, :val198, :val199, :val200, :val201, :val202, :val203, :val204, :val205, :val206, :val207, :val208, :val209, :val210, :val211, :val212, :val213, :val214, :val215, :val216, :val217, :val218, :val219, :val220, :val221, :val222, :val223, :val224, :val225, :val226, :val227, :val228, :val229, :val230, :val231, :val232, :val233, :val234, :val235, :val236, :val237, :val238, :val239, :val240, :val241, :val242, :val243, :val244, :val245, :val246, :val247, :val248, :val249, :val250, :val251, :val252, :val253, :val254, :val255, :val256, :val257, :val258, :val259, :val260, :val261, :val262, :val263, :val264, :val265, :val266, :val267, :val268, :val269, :val270, :val271, :val272, :val273, :val274, :val275, :val276, :val277, :val278, :val279, :val280, :val281, :val282, :val283, :val284, :val285, :val286, :val287, :val288, :val289, :val290, :val291, :val292, :val293, :val294, :val295, :val296, :val297, :val298, :val299, :val300, :val301, :val302, :val303, :val304, :val305, :val306, :val307, :val308, :val309, :val310, :val311, :val312, :val313, :val314, :val315, :val316, :val317, :val318, :val319, :val320, :val321, :val322, :val323, :val324, :val325, :val326, :val327, :val328, :val329, :val330, :val331, :val332, :val333, :val334, :val335, :val336, :val337, :val338, :val339, :val340, :val341, :val342, :val343, :val344, :val345, :val346, :val347, :val348, :val349, :val350, :val351, :val352, :val353, :val354, :val355, :val356, :val357, :val358, :val359, :val360, :val361, :val362, :val363, :val364, :val365, :val366, :val367, :val368, :val369, :val370, :val371, :val372, :val373, :val374, :val375, :val376, :val377, :val378, :val379, :val380, :val381, :val382, :val383, :val384, :val385, :val386, :val387, :val388, :val389, :val390, :val391, :val392, :val393, :val394, :val395, :val396, :val397, :val398, :val399, :val400, :val401, :val402, :val403, :val404, :val405, :val406, :val407, :val408, :val409, :val410, :val411, :val412, :val413, :val414, :val415, :val416, :val417, :val418, :val419, :val420, :val421, :val422, :val423, :val424, :val425, :val426, :val427, :val428, :val429, :val430, :val431, :val432, :val433, :val434, :val435, :val436, :val437, :val438, :val439, :val440, :val441, :val442, :val443, :val444, :val445, :val446, :val447, :val448, :val449, :val450, :val451, :val452, :val453, :val454, :val455, :val456, :val457, :val458, :val459, :val460, :val461, :val462, :val463, :val464, :val465, :val466, :val467, :val468, :val469, :val470, :val471, :val472, :val473, :val474, :val475, :val476, :val477, :val478, :val479, :val480, :val481, :val482, :val483, :val484, :val485, :val486, :val487, :val488, :val489, :val490, :val491, :val492, :val493, :val494, :val495, :val496, :val497, :val498, :val499, :val500, :val501, :val502, :val503, :val504, :val505, :val506, :val507, :val508, :val509, :val510, :val511, :val512, :val513, :val514, :val515, :val516, :val517, :val518, :val519, :val520, :val521, :val522, :val523, :val524, :val525, :val526, :val527, :val528, :val529, :val530, :val531, :val532, :val533, :val534, :val535, :val536, :val537, :val538, :val539, :val540, :val541, :val542, :val543, :val544, :val545, :val546, :val547, :val548, :val549, :val550, :val551, :val552, :val553, :val554, :val555, :val556, :val557, :val558, :val559, :val560, :val561, :val562, :val563, :val564, :val565, :val566, :val567, :val568, :val569, :val570, :val571, :val572, :val573, :val574, :val575, :val576, :val577, :val578, :val579, :val580, :val581, :val582, :val583, :val584, :val585, :val586, :val587, :val588, :val589, :val590, :val591, :val592, :val593, :val594, :val595, :val596, :val597, :val598, :val599, :val600, :val601, :val602, :val603, :val604, :val605, :val606, :val607, :val608, :val609, :val610, :val611, :val612, :val613, :val614, :val615, :val616, :val617, :val618, :val619, :val620, :val621, :val622, :val623, :val624, :val625, :val626, :val627, :val628, :val629, :val630, :val631, :val632, :val633, :val634, :val635, :val636, :val637, :val638, :val639, :val640, :val641, :val642, :val643, :val644, :val645, :val646, :val647, :val648, :val649, :val650, :val651, :val652, :val653, :val654, :val655, :val656, :val657, :val658, :val659, :val660, :val661, :val662, :val663, :val664, :val665, :val666, :val667, :val668, :val669, :val670, :val671, :val672, :val673, :val674, :val675, :val676, :val677, :val678, :val679, :val680, :val681, :val682, :val683, :val684, :val685, :val686, :val687, :val688, :val689, :val690, :val691, :val692, :val693, :val694, :val695, :val696, :val697, :val698, :val699, :val700, :val701, :val702, :val703, :val704, :val705, :val706, :val707, :val708, :val709, :val710, :val711, :val712, :val713, :val714, :val715, :val716, :val717, :val718, :val719, :val720, :val721, :val722, :val723, :val724, :val725, :val726, :val727, :val728, :val729, :val730, :val731, :val732, :val733, :val734, :val735, :val736, :val737, :val738, :val739, :val740, :val741, :val742, :val743, :val744, :val745, :val746, :val747, :val748, :val749, :val750, :val751, :val752, :val753, :val754, :val755, :val756, :val757, :val758, :val759, :val760, :val761, :val762, :val763, :val764, :val765, :val766, :val767, :val768, :val769, :val770, :val771, :val772, :val773, :val774, :val775, :val776, :val777, :val778, :val779, :val780, :val781, :val782, :val783, :val784, :val785, :val786, :val787, :val788, :val789, :val790, :val791, :val792, :val793, :val794, :val795, :val796, :val797, :val798, :val799, :val800, :val801, :val802, :val803, :val804, :val805, :val806, :val807, :val808, :val809, :val810, :val811, :val812, :val813, :val814, :val815, :val816, :val817, :val818, :val819, :val820, :val821, :val822, :val823, :val824, :val825, :val826, :val827, :val828, :val829, :val830, :val831, :val832, :val833, :val834, :val835, :val836, :val837, :val838, :val839, :val840, :val841, :val842, :val843, :val844, :val845, :val846, :val847, :val848, :val849, :val850, :val851, :val852, :val853, :val854, :val855, :val856, :val857, :val858, :val859, :val860, :val861, :val862, :val863, :val864, :val865, :val866, :val867, :val868, :val869, :val870, :val871, :val872, :val873, :val874, :val875, :val876, :val877, :val878, :val879, :val880, :val881, :val882, :val883, :val884, :val885, :val886, :val887, :val888, :val889, :val890, :val891, :val892, :val893, :val894, :val895, :val896, :val897, :val898, :val899, :val900, :val901, :val902, :val903, :val904, :val905, :val906, :val907, :val908, :val909, :val910, :val911, :val912, :val913, :val914, :val915, :val916, :val917, :val918, :val919, :val920, :val921, :val922, :val923, :val924, :val925, :val926, :val927, :val928, :val929, :val930, :val931, :val932, :val933, :val934, :val935, :val936, :val937, :val938, :val939, :val940, :val941, :val942, :val943, :val944, :val945, :val946, :val947, :val948, :val949, :val950, :val951, :val952, :val953, :val954, :val955, :val956, :val957, :val958, :val959, :val960, :val961, :val962, :val963, :val964, :val965, :val966, :val967, :val968, :val969, :val970, :val971, :val972, :val973, :val974, :val975, :val976, :val977, :val978, :val979, :val980, :val981, :val982, :val983, :val984, :val985, :val986, :val987, :val988, :val989, :val990, :val991, :val992, :val993, :val994, :val995, :val996, :val997, :val998, :val999, :val1000, :val1001, :val1002, :val1003, :val1004, :val1005, :val1006, :val1007, :val1008, :val1009, :val1010, :val1011, :val1012, :val1013, :val1014, :val1015, :val1016, :val1017, :val1018, :val1019, :val1020, :val1021, :val1022, :val1023, :val1024, :val1025, :val1026, :val1027, :val1028, :val1029, :val1030, :val1031, :val1032, :val1033, :val1034, :val1035, :val1036, :val1037, :val1038, :val1039, :val1040, :val1041, :val1042, :val1043, :val1044, :val1045, :val1046, :val1047, :val1048, :val1049, :val1050, :val1051, :val1052, :val1053, :val1054, :val1055, :val1056, :val1057, :val1058, :val1059, :val1060, :val1061, :val1062, :val1063, :val1064, :val1065, :val1066, :val1067, :val1068, :val1069, :val1070, :val1071, :val1072, :val1073, :val1074, :val1075, :val1076, :val1077, :val1078, :val1079, :val1080, :val1081, :val1082, :val1083, :val1084, :val1085, :val1086, :val1087, :val1088, :val1089, :val1090, :val1091, :val1092, :val1093, :val1094, :val1095, :val1096, :val1097, :val1098, :val1099, :val1100, :val1101, :val1102, :val1103, :val1104, :val1105, :val1106, :val1107, :val1108, :val1109, :val1110, :val1111, :val1112, :val1113, :val1114, :val1115, :val1116, :val1117, :val1118, :val1119, :val1120, :val1121, :val1122, :val1123, :val1124, :val1125, :val1126, :val1127, :val1128, :val1129, :val1130, :val1131, :val1132, :val1133, :val1134, :val1135, :val1136, :val1137, :val1138, :val1139, :val1140, :val1141, :val1142, :val1143, :val1144, :val1145, :val1146, :val1147, :val1148, :val1149, :val1150, :val1151, :val1152, :val1153, :val1154, :val1155, :val1156, :val1157, :val1158, :val1159, :val1160, :val1161, :val1162, :val1163, :val1164, :val1165, :val1166, :val1167, :val1168, :val1169, :val1170, :val1171, :val1172, :val1173, :val1174, :val1175, :val1176, :val1177, :val1178, :val1179, :val1180, :val1181, :val1182, :val1183, :val1184, :val1185, :val1186, :val1187, :val1188, :val1189, :val1190, :val1191, :val1192, :val1193, :val1194, :val1195, :val1196, :val1197, :val1198, :val1199, :val1200, :val1201, :val1202, :val1203, :val1204, :val1205, :val1206, :val1207, :val1208, :val1209, :val1210, :val1211, :val1212, :val1213, :val1214, :val1215, :val1216, :val1217, :val1218, :val1219, :val1220, :val1221, :val1222, :val1223, :val1224, :val1225, :val1226, :val1227, :val1228, :val1229, :val1230, :val1231, :val1232, :val1233, :val1234, :val1235, :val1236, :val1237, :val1238, :val1239, :val1240, :val1241, :val1242, :val1243, :val1244, :val1245, :val1246, :val1247, :val1248, :val1249, :val1250, :val1251, :val1252, :val1253, :val1254, :val1255, :val1256, :val1257, :val1258, :val1259, :val1260, :val1261, :val1262, :val1263, :val1264, :val1265, :val1266, :val1267, :val1268, :val1269, :val1270, :val1271, :val1272, :val1273, :val1274, :val1275, :val1276, :val1277, :val1278, :val1279, :val1280, :val1281, :val1282, :val1283, :val1284, :val1285, :val1286, :val1287, :val1288, :val1289, :val1290, :val1291, :val1292, :val1293, :val1294, :val1295, :val1296, :val1297, :val1298, :val1299, :val1300, :val1301, :val1302, :val1303, :val1304, :val1305, :val1306, :val1307, :val1308, :val1309, :val1310, :val1311, :val1312, :val1313, :val1314, :val1315, :val1316, :val1317, :val1318, :val1319, :val1320, :val1321, :val1322, :val1323, :val1324, :val1325, :val1326, :val1327, :val1328, :val1329, :val1330, :val1331, :val1332, :val1333, :val1334, :val1335, :val1336, :val1337, :val1338, :val1339, :val1340, :val1341, :val1342, :val1343, :val1344, :val1345, :val1346, :val1347, :val1348, :val1349, :val1350, :val1351, :val1352, :val1353, :val1354, :val1355, :val1356, :val1357, :val1358, :val1359, :val1360, :val1361, :val1362, :val1363, :val1364, :val1365, :val1366, :val1367, :val1368, :val1369, :val1370, :val1371, :val1372, :val1373, :val1374, :val1375, :val1376, :val1377, :val1378, :val1379, :val1380, :val1381, :val1382, :val1383, :val1384, :val1385, :val1386, :val1387, :val1388, :val1389, :val1390, :val1391, :val1392, :val1393, :val1394, :val1395, :val1396, :val1397, :val1398, :val1399, :val1400, :val1401, :val1402, :val1403, :val1404, :val1405, :val1406, :val1407) AND YEAR(`工单生成时间`) = 2024 LIMIT 5000;
2025-06-12 23:29:18,009 ChatBI->     INFO     sql 语句：SELECT * FROM shanghai WHERE  `内容描述` IN (:val0, :val1, :val2, :val3, :val4, :val5, :val6, :val7, :val8, :val9, :val10, :val11, :val12, :val13, :val14, :val15, :val16, :val17, :val18, :val19, :val20, :val21, :val22, :val23, :val24, :val25, :val26, :val27, :val28, :val29, :val30, :val31, :val32, :val33, :val34, :val35, :val36, :val37, :val38, :val39, :val40, :val41, :val42, :val43, :val44, :val45, :val46, :val47, :val48, :val49, :val50, :val51, :val52, :val53, :val54, :val55, :val56, :val57, :val58, :val59, :val60, :val61, :val62, :val63, :val64, :val65, :val66, :val67, :val68, :val69, :val70, :val71, :val72, :val73, :val74, :val75, :val76, :val77, :val78, :val79, :val80, :val81, :val82, :val83, :val84, :val85, :val86, :val87, :val88, :val89, :val90, :val91, :val92, :val93, :val94, :val95, :val96, :val97, :val98, :val99, :val100, :val101, :val102, :val103, :val104, :val105, :val106, :val107, :val108, :val109, :val110, :val111, :val112, :val113, :val114, :val115, :val116, :val117, :val118, :val119, :val120, :val121, :val122, :val123, :val124, :val125, :val126, :val127, :val128, :val129, :val130, :val131, :val132, :val133, :val134, :val135, :val136, :val137, :val138, :val139, :val140, :val141, :val142, :val143, :val144, :val145, :val146, :val147, :val148, :val149, :val150, :val151, :val152, :val153, :val154, :val155, :val156, :val157, :val158, :val159, :val160, :val161, :val162, :val163, :val164, :val165, :val166, :val167, :val168, :val169, :val170, :val171, :val172, :val173, :val174, :val175, :val176, :val177, :val178, :val179, :val180, :val181, :val182, :val183, :val184, :val185, :val186, :val187, :val188, :val189, :val190, :val191, :val192, :val193, :val194, :val195, :val196, :val197, :val198, :val199, :val200, :val201, :val202, :val203, :val204, :val205, :val206, :val207, :val208, :val209, :val210, :val211, :val212, :val213, :val214, :val215, :val216, :val217, :val218, :val219, :val220, :val221, :val222, :val223, :val224, :val225, :val226, :val227, :val228, :val229, :val230, :val231, :val232, :val233, :val234, :val235, :val236, :val237, :val238, :val239, :val240, :val241, :val242, :val243, :val244, :val245, :val246, :val247, :val248, :val249, :val250, :val251, :val252, :val253, :val254, :val255, :val256, :val257, :val258, :val259, :val260, :val261, :val262, :val263, :val264, :val265, :val266, :val267, :val268, :val269, :val270, :val271, :val272, :val273, :val274, :val275, :val276, :val277, :val278, :val279, :val280, :val281, :val282, :val283, :val284, :val285, :val286, :val287, :val288, :val289, :val290, :val291, :val292, :val293, :val294, :val295, :val296, :val297, :val298, :val299, :val300, :val301, :val302, :val303, :val304, :val305, :val306, :val307, :val308, :val309, :val310, :val311, :val312, :val313, :val314, :val315, :val316, :val317, :val318, :val319, :val320, :val321, :val322, :val323, :val324, :val325, :val326, :val327, :val328, :val329, :val330, :val331, :val332, :val333, :val334, :val335, :val336, :val337, :val338, :val339, :val340, :val341, :val342, :val343, :val344, :val345, :val346, :val347, :val348, :val349, :val350, :val351, :val352, :val353, :val354, :val355, :val356, :val357, :val358, :val359, :val360, :val361, :val362, :val363, :val364, :val365, :val366, :val367, :val368, :val369, :val370, :val371, :val372, :val373, :val374, :val375, :val376, :val377, :val378, :val379, :val380, :val381, :val382, :val383, :val384, :val385, :val386, :val387, :val388, :val389, :val390, :val391, :val392, :val393, :val394, :val395, :val396, :val397, :val398, :val399, :val400, :val401, :val402, :val403, :val404, :val405, :val406, :val407, :val408, :val409, :val410, :val411, :val412, :val413, :val414, :val415, :val416, :val417, :val418, :val419, :val420, :val421, :val422, :val423, :val424, :val425, :val426, :val427, :val428, :val429, :val430, :val431, :val432, :val433, :val434, :val435, :val436, :val437, :val438, :val439, :val440, :val441, :val442, :val443, :val444, :val445, :val446, :val447, :val448, :val449, :val450, :val451, :val452, :val453, :val454, :val455, :val456, :val457, :val458, :val459, :val460, :val461, :val462, :val463, :val464, :val465, :val466, :val467, :val468, :val469, :val470, :val471, :val472, :val473, :val474, :val475, :val476, :val477, :val478, :val479, :val480, :val481, :val482, :val483, :val484, :val485, :val486, :val487, :val488, :val489, :val490, :val491, :val492, :val493, :val494, :val495, :val496, :val497, :val498, :val499, :val500, :val501, :val502, :val503, :val504, :val505, :val506, :val507, :val508, :val509, :val510, :val511, :val512, :val513, :val514, :val515, :val516, :val517, :val518, :val519, :val520, :val521, :val522, :val523, :val524, :val525, :val526, :val527, :val528, :val529, :val530, :val531, :val532, :val533, :val534, :val535, :val536, :val537, :val538, :val539, :val540, :val541, :val542, :val543, :val544, :val545, :val546, :val547, :val548, :val549, :val550, :val551, :val552, :val553, :val554, :val555, :val556, :val557, :val558, :val559, :val560, :val561, :val562, :val563, :val564, :val565, :val566, :val567, :val568, :val569, :val570, :val571, :val572, :val573, :val574, :val575, :val576, :val577, :val578, :val579, :val580, :val581, :val582, :val583, :val584, :val585, :val586, :val587, :val588, :val589, :val590, :val591, :val592, :val593, :val594, :val595, :val596, :val597, :val598, :val599, :val600, :val601, :val602, :val603, :val604, :val605, :val606, :val607, :val608, :val609, :val610, :val611, :val612, :val613, :val614, :val615, :val616, :val617, :val618, :val619, :val620, :val621, :val622, :val623, :val624, :val625, :val626, :val627, :val628, :val629, :val630, :val631, :val632, :val633, :val634, :val635, :val636, :val637, :val638, :val639, :val640, :val641, :val642, :val643, :val644, :val645, :val646, :val647, :val648, :val649, :val650, :val651, :val652, :val653, :val654, :val655, :val656, :val657, :val658, :val659, :val660, :val661, :val662, :val663, :val664, :val665, :val666, :val667, :val668, :val669, :val670, :val671, :val672, :val673, :val674, :val675, :val676, :val677, :val678, :val679, :val680, :val681, :val682, :val683, :val684, :val685, :val686, :val687, :val688, :val689, :val690, :val691, :val692, :val693, :val694, :val695, :val696, :val697, :val698, :val699, :val700, :val701, :val702, :val703, :val704, :val705, :val706, :val707, :val708, :val709, :val710, :val711, :val712, :val713, :val714, :val715, :val716, :val717, :val718, :val719, :val720, :val721, :val722, :val723, :val724, :val725, :val726, :val727, :val728, :val729, :val730, :val731, :val732, :val733, :val734, :val735, :val736, :val737, :val738, :val739, :val740, :val741, :val742, :val743, :val744, :val745, :val746, :val747, :val748, :val749, :val750, :val751, :val752, :val753, :val754, :val755, :val756, :val757, :val758, :val759, :val760, :val761, :val762, :val763, :val764, :val765, :val766, :val767, :val768, :val769, :val770, :val771, :val772, :val773, :val774, :val775, :val776, :val777, :val778, :val779, :val780, :val781, :val782, :val783, :val784, :val785, :val786, :val787, :val788, :val789, :val790, :val791, :val792, :val793, :val794, :val795, :val796, :val797, :val798, :val799, :val800, :val801, :val802, :val803, :val804, :val805, :val806, :val807, :val808, :val809, :val810, :val811, :val812, :val813, :val814, :val815, :val816, :val817, :val818, :val819, :val820, :val821, :val822, :val823, :val824, :val825, :val826, :val827, :val828, :val829, :val830, :val831, :val832, :val833, :val834, :val835, :val836, :val837, :val838, :val839, :val840, :val841, :val842, :val843, :val844, :val845, :val846, :val847, :val848, :val849, :val850, :val851, :val852, :val853, :val854, :val855, :val856, :val857, :val858, :val859, :val860, :val861, :val862, :val863, :val864, :val865, :val866, :val867, :val868, :val869, :val870, :val871, :val872, :val873, :val874, :val875, :val876, :val877, :val878, :val879, :val880, :val881, :val882, :val883, :val884, :val885, :val886, :val887, :val888, :val889, :val890, :val891, :val892, :val893, :val894, :val895, :val896, :val897, :val898, :val899, :val900, :val901, :val902, :val903, :val904, :val905, :val906, :val907, :val908, :val909, :val910, :val911, :val912, :val913, :val914, :val915, :val916, :val917, :val918, :val919, :val920, :val921, :val922, :val923, :val924, :val925, :val926, :val927, :val928, :val929, :val930, :val931, :val932, :val933, :val934, :val935, :val936, :val937, :val938, :val939, :val940, :val941, :val942, :val943, :val944, :val945, :val946, :val947, :val948, :val949, :val950, :val951, :val952, :val953, :val954, :val955, :val956, :val957, :val958, :val959, :val960, :val961, :val962, :val963, :val964, :val965, :val966, :val967, :val968, :val969, :val970, :val971, :val972, :val973, :val974, :val975, :val976, :val977, :val978, :val979, :val980, :val981, :val982, :val983, :val984, :val985, :val986, :val987, :val988, :val989, :val990, :val991, :val992, :val993, :val994, :val995, :val996, :val997, :val998, :val999, :val1000, :val1001, :val1002, :val1003, :val1004, :val1005, :val1006, :val1007, :val1008, :val1009, :val1010, :val1011, :val1012, :val1013, :val1014, :val1015, :val1016, :val1017, :val1018, :val1019, :val1020, :val1021, :val1022, :val1023, :val1024, :val1025, :val1026, :val1027, :val1028, :val1029, :val1030, :val1031, :val1032, :val1033, :val1034, :val1035, :val1036, :val1037, :val1038, :val1039, :val1040, :val1041, :val1042, :val1043, :val1044, :val1045, :val1046, :val1047, :val1048, :val1049, :val1050, :val1051, :val1052, :val1053, :val1054, :val1055, :val1056, :val1057, :val1058, :val1059, :val1060, :val1061, :val1062, :val1063, :val1064, :val1065, :val1066, :val1067, :val1068, :val1069, :val1070, :val1071, :val1072, :val1073, :val1074, :val1075, :val1076, :val1077, :val1078, :val1079, :val1080, :val1081, :val1082, :val1083, :val1084, :val1085, :val1086, :val1087, :val1088, :val1089, :val1090, :val1091, :val1092, :val1093, :val1094, :val1095, :val1096, :val1097, :val1098, :val1099, :val1100, :val1101, :val1102, :val1103, :val1104, :val1105, :val1106, :val1107, :val1108, :val1109, :val1110, :val1111, :val1112, :val1113, :val1114, :val1115, :val1116, :val1117, :val1118, :val1119, :val1120, :val1121, :val1122, :val1123, :val1124, :val1125, :val1126, :val1127, :val1128, :val1129, :val1130, :val1131, :val1132, :val1133, :val1134, :val1135, :val1136, :val1137, :val1138, :val1139, :val1140, :val1141, :val1142, :val1143, :val1144, :val1145, :val1146, :val1147, :val1148, :val1149, :val1150, :val1151, :val1152, :val1153, :val1154, :val1155, :val1156, :val1157, :val1158, :val1159, :val1160, :val1161, :val1162, :val1163, :val1164, :val1165, :val1166, :val1167, :val1168, :val1169, :val1170, :val1171, :val1172, :val1173, :val1174, :val1175, :val1176, :val1177, :val1178, :val1179, :val1180, :val1181, :val1182, :val1183, :val1184, :val1185, :val1186, :val1187, :val1188, :val1189, :val1190, :val1191, :val1192, :val1193, :val1194, :val1195, :val1196, :val1197, :val1198, :val1199, :val1200, :val1201, :val1202, :val1203, :val1204, :val1205, :val1206, :val1207, :val1208, :val1209, :val1210, :val1211, :val1212, :val1213, :val1214, :val1215, :val1216, :val1217, :val1218, :val1219, :val1220, :val1221, :val1222, :val1223, :val1224, :val1225, :val1226, :val1227, :val1228, :val1229, :val1230, :val1231, :val1232, :val1233, :val1234, :val1235, :val1236, :val1237, :val1238, :val1239, :val1240, :val1241, :val1242, :val1243, :val1244, :val1245, :val1246, :val1247, :val1248, :val1249, :val1250, :val1251, :val1252, :val1253, :val1254, :val1255, :val1256, :val1257, :val1258, :val1259, :val1260, :val1261, :val1262, :val1263, :val1264, :val1265, :val1266, :val1267, :val1268, :val1269, :val1270, :val1271, :val1272, :val1273, :val1274, :val1275, :val1276, :val1277, :val1278, :val1279, :val1280, :val1281, :val1282, :val1283, :val1284, :val1285, :val1286, :val1287, :val1288, :val1289, :val1290, :val1291, :val1292, :val1293, :val1294, :val1295, :val1296, :val1297, :val1298, :val1299, :val1300, :val1301, :val1302, :val1303, :val1304, :val1305, :val1306, :val1307, :val1308, :val1309, :val1310, :val1311, :val1312, :val1313, :val1314, :val1315, :val1316, :val1317, :val1318, :val1319, :val1320, :val1321, :val1322, :val1323, :val1324, :val1325, :val1326, :val1327, :val1328, :val1329, :val1330, :val1331, :val1332, :val1333, :val1334, :val1335, :val1336, :val1337, :val1338, :val1339, :val1340, :val1341, :val1342, :val1343, :val1344, :val1345, :val1346, :val1347, :val1348, :val1349, :val1350, :val1351, :val1352, :val1353, :val1354, :val1355, :val1356, :val1357, :val1358, :val1359, :val1360, :val1361, :val1362, :val1363, :val1364, :val1365, :val1366, :val1367, :val1368, :val1369, :val1370, :val1371, :val1372, :val1373, :val1374, :val1375, :val1376, :val1377, :val1378, :val1379, :val1380, :val1381, :val1382, :val1383, :val1384, :val1385, :val1386, :val1387, :val1388, :val1389, :val1390, :val1391, :val1392, :val1393, :val1394, :val1395, :val1396, :val1397, :val1398, :val1399, :val1400, :val1401, :val1402, :val1403, :val1404, :val1405, :val1406, :val1407) AND YEAR(`工单生成时间`) = 2024 LIMIT 5000;
2025-06-12 23:29:22,076 ChatBI->     INFO     query: {query} 处理完毕
2025-06-12 23:30:36,980 ChatBI->     ERROR    Unexpected error occured:Expecting property name enclosed in double quotes: line 2 column 1 (char 34)
Traceback (most recent call last):
  File "/data/yfzx/liucd/chatbi_deploy2/chatbi_DB2/apps/app_main_ws_router.py", line 67, in websocket_endpoint
    data = json.loads(message)
           ^^^^^^^^^^^^^^^^^^^
  File "/root/anaconda3/envs/chatbi/lib/python3.12/json/__init__.py", line 346, in loads
    return _default_decoder.decode(s)
           ^^^^^^^^^^^^^^^^^^^^^^^^^^
  File "/root/anaconda3/envs/chatbi/lib/python3.12/json/decoder.py", line 338, in decode
    obj, end = self.raw_decode(s, idx=_w(s, 0).end())
               ^^^^^^^^^^^^^^^^^^^^^^^^^^^^^^^^^^^^^^
  File "/root/anaconda3/envs/chatbi/lib/python3.12/json/decoder.py", line 354, in raw_decode
    obj, end = self.scan_once(s, idx)
               ^^^^^^^^^^^^^^^^^^^^^^
json.decoder.JSONDecodeError: Expecting property name enclosed in double quotes: line 2 column 1 (char 34)
2025-06-12 23:31:41,748 ChatBI->     INFO     案例库查询
2025-06-12 23:31:41,787 ChatBI->     INFO     案例库查询结果: ["{'query': '近半年群众经常上报噪音污染的小区有哪些', '目标列': ['内容描述'], '条件列': {'内容描述': '噪音污染', '工单生成时间': '近半年'}}", "{'query': '去年有哪些乱收停车费的小区', '目标列': ['内容描述'], '条件列': {'工单类型': '投诉举报类', '内容描述': '乱收停车费', '工单生成时间': '去年'}}", "{'query': '去年哪些小区有物业态度差的问题', '目标列': ['内容描述'], '条件列': {'内容描述': '物业态度差', '诉求区域': '小区', '工单生成时间': '去年'}}"]
2025-06-12 23:31:42,805 ChatBI->     INFO     schema linking: {'target_columns': ['诉求地址'], 'condition_columns': {'内容描述': '乱堆放垃圾', '工单生成时间': '2024年'}}
2025-06-12 23:31:44,580 ChatBI->     INFO     任务类型: 内容抽取
2025-06-12 23:31:44,581 ChatBI->     ERROR    Unexpected error occured:module 'configs.config' has no attribute 'related_columns'
Traceback (most recent call last):
  File "/data/yfzx/liucd/chatbi_deploy2/chatbi_DB2/apps/app_main_ws_router.py", line 120, in websocket_endpoint
    filter_expr, unstructrued_value = generation_filter_expr(milvus_field_type, condition_columns, config.related_columns[-1],
                                                                                                  ^^^^^^^^^^^^^^^^^^^^^^
AttributeError: module 'configs.config' has no attribute 'related_columns'
