2025-05-26 04:07:38,753 ChatBI->     INFO     关联字段的枚举值:  {'事项类别': ['公共管理', '公共服务', '公共安全', '经济发展'], '事项大类': ['环境保护', '民生服务', '科教文卫体', '公共交通', '房屋保障', '绿化市容', '城管执法', '社区共治', '市场监管', '行政服务', '市政建设', '消防安全', '规划管理', '社会治安', '安全生产', '金融', '商务', '水务工作', '卫生计生', '应急救援', '国资', '发展改革'], '事项小类': ['噪声污染', '帮困救助', '教育', '交通秩序', '物业服务', '市容环境', '非机动车管理', '物业相关执法', '居委会', '养老保障', '人力保障', '证照管理', '文化旅游', '机关事务', '设施场地管理', '房屋管理', '服务窗口', '房屋修缮', '市政道路', '消防隐患', '空气污染', '旧改征收', '绿地绿化', '规划设计', '体育', '景观', '基础设施', '环卫', '业委会', '消防管理', '犬类管理', '保障型住房', '机动车管理', '消费维权', '光污染', '特种设备监管', '金融', '街面秩序执法', '测绘管理', '档案', '建筑间距及日照', '商务', '公安信息', '历史建筑', '治安管控', '水系管理', '人口计生', '公交出行', '档案管理', '非居住用房', '医疗服务', '突发事件', '国资', '排水排污', '发展改革'], '事项名称': ['夜间施工扰民', '津贴补助', '教育质量', '排堵保畅', '维修服务', '生活娱乐扰民', '物业安保', '停车管理', '文明施工措施不落实', '共享单车停放管理', '非改居', '商业物业', '高空抛物', '居家养老', '工资奖金', '审验登记', '文化场所信息', '表扬办事人员', '小区公共区域维护', '公共停车场', '物业收费', '擅自改建占用共用部分', '校园设施', '事务中心', '装修噪音扰民', '美丽家园', '擅自占用道路堆物、施工', '助残服务', '作业负担', '群租', '垃圾清运', '施工扬尘', '动迁需求', '跨门营业', '占绿毁绿', '违法建筑', '房屋漏水', '规划设计', '经营噪声扰民', '拖欠工资', '小区绿化', '路状路况', '破坏房屋结构', '损坏房屋承重结构', '场地设施', '收费问题', '加装电梯', '餐饮油烟', '道路指示牌', '不文明养宠', '教育改革', '机动车安全隐患', '小区公共设施设备的新增或维修', '公园设施', '市政井盖', '道路保洁', '虫鼠害防治', '业委会改选组建', '控烟禁烟', '公共厕所', '成人教育', '投诉办事人员', '消防设施', '物业纠纷', '动迁矛盾', '流浪犬收治', '文化活动', '公租房', '学籍管理', '卫生城市配套设施', '经适房', '宣传栏（亭）', '廉租房', '入学政策', '景点投诉', '机动车停放管理', '维权咨询', '办理转学', '垃圾分类', '老旧小区改造', '公房管理', '邻里矛盾', '广告灯箱', '景观灯光', '非机动车安全隐患', '维修基金', '居改非', '楼道堆物', '电梯', '居住证', '其他补助', '暴露垃圾', '天桥', '非机动车停放管理', '花架花钵', '危房工程', '道路交通设施', '就业补贴', '道路改建', '广告牌景观灯', '助餐服务', '污水冒溢', '移植修剪', '中考', '助老服务', '乱张贴、乱涂写、乱刻画', '道路维护', '消防通道', '露天焚烧', '超时补课', '公厕导向牌', '测绘管理', '个人档案公开', '售后服务', '群众锻炼', '机构养老', '无证设摊', '隔离护栏', '教师素质', '最低生活保障', '信访接待', '建筑间距及日照', '园林管理', '商贸信息', '其它', '公共交通安全隐患', '户籍政策咨询', '路标路牌', '不文明执法', '房屋产权', '擅自改变房屋使用性质', '人才引进', '历史建筑', '限流限行', '土地征收', '垃圾桶/厢房', '医保报销', '设施破损', '油漆异味', '公共绿化', '孤寡空巢老人关怀', '架空线', '换届选举', '金融资讯', '支内知青补贴', '群体性事件', '路灯', '街头散发小广告', '河道治理', '人员非正常聚集', '违规饲养禽类\n（鸡、鸭、鸽子）', '强讨恶要', '交通噪音扰民', '桥梁', '房屋质量', '独生子女补贴', '私拉电线', '新增设施', '乱晾晒', '金融监管', '垃圾偷倒', '人员资质', '党建中心', '景点资讯', '两“室”建设', '房产信息变更', '无障碍设施', '交通违章', '矛盾纠纷', '地铁客运', '酒店质量', '外墙翻新', '档案管理', '出租车扬招牌', '占道设摊', '高考', '外地户口入学', '费用减免', '特种行业行政许可', '园区', '设施维护', '车容不洁', '社区卫生服务', '河道周边', '架空线坠落', '失独救助', '文化中心', '破墙开门（窗）', '企业改革', '各类消费服务点券卡', '无证照经营', '绿化护栏', '公共场所消防安全隐患', '工时假期', '信鸽', '体检中心', '雨污分流', '改革发展事务', '行道树', '商用房', '劳务中介', '市场供应', '综合中心', '工伤认定']}
2025-05-26 04:07:38,753 ChatBI->     INFO     缩写字段的枚举值： ['夜间施工扰民', '津贴补助', '教育质量', '排堵保畅', '维修服务', '生活娱乐扰民', '物业安保', '停车管理', '文明施工措施不落实', '共享单车停放管理', '非改居', '商业物业', '高空抛物', '居家养老', '工资奖金', '审验登记', '文化场所信息', '表扬办事人员', '小区公共区域维护', '公共停车场', '物业收费', '擅自改建占用共用部分', '校园设施', '事务中心', '装修噪音扰民', '美丽家园', '擅自占用道路堆物、施工', '助残服务', '作业负担', '群租', '垃圾清运', '施工扬尘', '动迁需求', '跨门营业', '占绿毁绿', '违法建筑', '房屋漏水', '规划设计', '经营噪声扰民', '拖欠工资', '小区绿化', '路状路况', '破坏房屋结构', '损坏房屋承重结构', '场地设施', '收费问题', '加装电梯', '餐饮油烟', '道路指示牌', '不文明养宠', '教育改革', '机动车安全隐患', '小区公共设施设备的新增或维修', '公园设施', '市政井盖', '道路保洁', '虫鼠害防治', '业委会改选组建', '控烟禁烟', '公共厕所', '成人教育', '投诉办事人员', '消防设施', '物业纠纷', '动迁矛盾', '流浪犬收治', '文化活动', '公租房', '学籍管理', '卫生城市配套设施', '经适房', '宣传栏（亭）', '廉租房', '入学政策', '景点投诉', '机动车停放管理', '维权咨询', '办理转学', '垃圾分类', '老旧小区改造', '公房管理', '邻里矛盾', '广告灯箱', '景观灯光', '非机动车安全隐患', '维修基金', '居改非', '楼道堆物', '电梯', '居住证', '其他补助', '暴露垃圾', '天桥', '非机动车停放管理', '花架花钵', '危房工程', '道路交通设施', '就业补贴', '道路改建', '广告牌景观灯', '助餐服务', '污水冒溢', '移植修剪', '中考', '助老服务', '乱张贴、乱涂写、乱刻画', '道路维护', '消防通道', '露天焚烧', '超时补课', '公厕导向牌', '测绘管理', '个人档案公开', '售后服务', '群众锻炼', '机构养老', '无证设摊', '隔离护栏', '教师素质', '最低生活保障', '信访接待', '建筑间距及日照', '园林管理', '商贸信息', '其它', '公共交通安全隐患', '户籍政策咨询', '路标路牌', '不文明执法', '房屋产权', '擅自改变房屋使用性质', '人才引进', '历史建筑', '限流限行', '土地征收', '垃圾桶/厢房', '医保报销', '设施破损', '油漆异味', '公共绿化', '孤寡空巢老人关怀', '架空线', '换届选举', '金融资讯', '支内知青补贴', '群体性事件', '路灯', '街头散发小广告', '河道治理', '人员非正常聚集', '违规饲养禽类\n（鸡、鸭、鸽子）', '强讨恶要', '交通噪音扰民', '桥梁', '房屋质量', '独生子女补贴', '私拉电线', '新增设施', '乱晾晒', '金融监管', '垃圾偷倒', '人员资质', '党建中心', '景点资讯', '两“室”建设', '房产信息变更', '无障碍设施', '交通违章', '矛盾纠纷', '地铁客运', '酒店质量', '外墙翻新', '档案管理', '出租车扬招牌', '占道设摊', '高考', '外地户口入学', '费用减免', '特种行业行政许可', '园区', '设施维护', '车容不洁', '社区卫生服务', '河道周边', '架空线坠落', '失独救助', '文化中心', '破墙开门（窗）', '企业改革', '各类消费服务点券卡', '无证照经营', '绿化护栏', '公共场所消防安全隐患', '工时假期', '信鸽', '体检中心', '雨污分流', '改革发展事务', '行道树', '商用房', '劳务中介', '市场供应', '综合中心', '工伤认定']
2025-05-26 04:07:58,514 ChatBI->     INFO     schema linking: {'target_columns': ['案件编号'], 'condition_columns': {'发现时间': '2024', '案件描述/内容描述': '道路积水'}}
2025-05-26 04:08:01,608 ChatBI->     INFO     任务类型: SQL
2025-05-26 04:08:04,152 ChatBI->     INFO     stad sql: SELECT COUNT(`案件编号`) AS `道路积水事件数量` FROM `HongKouDemo` WHERE `发现时间` LIKE '2024%' AND `案件描述/内容描述` LIKE '%道路积水%';
2025-05-26 04:08:04,152 ChatBI->     INFO     开始语义分析 ... 
2025-05-26 04:08:04,160 ChatBI->     INFO     非结构化信息为: {"`案件描述/内容描述` LIKE '%道路积水%';": '道路积水'}
2025-05-26 04:08:04,495 ChatBI->     INFO     道路积水 的命名实体判别： no
2025-05-26 04:08:04,496 ChatBI->     INFO     开始对非结构化文档【粗略】检索
2025-05-26 04:08:04,611 ChatBI->     INFO     检索到的文档总数量为：600
2025-05-26 04:08:04,646 ChatBI->     INFO     开始对非结构化文档【深度】检索
2025-05-26 04:08:05,178 ChatBI->     INFO     step_scores: ['yes', 'yes', 'yes', 'yes', 'yes', 'no', 'yes', 'yes', 'no', 'yes', 'no', 'no', 'yes', 'yes', 'yes', 'no', 'no', 'no', 'no', 'yes']
2025-05-26 04:08:05,178 ChatBI->     INFO     层级抽取文档： 市民来电反映:上述地址汉阳路因暴雨道路严重积水，深度已经到了小腿处，市民表示路边停了几十辆机动车，泡水无法启用。诉求：希望管理部门尽快排出积水。 ==> yes  
2025-05-26 04:08:05,178 ChatBI->     INFO     层级抽取文档： 市民来电反映:市民是上述地址商家，可能因为道路上的下水道堵了，雨流不出去，现在积水已经漫到了市民的店里，诉求：请管理部门及时前往疏通下水管道排除积水。

 ==> yes  
2025-05-26 04:08:05,178 ChatBI->     INFO     层级抽取文档： 市民来电反映:8月18日12：50分下了暴雨，虹口区江湾镇新市北路丰镇路处有严重的积水，市民是此处的商铺，现商铺都进水了，之前也有积过水，还没有得到解决现又积水了，现诉求：请管理部门尽快落实解决积水问题。 ==> yes  
2025-05-26 04:08:05,178 ChatBI->     INFO     层级抽取文档： 市民来电反映:上述地址马路上积水严重，现在已经严重影响电瓶车和汽车通行。诉求：望管理部门核实并尽快处理。（市民要求信息保密 无需回复） ==> yes  
2025-05-26 04:08:05,178 ChatBI->     INFO     层级抽取文档： 市民来电反映:上述地址马路上和弄堂内，下雨积水约20几厘米，居民家中已经进水。诉求：希望管理部门尽快排水。 ==> yes  
2025-05-26 04:08:05,178 ChatBI->     INFO     层级抽取文档： 市民来电反映:其是上述地址的居民，近期道路施工，道路没有填平，影响了居民出行，沿街的1-4号的水管敲破了，没有挡板，会暴晒有爆管，诉求：要求规范施工填平道路方便出行。 ==> no  
2025-05-26 04:08:05,178 ChatBI->     INFO     层级抽取文档： 市民来电反映:其上述地址门口人行道道路路面过高比商铺高，8月18日雨水倒灌进入商铺。诉求：要求尽快前来整修处理。(要求回复) ==> yes  
2025-05-26 04:08:05,178 ChatBI->     INFO     层级抽取文档： 市民来电反映：其为松花江路2612弄小区居民，刚才一场暴雨，小区里的积水排不出去，1楼居民家里都要被水淹了，据了解，小区外面松花江路上已经被水淹没了，由于小区外围排水不畅，导致小区里的积水也无法排出。诉求：希望管理部门尽快派人排水。（需回复） ==> yes  
2025-05-26 04:08:05,178 ChatBI->     INFO     层级抽取文档： 市民来电反映:上述地址地址至广粤路路段，无名道路很窄，道路上各种机动车乱停放的现象，严重影响道路通行，属地派出所进行违法处理但未明显改善违法停车问题。诉求：请管理部门对道路有效设置调整，彻底解决违法停车问题（需回复） ==> no  
2025-05-26 04:08:05,178 ChatBI->     INFO     层级抽取文档： 市民来电反映:上述地址天井内下水道堵塞，导致雨水倒灌入上述地址，上述地址入户门口下水道也堵塞，导致雨水倒灌入上述地址，现在上述地址地面有积水，故来电诉求：请管理部门核实尽快派人上门疏通上述下水道。 ==> yes  
2025-05-26 04:08:05,179 ChatBI->     INFO     层级抽取文档： 市民来电反映:上述地址有4个物业都踢皮球，表示小区绿化长期无人养护，道路坑洼严重影响骑行。诉求：要求物业整改（绿化长期无人养护、道路坑洼严重）。 ==> no  
2025-05-26 04:08:05,179 ChatBI->     INFO     层级抽取文档： 市民来电反映:上述地址门口路面上有一个直径半米的坑，不深但上面盖了块布遮着看不见，道路是不分机动车道和非机动车道，对于通行存在安全隐患，诉求：请管理部门核实，要求尽快维修路面。 ==> no  
2025-05-26 04:08:05,179 ChatBI->     INFO     层级抽取文档： 市民来电反映:8月30日上述地址路边靠近公厕的1个消防栓漏水且伴有积水。诉求：请及时维修。 ==> yes  
2025-05-26 04:08:05,179 ChatBI->     INFO     层级抽取文档： 市民来电反映:上述地址在增设电梯，施工队在该处挖了沟，但是沟内有严重的积水，已经发臭，影响居民生活。诉求：请督促尽快施工，并抽水将沟填埋。 ==> yes  
2025-05-26 04:08:05,179 ChatBI->     INFO     层级抽取文档： 市民来电反映：其是上述地址居民，小区于2023年进行了“美丽家园”改造工程，将整个小区路面抬高了近15CM，由此导致下雨积水都溢进底楼市民家中。市民家中也因前两天的暴雨，导致家中很多物品和地板都浸泡在水中。诉求：市民表示当地政府在进行改造时一点也不顾原先小区地势，要求承办部门尽快整改。 ==> yes  
2025-05-26 04:08:05,179 ChatBI->     INFO     层级抽取文档： 市民来电反映:2024年5月左右，街道统一为门面房做门头。其表示安装后每逢下雨就会往门面房进水，渗透到墙体。施工队说是物业的问题，物业称安装门头前没发生过该问题。8月27日上述地址门面房内正在漏水积水。诉求：请予以修复。 ==> no  
2025-05-26 04:08:05,179 ChatBI->     INFO     层级抽取文档： 市民来电反映：市民发现上述地址东体育会路的机动车车道有明显沉降。现市民看到车辆经过会有跳跃。具体落差数值不清楚。市民诉求：希望管理部门尽快解决道路沉降问题。（市民要求信息保密，无需回复） ==> no  
2025-05-26 04:08:05,179 ChatBI->     INFO     层级抽取文档： 【时间:2024/08/1819:17:00,涉事车辆号牌沪G05889】小区道路上停车，阻碍小区其他车辆通行，妨碍小区道路通畅。 ==> no  
2025-05-26 04:08:05,179 ChatBI->     INFO     层级抽取文档： 市民来电反映:上述图书馆所属物业在施工，侵占了公共的人行道道路影响通行，诉求：核实处理不要影响市民通行。（市民要求信息保密 无需回复） ==> no  
2025-05-26 04:08:05,179 ChatBI->     INFO     层级抽取文档： 市民来电反映:其为上述地址居民，楼栋加装电梯导致其家中墙面产生裂缝，雨天会有漏水现象，目前有积水，诉求：希望管理部门核实，并尽快解决漏水问题。 ==> yes  
2025-05-26 04:08:05,179 ChatBI->     INFO     阈值索引为：75, 窗口大小为: 20 
2025-05-26 04:08:05,179 ChatBI->     INFO     确定的文档: 56; 在次确认的文档: 39
2025-05-26 04:08:06,163 ChatBI->     INFO     从39个需再次确认的文档中筛选出的相关文档数量：13
2025-05-26 04:08:06,163 ChatBI->     INFO     示例文档：['市民反映：2024年6月大雨导致积水后，小区物业已经来去处理过；对于后续结果只能继续观察，8月12日市区又降暴雨，其家再次进水，包括周围邻居的情况，比2024年6月要严重。这可能就不是本小区物业能解决的情况了。诉求：望上级部门能亲自出面协调解决。', '市民来电反映:该路段被水淹了，水都流到家里了。诉求：要求尽快疏通。', '市民来电反映:下雨天水位越来越高已经没过人行道一半了，店铺做过增高的，但是下一步就要流到店里了，已经有师傅在疏通了，因为人数不多，反而水位越来越高了。诉求：要求尽快处理不要淹到店里。', '市民反映：任泉根居住虹口区天宝西路248弄5号104室。从北京东路动迁2024年1月份刚入住。最近几月只要外面下大雨或暴雨，天井里就水漫金山到房间里面。只能与智障的孙子一起用脸盆往外排水。主要原因是整个6楼的楼面雨水。通过雨水管直泄天井里面下水道排水不畅。雨水管上面粗最底下细，大雨就是一片瀑布。找物业报修未解决问题。95岁患有严重的心脏病体力实在不行。老伴也95岁患有脑梗行动不便。儿子、孙子都残障人士持有残疾证。诉求：想求助解除天井积水问题。', '市民来电反映:小区靠近1号楼的边门这里，在2023年搞过美丽家园，但是这里一块没有处理，有一个陷下去的地面。导致每次下雨是，这里都会有一大片积水，现在2024年7月-8月经常下大雨，诉求：希望管理部门核实并整改这块地面 ']
2025-05-26 04:08:06,164 ChatBI->     INFO     开始缩写分析 ... 
2025-05-26 04:08:06,169 ChatBI->     INFO     要被缩写的字段信息为: {}
2025-05-26 04:08:06,169 ChatBI->     INFO     没有找到<  >对应的视图
2025-05-26 04:08:06,169 ChatBI->     INFO     sql 语句：SELECT COUNT(`案件编号`) AS `道路积水事件数量` FROM `HongKouDemo` WHERE `发现时间` LIKE '2024%' AND  `案件描述/内容描述` IN (:val0, :val1, :val2, :val3, :val4, :val5, :val6, :val7, :val8, :val9, :val10, :val11, :val12, :val13, :val14, :val15, :val16, :val17, :val18, :val19, :val20, :val21, :val22, :val23, :val24, :val25, :val26, :val27, :val28, :val29, :val30, :val31, :val32, :val33, :val34, :val35, :val36, :val37, :val38, :val39, :val40, :val41, :val42, :val43, :val44, :val45, :val46, :val47, :val48, :val49, :val50, :val51, :val52, :val53, :val54, :val55, :val56, :val57, :val58, :val59, :val60, :val61, :val62, :val63, :val64, :val65, :val66, :val67, :val68)
2025-05-26 04:08:06,189 ChatBI->     INFO     websocket发送的数据为：{"sql_gen": "SELECT COUNT(`案件编号`) AS `道路积水事件数量` FROM `HongKouDemo` WHERE `发现时间` LIKE '2024%' AND `案件描述/内容描述` LIKE '%道路积水%';"}
2025-05-26 04:08:06,189 ChatBI->     INFO     websocket发送的数据为：{"response": [{"道路积水事件数量": 69}]}
2025-05-26 04:08:06,198 ChatBI->     INFO     sql 语句：SELECT * FROM `HongKouDemo` WHERE `发现时间` LIKE '2024%' AND  `案件描述/内容描述` IN (:val0, :val1, :val2, :val3, :val4, :val5, :val6, :val7, :val8, :val9, :val10, :val11, :val12, :val13, :val14, :val15, :val16, :val17, :val18, :val19, :val20, :val21, :val22, :val23, :val24, :val25, :val26, :val27, :val28, :val29, :val30, :val31, :val32, :val33, :val34, :val35, :val36, :val37, :val38, :val39, :val40, :val41, :val42, :val43, :val44, :val45, :val46, :val47, :val48, :val49, :val50, :val51, :val52, :val53, :val54, :val55, :val56, :val57, :val58, :val59, :val60, :val61, :val62, :val63, :val64, :val65, :val66, :val67, :val68)
2025-05-26 04:08:06,592 ChatBI->     INFO     websocket发送的数据为：{"result_insight": "2024年发生了69起道路积水事件。"}
2025-05-26 04:08:09,322 ChatBI->     INFO     websocket发送的数据为：{"result_recommand": {"new_query_1": "2024年哪些街道的道路积水事件最多？", "new_query_2": "2024年道路积水事件的主要发生时间段是什么？", "new_query_3": "2024年道路积水事件的处理情况如何？"}}
2025-05-26 04:08:19,251 ChatBI->     ERROR    Unexpected error occured:(1012, None)
Traceback (most recent call last):
  File "/data/yfzx/liucd/chatbi_deploy2/chatbi_DB/apps/app_main_ws.py", line 64, in websocket_endpoint
    message = await websocket.receive_text()
              ^^^^^^^^^^^^^^^^^^^^^^^^^^^^^^
  File "/root/anaconda3/envs/chatbi/lib/python3.12/site-packages/starlette/websockets.py", line 119, in receive_text
    self._raise_on_disconnect(message)
  File "/root/anaconda3/envs/chatbi/lib/python3.12/site-packages/starlette/websockets.py", line 113, in _raise_on_disconnect
    raise WebSocketDisconnect(message["code"], message.get("reason"))
starlette.websockets.WebSocketDisconnect: (1012, None)
